 Entering Gaussian System, Link 0=g09
 Initial command:
 /usr/local/gaussian/g09/l1.exe "/scratch/1715567.1.multiway.q/Gau-186784.inp" -scrdir="/scratch/1715567.1.multiway.q/"
 Entering Link 1 = /usr/local/gaussian/g09/l1.exe PID=    186785.
  
 Copyright (c) 1988,1990,1992,1993,1995,1998,2003,2009,2013,
            Gaussian, Inc.  All Rights Reserved.
  
 This is part of the Gaussian(R) 09 program.  It is based on
 the Gaussian(R) 03 system (copyright 2003, Gaussian, Inc.),
 the Gaussian(R) 98 system (copyright 1998, Gaussian, Inc.),
 the Gaussian(R) 94 system (copyright 1995, Gaussian, Inc.),
 the Gaussian 92(TM) system (copyright 1992, Gaussian, Inc.),
 the Gaussian 90(TM) system (copyright 1990, Gaussian, Inc.),
 the Gaussian 88(TM) system (copyright 1988, Gaussian, Inc.),
 the Gaussian 86(TM) system (copyright 1986, Carnegie Mellon
 University), and the Gaussian 82(TM) system (copyright 1983,
 Carnegie Mellon University). Gaussian is a federally registered
 trademark of Gaussian, Inc.
  
 This software contains proprietary and confidential information,
 including trade secrets, belonging to Gaussian, Inc.
  
 This software is provided under written license and may be
 used, copied, transmitted, or stored only in accord with that
 written license.
  
 The following legend is applicable only to US Government
 contracts under FAR:
  
                    RESTRICTED RIGHTS LEGEND
  
 Use, reproduction and disclosure by the US Government is
 subject to restrictions as set forth in subparagraphs (a)
 and (c) of the Commercial Computer Software - Restricted
 Rights clause in FAR 52.227-19.
  
 Gaussian, Inc.
 340 Quinnipiac St., Bldg. 40, Wallingford CT 06492
  
  
 ---------------------------------------------------------------
 Warning -- This program may not be used in any manner that
 competes with the business of Gaussian, Inc. or will provide
 assistance to any competitor of Gaussian, Inc.  The licensee
 of this program is prohibited from giving any competitor of
 Gaussian, Inc. access to this program.  By using this program,
 the user acknowledges that Gaussian, Inc. is engaged in the
 business of creating and licensing software in the field of
 computational chemistry and represents and warrants to the
 licensee that it is not a competitor of Gaussian, Inc. and that
 it will not use this program in any manner prohibited above.
 ---------------------------------------------------------------
  

 Cite this work as:
 Gaussian 09, Revision D.01,
 M. J. Frisch, G. W. Trucks, H. B. Schlegel, G. E. Scuseria, 
 M. A. Robb, J. R. Cheeseman, G. Scalmani, V. Barone, B. Mennucci, 
 G. A. Petersson, H. Nakatsuji, M. Caricato, X. Li, H. P. Hratchian, 
 A. F. Izmaylov, J. Bloino, G. Zheng, J. L. Sonnenberg, M. Hada, 
 M. Ehara, K. Toyota, R. Fukuda, J. Hasegawa, M. Ishida, T. Nakajima, 
 Y. Honda, O. Kitao, H. Nakai, T. Vreven, J. A. Montgomery, Jr., 
 J. E. Peralta, F. Ogliaro, M. Bearpark, J. J. Heyd, E. Brothers, 
 K. N. Kudin, V. N. Staroverov, T. Keith, R. Kobayashi, J. Normand, 
 K. Raghavachari, A. Rendell, J. C. Burant, S. S. Iyengar, J. Tomasi, 
 M. Cossi, N. Rega, J. M. Millam, M. Klene, J. E. Knox, J. B. Cross, 
 V. Bakken, C. Adamo, J. Jaramillo, R. Gomperts, R. E. Stratmann, 
 O. Yazyev, A. J. Austin, R. Cammi, C. Pomelli, J. W. Ochterski, 
 R. L. Martin, K. Morokuma, V. G. Zakrzewski, G. A. Voth, 
 P. Salvador, J. J. Dannenberg, S. Dapprich, A. D. Daniels, 
 O. Farkas, J. B. Foresman, J. V. Ortiz, J. Cioslowski, 
 and D. J. Fox, Gaussian, Inc., Wallingford CT, 2013.
 
 ******************************************
 Gaussian 09:  ES64L-G09RevD.01 24-Apr-2013
                31-Aug-2018 
 ******************************************
 ----------------------
 # opt=modredundant pm6
 ----------------------
 1/14=-1,18=120,19=15,26=1,38=1/1,3;
 2/9=110,12=2,17=6,18=5,40=1/2;
 3/5=2,16=1,25=1,41=3900000,71=1/1,2,3;
 4/35=1/1;
 5/5=2,35=1,38=5/2;
 6/7=2,8=2,9=2,10=2,28=1/1;
 7//1,2,3,16;
 1/14=-1,18=20,19=15,26=1/3(2);
 2/9=110/2;
 99//99;
 2/9=110/2;
 3/5=2,16=1,25=1,41=3900000,71=1,135=20/1,2,3;
 4/5=5,16=3,35=1/1;
 5/5=2,35=1,38=5/2;
 7//1,2,3,16;
 1/14=-1,18=20,19=15,26=1/3(-5);
 2/9=110/2;
 6/7=2,8=2,9=2,10=2,19=2,28=1/1;
 99/9=1/99;
 -------------------
 Title Card Required
 -------------------
 Symbolic Z-matrix:
 Charge = -1 Multiplicity = 1
 C                     0.12059  -0.91041  -0.00158 
 H                     0.47725  -1.91922  -0.00158 
 H                     0.47727  -0.40602   0.87207 
 H                     0.47727  -0.40602  -0.87523 
 Cl                    3.63815  -0.7877   -0.04763 
 F                    -1.22941  -0.9104   -0.00158 
 
 Add virtual bond connecting atoms Cl5        and H2         Dist= 6.35D+00.
 Add virtual bond connecting atoms Cl5        and H3         Dist= 6.26D+00.
 Add virtual bond connecting atoms Cl5        and H4         Dist= 6.22D+00.
 The following ModRedundant input section has been read:
 B       1       5 S  20 -0.100                                                
 

 GradGradGradGradGradGradGradGradGradGradGradGradGradGradGradGradGradGrad
 Berny optimization.
 Initialization pass.
                           ----------------------------
                           !    Initial Parameters    !
                           ! (Angstroms and Degrees)  !
 --------------------------                            --------------------------
 ! Name  Definition              Value          Derivative Info.                !
 --------------------------------------------------------------------------------
 ! R1    R(1,2)                  1.07           estimate D2E/DX2                !
 ! R2    R(1,3)                  1.07           estimate D2E/DX2                !
 ! R3    R(1,4)                  1.07           estimate D2E/DX2                !
 ! R4    R(1,5)                  3.52           Scan                            !
 ! R5    R(1,6)                  1.35           estimate D2E/DX2                !
 ! R6    R(2,5)                  3.3576         estimate D2E/DX2                !
 ! R7    R(3,5)                  3.314          estimate D2E/DX2                !
 ! R8    R(4,5)                  3.2897         estimate D2E/DX2                !
 ! A1    A(2,1,3)              109.4712         estimate D2E/DX2                !
 ! A2    A(2,1,4)              109.4712         estimate D2E/DX2                !
 ! A3    A(2,1,6)              109.4712         estimate D2E/DX2                !
 ! A4    A(3,1,4)              109.4713         estimate D2E/DX2                !
 ! A5    A(3,1,6)              109.4712         estimate D2E/DX2                !
 ! A6    A(4,1,6)              109.4712         estimate D2E/DX2                !
 ! A7    A(1,2,5)               89.7744         estimate D2E/DX2                !
 ! A8    A(1,3,5)               92.1234         estimate D2E/DX2                !
 ! A9    A(1,4,5)               93.4504         estimate D2E/DX2                !
 ! A10   A(2,5,3)               30.3565         estimate D2E/DX2                !
 ! A11   A(2,5,4)               30.4575         estimate D2E/DX2                !
 ! A12   A(3,5,4)               30.683          estimate D2E/DX2                !
 ! D1    D(3,1,2,5)            -60.7858         estimate D2E/DX2                !
 ! D2    D(4,1,2,5)             59.2142         estimate D2E/DX2                !
 ! D3    D(6,1,2,5)            179.2142         estimate D2E/DX2                !
 ! D4    D(2,1,3,5)             62.2382         estimate D2E/DX2                !
 ! D5    D(4,1,3,5)            -57.7618         estimate D2E/DX2                !
 ! D6    D(6,1,3,5)           -177.7618         estimate D2E/DX2                !
 ! D7    D(2,1,4,5)            -61.4534         estimate D2E/DX2                !
 ! D8    D(3,1,4,5)             58.5466         estimate D2E/DX2                !
 ! D9    D(6,1,4,5)            178.5466         estimate D2E/DX2                !
 ! D10   D(1,2,5,3)             31.7164         estimate D2E/DX2                !
 ! D11   D(1,2,5,4)            -31.3137         estimate D2E/DX2                !
 ! D12   D(1,3,5,2)            -31.7405         estimate D2E/DX2                !
 ! D13   D(1,3,5,4)             30.5514         estimate D2E/DX2                !
 ! D14   D(1,4,5,2)             31.3768         estimate D2E/DX2                !
 ! D15   D(1,4,5,3)            -30.5895         estimate D2E/DX2                !
 --------------------------------------------------------------------------------
 Trust Radius=3.00D-01 FncErr=1.00D-07 GrdErr=1.00D-07
 Number of optimizations in scan=  21
 Number of steps in this run=     45 maximum allowed number of steps=    100.
 GradGradGradGradGradGradGradGradGradGradGradGradGradGradGradGradGradGrad

                          Input orientation:                          
 ---------------------------------------------------------------------
 Center     Atomic      Atomic             Coordinates (Angstroms)
 Number     Number       Type             X           Y           Z
 ---------------------------------------------------------------------
      1          6           0        0.120595   -0.910415   -0.001579
      2          1           0        0.477249   -1.919225   -0.001579
      3          1           0        0.477268   -0.406016    0.872073
      4          1           0        0.477268   -0.406016   -0.875230
      5         17           0        3.638154   -0.787699   -0.047626
      6          9           0       -1.229405   -0.910398   -0.001579
 ---------------------------------------------------------------------
                    Distance matrix (angstroms):
                    1          2          3          4          5
     1  C    0.000000
     2  H    1.070000   0.000000
     3  H    1.070000   1.747302   0.000000
     4  H    1.070000   1.747302   1.747303   0.000000
     5  Cl   3.520000   3.357646   3.314020   3.289652   0.000000
     6  F    1.350000   1.982524   1.982524   1.982524   4.869323
                    6
     6  F    0.000000
 Stoichiometry    CH3ClF(1-)
 Framework group  C1[X(CH3ClF)]
 Deg. of freedom    12
 Full point group                 C1      NOp   1
 Largest Abelian subgroup         C1      NOp   1
 Largest concise Abelian subgroup C1      NOp   1
                         Standard orientation:                         
 ---------------------------------------------------------------------
 Center     Atomic      Atomic             Coordinates (Angstroms)
 Number     Number       Type             X           Y           Z
 ---------------------------------------------------------------------
      1          6           0        1.393241    0.021876   -0.000001
      2          1           0        1.065084    0.976680   -0.354348
      3          1           0        1.031769   -0.132734    0.995154
      4          1           0        1.013351   -0.746203   -0.640811
      5         17           0       -2.126667   -0.003601    0.000000
      6          9           0        2.742632   -0.018643    0.000001
 ---------------------------------------------------------------------
 Rotational constants (GHZ):    163.4864673      1.5358275      1.5357607
 Standard basis: VSTO-6G (5D, 7F)
 There are    21 symmetry adapted cartesian basis functions of A   symmetry.
 There are    20 symmetry adapted basis functions of A   symmetry.
    20 basis functions,   126 primitive gaussians,    21 cartesian basis functions
    11 alpha electrons       11 beta electrons
       nuclear repulsion energy        64.1720825269 Hartrees.
 Integral buffers will be    131072 words long.
 Regular integral format.
 Two-electron integral symmetry is turned off.
 Do NDO integrals.
 One-electron integrals computed using PRISM.
 NBasis=    20 RedAO= F EigKep=  0.00D+00  NBF=    20
 NBsUse=    20 1.00D-04 EigRej=  0.00D+00 NBFU=    20
 Nonelectrostatic core Hamiltonian diagonalized for initial guess.
 Overlap will be assumed to be unity.
 Keep J ints in memory in canonical form, NReq=1875445.
 Requested convergence on RMS density matrix=1.00D-08 within 128 cycles.
 Requested convergence on MAX density matrix=1.00D-06.
 Requested convergence on             energy=1.00D-06.
 No special actions if energy rises.
 SCF Done:  E(RPM6) = -0.190715485173     A.U. after   14 cycles
            NFock= 13  Conv=0.36D-08     -V/T= 0.9853

 **********************************************************************

            Population analysis using the SCF density.

 **********************************************************************

 Orbital symmetries:
       Occupied  (A) (A) (A) (A) (A) (A) (A) (A) (A) (A) (A)
       Virtual   (A) (A) (A) (A) (A) (A) (A) (A) (A)
 The electronic state is 1-A.
 Alpha  occ. eigenvalues --   -1.39118  -0.80140  -0.75922  -0.50857  -0.50847
 Alpha  occ. eigenvalues --   -0.46418  -0.35431  -0.35387  -0.15466  -0.15395
 Alpha  occ. eigenvalues --   -0.15394
 Alpha virt. eigenvalues --    0.24660   0.33732   0.33810   0.36349   3.95508
 Alpha virt. eigenvalues --    3.95542   3.95543   3.95702   3.95702
          Condensed to atoms (all electrons):
               1          2          3          4          5          6
     1  C    4.228984   0.000000   0.000000   0.000000   0.000000   0.000000
     2  H    0.000000   0.850704   0.000000   0.000000   0.000000   0.000000
     3  H    0.000000   0.000000   0.848214   0.000000   0.000000   0.000000
     4  H    0.000000   0.000000   0.000000   0.846793   0.000000   0.000000
     5  Cl   0.000000   0.000000   0.000000   0.000000   7.999480   0.000000
     6  F    0.000000   0.000000   0.000000   0.000000   0.000000   7.225825
 Mulliken charges:
               1
     1  C   -0.228984
     2  H    0.149296
     3  H    0.151786
     4  H    0.153207
     5  Cl  -0.999480
     6  F   -0.225825
 Sum of Mulliken charges =  -1.00000
 Mulliken charges with hydrogens summed into heavy atoms:
               1
     1  C    0.225305
     5  Cl  -0.999480
     6  F   -0.225825
 Charge=             -1.0000 electrons
 Dipole moment (field-independent basis, Debye):
    X=              8.1214    Y=              0.0670    Z=             -0.0001  Tot=              8.1217
 N-N= 6.417208252688D+01 E-N=-1.045680561133D+02  KE=-1.295006876367D+01
 Calling FoFJK, ICntrl=      2127 FMM=F ISym2X=0 I1Cent= 0 IOpClX= 0 NMat=1 NMatS=1 NMatT=0.
 ***** Axes restored to original set *****
 -------------------------------------------------------------------
 Center     Atomic                   Forces (Hartrees/Bohr)
 Number     Number              X              Y              Z
 -------------------------------------------------------------------
      1        6           0.011582120   -0.000245087    0.000093122
      2        1           0.005250320   -0.014836174   -0.000052936
      3        1           0.005463154    0.007632471    0.012904730
      4        1           0.005588939    0.007634363   -0.013013517
      5       17          -0.003053609   -0.000103021    0.000037187
      6        9          -0.024830924   -0.000082552    0.000031413
 -------------------------------------------------------------------
 Cartesian Forces:  Max     0.024830924 RMS     0.009193350

 GradGradGradGradGradGradGradGradGradGradGradGradGradGradGradGradGradGrad
 Berny optimization.
 FormGI is forming the generalized inverse of G from B-inverse, IUseBI=4.
 Internal  Forces:  Max     0.024830923 RMS     0.006113645
 Search for a local minimum.
 Step number   1 out of a maximum of   45 on scan point     1 out of    21
 All quantities printed in internal units (Hartrees-Bohrs-Radians)
 Mixed Optimization -- RFO/linear search
 Second derivative matrix not updated -- first step.
 ITU=  0
     Eigenvalues ---    0.03141   0.03351   0.06199   0.07179   0.07194
     Eigenvalues ---    0.09567   0.09652   0.32254   0.32315   0.35447
     Eigenvalues ---    0.550211000.000001000.000001000.000001000.00000
     Eigenvalues --- 1000.000001000.000001000.000001000.000001000.00000
     Eigenvalues --- 1000.000001000.000001000.000001000.000001000.00000
     Eigenvalues --- 1000.000001000.000001000.000001000.000001000.00000
     Eigenvalues --- 1000.000001000.000001000.000001000.000001000.00000
 RFO step:  Lambda=-3.06385081D-03 EMin= 3.14068849D-02
 Linear search not attempted -- first point.
 Iteration  1 RMS(Cart)=  0.01421951 RMS(Int)=  0.00005912
 Iteration  2 RMS(Cart)=  0.00002957 RMS(Int)=  0.00000695
 Iteration  3 RMS(Cart)=  0.00000000 RMS(Int)=  0.00000695
 Iteration  1 RMS(Cart)=  0.00000017 RMS(Int)=  0.00000043
 Variable       Old X    -DE/DX   Delta X   Delta X   Delta X     New X
                                 (Linear)    (Quad)   (Total)
    R1        2.02201   0.01440   0.00000   0.04025   0.04025   2.06226
    R2        2.02201   0.01450   0.00000   0.04081   0.04080   2.06281
    R3        2.02201   0.01455   0.00000   0.04114   0.04114   2.06315
    R4        6.65184   0.00020   0.00000   0.00000   0.00000   6.65183
    R5        2.55113   0.02483   0.00000   0.04488   0.04488   2.59601
    R6        6.34503  -0.00037   0.00000  -0.00537  -0.00536   6.33967
    R7        6.26259  -0.00074   0.00000  -0.00745  -0.00745   6.25514
    R8        6.21654  -0.00095   0.00000  -0.00870  -0.00870   6.20784
    A1        1.91063  -0.00018   0.00000  -0.00189  -0.00190   1.90873
    A2        1.91063  -0.00021   0.00000  -0.00266  -0.00268   1.90796
    A3        1.91063   0.00019   0.00000   0.00207   0.00208   1.91271
    A4        1.91063  -0.00024   0.00000  -0.00416  -0.00417   1.90646
    A5        1.91063   0.00021   0.00000   0.00304   0.00305   1.91368
    A6        1.91063   0.00023   0.00000   0.00359   0.00360   1.91423
    A7        1.56686  -0.00195   0.00000  -0.00362  -0.00361   1.56324
    A8        1.60786  -0.00210   0.00000  -0.00354  -0.00354   1.60432
    A9        1.63102  -0.00219   0.00000  -0.00346  -0.00347   1.62755
   A10        0.52982   0.00389   0.00000   0.01106   0.01107   0.54089
   A11        0.53158   0.00392   0.00000   0.01105   0.01106   0.54264
   A12        0.53552   0.00397   0.00000   0.01102   0.01102   0.54654
    D1       -1.06091   0.00031   0.00000   0.00406   0.00406  -1.05686
    D2        1.03348  -0.00022   0.00000  -0.00382  -0.00382   1.02966
    D3        3.12788   0.00004   0.00000   0.00022   0.00022   3.12809
    D4        1.08626  -0.00038   0.00000  -0.00393  -0.00393   1.08233
    D5       -1.00813   0.00014   0.00000   0.00303   0.00302  -1.00511
    D6       -3.10253  -0.00012   0.00000  -0.00068  -0.00069  -3.10321
    D7       -1.07256   0.00033   0.00000   0.00358   0.00358  -1.06899
    D8        1.02183  -0.00017   0.00000  -0.00291  -0.00290   1.01893
    D9        3.11623   0.00008   0.00000   0.00047   0.00047   3.11670
   D10        0.55356   0.00033   0.00000   0.00054   0.00055   0.55411
   D11       -0.54653  -0.00038   0.00000  -0.00098  -0.00099  -0.54752
   D12       -0.55398  -0.00025   0.00000  -0.00028  -0.00030  -0.55427
   D13        0.53322   0.00039   0.00000   0.00161   0.00162   0.53485
   D14        0.54763   0.00025   0.00000   0.00058   0.00059   0.54822
   D15       -0.53389  -0.00034   0.00000  -0.00147  -0.00148  -0.53537
         Item               Value     Threshold  Converged?
 Maximum Force            0.024831     0.000450     NO 
 RMS     Force            0.006203     0.000300     NO 
 Maximum Displacement     0.047016     0.001800     NO 
 RMS     Displacement     0.014220     0.001200     NO 
 Predicted change in Energy=-1.543761D-03
 GradGradGradGradGradGradGradGradGradGradGradGradGradGradGradGradGradGrad

                          Input orientation:                          
 ---------------------------------------------------------------------
 Center     Atomic      Atomic             Coordinates (Angstroms)
 Number     Number       Type             X           Y           Z
 ---------------------------------------------------------------------
      1          6           0        0.119464   -0.910478   -0.001554
      2          1           0        0.485946   -1.938401   -0.001838
      3          1           0        0.486353   -0.395700    0.888373
      4          1           0        0.486618   -0.395896   -0.891704
      5         17           0        3.637033   -0.788044   -0.047518
      6          9           0       -1.254285   -0.911251   -0.001278
 ---------------------------------------------------------------------
                    Distance matrix (angstroms):
                    1          2          3          4          5
     1  C    0.000000
     2  H    1.091299   0.000000
     3  H    1.091593   1.781124   0.000000
     4  H    1.091771   1.780782   1.780078   0.000000
     5  Cl   3.519999   3.354810   3.310077   3.285049   0.000000
     6  F    1.373749   2.020753   2.021656   2.022175   4.893088
                    6
     6  F    0.000000
 Stoichiometry    CH3ClF(1-)
 Framework group  C1[X(CH3ClF)]
 Deg. of freedom    12
 Full point group                 C1      NOp   1
 Largest Abelian subgroup         C1      NOp   1
 Largest concise Abelian subgroup C1      NOp   1
                         Standard orientation:                         
 ---------------------------------------------------------------------
 Center     Atomic      Atomic             Coordinates (Angstroms)
 Number     Number       Type             X           Y           Z
 ---------------------------------------------------------------------
      1          6           0        1.388002    0.021695    0.002278
      2          1           0        1.050489    1.026847   -0.255963
      3          1           0        1.016213   -0.241183    0.994368
      4          1           0        0.997228   -0.689333   -0.728269
      5         17           0       -2.131905   -0.003589   -0.000377
      6          9           0        2.761160   -0.018387   -0.001932
 ---------------------------------------------------------------------
 Rotational constants (GHZ):    157.4589511      1.5242041      1.5241340
 Standard basis: VSTO-6G (5D, 7F)
 There are    21 symmetry adapted cartesian basis functions of A   symmetry.
 There are    20 symmetry adapted basis functions of A   symmetry.
    20 basis functions,   126 primitive gaussians,    21 cartesian basis functions
    11 alpha electrons       11 beta electrons
       nuclear repulsion energy        63.8824550881 Hartrees.
 Integral buffers will be    131072 words long.
 Regular integral format.
 Two-electron integral symmetry is turned off.
 Do NDO integrals.
 One-electron integrals computed using PRISM.
 NBasis=    20 RedAO= F EigKep=  0.00D+00  NBF=    20
 NBsUse=    20 1.00D-04 EigRej=  0.00D+00 NBFU=    20
 Initial guess from the checkpoint file:  "/scratch/1715567.1.multiway.q/Gau-186785.chk"
 B after Tr=     0.000000    0.000000    0.000000
         Rot=    0.998645   -0.052045    0.000001   -0.000022 Ang=  -5.97 deg.
 Overlap will be assumed to be unity.
 Keep J ints in memory in canonical form, NReq=1875445.
 Requested convergence on RMS density matrix=1.00D-08 within 128 cycles.
 Requested convergence on MAX density matrix=1.00D-06.
 Requested convergence on             energy=1.00D-06.
 No special actions if energy rises.
 SCF Done:  E(RPM6) = -0.192393292263     A.U. after   11 cycles
            NFock= 10  Conv=0.21D-08     -V/T= 0.9851
 Calling FoFJK, ICntrl=      2127 FMM=F ISym2X=0 I1Cent= 0 IOpClX= 0 NMat=1 NMatS=1 NMatT=0.
 ***** Axes restored to original set *****
 -------------------------------------------------------------------
 Center     Atomic                   Forces (Hartrees/Bohr)
 Number     Number              X              Y              Z
 -------------------------------------------------------------------
      1        6           0.003977745   -0.000091110    0.000033532
      2        1          -0.000259428   -0.003009344   -0.000027544
      3        1          -0.000173301    0.001607374    0.002620186
      4        1          -0.000119720    0.001601663   -0.002664993
      5       17          -0.003152035   -0.000100981    0.000036348
      6        9          -0.000273261   -0.000007601    0.000002471
 -------------------------------------------------------------------
 Cartesian Forces:  Max     0.003977745 RMS     0.001734272

 GradGradGradGradGradGradGradGradGradGradGradGradGradGradGradGradGradGrad
 Berny optimization.
 Using GEDIIS/GDIIS optimizer.
 FormGI is forming the generalized inverse of G from B-inverse, IUseBI=4.
 Internal  Forces:  Max     0.002464822 RMS     0.000911282
 Search for a local minimum.
 Step number   2 out of a maximum of   45 on scan point     1 out of    21
 All quantities printed in internal units (Hartrees-Bohrs-Radians)
 Mixed Optimization -- En-DIIS/RFO-DIIS
 Update second derivatives using D2CorX and points    1    2
 DE= -1.68D-03 DEPred=-1.54D-03 R= 1.09D+00
 TightC=F SS=  1.41D+00  RLast= 8.77D-02 DXNew= 5.0454D-01 2.6316D-01
 Trust test= 1.09D+00 RLast= 8.77D-02 DXMaxT set to 3.00D-01
 ITU=  1  0
 Use linear search instead of GDIIS.
     Eigenvalues ---    0.03105   0.03306   0.06224   0.07150   0.07165
     Eigenvalues ---    0.09492   0.09574   0.30171   0.32416   0.32455
     Eigenvalues ---    0.572061000.000001000.000001000.000001000.00000
     Eigenvalues --- 1000.000001000.000001000.000001000.000001000.00000
     Eigenvalues --- 1000.000001000.000001000.000001000.000001000.00000
     Eigenvalues --- 1000.000001000.000001000.000001000.000001000.00000
     Eigenvalues --- 1000.000001000.000001000.000001000.000001000.00000
 RFO step:  Lambda=-5.97656499D-05 EMin= 3.10469442D-02
 Quartic linear search produced a step of  0.13023.
 Iteration  1 RMS(Cart)=  0.00331399 RMS(Int)=  0.00001320
 Iteration  2 RMS(Cart)=  0.00000507 RMS(Int)=  0.00000941
 Iteration  3 RMS(Cart)=  0.00000000 RMS(Int)=  0.00000941
 Iteration  1 RMS(Cart)=  0.00000132 RMS(Int)=  0.00000334
 Iteration  2 RMS(Cart)=  0.00000082 RMS(Int)=  0.00000371
 Variable       Old X    -DE/DX   Delta X   Delta X   Delta X     New X
                                 (Linear)    (Quad)   (Total)
    R1        2.06226   0.00240   0.00524   0.00331   0.00856   2.07082
    R2        2.06281   0.00244   0.00531   0.00355   0.00887   2.07168
    R3        2.06315   0.00246   0.00536   0.00369   0.00905   2.07220
    R4        6.65183  -0.00148   0.00000   0.00000  -0.00001   6.65183
    R5        2.59601   0.00027   0.00584  -0.00422   0.00162   2.59763
    R6        6.33967  -0.00038  -0.00070   0.00911   0.00843   6.34810
    R7        6.25514  -0.00048  -0.00097   0.00839   0.00744   6.26258
    R8        6.20784  -0.00053  -0.00113   0.00788   0.00676   6.21460
    A1        1.90873   0.00052  -0.00025   0.00485   0.00458   1.91331
    A2        1.90796   0.00050  -0.00035   0.00434   0.00397   1.91193
    A3        1.91271  -0.00049   0.00027  -0.00419  -0.00391   1.90880
    A4        1.90646   0.00047  -0.00054   0.00337   0.00280   1.90927
    A5        1.91368  -0.00049   0.00040  -0.00416  -0.00375   1.90993
    A6        1.91423  -0.00049   0.00047  -0.00415  -0.00367   1.91056
    A7        1.56324  -0.00094  -0.00047  -0.00492  -0.00538   1.55787
    A8        1.60432  -0.00096  -0.00046  -0.00474  -0.00519   1.59913
    A9        1.62755  -0.00097  -0.00045  -0.00459  -0.00503   1.62252
   A10        0.54089   0.00079   0.00144   0.00110   0.00254   0.54343
   A11        0.54264   0.00080   0.00144   0.00104   0.00248   0.54512
   A12        0.54654   0.00081   0.00144   0.00092   0.00235   0.54890
    D1       -1.05686  -0.00058   0.00053  -0.00479  -0.00427  -1.06113
    D2        1.02966   0.00060  -0.00050   0.00486   0.00437   1.03404
    D3        3.12809   0.00000   0.00003  -0.00011  -0.00008   3.12801
    D4        1.08233   0.00058  -0.00051   0.00490   0.00440   1.08673
    D5       -1.00511  -0.00063   0.00039  -0.00534  -0.00495  -1.01006
    D6       -3.10321  -0.00001  -0.00009   0.00020   0.00011  -3.10310
    D7       -1.06899  -0.00059   0.00047  -0.00509  -0.00463  -1.07362
    D8        1.01893   0.00062  -0.00038   0.00546   0.00508   1.02401
    D9        3.11670   0.00001   0.00006  -0.00009  -0.00003   3.11667
   D10        0.55411   0.00006   0.00007  -0.00028  -0.00021   0.55390
   D11       -0.54752  -0.00009  -0.00013  -0.00011  -0.00025  -0.54777
   D12       -0.55427  -0.00002  -0.00004   0.00048   0.00044  -0.55384
   D13        0.53485   0.00011   0.00021   0.00072   0.00093   0.53578
   D14        0.54822   0.00003   0.00008  -0.00018  -0.00010   0.54812
   D15       -0.53537  -0.00009  -0.00019  -0.00062  -0.00082  -0.53619
         Item               Value     Threshold  Converged?
 Maximum Force            0.002594     0.000450     NO 
 RMS     Force            0.000826     0.000300     NO 
 Maximum Displacement     0.011253     0.001800     NO 
 RMS     Displacement     0.003313     0.001200     NO 
 Predicted change in Energy=-5.062487D-05
 GradGradGradGradGradGradGradGradGradGradGradGradGradGradGradGradGradGrad

                          Input orientation:                          
 ---------------------------------------------------------------------
 Center     Atomic      Atomic             Coordinates (Angstroms)
 Number     Number       Type             X           Y           Z
 ---------------------------------------------------------------------
      1          6           0        0.120776   -0.910717   -0.001459
      2          1           0        0.484687   -1.944355   -0.001966
      3          1           0        0.485350   -0.392455    0.893154
      4          1           0        0.485819   -0.392825   -0.896434
      5         17           0        3.638329   -0.787998   -0.047566
      6          9           0       -1.253832   -0.911418   -0.001249
 ---------------------------------------------------------------------
                    Distance matrix (angstroms):
                    1          2          3          4          5
     1  C    0.000000
     2  H    1.095828   0.000000
     3  H    1.096286   1.791545   0.000000
     4  H    1.096562   1.790899   1.789588   0.000000
     5  Cl   3.519995   3.359271   3.314013   3.288626   0.000000
     6  F    1.374608   2.022228   2.023372   2.024025   4.893937
                    6
     6  F    0.000000
 Stoichiometry    CH3ClF(1-)
 Framework group  C1[X(CH3ClF)]
 Deg. of freedom    12
 Full point group                 C1      NOp   1
 Largest Abelian subgroup         C1      NOp   1
 Largest concise Abelian subgroup C1      NOp   1
                         Standard orientation:                         
 ---------------------------------------------------------------------
 Center     Atomic      Atomic             Coordinates (Angstroms)
 Number     Number       Type             X           Y           Z
 ---------------------------------------------------------------------
      1          6           0        1.387581    0.021630    0.003814
      2          1           0        1.052846    1.047697   -0.185870
      3          1           0        1.018051   -0.311560    0.980683
      4          1           0        0.998731   -0.641577   -0.778107
      5         17           0       -2.132321   -0.003538   -0.000625
      6          9           0        2.761593   -0.018244   -0.003218
 ---------------------------------------------------------------------
 Rotational constants (GHZ):    155.7097883      1.5236424      1.5235666
 Standard basis: VSTO-6G (5D, 7F)
 There are    21 symmetry adapted cartesian basis functions of A   symmetry.
 There are    20 symmetry adapted basis functions of A   symmetry.
    20 basis functions,   126 primitive gaussians,    21 cartesian basis functions
    11 alpha electrons       11 beta electrons
       nuclear repulsion energy        63.8514340432 Hartrees.
 Integral buffers will be    131072 words long.
 Regular integral format.
 Two-electron integral symmetry is turned off.
 Do NDO integrals.
 One-electron integrals computed using PRISM.
 NBasis=    20 RedAO= F EigKep=  0.00D+00  NBF=    20
 NBsUse=    20 1.00D-04 EigRej=  0.00D+00 NBFU=    20
 Initial guess from the checkpoint file:  "/scratch/1715567.1.multiway.q/Gau-186785.chk"
 B after Tr=     0.000000    0.000000    0.000000
         Rot=    0.999406   -0.034459   -0.000001    0.000005 Ang=  -3.95 deg.
 Overlap will be assumed to be unity.
 Keep J ints in memory in canonical form, NReq=1875445.
 Requested convergence on RMS density matrix=1.00D-08 within 128 cycles.
 Requested convergence on MAX density matrix=1.00D-06.
 Requested convergence on             energy=1.00D-06.
 No special actions if energy rises.
 SCF Done:  E(RPM6) = -0.192456091366     A.U. after    9 cycles
            NFock=  8  Conv=0.44D-08     -V/T= 0.9851
 Calling FoFJK, ICntrl=      2127 FMM=F ISym2X=0 I1Cent= 0 IOpClX= 0 NMat=1 NMatS=1 NMatT=0.
 ***** Axes restored to original set *****
 -------------------------------------------------------------------
 Center     Atomic                   Forces (Hartrees/Bohr)
 Number     Number              X              Y              Z
 -------------------------------------------------------------------
      1        6           0.004656577    0.000048196   -0.000019427
      2        1          -0.000663587   -0.000418738   -0.000004562
      3        1          -0.000623534    0.000232606    0.000374873
      4        1          -0.000595410    0.000233432   -0.000385059
      5       17          -0.003131342   -0.000097916    0.000035234
      6        9           0.000357297    0.000002420   -0.000001058
 -------------------------------------------------------------------
 Cartesian Forces:  Max     0.004656577 RMS     0.001361915

 GradGradGradGradGradGradGradGradGradGradGradGradGradGradGradGradGradGrad
 Berny optimization.
 Using GEDIIS/GDIIS optimizer.
 FormGI is forming the generalized inverse of G from B-inverse, IUseBI=4.
 Internal  Forces:  Max     0.001486638 RMS     0.000439759
 Search for a local minimum.
 Step number   3 out of a maximum of   45 on scan point     1 out of    21
 All quantities printed in internal units (Hartrees-Bohrs-Radians)
 Mixed Optimization -- En-DIIS/RFO-DIIS
 Swapping is turned off.
 Update second derivatives using D2CorX and points    1    2    3
 DE= -6.28D-05 DEPred=-5.06D-05 R= 1.24D+00
 TightC=F SS=  1.41D+00  RLast= 2.69D-02 DXNew= 5.0454D-01 8.0814D-02
 Trust test= 1.24D+00 RLast= 2.69D-02 DXMaxT set to 3.00D-01
 ITU=  1  1  0
     Eigenvalues ---    0.03103   0.03298   0.04605   0.07184   0.07192
     Eigenvalues ---    0.09485   0.09564   0.31774   0.32490   0.32637
     Eigenvalues ---    0.581051000.000001000.000001000.000001000.00000
     Eigenvalues --- 1000.000001000.000001000.000001000.000001000.00000
     Eigenvalues --- 1000.000001000.000001000.000001000.000001000.00000
     Eigenvalues --- 1000.000001000.000001000.000001000.000001000.00000
     Eigenvalues --- 1000.000001000.000001000.000001000.000001000.00000
 En-DIIS/RFO-DIIS IScMMF=        0 using points:     3    2
 RFO step:  Lambda=-3.78692678D-06.
 DidBck=F Rises=F RFO-DIIS coefs:    1.27276   -0.27276
 Iteration  1 RMS(Cart)=  0.00164002 RMS(Int)=  0.00000832
 Iteration  2 RMS(Cart)=  0.00000254 RMS(Int)=  0.00000781
 Iteration  3 RMS(Cart)=  0.00000000 RMS(Int)=  0.00000781
 Iteration  1 RMS(Cart)=  0.00000103 RMS(Int)=  0.00000261
 Iteration  2 RMS(Cart)=  0.00000064 RMS(Int)=  0.00000290
 Variable       Old X    -DE/DX   Delta X   Delta X   Delta X     New X
                                 (Linear)    (Quad)   (Total)
    R1        2.07082   0.00007   0.00233  -0.00084   0.00150   2.07231
    R2        2.07168   0.00007   0.00242  -0.00075   0.00167   2.07335
    R3        2.07220   0.00007   0.00247  -0.00070   0.00177   2.07397
    R4        6.65183  -0.00149   0.00000   0.00000   0.00000   6.65183
    R5        2.59763  -0.00036   0.00044  -0.00053  -0.00008   2.59755
    R6        6.34810  -0.00051   0.00230   0.00502   0.00732   6.35542
    R7        6.26258  -0.00054   0.00203   0.00456   0.00659   6.26917
    R8        6.21460  -0.00056   0.00184   0.00420   0.00606   6.22066
    A1        1.91331   0.00042   0.00125   0.00230   0.00353   1.91684
    A2        1.91193   0.00042   0.00108   0.00223   0.00329   1.91522
    A3        1.90880  -0.00042  -0.00107  -0.00218  -0.00324   1.90556
    A4        1.90927   0.00042   0.00076   0.00209   0.00283   1.91210
    A5        1.90993  -0.00042  -0.00102  -0.00222  -0.00323   1.90670
    A6        1.91056  -0.00042  -0.00100  -0.00224  -0.00323   1.90733
    A7        1.55787  -0.00052  -0.00147  -0.00229  -0.00374   1.55413
    A8        1.59913  -0.00051  -0.00142  -0.00209  -0.00350   1.59563
    A9        1.62252  -0.00051  -0.00137  -0.00194  -0.00330   1.61922
   A10        0.54343   0.00015   0.00069  -0.00019   0.00050   0.54394
   A11        0.54512   0.00015   0.00068  -0.00018   0.00049   0.54561
   A12        0.54890   0.00015   0.00064  -0.00018   0.00046   0.54936
    D1       -1.06113  -0.00052  -0.00116  -0.00276  -0.00393  -1.06506
    D2        1.03404   0.00052   0.00119   0.00260   0.00380   1.03784
    D3        3.12801   0.00000  -0.00002  -0.00011  -0.00013   3.12788
    D4        1.08673   0.00053   0.00120   0.00288   0.00409   1.09082
    D5       -1.01006  -0.00051  -0.00135  -0.00255  -0.00391  -1.01397
    D6       -3.10310   0.00000   0.00003   0.00025   0.00029  -3.10281
    D7       -1.07362  -0.00052  -0.00126  -0.00283  -0.00410  -1.07772
    D8        1.02401   0.00051   0.00139   0.00265   0.00405   1.02806
    D9        3.11667   0.00000  -0.00001  -0.00014  -0.00015   3.11652
   D10        0.55390   0.00001  -0.00006  -0.00004  -0.00010   0.55380
   D11       -0.54777  -0.00002  -0.00007  -0.00003  -0.00010  -0.54786
   D12       -0.55384   0.00000   0.00012   0.00012   0.00024  -0.55360
   D13        0.53578   0.00003   0.00025   0.00008   0.00034   0.53612
   D14        0.54812   0.00000  -0.00003  -0.00009  -0.00012   0.54800
   D15       -0.53619  -0.00002  -0.00022  -0.00005  -0.00027  -0.53645
         Item               Value     Threshold  Converged?
 Maximum Force            0.000357     0.000450     YES
 RMS     Force            0.000163     0.000300     YES
 Maximum Displacement     0.004049     0.001800     NO 
 RMS     Displacement     0.001639     0.001200     NO 
 Predicted change in Energy=-7.975673D-06
 GradGradGradGradGradGradGradGradGradGradGradGradGradGradGradGradGradGrad

                          Input orientation:                          
 ---------------------------------------------------------------------
 Center     Atomic      Atomic             Coordinates (Angstroms)
 Number     Number       Type             X           Y           Z
 ---------------------------------------------------------------------
      1          6           0        0.122301   -0.910872   -0.001394
      2          1           0        0.482930   -1.946498   -0.001971
      3          1           0        0.483833   -0.391421    0.894846
      4          1           0        0.484486   -0.391851   -0.898024
      5         17           0        3.639840   -0.787800   -0.047666
      6          9           0       -1.252263   -0.911326   -0.001310
 ---------------------------------------------------------------------
                    Distance matrix (angstroms):
                    1          2          3          4          5
     1  C    0.000000
     2  H    1.096620   0.000000
     3  H    1.097169   1.795145   0.000000
     4  H    1.097500   1.794391   1.792869   0.000000
     5  Cl   3.519996   3.363146   3.317503   3.291830   0.000000
     6  F    1.374564   2.020514   2.021738   2.022436   4.893882
                    6
     6  F    0.000000
 Stoichiometry    CH3ClF(1-)
 Framework group  C1[X(CH3ClF)]
 Deg. of freedom    12
 Full point group                 C1      NOp   1
 Largest Abelian subgroup         C1      NOp   1
 Largest concise Abelian subgroup C1      NOp   1
                         Standard orientation:                         
 ---------------------------------------------------------------------
 Center     Atomic      Atomic             Coordinates (Angstroms)
 Number     Number       Type             X           Y           Z
 ---------------------------------------------------------------------
      1          6           0        1.387333    0.021761    0.004270
      2          1           0        1.055979    1.053011   -0.166907
      3          1           0        1.020822   -0.330332    0.976628
      4          1           0        1.001251   -0.628394   -0.791183
      5         17           0       -2.132568   -0.003536   -0.000695
      6          9           0        2.761290   -0.018304   -0.003593
 ---------------------------------------------------------------------
 Rotational constants (GHZ):    155.1045642      1.5235517      1.5234731
 Standard basis: VSTO-6G (5D, 7F)
 There are    21 symmetry adapted cartesian basis functions of A   symmetry.
 There are    20 symmetry adapted basis functions of A   symmetry.
    20 basis functions,   126 primitive gaussians,    21 cartesian basis functions
    11 alpha electrons       11 beta electrons
       nuclear repulsion energy        63.8476061541 Hartrees.
 Integral buffers will be    131072 words long.
 Regular integral format.
 Two-electron integral symmetry is turned off.
 Do NDO integrals.
 One-electron integrals computed using PRISM.
 NBasis=    20 RedAO= F EigKep=  0.00D+00  NBF=    20
 NBsUse=    20 1.00D-04 EigRej=  0.00D+00 NBFU=    20
 Initial guess from the checkpoint file:  "/scratch/1715567.1.multiway.q/Gau-186785.chk"
 B after Tr=     0.000000    0.000000    0.000000
         Rot=    0.999958   -0.009206   -0.000001    0.000005 Ang=  -1.05 deg.
 Overlap will be assumed to be unity.
 Keep J ints in memory in canonical form, NReq=1875445.
 Requested convergence on RMS density matrix=1.00D-08 within 128 cycles.
 Requested convergence on MAX density matrix=1.00D-06.
 Requested convergence on             energy=1.00D-06.
 No special actions if energy rises.
 SCF Done:  E(RPM6) = -0.192466697670     A.U. after   10 cycles
            NFock=  9  Conv=0.38D-08     -V/T= 0.9851
 Calling FoFJK, ICntrl=      2127 FMM=F ISym2X=0 I1Cent= 0 IOpClX= 0 NMat=1 NMatS=1 NMatT=0.
 ***** Axes restored to original set *****
 -------------------------------------------------------------------
 Center     Atomic                   Forces (Hartrees/Bohr)
 Number     Number              X              Y              Z
 -------------------------------------------------------------------
      1        6           0.004481192    0.000121218   -0.000046972
      2        1          -0.000438974    0.000167005    0.000004273
      3        1          -0.000418152   -0.000097053   -0.000144515
      4        1          -0.000400315   -0.000097044    0.000153405
      5       17          -0.003112039   -0.000096624    0.000034756
      6        9          -0.000111713    0.000002499   -0.000000948
 -------------------------------------------------------------------
 Cartesian Forces:  Max     0.004481192 RMS     0.001300102

 GradGradGradGradGradGradGradGradGradGradGradGradGradGradGradGradGradGrad
 Berny optimization.
 Using GEDIIS/GDIIS optimizer.
 FormGI is forming the generalized inverse of G from B-inverse, IUseBI=4.
 Internal  Forces:  Max     0.001343171 RMS     0.000385806
 Search for a local minimum.
 Step number   4 out of a maximum of   45 on scan point     1 out of    21
 All quantities printed in internal units (Hartrees-Bohrs-Radians)
 Mixed Optimization -- En-DIIS/RFO-DIIS
 Swapping is turned off.
 Update second derivatives using D2CorX and points    1    2    3    4
 DE= -1.06D-05 DEPred=-7.98D-06 R= 1.33D+00
 TightC=F SS=  1.41D+00  RLast= 1.84D-02 DXNew= 5.0454D-01 5.5160D-02
 Trust test= 1.33D+00 RLast= 1.84D-02 DXMaxT set to 3.00D-01
 ITU=  1  1  1  0
     Eigenvalues ---    0.02587   0.03126   0.03311   0.07212   0.07219
     Eigenvalues ---    0.09490   0.09568   0.32465   0.32512   0.37513
     Eigenvalues ---    0.588731000.000001000.000001000.000001000.00000
     Eigenvalues --- 1000.000001000.000001000.000001000.000001000.00000
     Eigenvalues --- 1000.000001000.000001000.000001000.000001000.00000
     Eigenvalues --- 1000.000001000.000001000.000001000.000001000.00000
     Eigenvalues --- 1000.000001000.000001000.000001000.000001000.00000
 En-DIIS/RFO-DIIS IScMMF=        0 using points:     4    3    2
 RFO step:  Lambda=-1.38699881D-06.
 DidBck=F Rises=F RFO-DIIS coefs:    2.01783   -1.26346    0.24562
 Iteration  1 RMS(Cart)=  0.00119697 RMS(Int)=  0.00000593
 Iteration  2 RMS(Cart)=  0.00000231 RMS(Int)=  0.00000535
 Iteration  3 RMS(Cart)=  0.00000000 RMS(Int)=  0.00000535
 Iteration  1 RMS(Cart)=  0.00000042 RMS(Int)=  0.00000107
 Variable       Old X    -DE/DX   Delta X   Delta X   Delta X     New X
                                 (Linear)    (Quad)   (Total)
    R1        2.07231  -0.00035  -0.00058  -0.00023  -0.00081   2.07150
    R2        2.07335  -0.00037  -0.00048  -0.00025  -0.00073   2.07262
    R3        2.07397  -0.00039  -0.00042  -0.00026  -0.00069   2.07329
    R4        6.65183  -0.00134   0.00000   0.00000   0.00001   6.65184
    R5        2.59755   0.00011  -0.00048   0.00131   0.00082   2.59837
    R6        6.35542  -0.00059   0.00538   0.00122   0.00660   6.36203
    R7        6.26917  -0.00060   0.00489   0.00081   0.00569   6.27487
    R8        6.22066  -0.00061   0.00450   0.00049   0.00498   6.22564
    A1        1.91684   0.00031   0.00247   0.00031   0.00277   1.91961
    A2        1.91522   0.00032   0.00237   0.00038   0.00274   1.91796
    A3        1.90556  -0.00032  -0.00234  -0.00040  -0.00275   1.90281
    A4        1.91210   0.00033   0.00219   0.00051   0.00270   1.91480
    A5        1.90670  -0.00032  -0.00237  -0.00040  -0.00277   1.90393
    A6        1.90733  -0.00032  -0.00239  -0.00040  -0.00278   1.90454
    A7        1.55413  -0.00034  -0.00249  -0.00055  -0.00304   1.55109
    A8        1.59563  -0.00033  -0.00229  -0.00035  -0.00264   1.59299
    A9        1.61922  -0.00032  -0.00212  -0.00019  -0.00231   1.61690
   A10        0.54394   0.00002  -0.00011  -0.00010  -0.00021   0.54372
   A11        0.54561   0.00002  -0.00011  -0.00007  -0.00019   0.54542
   A12        0.54936   0.00002  -0.00011  -0.00003  -0.00014   0.54922
    D1       -1.06506  -0.00041  -0.00295  -0.00064  -0.00361  -1.06867
    D2        1.03784   0.00039   0.00280   0.00042   0.00323   1.04107
    D3        3.12788   0.00000  -0.00012  -0.00009  -0.00020   3.12767
    D4        1.09082   0.00041   0.00308   0.00077   0.00386   1.09468
    D5       -1.01397  -0.00038  -0.00276  -0.00021  -0.00298  -1.01695
    D6       -3.10281   0.00001   0.00026   0.00021   0.00048  -3.10234
    D7       -1.07772  -0.00040  -0.00303  -0.00064  -0.00368  -1.08139
    D8        1.02806   0.00038   0.00287   0.00030   0.00318   1.03124
    D9        3.11652   0.00000  -0.00015  -0.00013  -0.00027   3.11624
   D10        0.55380   0.00000  -0.00005   0.00009   0.00005   0.55385
   D11       -0.54786   0.00000  -0.00004  -0.00002  -0.00005  -0.54791
   D12       -0.55360   0.00000   0.00014  -0.00009   0.00005  -0.55355
   D13        0.53612   0.00000   0.00012  -0.00013  -0.00001   0.53611
   D14        0.54800   0.00000  -0.00010   0.00001  -0.00008   0.54792
   D15       -0.53645   0.00000  -0.00007   0.00012   0.00005  -0.53640
         Item               Value     Threshold  Converged?
 Maximum Force            0.000288     0.000450     YES
 RMS     Force            0.000111     0.000300     YES
 Maximum Displacement     0.003266     0.001800     NO 
 RMS     Displacement     0.001197     0.001200     YES
 Predicted change in Energy=-2.510900D-06
 GradGradGradGradGradGradGradGradGradGradGradGradGradGradGradGradGradGrad

                          Input orientation:                          
 ---------------------------------------------------------------------
 Center     Atomic      Atomic             Coordinates (Angstroms)
 Number     Number       Type             X           Y           Z
 ---------------------------------------------------------------------
      1          6           0        0.123874   -0.910986   -0.001342
      2          1           0        0.481202   -1.947304   -0.001883
      3          1           0        0.482436   -0.391298    0.895480
      4          1           0        0.483342   -0.391724   -0.898482
      5         17           0        3.641400   -0.787436   -0.047836
      6          9           0       -1.251126   -0.911021   -0.001457
 ---------------------------------------------------------------------
                    Distance matrix (angstroms):
                    1          2          3          4          5
     1  C    0.000000
     2  H    1.096193   0.000000
     3  H    1.096783   1.796223   0.000000
     4  H    1.097137   1.795473   1.793962   0.000000
     5  Cl   3.520003   3.366639   3.320516   3.294468   0.000000
     6  F    1.375000   2.018624   2.019863   2.020570   4.894307
                    6
     6  F    0.000000
 Stoichiometry    CH3ClF(1-)
 Framework group  C1[X(CH3ClF)]
 Deg. of freedom    12
 Full point group                 C1      NOp   1
 Largest Abelian subgroup         C1      NOp   1
 Largest concise Abelian subgroup C1      NOp   1
                         Standard orientation:                         
 ---------------------------------------------------------------------
 Center     Atomic      Atomic             Coordinates (Angstroms)
 Number     Number       Type             X           Y           Z
 ---------------------------------------------------------------------
      1          6           0        1.386970    0.022078    0.004251
      2          1           0        1.058983    1.053148   -0.171701
      3          1           0        1.023423   -0.325801    0.978800
      4          1           0        1.003550   -0.632066   -0.788713
      5         17           0       -2.132935   -0.003577   -0.000690
      6          9           0        2.761347   -0.018549   -0.003573
 ---------------------------------------------------------------------
 Rotational constants (GHZ):    154.9011018      1.5232464      1.5231664
 Standard basis: VSTO-6G (5D, 7F)
 There are    21 symmetry adapted cartesian basis functions of A   symmetry.
 There are    20 symmetry adapted basis functions of A   symmetry.
    20 basis functions,   126 primitive gaussians,    21 cartesian basis functions
    11 alpha electrons       11 beta electrons
       nuclear repulsion energy        63.8472754051 Hartrees.
 Integral buffers will be    131072 words long.
 Regular integral format.
 Two-electron integral symmetry is turned off.
 Do NDO integrals.
 One-electron integrals computed using PRISM.
 NBasis=    20 RedAO= F EigKep=  0.00D+00  NBF=    20
 NBsUse=    20 1.00D-04 EigRej=  0.00D+00 NBFU=    20
 Initial guess from the checkpoint file:  "/scratch/1715567.1.multiway.q/Gau-186785.chk"
 B after Tr=     0.000000    0.000000    0.000000
         Rot=    0.999997    0.002268   -0.000001    0.000005 Ang=   0.26 deg.
 Overlap will be assumed to be unity.
 Keep J ints in memory in canonical form, NReq=1875445.
 Requested convergence on RMS density matrix=1.00D-08 within 128 cycles.
 Requested convergence on MAX density matrix=1.00D-06.
 Requested convergence on             energy=1.00D-06.
 No special actions if energy rises.
 SCF Done:  E(RPM6) = -0.192470537392     A.U. after   10 cycles
            NFock=  9  Conv=0.31D-08     -V/T= 0.9851
 Calling FoFJK, ICntrl=      2127 FMM=F ISym2X=0 I1Cent= 0 IOpClX= 0 NMat=1 NMatS=1 NMatT=0.
 ***** Axes restored to original set *****
 -------------------------------------------------------------------
 Center     Atomic                   Forces (Hartrees/Bohr)
 Number     Number              X              Y              Z
 -------------------------------------------------------------------
      1        6           0.003577899    0.000144983   -0.000055955
      2        1          -0.000092850    0.000098513    0.000004554
      3        1          -0.000076456   -0.000071650   -0.000099258
      4        1          -0.000060711   -0.000075951    0.000116185
      5       17          -0.003098160   -0.000096447    0.000034669
      6        9          -0.000249721    0.000000551   -0.000000196
 -------------------------------------------------------------------
 Cartesian Forces:  Max     0.003577899 RMS     0.001119501

 GradGradGradGradGradGradGradGradGradGradGradGradGradGradGradGradGradGrad
 Berny optimization.
 Using GEDIIS/GDIIS optimizer.
 FormGI is forming the generalized inverse of G from B-inverse, IUseBI=4.
 Internal  Forces:  Max     0.001191425 RMS     0.000333361
 Search for a local minimum.
 Step number   5 out of a maximum of   45 on scan point     1 out of    21
 All quantities printed in internal units (Hartrees-Bohrs-Radians)
 Mixed Optimization -- En-DIIS/RFO-DIIS
 Swapping is turned off.
 Update second derivatives using D2CorX and points    1    2    3    4    5
 DE= -3.84D-06 DEPred=-2.51D-06 R= 1.53D+00
 TightC=F SS=  1.41D+00  RLast= 1.55D-02 DXNew= 5.0454D-01 4.6616D-02
 Trust test= 1.53D+00 RLast= 1.55D-02 DXMaxT set to 3.00D-01
 ITU=  1  1  1  1  0
     Eigenvalues ---    0.02123   0.03162   0.03347   0.07235   0.07241
     Eigenvalues ---    0.09495   0.09575   0.29653   0.32492   0.32524
     Eigenvalues ---    0.644721000.000001000.000001000.000001000.00000
     Eigenvalues --- 1000.000001000.000001000.000001000.000001000.00000
     Eigenvalues --- 1000.000001000.000001000.000001000.000001000.00000
     Eigenvalues --- 1000.000001000.000001000.000001000.000001000.00000
     Eigenvalues --- 1000.000001000.000001000.000001000.000001000.00000
 En-DIIS/RFO-DIIS IScMMF=        0 using points:     5    4    3    2
 RFO step:  Lambda=-3.12739836D-07.
 DidBck=F Rises=F RFO-DIIS coefs:    1.73759   -1.34046    0.71279   -0.10992
 Iteration  1 RMS(Cart)=  0.00030963 RMS(Int)=  0.00000271
 Iteration  2 RMS(Cart)=  0.00000014 RMS(Int)=  0.00000270
 Iteration  1 RMS(Cart)=  0.00000038 RMS(Int)=  0.00000097
 Variable       Old X    -DE/DX   Delta X   Delta X   Delta X     New X
                                 (Linear)    (Quad)   (Total)
    R1        2.07150  -0.00017  -0.00056   0.00002  -0.00054   2.07097
    R2        2.07262  -0.00021  -0.00057   0.00000  -0.00057   2.07205
    R3        2.07329  -0.00023  -0.00058  -0.00001  -0.00059   2.07270
    R4        6.65184  -0.00119   0.00001   0.00000   0.00000   6.65184
    R5        2.59837   0.00025   0.00084   0.00000   0.00084   2.59921
    R6        6.36203  -0.00064   0.00138   0.00036   0.00174   6.36377
    R7        6.27487  -0.00065   0.00104  -0.00002   0.00102   6.27589
    R8        6.22564  -0.00066   0.00077  -0.00033   0.00044   6.22608
    A1        1.91961   0.00021   0.00042  -0.00002   0.00040   1.92001
    A2        1.91796   0.00022   0.00047  -0.00001   0.00047   1.91843
    A3        1.90281  -0.00023  -0.00050  -0.00001  -0.00051   1.90230
    A4        1.91480   0.00024   0.00059   0.00003   0.00063   1.91542
    A5        1.90393  -0.00023  -0.00051   0.00000  -0.00051   1.90342
    A6        1.90454  -0.00023  -0.00051   0.00000  -0.00051   1.90404
    A7        1.55109  -0.00027  -0.00058  -0.00018  -0.00076   1.55033
    A8        1.59299  -0.00026  -0.00041   0.00001  -0.00040   1.59259
    A9        1.61690  -0.00025  -0.00027   0.00016  -0.00011   1.61680
   A10        0.54372   0.00005  -0.00018  -0.00002  -0.00020   0.54353
   A11        0.54542   0.00005  -0.00016  -0.00001  -0.00016   0.54526
   A12        0.54922   0.00005  -0.00012   0.00002  -0.00010   0.54912
    D1       -1.06867  -0.00030  -0.00076  -0.00010  -0.00086  -1.06952
    D2        1.04107   0.00028   0.00057  -0.00008   0.00048   1.04154
    D3        3.12767   0.00000  -0.00008  -0.00008  -0.00016   3.12751
    D4        1.09468   0.00030   0.00087   0.00022   0.00108   1.09576
    D5       -1.01695  -0.00027  -0.00039   0.00022  -0.00016  -1.01711
    D6       -3.10234   0.00000   0.00019   0.00020   0.00039  -3.10195
    D7       -1.08139  -0.00029  -0.00075  -0.00012  -0.00087  -1.08226
    D8        1.03124   0.00027   0.00046  -0.00013   0.00033   1.03156
    D9        3.11624   0.00000  -0.00011  -0.00011  -0.00023   3.11602
   D10        0.55385   0.00001   0.00007   0.00006   0.00013   0.55398
   D11       -0.54791   0.00000  -0.00001  -0.00001  -0.00001  -0.54793
   D12       -0.55355  -0.00001  -0.00006  -0.00007  -0.00013  -0.55367
   D13        0.53611   0.00000  -0.00011  -0.00008  -0.00019   0.53592
   D14        0.54792   0.00001   0.00000   0.00002   0.00002   0.54794
   D15       -0.53640   0.00000   0.00011   0.00007   0.00018  -0.53622
         Item               Value     Threshold  Converged?
 Maximum Force            0.000250     0.000450     YES
 RMS     Force            0.000059     0.000300     YES
 Maximum Displacement     0.000911     0.001800     YES
 RMS     Displacement     0.000310     0.001200     YES
 Predicted change in Energy=-1.835833D-07
 Optimization completed.
    -- Stationary point found.
                           ----------------------------
                           !   Optimized Parameters   !
                           ! (Angstroms and Degrees)  !
 --------------------------                            --------------------------
 ! Name  Definition              Value          Derivative Info.                !
 --------------------------------------------------------------------------------
 ! R1    R(1,2)                  1.0962         -DE/DX =   -0.0002              !
 ! R2    R(1,3)                  1.0968         -DE/DX =   -0.0002              !
 ! R3    R(1,4)                  1.0971         -DE/DX =   -0.0002              !
 ! R4    R(1,5)                  3.52           -DE/DX =   -0.0012              !
 ! R5    R(1,6)                  1.375          -DE/DX =    0.0002              !
 ! R6    R(2,5)                  3.3666         -DE/DX =   -0.0006              !
 ! R7    R(3,5)                  3.3205         -DE/DX =   -0.0007              !
 ! R8    R(4,5)                  3.2945         -DE/DX =   -0.0007              !
 ! A1    A(2,1,3)              109.9857         -DE/DX =    0.0002              !
 ! A2    A(2,1,4)              109.891          -DE/DX =    0.0002              !
 ! A3    A(2,1,6)              109.023          -DE/DX =   -0.0002              !
 ! A4    A(3,1,4)              109.7098         -DE/DX =    0.0002              !
 ! A5    A(3,1,6)              109.0869         -DE/DX =   -0.0002              !
 ! A6    A(4,1,6)              109.1223         -DE/DX =   -0.0002              !
 ! A7    A(1,2,5)               88.8707         -DE/DX =   -0.0003              !
 ! A8    A(1,3,5)               91.2718         -DE/DX =   -0.0003              !
 ! A9    A(1,4,5)               92.6418         -DE/DX =   -0.0002              !
 ! A10   A(2,5,3)               31.1531         -DE/DX =    0.0                 !
 ! A11   A(2,5,4)               31.2504         -DE/DX =    0.0                 !
 ! A12   A(3,5,4)               31.4678         -DE/DX =    0.0                 !
 ! D1    D(3,1,2,5)            -61.2301         -DE/DX =   -0.0003              !
 ! D2    D(4,1,2,5)             59.6487         -DE/DX =    0.0003              !
 ! D3    D(6,1,2,5)            179.2024         -DE/DX =    0.0                 !
 ! D4    D(2,1,3,5)             62.7206         -DE/DX =    0.0003              !
 ! D5    D(4,1,3,5)            -58.2671         -DE/DX =   -0.0003              !
 ! D6    D(6,1,3,5)           -177.7509         -DE/DX =    0.0                 !
 ! D7    D(2,1,4,5)            -61.9593         -DE/DX =   -0.0003              !
 ! D8    D(3,1,4,5)             59.0854         -DE/DX =    0.0003              !
 ! D9    D(6,1,4,5)            178.5475         -DE/DX =    0.0                 !
 ! D10   D(1,2,5,3)             31.7332         -DE/DX =    0.0                 !
 ! D11   D(1,2,5,4)            -31.3931         -DE/DX =    0.0                 !
 ! D12   D(1,3,5,2)            -31.716          -DE/DX =    0.0                 !
 ! D13   D(1,3,5,4)             30.7169         -DE/DX =    0.0                 !
 ! D14   D(1,4,5,2)             31.3934         -DE/DX =    0.0                 !
 ! D15   D(1,4,5,3)            -30.7337         -DE/DX =    0.0                 !
 --------------------------------------------------------------------------------
 Iteration  1 RMS(Cart)=  0.00992696 RMS(Int)=  0.02524466
 Iteration  2 RMS(Cart)=  0.00011580 RMS(Int)=  0.02524412
 Iteration  3 RMS(Cart)=  0.00000144 RMS(Int)=  0.02524412
 Iteration  4 RMS(Cart)=  0.00000003 RMS(Int)=  0.02524412
 Iteration  1 RMS(Cart)=  0.00618036 RMS(Int)=  0.01579102
 Iteration  2 RMS(Cart)=  0.00385728 RMS(Int)=  0.01754803
 Iteration  3 RMS(Cart)=  0.00241289 RMS(Int)=  0.02009902
 Iteration  4 RMS(Cart)=  0.00151140 RMS(Int)=  0.02207810
 Iteration  5 RMS(Cart)=  0.00094750 RMS(Int)=  0.02342940
 Iteration  6 RMS(Cart)=  0.00059428 RMS(Int)=  0.02431281
 Iteration  7 RMS(Cart)=  0.00037286 RMS(Int)=  0.02487960
 Iteration  8 RMS(Cart)=  0.00023398 RMS(Int)=  0.02523985
 Iteration  9 RMS(Cart)=  0.00014685 RMS(Int)=  0.02546767
 Iteration 10 RMS(Cart)=  0.00009217 RMS(Int)=  0.02561132
 Iteration 11 RMS(Cart)=  0.00005785 RMS(Int)=  0.02570174
 Iteration 12 RMS(Cart)=  0.00003631 RMS(Int)=  0.02575859
 Iteration 13 RMS(Cart)=  0.00002280 RMS(Int)=  0.02579432
 Iteration 14 RMS(Cart)=  0.00001431 RMS(Int)=  0.02581677
 Iteration 15 RMS(Cart)=  0.00000898 RMS(Int)=  0.02583086
 Iteration 16 RMS(Cart)=  0.00000564 RMS(Int)=  0.02583971
 Iteration 17 RMS(Cart)=  0.00000354 RMS(Int)=  0.02584527
 Iteration 18 RMS(Cart)=  0.00000222 RMS(Int)=  0.02584875
 Iteration 19 RMS(Cart)=  0.00000139 RMS(Int)=  0.02585094
 Iteration 20 RMS(Cart)=  0.00000088 RMS(Int)=  0.02585232
 GradGradGradGradGradGradGradGradGradGradGradGradGradGradGradGradGradGrad

                          Input orientation:                          
 ---------------------------------------------------------------------
 Center     Atomic      Atomic             Coordinates (Angstroms)
 Number     Number       Type             X           Y           Z
 ---------------------------------------------------------------------
      1          6           0        0.159797   -0.909613   -0.001854
      2          1           0        0.479033   -1.954758   -0.001647
      3          1           0        0.479905   -0.388504    0.901570
      4          1           0        0.480670   -0.388969   -0.904026
      5         17           0        3.577368   -0.788862   -0.047333
      6          9           0       -1.215644   -0.909064   -0.002230
 ---------------------------------------------------------------------
                    Distance matrix (angstroms):
                    1          2          3          4          5
     1  C    0.000000
     2  H    1.092812   0.000000
     3  H    1.090963   1.808025   0.000000
     4  H    1.089928   1.807204   1.805596   0.000000
     5  Cl   3.420006   3.310752   3.264196   3.237804   0.000000
     6  F    1.375442   1.991333   1.990660   1.990280   4.794731
                    6
     6  F    0.000000
 Stoichiometry    CH3ClF(1-)
 Framework group  C1[X(CH3ClF)]
 Deg. of freedom    12
 Full point group                 C1      NOp   1
 Largest Abelian subgroup         C1      NOp   1
 Largest concise Abelian subgroup C1      NOp   1
                         Standard orientation:                         
 ---------------------------------------------------------------------
 Center     Atomic      Atomic             Coordinates (Angstroms)
 Number     Number       Type             X           Y           Z
 ---------------------------------------------------------------------
      1          6           0        1.334994    0.022275    0.004397
      2          1           0        1.045247    1.061661   -0.168700
      3          1           0        1.009930   -0.330670    0.984174
      4          1           0        0.990132   -0.632304   -0.795940
      5         17           0       -2.084909   -0.003699   -0.000732
      6          9           0        2.709798   -0.018829   -0.003719
 ---------------------------------------------------------------------
 Rotational constants (GHZ):    152.8786317      1.5913545      1.5912631
 Standard basis: VSTO-6G (5D, 7F)
 There are    21 symmetry adapted cartesian basis functions of A   symmetry.
 There are    20 symmetry adapted basis functions of A   symmetry.
    20 basis functions,   126 primitive gaussians,    21 cartesian basis functions
    11 alpha electrons       11 beta electrons
       nuclear repulsion energy        64.1698133414 Hartrees.
 Integral buffers will be    131072 words long.
 Regular integral format.
 Two-electron integral symmetry is turned off.
 Do NDO integrals.
 One-electron integrals computed using PRISM.
 NBasis=    20 RedAO= F EigKep=  0.00D+00  NBF=    20
 NBsUse=    20 1.00D-04 EigRej=  0.00D+00 NBFU=    20
 Initial guess from the checkpoint file:  "/scratch/1715567.1.multiway.q/Gau-186785.chk"
 B after Tr=     0.000000    0.000000    0.000000
         Rot=    0.999998   -0.001852    0.000003   -0.000018 Ang=  -0.21 deg.
 Overlap will be assumed to be unity.
 Keep J ints in memory in canonical form, NReq=1875445.
 Requested convergence on RMS density matrix=1.00D-08 within 128 cycles.
 Requested convergence on MAX density matrix=1.00D-06.
 Requested convergence on             energy=1.00D-06.
 No special actions if energy rises.
 SCF Done:  E(RPM6) = -0.192570340666     A.U. after   11 cycles
            NFock= 10  Conv=0.81D-08     -V/T= 0.9851
 Calling FoFJK, ICntrl=      2127 FMM=F ISym2X=0 I1Cent= 0 IOpClX= 0 NMat=1 NMatS=1 NMatT=0.
 ***** Axes restored to original set *****
 -------------------------------------------------------------------
 Center     Atomic                   Forces (Hartrees/Bohr)
 Number     Number              X              Y              Z
 -------------------------------------------------------------------
      1        6          -0.004293180   -0.001243676    0.000477096
      2        1           0.004493026   -0.000234360   -0.000036956
      3        1           0.004923404    0.000700727    0.001005120
      4        1           0.005176135    0.000948752   -0.001508050
      5       17          -0.003304592   -0.000110142    0.000040125
      6        9          -0.006994794   -0.000061301    0.000022665
 -------------------------------------------------------------------
 Cartesian Forces:  Max     0.006994794 RMS     0.002944135

 GradGradGradGradGradGradGradGradGradGradGradGradGradGradGradGradGradGrad
 Berny optimization.
 FormGI is forming the generalized inverse of G from B-inverse, IUseBI=4.
 Internal  Forces:  Max     0.006994762 RMS     0.001631281
 Search for a local minimum.
 Step number   1 out of a maximum of   45 on scan point     2 out of    21
 All quantities printed in internal units (Hartrees-Bohrs-Radians)
 Mixed Optimization -- RFO/linear search
 Second derivative matrix not updated -- first step.
 ITU=  0
     Eigenvalues ---    0.02153   0.03193   0.03377   0.07528   0.07553
     Eigenvalues ---    0.09566   0.09677   0.29708   0.32525   0.32592
     Eigenvalues ---    0.644921000.000001000.000001000.000001000.00000
     Eigenvalues --- 1000.000001000.000001000.000001000.000001000.00000
     Eigenvalues --- 1000.000001000.000001000.000001000.000001000.00000
     Eigenvalues --- 1000.000001000.000001000.000001000.000001000.00000
     Eigenvalues --- 1000.000001000.000001000.000001000.000001000.00000
 RFO step:  Lambda=-9.63972535D-04 EMin= 2.15309622D-02
 Linear search not attempted -- first point.
 Iteration  1 RMS(Cart)=  0.01465763 RMS(Int)=  0.00075893
 Iteration  2 RMS(Cart)=  0.00036168 RMS(Int)=  0.00061542
 Iteration  3 RMS(Cart)=  0.00000018 RMS(Int)=  0.00061542
 Iteration  1 RMS(Cart)=  0.00002893 RMS(Int)=  0.00007328
 Iteration  2 RMS(Cart)=  0.00001803 RMS(Int)=  0.00008143
 Iteration  3 RMS(Cart)=  0.00001124 RMS(Int)=  0.00009323
 Iteration  4 RMS(Cart)=  0.00000700 RMS(Int)=  0.00010233
 Iteration  5 RMS(Cart)=  0.00000436 RMS(Int)=  0.00010851
 Iteration  6 RMS(Cart)=  0.00000272 RMS(Int)=  0.00011251
 Iteration  7 RMS(Cart)=  0.00000169 RMS(Int)=  0.00011507
 Iteration  8 RMS(Cart)=  0.00000106 RMS(Int)=  0.00011668
 Iteration  9 RMS(Cart)=  0.00000066 RMS(Int)=  0.00011769
 Variable       Old X    -DE/DX   Delta X   Delta X   Delta X     New X
                                 (Linear)    (Quad)   (Total)
    R1        2.06512   0.00167   0.00000   0.00890   0.00905   2.07417
    R2        2.06162   0.00255   0.00000   0.01152   0.01162   2.07324
    R3        2.05967   0.00305   0.00000   0.01299   0.01306   2.07272
    R4        6.46287   0.00071   0.00000   0.00000   0.00000   6.46287
    R5        2.59921   0.00699   0.00000  -0.00195  -0.00195   2.59726
    R6        6.25642  -0.00130   0.00000  -0.07716  -0.07768   6.17873
    R7        6.16844  -0.00140   0.00000  -0.06771  -0.06826   6.10018
    R8        6.11856  -0.00147   0.00000  -0.06021  -0.06077   6.05779
    A1        1.95083  -0.00088   0.00000  -0.02952  -0.03096   1.91987
    A2        1.95089  -0.00092   0.00000  -0.02999  -0.03134   1.91955
    A3        1.86764   0.00096   0.00000   0.03261   0.03269   1.90034
    A4        1.95077  -0.00099   0.00000  -0.03091  -0.03215   1.91862
    A5        1.86863   0.00104   0.00000   0.03340   0.03348   1.90211
    A6        1.86919   0.00108   0.00000   0.03381   0.03388   1.90307
    A7        1.50734   0.00076   0.00000   0.03550   0.03575   1.54308
    A8        1.54991   0.00065   0.00000   0.03087   0.03109   1.58100
    A9        1.57436   0.00058   0.00000   0.02712   0.02734   1.60169
   A10        0.55698   0.00054   0.00000   0.00382   0.00356   0.56054
   A11        0.55876   0.00061   0.00000   0.00369   0.00344   0.56220
   A12        0.56274   0.00073   0.00000   0.00342   0.00317   0.56591
    D1       -1.11512   0.00137   0.00000   0.04620   0.04508  -1.07004
    D2        1.08633  -0.00136   0.00000  -0.04181  -0.04070   1.04563
    D3        3.12755   0.00002   0.00000   0.00232   0.00233   3.12988
    D4        1.14120  -0.00134   0.00000  -0.04886  -0.04774   1.09346
    D5       -1.06032   0.00135   0.00000   0.03863   0.03754  -1.02277
    D6       -3.10206  -0.00004   0.00000  -0.00547  -0.00548  -3.10754
    D7       -1.12681   0.00133   0.00000   0.04655   0.04545  -1.08136
    D8        1.07468  -0.00134   0.00000  -0.04069  -0.03961   1.03506
    D9        3.11609   0.00003   0.00000   0.00315   0.00316   3.11925
   D10        0.55534   0.00017   0.00000  -0.00025  -0.00031   0.55502
   D11       -0.54896  -0.00024   0.00000  -0.00014  -0.00018  -0.54914
   D12       -0.55527   0.00007   0.00000   0.00005   0.00018  -0.55509
   D13        0.53665   0.00012   0.00000   0.00086   0.00094   0.53759
   D14        0.54935  -0.00013   0.00000   0.00035   0.00027   0.54962
   D15       -0.53709   0.00001   0.00000  -0.00087  -0.00090  -0.53799
         Item               Value     Threshold  Converged?
 Maximum Force            0.006995     0.000450     NO 
 RMS     Force            0.001643     0.000300     NO 
 Maximum Displacement     0.039279     0.001800     NO 
 RMS     Displacement     0.014762     0.001200     NO 
 Predicted change in Energy=-5.017056D-04
 GradGradGradGradGradGradGradGradGradGradGradGradGradGradGradGradGradGrad

                          Input orientation:                          
 ---------------------------------------------------------------------
 Center     Atomic      Atomic             Coordinates (Angstroms)
 Number     Number       Type             X           Y           Z
 ---------------------------------------------------------------------
      1          6           0        0.141319   -0.908845   -0.002242
      2          1           0        0.499818   -1.946250   -0.002675
      3          1           0        0.497801   -0.389008    0.895725
      4          1           0        0.496179   -0.389271   -0.900668
      5         17           0        3.559094   -0.793170   -0.045348
      6          9           0       -1.233083   -0.913225   -0.000311
 ---------------------------------------------------------------------
                    Distance matrix (angstroms):
                    1          2          3          4          5
     1  C    0.000000
     2  H    1.097603   0.000000
     3  H    1.097112   1.797813   0.000000
     4  H    1.096838   1.797385   1.796394   0.000000
     5  Cl   3.420004   3.269646   3.228077   3.205644   0.000000
     6  F    1.374410   2.017447   2.018327   2.018792   4.793892
                    6
     6  F    0.000000
 Stoichiometry    CH3ClF(1-)
 Framework group  C1[X(CH3ClF)]
 Deg. of freedom    12
 Full point group                 C1      NOp   1
 Largest Abelian subgroup         C1      NOp   1
 Largest concise Abelian subgroup C1      NOp   1
                         Standard orientation:                         
 ---------------------------------------------------------------------
 Center     Atomic      Atomic             Coordinates (Angstroms)
 Number     Number       Type             X           Y           Z
 ---------------------------------------------------------------------
      1          6           0        1.338364    0.019095    0.003017
      2          1           0        1.008669    1.047054   -0.195311
      3          1           0        0.976961   -0.307846    0.985948
      4          1           0        0.960020   -0.652938   -0.776907
      5         17           0       -2.081565   -0.003225   -0.000512
      6          9           0        2.712309   -0.016223   -0.002570
 ---------------------------------------------------------------------
 Rotational constants (GHZ):    154.7274461      1.5930173      1.5929522
 Standard basis: VSTO-6G (5D, 7F)
 There are    21 symmetry adapted cartesian basis functions of A   symmetry.
 There are    20 symmetry adapted basis functions of A   symmetry.
    20 basis functions,   126 primitive gaussians,    21 cartesian basis functions
    11 alpha electrons       11 beta electrons
       nuclear repulsion energy        64.1366417953 Hartrees.
 Integral buffers will be    131072 words long.
 Regular integral format.
 Two-electron integral symmetry is turned off.
 Do NDO integrals.
 One-electron integrals computed using PRISM.
 NBasis=    20 RedAO= F EigKep=  0.00D+00  NBF=    20
 NBsUse=    20 1.00D-04 EigRej=  0.00D+00 NBFU=    20
 Initial guess from the checkpoint file:  "/scratch/1715567.1.multiway.q/Gau-186785.chk"
 B after Tr=     0.000000    0.000000    0.000000
         Rot=    0.999920    0.012666    0.000014   -0.000057 Ang=   1.45 deg.
 Overlap will be assumed to be unity.
 Keep J ints in memory in canonical form, NReq=1875445.
 Requested convergence on RMS density matrix=1.00D-08 within 128 cycles.
 Requested convergence on MAX density matrix=1.00D-06.
 Requested convergence on             energy=1.00D-06.
 No special actions if energy rises.
 SCF Done:  E(RPM6) = -0.193086349637     A.U. after   11 cycles
            NFock= 10  Conv=0.39D-08     -V/T= 0.9850
 Calling FoFJK, ICntrl=      2127 FMM=F ISym2X=0 I1Cent= 0 IOpClX= 0 NMat=1 NMatS=1 NMatT=0.
 ***** Axes restored to original set *****
 -------------------------------------------------------------------
 Center     Atomic                   Forces (Hartrees/Bohr)
 Number     Number              X              Y              Z
 -------------------------------------------------------------------
      1        6           0.004170549   -0.000555439    0.000212378
      2        1           0.000118149    0.000856168   -0.000034918
      3        1           0.000269505   -0.000152612   -0.000455801
      4        1           0.000359154   -0.000074861    0.000251505
      5       17          -0.003480051   -0.000108254    0.000039471
      6        9          -0.001437307    0.000034997   -0.000012636
 -------------------------------------------------------------------
 Cartesian Forces:  Max     0.004170549 RMS     0.001357860

 GradGradGradGradGradGradGradGradGradGradGradGradGradGradGradGradGradGrad
 Berny optimization.
 Using GEDIIS/GDIIS optimizer.
 FormGI is forming the generalized inverse of G from B-inverse, IUseBI=4.
 Internal  Forces:  Max     0.001437169 RMS     0.000430251
 Search for a local minimum.
 Step number   2 out of a maximum of   45 on scan point     2 out of    21
 All quantities printed in internal units (Hartrees-Bohrs-Radians)
 Mixed Optimization -- En-DIIS/RFO-DIIS
 Update second derivatives using D2CorX and points    1    2
 DE= -5.16D-04 DEPred=-5.02D-04 R= 1.03D+00
 TightC=F SS=  1.41D+00  RLast= 1.88D-01 DXNew= 5.0454D-01 5.6265D-01
 Trust test= 1.03D+00 RLast= 1.88D-01 DXMaxT set to 5.05D-01
 ITU=  1  0
 Use linear search instead of GDIIS.
     Eigenvalues ---    0.02085   0.03154   0.03324   0.07242   0.07268
     Eigenvalues ---    0.09488   0.09573   0.30246   0.32448   0.32518
     Eigenvalues ---    0.628981000.000001000.000001000.000001000.00000
     Eigenvalues --- 1000.000001000.000001000.000001000.000001000.00000
     Eigenvalues --- 1000.000001000.000001000.000001000.000001000.00000
     Eigenvalues --- 1000.000001000.000001000.000001000.000001000.00000
     Eigenvalues --- 1000.000001000.000001000.000001000.000001000.00000
 RFO step:  Lambda=-5.54460959D-06 EMin= 2.08549709D-02
 Quartic linear search produced a step of  0.07409.
 Iteration  1 RMS(Cart)=  0.00143212 RMS(Int)=  0.00004954
 Iteration  2 RMS(Cart)=  0.00000221 RMS(Int)=  0.00004949
 Iteration  3 RMS(Cart)=  0.00000000 RMS(Int)=  0.00004949
 Iteration  1 RMS(Cart)=  0.00000251 RMS(Int)=  0.00000635
 Iteration  2 RMS(Cart)=  0.00000156 RMS(Int)=  0.00000706
 Iteration  3 RMS(Cart)=  0.00000097 RMS(Int)=  0.00000808
 Variable       Old X    -DE/DX   Delta X   Delta X   Delta X     New X
                                 (Linear)    (Quad)   (Total)
    R1        2.07417  -0.00072   0.00067  -0.00258  -0.00189   2.07228
    R2        2.07324  -0.00039   0.00086  -0.00156  -0.00069   2.07255
    R3        2.07272  -0.00021   0.00097  -0.00099  -0.00002   2.07270
    R4        6.46287  -0.00116   0.00000   0.00000   0.00000   6.46287
    R5        2.59726   0.00144  -0.00014   0.00132   0.00118   2.59844
    R6        6.17873  -0.00078  -0.00576  -0.00035  -0.00614   6.17260
    R7        6.10018  -0.00081  -0.00506  -0.00075  -0.00585   6.09433
    R8        6.05779  -0.00084  -0.00450  -0.00101  -0.00556   6.05223
    A1        1.91987   0.00018  -0.00229   0.00031  -0.00210   1.91777
    A2        1.91955   0.00014  -0.00232  -0.00020  -0.00263   1.91692
    A3        1.90034  -0.00012   0.00242   0.00082   0.00325   1.90359
    A4        1.91862   0.00009  -0.00238  -0.00107  -0.00355   1.91506
    A5        1.90211  -0.00014   0.00248   0.00024   0.00273   1.90484
    A6        1.90307  -0.00016   0.00251  -0.00008   0.00244   1.90551
    A7        1.54308  -0.00010   0.00265   0.00055   0.00322   1.54630
    A8        1.58100  -0.00013   0.00230   0.00063   0.00295   1.58395
    A9        1.60169  -0.00015   0.00203   0.00067   0.00272   1.60441
   A10        0.56054  -0.00004   0.00026  -0.00046  -0.00022   0.56032
   A11        0.56220  -0.00002   0.00025  -0.00048  -0.00024   0.56196
   A12        0.56591   0.00001   0.00024  -0.00049  -0.00028   0.56563
    D1       -1.07004  -0.00016   0.00334   0.00069   0.00394  -1.06610
    D2        1.04563   0.00016  -0.00302  -0.00057  -0.00350   1.04213
    D3        3.12988  -0.00002   0.00017  -0.00029  -0.00011   3.12976
    D4        1.09346   0.00017  -0.00354  -0.00056  -0.00401   1.08945
    D5       -1.02277  -0.00018   0.00278   0.00018   0.00288  -1.01990
    D6       -3.10754   0.00005  -0.00041   0.00078   0.00037  -3.10717
    D7       -1.08136  -0.00018   0.00337   0.00035   0.00363  -1.07773
    D8        1.03506   0.00019  -0.00293  -0.00009  -0.00294   1.03213
    D9        3.11925  -0.00003   0.00023  -0.00049  -0.00025   3.11899
   D10        0.55502   0.00002  -0.00002  -0.00024  -0.00027   0.55476
   D11       -0.54914  -0.00007  -0.00001  -0.00012  -0.00013  -0.54927
   D12       -0.55509   0.00008   0.00001   0.00053   0.00055  -0.55454
   D13        0.53759   0.00006   0.00007   0.00044   0.00052   0.53811
   D14        0.54962  -0.00008   0.00002  -0.00033  -0.00032   0.54931
   D15       -0.53799   0.00000  -0.00007  -0.00029  -0.00035  -0.53835
         Item               Value     Threshold  Converged?
 Maximum Force            0.001437     0.000450     NO 
 RMS     Force            0.000293     0.000300     YES
 Maximum Displacement     0.003588     0.001800     NO 
 RMS     Displacement     0.001432     0.001200     NO 
 Predicted change in Energy=-5.482913D-06
 GradGradGradGradGradGradGradGradGradGradGradGradGradGradGradGradGradGrad

                          Input orientation:                          
 ---------------------------------------------------------------------
 Center     Atomic      Atomic             Coordinates (Angstroms)
 Number     Number       Type             X           Y           Z
 ---------------------------------------------------------------------
      1          6           0        0.140045   -0.909253   -0.002092
      2          1           0        0.501335   -1.944630   -0.002783
      3          1           0        0.499296   -0.389486    0.894362
      4          1           0        0.497621   -0.389774   -0.899483
      5         17           0        3.557813   -0.793324   -0.045267
      6          9           0       -1.234982   -0.913301   -0.000257
 ---------------------------------------------------------------------
                    Distance matrix (angstroms):
                    1          2          3          4          5
     1  C    0.000000
     2  H    1.096602   0.000000
     3  H    1.096745   1.795368   0.000000
     4  H    1.096828   1.794899   1.793846   0.000000
     5  Cl   3.420006   3.266399   3.224983   3.202703   0.000000
     6  F    1.375034   2.019515   2.020506   2.021040   4.794507
                    6
     6  F    0.000000
 Stoichiometry    CH3ClF(1-)
 Framework group  C1[X(CH3ClF)]
 Deg. of freedom    12
 Full point group                 C1      NOp   1
 Largest Abelian subgroup         C1      NOp   1
 Largest concise Abelian subgroup C1      NOp   1
                         Standard orientation:                         
 ---------------------------------------------------------------------
 Center     Atomic      Atomic             Coordinates (Angstroms)
 Number     Number       Type             X           Y           Z
 ---------------------------------------------------------------------
      1          6           0        1.338444    0.019353    0.003222
      2          1           0        1.005890    1.047075   -0.185801
      3          1           0        0.974260   -0.316472    0.981712
      4          1           0        0.957409   -0.645341   -0.781651
      5         17           0       -2.081486   -0.003237   -0.000541
      6          9           0        2.713004   -0.016260   -0.002711
 ---------------------------------------------------------------------
 Rotational constants (GHZ):    155.1496774      1.5928037      1.5927373
 Standard basis: VSTO-6G (5D, 7F)
 There are    21 symmetry adapted cartesian basis functions of A   symmetry.
 There are    20 symmetry adapted basis functions of A   symmetry.
    20 basis functions,   126 primitive gaussians,    21 cartesian basis functions
    11 alpha electrons       11 beta electrons
       nuclear repulsion energy        64.1343427693 Hartrees.
 Integral buffers will be    131072 words long.
 Regular integral format.
 Two-electron integral symmetry is turned off.
 Do NDO integrals.
 One-electron integrals computed using PRISM.
 NBasis=    20 RedAO= F EigKep=  0.00D+00  NBF=    20
 NBsUse=    20 1.00D-04 EigRej=  0.00D+00 NBFU=    20
 Initial guess from the checkpoint file:  "/scratch/1715567.1.multiway.q/Gau-186785.chk"
 B after Tr=     0.000000    0.000000    0.000000
         Rot=    0.999990   -0.004458    0.000001   -0.000003 Ang=  -0.51 deg.
 Overlap will be assumed to be unity.
 Keep J ints in memory in canonical form, NReq=1875445.
 Requested convergence on RMS density matrix=1.00D-08 within 128 cycles.
 Requested convergence on MAX density matrix=1.00D-06.
 Requested convergence on             energy=1.00D-06.
 No special actions if energy rises.
 SCF Done:  E(RPM6) = -0.193092689852     A.U. after   10 cycles
            NFock=  9  Conv=0.37D-08     -V/T= 0.9850
 Calling FoFJK, ICntrl=      2127 FMM=F ISym2X=0 I1Cent= 0 IOpClX= 0 NMat=1 NMatS=1 NMatT=0.
 ***** Axes restored to original set *****
 -------------------------------------------------------------------
 Center     Atomic                   Forces (Hartrees/Bohr)
 Number     Number              X              Y              Z
 -------------------------------------------------------------------
      1        6           0.004060415   -0.000140864    0.000054267
      2        1          -0.000090964    0.000277730   -0.000018371
      3        1          -0.000007452   -0.000028888   -0.000151899
      4        1           0.000043020   -0.000008290    0.000079669
      5       17          -0.003499670   -0.000107470    0.000039148
      6        9          -0.000505349    0.000007783   -0.000002814
 -------------------------------------------------------------------
 Cartesian Forces:  Max     0.004060415 RMS     0.001272442

 GradGradGradGradGradGradGradGradGradGradGradGradGradGradGradGradGradGrad
 Berny optimization.
 Using GEDIIS/GDIIS optimizer.
 FormGI is forming the generalized inverse of G from B-inverse, IUseBI=4.
 Internal  Forces:  Max     0.001313424 RMS     0.000375473
 Search for a local minimum.
 Step number   3 out of a maximum of   45 on scan point     2 out of    21
 All quantities printed in internal units (Hartrees-Bohrs-Radians)
 Mixed Optimization -- En-DIIS/RFO-DIIS
 Swapping is turned off.
 Update second derivatives using D2CorX and points    1    2    3
 DE= -6.34D-06 DEPred=-5.48D-06 R= 1.16D+00
 TightC=F SS=  1.41D+00  RLast= 1.61D-02 DXNew= 8.4853D-01 4.8169D-02
 Trust test= 1.16D+00 RLast= 1.61D-02 DXMaxT set to 5.05D-01
 ITU=  1  1  0
     Eigenvalues ---    0.02367   0.03149   0.03312   0.07099   0.07234
     Eigenvalues ---    0.09473   0.09559   0.28367   0.31442   0.32498
     Eigenvalues ---    0.534961000.000001000.000001000.000001000.00000
     Eigenvalues --- 1000.000001000.000001000.000001000.000001000.00000
     Eigenvalues --- 1000.000001000.000001000.000001000.000001000.00000
     Eigenvalues --- 1000.000001000.000001000.000001000.000001000.00000
     Eigenvalues --- 1000.000001000.000001000.000001000.000001000.00000
 En-DIIS/RFO-DIIS IScMMF=        0 using points:     3    2
 RFO step:  Lambda=-7.20821449D-07.
 DidBck=F Rises=F RFO-DIIS coefs:    1.22702   -0.22702
 Iteration  1 RMS(Cart)=  0.00029045 RMS(Int)=  0.00000100
 Iteration  2 RMS(Cart)=  0.00000007 RMS(Int)=  0.00000100
 Iteration  1 RMS(Cart)=  0.00000061 RMS(Int)=  0.00000154
 Variable       Old X    -DE/DX   Delta X   Delta X   Delta X     New X
                                 (Linear)    (Quad)   (Total)
    R1        2.07228  -0.00032  -0.00043  -0.00062  -0.00105   2.07123
    R2        2.07255  -0.00021  -0.00016  -0.00029  -0.00045   2.07210
    R3        2.07270  -0.00015   0.00000  -0.00010  -0.00011   2.07259
    R4        6.46287  -0.00131   0.00000   0.00000   0.00000   6.46287
    R5        2.59844   0.00051   0.00027   0.00072   0.00099   2.59943
    R6        6.17260  -0.00072  -0.00139   0.00151   0.00012   6.17272
    R7        6.09433  -0.00075  -0.00133   0.00089  -0.00044   6.09390
    R8        6.05223  -0.00077  -0.00126   0.00046  -0.00080   6.05143
    A1        1.91777   0.00025  -0.00048   0.00077   0.00029   1.91806
    A2        1.91692   0.00024  -0.00060   0.00052  -0.00008   1.91684
    A3        1.90359  -0.00024   0.00074  -0.00043   0.00031   1.90390
    A4        1.91506   0.00022  -0.00081   0.00009  -0.00071   1.91435
    A5        1.90484  -0.00024   0.00062  -0.00047   0.00015   1.90498
    A6        1.90551  -0.00024   0.00055  -0.00049   0.00006   1.90556
    A7        1.54630  -0.00027   0.00073  -0.00063   0.00010   1.54640
    A8        1.58395  -0.00027   0.00067  -0.00038   0.00029   1.58424
    A9        1.60441  -0.00027   0.00062  -0.00021   0.00041   1.60482
   A10        0.56032   0.00005  -0.00005  -0.00009  -0.00014   0.56018
   A11        0.56196   0.00005  -0.00006  -0.00009  -0.00015   0.56181
   A12        0.56563   0.00007  -0.00006  -0.00010  -0.00017   0.56547
    D1       -1.06610  -0.00029   0.00090  -0.00052   0.00037  -1.06572
    D2        1.04213   0.00029  -0.00079   0.00041  -0.00038   1.04175
    D3        3.12976  -0.00001  -0.00003  -0.00014  -0.00017   3.12959
    D4        1.08945   0.00030  -0.00091   0.00070  -0.00021   1.08924
    D5       -1.01990  -0.00029   0.00065  -0.00049   0.00016  -1.01973
    D6       -3.10717   0.00002   0.00008   0.00035   0.00043  -3.10674
    D7       -1.07773  -0.00030   0.00082  -0.00072   0.00010  -1.07764
    D8        1.03213   0.00030  -0.00067   0.00062  -0.00005   1.03208
    D9        3.11899  -0.00001  -0.00006  -0.00021  -0.00026   3.11873
   D10        0.55476   0.00001  -0.00006  -0.00009  -0.00015   0.55461
   D11       -0.54927  -0.00003  -0.00003  -0.00005  -0.00008  -0.54935
   D12       -0.55454   0.00003   0.00013   0.00020   0.00032  -0.55422
   D13        0.53811   0.00003   0.00012   0.00018   0.00030   0.53840
   D14        0.54931  -0.00003  -0.00007  -0.00012  -0.00019   0.54912
   D15       -0.53835  -0.00001  -0.00008  -0.00012  -0.00021  -0.53855
         Item               Value     Threshold  Converged?
 Maximum Force            0.000505     0.000450     NO 
 RMS     Force            0.000103     0.000300     YES
 Maximum Displacement     0.000901     0.001800     YES
 RMS     Displacement     0.000290     0.001200     YES
 Predicted change in Energy=-5.166310D-07
 GradGradGradGradGradGradGradGradGradGradGradGradGradGradGradGradGradGrad

                          Input orientation:                          
 ---------------------------------------------------------------------
 Center     Atomic      Atomic             Coordinates (Angstroms)
 Number     Number       Type             X           Y           Z
 ---------------------------------------------------------------------
      1          6           0        0.140094   -0.909521   -0.001987
      2          1           0        0.501247   -1.944358   -0.002813
      3          1           0        0.499458   -0.389577    0.894029
      4          1           0        0.497944   -0.389914   -0.899124
      5         17           0        3.557844   -0.793189   -0.045326
      6          9           0       -1.235459   -0.913209   -0.000298
 ---------------------------------------------------------------------
                    Distance matrix (angstroms):
                    1          2          3          4          5
     1  C    0.000000
     2  H    1.096047   0.000000
     3  H    1.096508   1.794902   0.000000
     4  H    1.096770   1.794347   1.793155   0.000000
     5  Cl   3.420004   3.266463   3.224750   3.202278   0.000000
     6  F    1.375558   2.019758   2.020878   2.021488   4.795016
                    6
     6  F    0.000000
 Stoichiometry    CH3ClF(1-)
 Framework group  C1[X(CH3ClF)]
 Deg. of freedom    12
 Full point group                 C1      NOp   1
 Largest Abelian subgroup         C1      NOp   1
 Largest concise Abelian subgroup C1      NOp   1
                         Standard orientation:                         
 ---------------------------------------------------------------------
 Center     Atomic      Atomic             Coordinates (Angstroms)
 Number     Number       Type             X           Y           Z
 ---------------------------------------------------------------------
      1          6           0        1.338318    0.019588    0.003599
      2          1           0        1.005915    1.049693   -0.168774
      3          1           0        0.974007   -0.332293    0.976115
      4          1           0        0.956982   -0.632354   -0.791674
      5         17           0       -2.081607   -0.003254   -0.000599
      6          9           0        2.713390   -0.016361   -0.003008
 ---------------------------------------------------------------------
 Rotational constants (GHZ):    155.2374146      1.5925470      1.5924780
 Standard basis: VSTO-6G (5D, 7F)
 There are    21 symmetry adapted cartesian basis functions of A   symmetry.
 There are    20 symmetry adapted basis functions of A   symmetry.
    20 basis functions,   126 primitive gaussians,    21 cartesian basis functions
    11 alpha electrons       11 beta electrons
       nuclear repulsion energy        64.1322140287 Hartrees.
 Integral buffers will be    131072 words long.
 Regular integral format.
 Two-electron integral symmetry is turned off.
 Do NDO integrals.
 One-electron integrals computed using PRISM.
 NBasis=    20 RedAO= F EigKep=  0.00D+00  NBF=    20
 NBsUse=    20 1.00D-04 EigRej=  0.00D+00 NBFU=    20
 Initial guess from the checkpoint file:  "/scratch/1715567.1.multiway.q/Gau-186785.chk"
 B after Tr=     0.000000    0.000000    0.000000
         Rot=    0.999967   -0.008109    0.000000    0.000002 Ang=  -0.93 deg.
 Overlap will be assumed to be unity.
 Keep J ints in memory in canonical form, NReq=1875445.
 Requested convergence on RMS density matrix=1.00D-08 within 128 cycles.
 Requested convergence on MAX density matrix=1.00D-06.
 Requested convergence on             energy=1.00D-06.
 No special actions if energy rises.
 SCF Done:  E(RPM6) = -0.193093291250     A.U. after    9 cycles
            NFock=  8  Conv=0.38D-08     -V/T= 0.9850
 Calling FoFJK, ICntrl=      2127 FMM=F ISym2X=0 I1Cent= 0 IOpClX= 0 NMat=1 NMatS=1 NMatT=0.
 ***** Axes restored to original set *****
 -------------------------------------------------------------------
 Center     Atomic                   Forces (Hartrees/Bohr)
 Number     Number              X              Y              Z
 -------------------------------------------------------------------
      1        6           0.003640235    0.000065659   -0.000024492
      2        1          -0.000057065    0.000030058   -0.000006851
      3        1          -0.000015954    0.000006993   -0.000027067
      4        1           0.000010582    0.000003402    0.000019780
      5       17          -0.003503394   -0.000106726    0.000038852
      6        9          -0.000074405    0.000000615   -0.000000222
 -------------------------------------------------------------------
 Cartesian Forces:  Max     0.003640235 RMS     0.001191502

 GradGradGradGradGradGradGradGradGradGradGradGradGradGradGradGradGradGrad
 Berny optimization.
 Using GEDIIS/GDIIS optimizer.
 FormGI is forming the generalized inverse of G from B-inverse, IUseBI=4.
 Internal  Forces:  Max     0.001328247 RMS     0.000366081
 Search for a local minimum.
 Step number   4 out of a maximum of   45 on scan point     2 out of    21
 All quantities printed in internal units (Hartrees-Bohrs-Radians)
 Mixed Optimization -- En-DIIS/RFO-DIIS
 Swapping is turned off.
 Update second derivatives using D2CorX and points    1    2    3    4
 DE= -6.01D-07 DEPred=-5.17D-07 R= 1.16D+00
 Trust test= 1.16D+00 RLast= 2.27D-03 DXMaxT set to 5.05D-01
 ITU=  0  1  1  0
     Eigenvalues ---    0.02343   0.03095   0.03274   0.06676   0.07231
     Eigenvalues ---    0.09281   0.09546   0.26306   0.31426   0.32495
     Eigenvalues ---    0.513051000.000001000.000001000.000001000.00000
     Eigenvalues --- 1000.000001000.000001000.000001000.000001000.00000
     Eigenvalues --- 1000.000001000.000001000.000001000.000001000.00000
     Eigenvalues --- 1000.000001000.000001000.000001000.000001000.00000
     Eigenvalues --- 1000.000001000.000001000.000001000.000001000.00000
 En-DIIS/RFO-DIIS IScMMF=        0 using points:     4    3    2
 RFO step:  Lambda=-1.73322892D-07.
 DidBck=F Rises=F RFO-DIIS coefs:    1.41665   -0.50593    0.08928
 Iteration  1 RMS(Cart)=  0.00016973 RMS(Int)=  0.00000045
 Iteration  2 RMS(Cart)=  0.00000003 RMS(Int)=  0.00000045
 Iteration  1 RMS(Cart)=  0.00000023 RMS(Int)=  0.00000058
 Variable       Old X    -DE/DX   Delta X   Delta X   Delta X     New X
                                 (Linear)    (Quad)   (Total)
    R1        2.07123  -0.00010  -0.00027  -0.00001  -0.00027   2.07096
    R2        2.07210  -0.00011  -0.00012   0.00001  -0.00012   2.07198
    R3        2.07259  -0.00011  -0.00004   0.00002  -0.00003   2.07257
    R4        6.46287  -0.00133   0.00000   0.00000   0.00000   6.46287
    R5        2.59943   0.00007   0.00031  -0.00001   0.00029   2.59972
    R6        6.17272  -0.00072   0.00060   0.00038   0.00098   6.17370
    R7        6.09390  -0.00074   0.00034  -0.00006   0.00028   6.09418
    R8        6.05143  -0.00076   0.00016  -0.00034  -0.00018   6.05125
    A1        1.91806   0.00025   0.00031   0.00008   0.00039   1.91845
    A2        1.91684   0.00025   0.00020   0.00001   0.00022   1.91705
    A3        1.90390  -0.00025  -0.00016   0.00000  -0.00016   1.90373
    A4        1.91435   0.00024   0.00002  -0.00010  -0.00008   1.91427
    A5        1.90498  -0.00025  -0.00018   0.00000  -0.00018   1.90480
    A6        1.90556  -0.00025  -0.00019   0.00001  -0.00019   1.90538
    A7        1.54640  -0.00031  -0.00025  -0.00018  -0.00043   1.54597
    A8        1.58424  -0.00030  -0.00014   0.00003  -0.00012   1.58412
    A9        1.60482  -0.00029  -0.00007   0.00016   0.00009   1.60491
   A10        0.56018   0.00009  -0.00004   0.00000  -0.00004   0.56015
   A11        0.56181   0.00009  -0.00004   0.00000  -0.00004   0.56176
   A12        0.56547   0.00009  -0.00004   0.00000  -0.00004   0.56543
    D1       -1.06572  -0.00031  -0.00020  -0.00003  -0.00023  -1.06595
    D2        1.04175   0.00030   0.00015  -0.00010   0.00006   1.04181
    D3        3.12959   0.00000  -0.00006  -0.00008  -0.00014   3.12945
    D4        1.08924   0.00032   0.00027   0.00016   0.00043   1.08967
    D5       -1.01973  -0.00030  -0.00019   0.00016  -0.00003  -1.01977
    D6       -3.10674   0.00001   0.00015   0.00021   0.00036  -3.10638
    D7       -1.07764  -0.00031  -0.00028  -0.00012  -0.00040  -1.07804
    D8        1.03208   0.00030   0.00024  -0.00007   0.00017   1.03225
    D9        3.11873   0.00000  -0.00009  -0.00013  -0.00022   3.11851
   D10        0.55461   0.00001  -0.00004   0.00000  -0.00004   0.55457
   D11       -0.54935  -0.00001  -0.00002   0.00000  -0.00002  -0.54937
   D12       -0.55422   0.00000   0.00009   0.00001   0.00009  -0.55413
   D13        0.53840   0.00001   0.00008   0.00000   0.00008   0.53848
   D14        0.54912   0.00000  -0.00005   0.00000  -0.00005   0.54906
   D15       -0.53855  -0.00001  -0.00005   0.00000  -0.00006  -0.53861
         Item               Value     Threshold  Converged?
 Maximum Force            0.000074     0.000450     YES
 RMS     Force            0.000017     0.000300     YES
 Maximum Displacement     0.000584     0.001800     YES
 RMS     Displacement     0.000170     0.001200     YES
 Predicted change in Energy=-5.772085D-08
 Optimization completed.
    -- Stationary point found.
                           ----------------------------
                           !   Optimized Parameters   !
                           ! (Angstroms and Degrees)  !
 --------------------------                            --------------------------
 ! Name  Definition              Value          Derivative Info.                !
 --------------------------------------------------------------------------------
 ! R1    R(1,2)                  1.096          -DE/DX =   -0.0001              !
 ! R2    R(1,3)                  1.0965         -DE/DX =   -0.0001              !
 ! R3    R(1,4)                  1.0968         -DE/DX =   -0.0001              !
 ! R4    R(1,5)                  3.42           -DE/DX =   -0.0013              !
 ! R5    R(1,6)                  1.3756         -DE/DX =    0.0001              !
 ! R6    R(2,5)                  3.2665         -DE/DX =   -0.0007              !
 ! R7    R(3,5)                  3.2248         -DE/DX =   -0.0007              !
 ! R8    R(4,5)                  3.2023         -DE/DX =   -0.0008              !
 ! A1    A(2,1,3)              109.8967         -DE/DX =    0.0002              !
 ! A2    A(2,1,4)              109.8267         -DE/DX =    0.0002              !
 ! A3    A(2,1,6)              109.0852         -DE/DX =   -0.0003              !
 ! A4    A(3,1,4)              109.6842         -DE/DX =    0.0002              !
 ! A5    A(3,1,6)              109.1475         -DE/DX =   -0.0002              !
 ! A6    A(4,1,6)              109.1808         -DE/DX =   -0.0002              !
 ! A7    A(1,2,5)               88.6022         -DE/DX =   -0.0003              !
 ! A8    A(1,3,5)               90.7704         -DE/DX =   -0.0003              !
 ! A9    A(1,4,5)               91.9493         -DE/DX =   -0.0003              !
 ! A10   A(2,5,3)               32.0961         -DE/DX =    0.0001              !
 ! A11   A(2,5,4)               32.1891         -DE/DX =    0.0001              !
 ! A12   A(3,5,4)               32.3989         -DE/DX =    0.0001              !
 ! D1    D(3,1,2,5)            -61.0614         -DE/DX =   -0.0003              !
 ! D2    D(4,1,2,5)             59.688          -DE/DX =    0.0003              !
 ! D3    D(6,1,2,5)            179.3125         -DE/DX =    0.0                 !
 ! D4    D(2,1,3,5)             62.4089         -DE/DX =    0.0003              !
 ! D5    D(4,1,3,5)            -58.4265         -DE/DX =   -0.0003              !
 ! D6    D(6,1,3,5)           -178.0031         -DE/DX =    0.0                 !
 ! D7    D(2,1,4,5)            -61.744          -DE/DX =   -0.0003              !
 ! D8    D(3,1,4,5)             59.1337         -DE/DX =    0.0003              !
 ! D9    D(6,1,4,5)            178.69           -DE/DX =    0.0                 !
 ! D10   D(1,2,5,3)             31.7767         -DE/DX =    0.0                 !
 ! D11   D(1,2,5,4)            -31.4753         -DE/DX =    0.0                 !
 ! D12   D(1,3,5,2)            -31.7544         -DE/DX =    0.0                 !
 ! D13   D(1,3,5,4)             30.8482         -DE/DX =    0.0                 !
 ! D14   D(1,4,5,2)             31.462          -DE/DX =    0.0                 !
 ! D15   D(1,4,5,3)            -30.8567         -DE/DX =    0.0                 !
 --------------------------------------------------------------------------------
 Iteration  1 RMS(Cart)=  0.00994823 RMS(Int)=  0.02523063
 Iteration  2 RMS(Cart)=  0.00011641 RMS(Int)=  0.02523009
 Iteration  3 RMS(Cart)=  0.00000143 RMS(Int)=  0.02523009
 Iteration  4 RMS(Cart)=  0.00000003 RMS(Int)=  0.02523009
 Iteration  1 RMS(Cart)=  0.00618707 RMS(Int)=  0.01576325
 Iteration  2 RMS(Cart)=  0.00385728 RMS(Int)=  0.01751835
 Iteration  3 RMS(Cart)=  0.00241012 RMS(Int)=  0.02006306
 Iteration  4 RMS(Cart)=  0.00150787 RMS(Int)=  0.02203444
 Iteration  5 RMS(Cart)=  0.00094414 RMS(Int)=  0.02337865
 Iteration  6 RMS(Cart)=  0.00059145 RMS(Int)=  0.02425627
 Iteration  7 RMS(Cart)=  0.00037062 RMS(Int)=  0.02481859
 Iteration  8 RMS(Cart)=  0.00023229 RMS(Int)=  0.02517555
 Iteration  9 RMS(Cart)=  0.00014560 RMS(Int)=  0.02540099
 Iteration 10 RMS(Cart)=  0.00009127 RMS(Int)=  0.02554296
 Iteration 11 RMS(Cart)=  0.00005722 RMS(Int)=  0.02563221
 Iteration 12 RMS(Cart)=  0.00003587 RMS(Int)=  0.02568826
 Iteration 13 RMS(Cart)=  0.00002249 RMS(Int)=  0.02572344
 Iteration 14 RMS(Cart)=  0.00001410 RMS(Int)=  0.02574551
 Iteration 15 RMS(Cart)=  0.00000884 RMS(Int)=  0.02575935
 Iteration 16 RMS(Cart)=  0.00000554 RMS(Int)=  0.02576803
 Iteration 17 RMS(Cart)=  0.00000347 RMS(Int)=  0.02577347
 Iteration 18 RMS(Cart)=  0.00000218 RMS(Int)=  0.02577688
 Iteration 19 RMS(Cart)=  0.00000137 RMS(Int)=  0.02577902
 Iteration 20 RMS(Cart)=  0.00000086 RMS(Int)=  0.02578036
 GradGradGradGradGradGradGradGradGradGradGradGradGradGradGradGradGradGrad

                          Input orientation:                          
 ---------------------------------------------------------------------
 Center     Atomic      Atomic             Coordinates (Angstroms)
 Number     Number       Type             X           Y           Z
 ---------------------------------------------------------------------
      1          6           0        0.175685   -0.908297   -0.002439
      2          1           0        0.499305   -1.952018   -0.002680
      3          1           0        0.497176   -0.386427    0.900216
      4          1           0        0.495512   -0.386860   -0.904875
      5         17           0        3.493476   -0.794695   -0.044780
      6          9           0       -1.200025   -0.911473   -0.000962
 ---------------------------------------------------------------------
                    Distance matrix (angstroms):
                    1          2          3          4          5
     1  C    0.000000
     2  H    1.092742   0.000000
     3  H    1.091096   1.807291   0.000000
     4  H    1.090218   1.806568   1.805091   0.000000
     5  Cl   3.320005   3.210331   3.168204   3.145454   0.000000
     6  F    1.375714   1.992601   1.992055   1.991763   4.695158
                    6
     6  F    0.000000
 Stoichiometry    CH3ClF(1-)
 Framework group  C1[X(CH3ClF)]
 Deg. of freedom    12
 Full point group                 C1      NOp   1
 Largest Abelian subgroup         C1      NOp   1
 Largest concise Abelian subgroup C1      NOp   1
                         Standard orientation:                         
 ---------------------------------------------------------------------
 Center     Atomic      Atomic             Coordinates (Angstroms)
 Number     Number       Type             X           Y           Z
 ---------------------------------------------------------------------
      1          6           0        1.286464    0.019690    0.004170
      2          1           0        0.991748    1.061742   -0.141956
      3          1           0        0.960041   -0.359747    0.973689
      4          1           0        0.943094   -0.614782   -0.813215
      5         17           0       -2.033458   -0.003342   -0.000710
      6          9           0        2.661680   -0.016503   -0.003497
 ---------------------------------------------------------------------
 Rotational constants (GHZ):    153.1376732      1.6655017      1.6654203
 Standard basis: VSTO-6G (5D, 7F)
 There are    21 symmetry adapted cartesian basis functions of A   symmetry.
 There are    20 symmetry adapted basis functions of A   symmetry.
    20 basis functions,   126 primitive gaussians,    21 cartesian basis functions
    11 alpha electrons       11 beta electrons
       nuclear repulsion energy        64.4658660899 Hartrees.
 Integral buffers will be    131072 words long.
 Regular integral format.
 Two-electron integral symmetry is turned off.
 Do NDO integrals.
 One-electron integrals computed using PRISM.
 NBasis=    20 RedAO= F EigKep=  0.00D+00  NBF=    20
 NBsUse=    20 1.00D-04 EigRej=  0.00D+00 NBFU=    20
 Initial guess from the checkpoint file:  "/scratch/1715567.1.multiway.q/Gau-186785.chk"
 B after Tr=     0.000000    0.000000    0.000000
         Rot=    0.999913   -0.013160    0.000003   -0.000017 Ang=  -1.51 deg.
 Overlap will be assumed to be unity.
 Keep J ints in memory in canonical form, NReq=1875445.
 Requested convergence on RMS density matrix=1.00D-08 within 128 cycles.
 Requested convergence on MAX density matrix=1.00D-06.
 Requested convergence on             energy=1.00D-06.
 No special actions if energy rises.
 SCF Done:  E(RPM6) = -0.193283217951     A.U. after   11 cycles
            NFock= 10  Conv=0.84D-08     -V/T= 0.9850
 Calling FoFJK, ICntrl=      2127 FMM=F ISym2X=0 I1Cent= 0 IOpClX= 0 NMat=1 NMatS=1 NMatT=0.
 ***** Axes restored to original set *****
 -------------------------------------------------------------------
 Center     Atomic                   Forces (Hartrees/Bohr)
 Number     Number              X              Y              Z
 -------------------------------------------------------------------
      1        6          -0.003631867   -0.001112255    0.000412070
      2        1           0.004467982   -0.000221104   -0.000039467
      3        1           0.004856645    0.000660431    0.000919968
      4        1           0.005067932    0.000873575   -0.001368166
      5       17          -0.003760888   -0.000125149    0.000046191
      6        9          -0.006999803   -0.000075498    0.000029403
 -------------------------------------------------------------------
 Cartesian Forces:  Max     0.006999803 RMS     0.002896022

 GradGradGradGradGradGradGradGradGradGradGradGradGradGradGradGradGradGrad
 Berny optimization.
 FormGI is forming the generalized inverse of G from B-inverse, IUseBI=4.
 Internal  Forces:  Max     0.006999986 RMS     0.001609736
 Search for a local minimum.
 Step number   1 out of a maximum of   45 on scan point     3 out of    21
 All quantities printed in internal units (Hartrees-Bohrs-Radians)
 Mixed Optimization -- RFO/linear search
 Second derivative matrix not updated -- first step.
 ITU=  0
     Eigenvalues ---    0.02339   0.03115   0.03297   0.06980   0.07533
     Eigenvalues ---    0.09341   0.09637   0.26297   0.31450   0.32548
     Eigenvalues ---    0.513581000.000001000.000001000.000001000.00000
     Eigenvalues --- 1000.000001000.000001000.000001000.000001000.00000
     Eigenvalues --- 1000.000001000.000001000.000001000.000001000.00000
     Eigenvalues --- 1000.000001000.000001000.000001000.000001000.00000
     Eigenvalues --- 1000.000001000.000001000.000001000.000001000.00000
 RFO step:  Lambda=-9.25409400D-04 EMin= 2.33922859D-02
 Linear search not attempted -- first point.
 Iteration  1 RMS(Cart)=  0.01399575 RMS(Int)=  0.00066859
 Iteration  2 RMS(Cart)=  0.00031580 RMS(Int)=  0.00054755
 Iteration  3 RMS(Cart)=  0.00000014 RMS(Int)=  0.00054755
 Iteration  1 RMS(Cart)=  0.00002424 RMS(Int)=  0.00006130
 Iteration  2 RMS(Cart)=  0.00001510 RMS(Int)=  0.00006812
 Iteration  3 RMS(Cart)=  0.00000940 RMS(Int)=  0.00007799
 Iteration  4 RMS(Cart)=  0.00000586 RMS(Int)=  0.00008559
 Iteration  5 RMS(Cart)=  0.00000365 RMS(Int)=  0.00009075
 Iteration  6 RMS(Cart)=  0.00000227 RMS(Int)=  0.00009409
 Iteration  7 RMS(Cart)=  0.00000141 RMS(Int)=  0.00009622
 Iteration  8 RMS(Cart)=  0.00000088 RMS(Int)=  0.00009757
 Variable       Old X    -DE/DX   Delta X   Delta X   Delta X     New X
                                 (Linear)    (Quad)   (Total)
    R1        2.06498   0.00166   0.00000   0.00481   0.00493   2.06991
    R2        2.06187   0.00245   0.00000   0.00977   0.00987   2.07174
    R3        2.06021   0.00288   0.00000   0.01251   0.01260   2.07281
    R4        6.27390   0.00051   0.00000   0.00000   0.00000   6.27390
    R5        2.59972   0.00700   0.00000   0.00291   0.00291   2.60264
    R6        6.06665  -0.00140   0.00000  -0.06636  -0.06673   5.99992
    R7        5.98704  -0.00149   0.00000  -0.06478  -0.06525   5.92178
    R8        5.94405  -0.00155   0.00000  -0.06253  -0.06307   5.88098
    A1        1.94955  -0.00085   0.00000  -0.02504  -0.02637   1.92318
    A2        1.94956  -0.00088   0.00000  -0.02782  -0.02905   1.92051
    A3        1.86915   0.00092   0.00000   0.03112   0.03119   1.90034
    A4        1.94937  -0.00095   0.00000  -0.03280  -0.03385   1.91552
    A5        1.87011   0.00100   0.00000   0.03147   0.03155   1.90166
    A6        1.87062   0.00104   0.00000   0.03162   0.03171   1.90233
    A7        1.50263   0.00070   0.00000   0.03083   0.03105   1.53368
    A8        1.54106   0.00060   0.00000   0.02962   0.02983   1.57089
    A9        1.56204   0.00054   0.00000   0.02821   0.02842   1.59046
   A10        0.57440   0.00056   0.00000   0.00350   0.00327   0.57767
   A11        0.57608   0.00062   0.00000   0.00327   0.00305   0.57912
   A12        0.57985   0.00073   0.00000   0.00296   0.00273   0.58258
    D1       -1.11119   0.00131   0.00000   0.04368   0.04280  -1.06838
    D2        1.08636  -0.00131   0.00000  -0.04112  -0.04017   1.04619
    D3        3.12949   0.00002   0.00000   0.00062   0.00061   3.13010
    D4        1.13476  -0.00129   0.00000  -0.04403  -0.04314   1.09162
    D5       -1.06288   0.00129   0.00000   0.03803   0.03696  -1.02593
    D6       -3.10649  -0.00004   0.00000  -0.00118  -0.00117  -3.10766
    D7       -1.12236   0.00128   0.00000   0.04198   0.04102  -1.08134
    D8        1.07528  -0.00128   0.00000  -0.03854  -0.03747   1.03781
    D9        3.11858   0.00003   0.00000   0.00056   0.00056   3.11914
   D10        0.55602   0.00016   0.00000  -0.00094  -0.00096   0.55505
   D11       -0.55055  -0.00023   0.00000  -0.00061  -0.00060  -0.55115
   D12       -0.55578   0.00006   0.00000   0.00167   0.00170  -0.55408
   D13        0.53938   0.00012   0.00000   0.00237   0.00236   0.54174
   D14        0.55056  -0.00011   0.00000  -0.00055  -0.00058   0.54998
   D15       -0.53962   0.00000   0.00000  -0.00195  -0.00193  -0.54155
         Item               Value     Threshold  Converged?
 Maximum Force            0.007000     0.000450     NO 
 RMS     Force            0.001627     0.000300     NO 
 Maximum Displacement     0.034774     0.001800     NO 
 RMS     Displacement     0.014092     0.001200     NO 
 Predicted change in Energy=-4.766178D-04
 GradGradGradGradGradGradGradGradGradGradGradGradGradGradGradGradGradGrad

                          Input orientation:                          
 ---------------------------------------------------------------------
 Center     Atomic      Atomic             Coordinates (Angstroms)
 Number     Number       Type             X           Y           Z
 ---------------------------------------------------------------------
      1          6           0        0.158820   -0.909325   -0.002098
      2          1           0        0.516652   -1.944577   -0.003636
      3          1           0        0.514718   -0.387301    0.893861
      4          1           0        0.512710   -0.388030   -0.899968
      5         17           0        3.476654   -0.796739   -0.043796
      6          9           0       -1.218427   -0.913797    0.000118
 ---------------------------------------------------------------------
                    Distance matrix (angstroms):
                    1          2          3          4          5
     1  C    0.000000
     2  H    1.095350   0.000000
     3  H    1.096318   1.797390   0.000000
     4  H    1.096885   1.796180   1.793830   0.000000
     5  Cl   3.320006   3.175020   3.133673   3.112080   0.000000
     6  F    1.377256   2.018172   2.019843   2.020747   4.696745
                    6
     6  F    0.000000
 Stoichiometry    CH3ClF(1-)
 Framework group  C1[X(CH3ClF)]
 Deg. of freedom    12
 Full point group                 C1      NOp   1
 Largest Abelian subgroup         C1      NOp   1
 Largest concise Abelian subgroup C1      NOp   1
                         Standard orientation:                         
 ---------------------------------------------------------------------
 Center     Atomic      Atomic             Coordinates (Angstroms)
 Number     Number       Type             X           Y           Z
 ---------------------------------------------------------------------
      1          6           0        1.289000    0.018666    0.005664
      2          1           0        0.959740    1.062218   -0.043118
      3          1           0        0.928106   -0.449190    0.929125
      4          1           0        0.911735   -0.535430   -0.862556
      5         17           0       -2.030928   -0.003089   -0.000937
      6          9           0        2.665800   -0.015231   -0.004612
 ---------------------------------------------------------------------
 Rotational constants (GHZ):    154.9929559      1.6658344      1.6657475
 Standard basis: VSTO-6G (5D, 7F)
 There are    21 symmetry adapted cartesian basis functions of A   symmetry.
 There are    20 symmetry adapted basis functions of A   symmetry.
    20 basis functions,   126 primitive gaussians,    21 cartesian basis functions
    11 alpha electrons       11 beta electrons
       nuclear repulsion energy        64.4228593248 Hartrees.
 Integral buffers will be    131072 words long.
 Regular integral format.
 Two-electron integral symmetry is turned off.
 Do NDO integrals.
 One-electron integrals computed using PRISM.
 NBasis=    20 RedAO= F EigKep=  0.00D+00  NBF=    20
 NBsUse=    20 1.00D-04 EigRej=  0.00D+00 NBFU=    20
 Initial guess from the checkpoint file:  "/scratch/1715567.1.multiway.q/Gau-186785.chk"
 B after Tr=     0.000000    0.000000    0.000000
         Rot=    0.998907   -0.046732    0.000009   -0.000023 Ang=  -5.36 deg.
 Overlap will be assumed to be unity.
 Keep J ints in memory in canonical form, NReq=1875445.
 Requested convergence on RMS density matrix=1.00D-08 within 128 cycles.
 Requested convergence on MAX density matrix=1.00D-06.
 Requested convergence on             energy=1.00D-06.
 No special actions if energy rises.
 SCF Done:  E(RPM6) = -0.193789192650     A.U. after   11 cycles
            NFock= 10  Conv=0.51D-08     -V/T= 0.9850
 Calling FoFJK, ICntrl=      2127 FMM=F ISym2X=0 I1Cent= 0 IOpClX= 0 NMat=1 NMatS=1 NMatT=0.
 ***** Axes restored to original set *****
 -------------------------------------------------------------------
 Center     Atomic                   Forces (Hartrees/Bohr)
 Number     Number              X              Y              Z
 -------------------------------------------------------------------
      1        6           0.002372302    0.000454640   -0.000182338
      2        1           0.000497315    0.000042505    0.000043911
      3        1           0.000423033   -0.000192244   -0.000097476
      4        1           0.000378082   -0.000198359    0.000195995
      5       17          -0.003908953   -0.000119573    0.000044066
      6        9           0.000238221    0.000013031   -0.000004158
 -------------------------------------------------------------------
 Cartesian Forces:  Max     0.003908953 RMS     0.001103480

 GradGradGradGradGradGradGradGradGradGradGradGradGradGradGradGradGradGrad
 Berny optimization.
 Using GEDIIS/GDIIS optimizer.
 FormGI is forming the generalized inverse of G from B-inverse, IUseBI=4.
 Internal  Forces:  Max     0.001278758 RMS     0.000366754
 Search for a local minimum.
 Step number   2 out of a maximum of   45 on scan point     3 out of    21
 All quantities printed in internal units (Hartrees-Bohrs-Radians)
 Mixed Optimization -- En-DIIS/RFO-DIIS
 Update second derivatives using D2CorX and points    1    2
 DE= -5.06D-04 DEPred=-4.77D-04 R= 1.06D+00
 TightC=F SS=  1.41D+00  RLast= 1.76D-01 DXNew= 8.4853D-01 5.2906D-01
 Trust test= 1.06D+00 RLast= 1.76D-01 DXMaxT set to 5.29D-01
 ITU=  1  0
 Use linear search instead of GDIIS.
     Eigenvalues ---    0.02137   0.03078   0.03255   0.06718   0.07255
     Eigenvalues ---    0.09297   0.09544   0.26319   0.31698   0.32480
     Eigenvalues ---    0.520871000.000001000.000001000.000001000.00000
     Eigenvalues --- 1000.000001000.000001000.000001000.000001000.00000
     Eigenvalues --- 1000.000001000.000001000.000001000.000001000.00000
     Eigenvalues --- 1000.000001000.000001000.000001000.000001000.00000
     Eigenvalues --- 1000.000001000.000001000.000001000.000001000.00000
 RFO step:  Lambda=-4.09902664D-06 EMin= 2.13693859D-02
 Quartic linear search produced a step of  0.10163.
 Iteration  1 RMS(Cart)=  0.00180019 RMS(Int)=  0.00006529
 Iteration  2 RMS(Cart)=  0.00000544 RMS(Int)=  0.00006499
 Iteration  3 RMS(Cart)=  0.00000000 RMS(Int)=  0.00006499
 Iteration  1 RMS(Cart)=  0.00000326 RMS(Int)=  0.00000824
 Iteration  2 RMS(Cart)=  0.00000203 RMS(Int)=  0.00000915
 Iteration  3 RMS(Cart)=  0.00000126 RMS(Int)=  0.00001048
 Iteration  4 RMS(Cart)=  0.00000079 RMS(Int)=  0.00001150
 Variable       Old X    -DE/DX   Delta X   Delta X   Delta X     New X
                                 (Linear)    (Quad)   (Total)
    R1        2.06991   0.00007   0.00050   0.00032   0.00083   2.07075
    R2        2.07174  -0.00009   0.00100  -0.00069   0.00033   2.07207
    R3        2.07281  -0.00020   0.00128  -0.00128   0.00001   2.07282
    R4        6.27390  -0.00128   0.00000   0.00000   0.00000   6.27390
    R5        2.60264  -0.00024   0.00030  -0.00251  -0.00221   2.60043
    R6        5.99992  -0.00093  -0.00678  -0.00274  -0.00957   5.99035
    R7        5.92178  -0.00090  -0.00663  -0.00208  -0.00876   5.91302
    R8        5.88098  -0.00089  -0.00641  -0.00156  -0.00803   5.87295
    A1        1.92318   0.00007  -0.00268  -0.00221  -0.00505   1.91813
    A2        1.92051   0.00013  -0.00295  -0.00125  -0.00435   1.91616
    A3        1.90034  -0.00013   0.00317   0.00118   0.00436   1.90471
    A4        1.91552   0.00022  -0.00344   0.00038  -0.00319   1.91233
    A5        1.90166  -0.00015   0.00321   0.00102   0.00424   1.90589
    A6        1.90233  -0.00016   0.00322   0.00094   0.00418   1.90650
    A7        1.53368  -0.00021   0.00316   0.00126   0.00444   1.53812
    A8        1.57089  -0.00020   0.00303   0.00112   0.00418   1.57506
    A9        1.59046  -0.00019   0.00289   0.00099   0.00390   1.59436
   A10        0.57767   0.00010   0.00033  -0.00027   0.00004   0.57771
   A11        0.57912   0.00010   0.00031  -0.00018   0.00010   0.57923
   A12        0.58258   0.00010   0.00028  -0.00002   0.00023   0.58281
    D1       -1.06838  -0.00022   0.00435   0.00076   0.00500  -1.06338
    D2        1.04619   0.00019  -0.00408  -0.00101  -0.00498   1.04121
    D3        3.13010   0.00000   0.00006   0.00012   0.00018   3.13028
    D4        1.09162   0.00021  -0.00438  -0.00092  -0.00520   1.08642
    D5       -1.02593  -0.00014   0.00376   0.00181   0.00545  -1.02048
    D6       -3.10766   0.00000  -0.00012  -0.00018  -0.00030  -3.10796
    D7       -1.08134  -0.00018   0.00417   0.00134   0.00539  -1.07595
    D8        1.03781   0.00013  -0.00381  -0.00198  -0.00566   1.03215
    D9        3.11914   0.00000   0.00006   0.00006   0.00012   3.11926
   D10        0.55505   0.00003  -0.00010   0.00051   0.00041   0.55546
   D11       -0.55115   0.00002  -0.00006   0.00013   0.00007  -0.55108
   D12       -0.55408  -0.00007   0.00017  -0.00084  -0.00066  -0.55474
   D13        0.54174  -0.00005   0.00024  -0.00094  -0.00070   0.54104
   D14        0.54998   0.00005  -0.00006   0.00038   0.00032   0.55030
   D15       -0.54155   0.00002  -0.00020   0.00075   0.00056  -0.54099
         Item               Value     Threshold  Converged?
 Maximum Force            0.000238     0.000450     YES
 RMS     Force            0.000105     0.000300     YES
 Maximum Displacement     0.004609     0.001800     NO 
 RMS     Displacement     0.001802     0.001200     NO 
 Predicted change in Energy=-6.726256D-06
 GradGradGradGradGradGradGradGradGradGradGradGradGradGradGradGradGradGrad

                          Input orientation:                          
 ---------------------------------------------------------------------
 Center     Atomic      Atomic             Coordinates (Angstroms)
 Number     Number       Type             X           Y           Z
 ---------------------------------------------------------------------
      1          6           0        0.156382   -0.909030   -0.002231
      2          1           0        0.519021   -1.943077   -0.003533
      3          1           0        0.516749   -0.388253    0.892879
      4          1           0        0.514439   -0.388815   -0.899079
      5         17           0        3.474233   -0.796901   -0.043683
      6          9           0       -1.219695   -0.913693    0.000128
 ---------------------------------------------------------------------
                    Distance matrix (angstroms):
                    1          2          3          4          5
     1  C    0.000000
     2  H    1.095792   0.000000
     3  H    1.096492   1.794724   0.000000
     4  H    1.096890   1.793810   1.791960   0.000000
     5  Cl   3.320005   3.169955   3.129035   3.107832   0.000000
     6  F    1.376086   2.020588   2.021962   2.022695   4.695586
                    6
     6  F    0.000000
 Stoichiometry    CH3ClF(1-)
 Framework group  C1[X(CH3ClF)]
 Deg. of freedom    12
 Full point group                 C1      NOp   1
 Largest Abelian subgroup         C1      NOp   1
 Largest concise Abelian subgroup C1      NOp   1
                         Standard orientation:                         
 ---------------------------------------------------------------------
 Center     Atomic      Atomic             Coordinates (Angstroms)
 Number     Number       Type             X           Y           Z
 ---------------------------------------------------------------------
      1          6           0        1.289682    0.018616    0.004864
      2          1           0        0.955516    1.058621   -0.081642
      3          1           0        0.924353   -0.413921    0.943876
      4          1           0        0.908354   -0.565577   -0.841583
      5         17           0       -2.030247   -0.003124   -0.000817
      6          9           0        2.665321   -0.015301   -0.003995
 ---------------------------------------------------------------------
 Rotational constants (GHZ):    155.3948020      1.6666488      1.6665695
 Standard basis: VSTO-6G (5D, 7F)
 There are    21 symmetry adapted cartesian basis functions of A   symmetry.
 There are    20 symmetry adapted basis functions of A   symmetry.
    20 basis functions,   126 primitive gaussians,    21 cartesian basis functions
    11 alpha electrons       11 beta electrons
       nuclear repulsion energy        64.4294851846 Hartrees.
 Integral buffers will be    131072 words long.
 Regular integral format.
 Two-electron integral symmetry is turned off.
 Do NDO integrals.
 One-electron integrals computed using PRISM.
 NBasis=    20 RedAO= F EigKep=  0.00D+00  NBF=    20
 NBsUse=    20 1.00D-04 EigRej=  0.00D+00 NBFU=    20
 Initial guess from the checkpoint file:  "/scratch/1715567.1.multiway.q/Gau-186785.chk"
 B after Tr=     0.000000    0.000000    0.000000
         Rot=    0.999833    0.018272    0.000002   -0.000006 Ang=   2.09 deg.
 Overlap will be assumed to be unity.
 Keep J ints in memory in canonical form, NReq=1875445.
 Requested convergence on RMS density matrix=1.00D-08 within 128 cycles.
 Requested convergence on MAX density matrix=1.00D-06.
 Requested convergence on             energy=1.00D-06.
 No special actions if energy rises.
 SCF Done:  E(RPM6) = -0.193796007757     A.U. after   10 cycles
            NFock=  9  Conv=0.65D-08     -V/T= 0.9850
 Calling FoFJK, ICntrl=      2127 FMM=F ISym2X=0 I1Cent= 0 IOpClX= 0 NMat=1 NMatS=1 NMatT=0.
 ***** Axes restored to original set *****
 -------------------------------------------------------------------
 Center     Atomic                   Forces (Hartrees/Bohr)
 Number     Number              X              Y              Z
 -------------------------------------------------------------------
      1        6           0.003900676    0.000261832   -0.000103235
      2        1           0.000017508   -0.000007280    0.000020400
      3        1           0.000003406   -0.000067938   -0.000009568
      4        1          -0.000006605   -0.000066566    0.000048046
      5       17          -0.003921645   -0.000122237    0.000045040
      6        9           0.000006660    0.000002189   -0.000000683
 -------------------------------------------------------------------
 Cartesian Forces:  Max     0.003921645 RMS     0.001306035

 GradGradGradGradGradGradGradGradGradGradGradGradGradGradGradGradGradGrad
 Berny optimization.
 Using GEDIIS/GDIIS optimizer.
 FormGI is forming the generalized inverse of G from B-inverse, IUseBI=4.
 Internal  Forces:  Max     0.001477887 RMS     0.000406861
 Search for a local minimum.
 Step number   3 out of a maximum of   45 on scan point     3 out of    21
 All quantities printed in internal units (Hartrees-Bohrs-Radians)
 Mixed Optimization -- En-DIIS/RFO-DIIS
 Swapping is turned off.
 Update second derivatives using D2CorX and points    1    2    3
 DE= -6.82D-06 DEPred=-6.73D-06 R= 1.01D+00
 TightC=F SS=  1.41D+00  RLast= 2.39D-02 DXNew= 8.8977D-01 7.1580D-02
 Trust test= 1.01D+00 RLast= 2.39D-02 DXMaxT set to 5.29D-01
 ITU=  1  1  0
     Eigenvalues ---    0.02169   0.03041   0.03248   0.06619   0.07221
     Eigenvalues ---    0.09270   0.09536   0.26382   0.31594   0.32469
     Eigenvalues ---    0.520631000.000001000.000001000.000001000.00000
     Eigenvalues --- 1000.000001000.000001000.000001000.000001000.00000
     Eigenvalues --- 1000.000001000.000001000.000001000.000001000.00000
     Eigenvalues --- 1000.000001000.000001000.000001000.000001000.00000
     Eigenvalues --- 1000.000001000.000001000.000001000.000001000.00000
 En-DIIS/RFO-DIIS IScMMF=        0 using points:     3    2
 RFO step:  Lambda=-2.09899491D-07.
 DidBck=F Rises=F RFO-DIIS coefs:    1.04266   -0.04266
 Iteration  1 RMS(Cart)=  0.00016236 RMS(Int)=  0.00000046
 Iteration  2 RMS(Cart)=  0.00000003 RMS(Int)=  0.00000046
 Iteration  1 RMS(Cart)=  0.00000045 RMS(Int)=  0.00000113
 Variable       Old X    -DE/DX   Delta X   Delta X   Delta X     New X
                                 (Linear)    (Quad)   (Total)
    R1        2.07075  -0.00005   0.00004   0.00001   0.00005   2.07080
    R2        2.07207  -0.00013   0.00001  -0.00011  -0.00010   2.07198
    R3        2.07282  -0.00017   0.00000  -0.00019  -0.00019   2.07263
    R4        6.27390  -0.00148   0.00000   0.00000   0.00000   6.27390
    R5        2.60043  -0.00001  -0.00009  -0.00001  -0.00011   2.60032
    R6        5.99035  -0.00084  -0.00041   0.00029  -0.00012   5.99023
    R7        5.91302  -0.00083  -0.00037   0.00002  -0.00035   5.91267
    R8        5.87295  -0.00083  -0.00034  -0.00012  -0.00046   5.87249
    A1        1.91813   0.00023  -0.00022  -0.00030  -0.00052   1.91761
    A2        1.91616   0.00026  -0.00019  -0.00003  -0.00022   1.91594
    A3        1.90471  -0.00027   0.00019  -0.00001   0.00017   1.90488
    A4        1.91233   0.00031  -0.00014   0.00042   0.00028   1.91261
    A5        1.90589  -0.00027   0.00018  -0.00003   0.00015   1.90605
    A6        1.90650  -0.00027   0.00018  -0.00004   0.00014   1.90664
    A7        1.53812  -0.00034   0.00019  -0.00014   0.00005   1.53817
    A8        1.57506  -0.00033   0.00018   0.00001   0.00018   1.57525
    A9        1.59436  -0.00033   0.00017   0.00009   0.00026   1.59462
   A10        0.57771   0.00011   0.00000  -0.00009  -0.00009   0.57762
   A11        0.57923   0.00011   0.00000  -0.00004  -0.00004   0.57919
   A12        0.58281   0.00011   0.00001   0.00005   0.00006   0.58287
    D1       -1.06338  -0.00036   0.00021  -0.00027  -0.00006  -1.06343
    D2        1.04121   0.00034  -0.00021   0.00003  -0.00018   1.04103
    D3        3.13028   0.00000   0.00001  -0.00004  -0.00003   3.13025
    D4        1.08642   0.00035  -0.00022   0.00036   0.00014   1.08656
    D5       -1.02048  -0.00031   0.00023   0.00033   0.00056  -1.01992
    D6       -3.10796   0.00000  -0.00001   0.00014   0.00013  -3.10784
    D7       -1.07595  -0.00034   0.00023  -0.00016   0.00007  -1.07588
    D8        1.03215   0.00031  -0.00024  -0.00029  -0.00053   1.03161
    D9        3.11926   0.00000   0.00001  -0.00010  -0.00009   3.11917
   D10        0.55546   0.00002   0.00002   0.00021   0.00023   0.55570
   D11       -0.55108   0.00000   0.00000  -0.00002  -0.00001  -0.55109
   D12       -0.55474  -0.00003  -0.00003  -0.00025  -0.00028  -0.55502
   D13        0.54104  -0.00001  -0.00003  -0.00030  -0.00033   0.54072
   D14        0.55030   0.00002   0.00001   0.00007   0.00009   0.55039
   D15       -0.54099   0.00001   0.00002   0.00027   0.00030  -0.54069
         Item               Value     Threshold  Converged?
 Maximum Force            0.000063     0.000450     YES
 RMS     Force            0.000017     0.000300     YES
 Maximum Displacement     0.000556     0.001800     YES
 RMS     Displacement     0.000162     0.001200     YES
 Predicted change in Energy=-6.254488D-08
 Optimization completed.
    -- Stationary point found.
                           ----------------------------
                           !   Optimized Parameters   !
                           ! (Angstroms and Degrees)  !
 --------------------------                            --------------------------
 ! Name  Definition              Value          Derivative Info.                !
 --------------------------------------------------------------------------------
 ! R1    R(1,2)                  1.0958         -DE/DX =   -0.0001              !
 ! R2    R(1,3)                  1.0965         -DE/DX =   -0.0001              !
 ! R3    R(1,4)                  1.0969         -DE/DX =   -0.0002              !
 ! R4    R(1,5)                  3.32           -DE/DX =   -0.0015              !
 ! R5    R(1,6)                  1.3761         -DE/DX =    0.0                 !
 ! R6    R(2,5)                  3.17           -DE/DX =   -0.0008              !
 ! R7    R(3,5)                  3.129          -DE/DX =   -0.0008              !
 ! R8    R(4,5)                  3.1078         -DE/DX =   -0.0008              !
 ! A1    A(2,1,3)              109.9007         -DE/DX =    0.0002              !
 ! A2    A(2,1,4)              109.788          -DE/DX =    0.0003              !
 ! A3    A(2,1,6)              109.1316         -DE/DX =   -0.0003              !
 ! A4    A(3,1,4)              109.5682         -DE/DX =    0.0003              !
 ! A5    A(3,1,6)              109.1997         -DE/DX =   -0.0003              !
 ! A6    A(4,1,6)              109.2346         -DE/DX =   -0.0003              !
 ! A7    A(1,2,5)               88.128          -DE/DX =   -0.0003              !
 ! A8    A(1,3,5)               90.2445         -DE/DX =   -0.0003              !
 ! A9    A(1,4,5)               91.3502         -DE/DX =   -0.0003              !
 ! A10   A(2,5,3)               33.1003         -DE/DX =    0.0001              !
 ! A11   A(2,5,4)               33.1873         -DE/DX =    0.0001              !
 ! A12   A(3,5,4)               33.3926         -DE/DX =    0.0001              !
 ! D1    D(3,1,2,5)            -60.9271         -DE/DX =   -0.0004              !
 ! D2    D(4,1,2,5)             59.6567         -DE/DX =    0.0003              !
 ! D3    D(6,1,2,5)            179.352          -DE/DX =    0.0                 !
 ! D4    D(2,1,3,5)             62.2475         -DE/DX =    0.0004              !
 ! D5    D(4,1,3,5)            -58.469          -DE/DX =   -0.0003              !
 ! D6    D(6,1,3,5)           -178.0731         -DE/DX =    0.0                 !
 ! D7    D(2,1,4,5)            -61.6472         -DE/DX =   -0.0003              !
 ! D8    D(3,1,4,5)             59.1377         -DE/DX =    0.0003              !
 ! D9    D(6,1,4,5)            178.7204         -DE/DX =    0.0                 !
 ! D10   D(1,2,5,3)             31.8258         -DE/DX =    0.0                 !
 ! D11   D(1,2,5,4)            -31.5744         -DE/DX =    0.0                 !
 ! D12   D(1,3,5,2)            -31.7844         -DE/DX =    0.0                 !
 ! D13   D(1,3,5,4)             30.9995         -DE/DX =    0.0                 !
 ! D14   D(1,4,5,2)             31.5301         -DE/DX =    0.0                 !
 ! D15   D(1,4,5,3)            -30.9963         -DE/DX =    0.0                 !
 --------------------------------------------------------------------------------
 Iteration  1 RMS(Cart)=  0.00997036 RMS(Int)=  0.02521601
 Iteration  2 RMS(Cart)=  0.00011700 RMS(Int)=  0.02521547
 Iteration  3 RMS(Cart)=  0.00000143 RMS(Int)=  0.02521547
 Iteration  4 RMS(Cart)=  0.00000003 RMS(Int)=  0.02521547
 Iteration  1 RMS(Cart)=  0.00619429 RMS(Int)=  0.01573499
 Iteration  2 RMS(Cart)=  0.00385742 RMS(Int)=  0.01748815
 Iteration  3 RMS(Cart)=  0.00240732 RMS(Int)=  0.02002641
 Iteration  4 RMS(Cart)=  0.00150426 RMS(Int)=  0.02198986
 Iteration  5 RMS(Cart)=  0.00094069 RMS(Int)=  0.02332676
 Iteration  6 RMS(Cart)=  0.00058853 RMS(Int)=  0.02419839
 Iteration  7 RMS(Cart)=  0.00036832 RMS(Int)=  0.02475612
 Iteration  8 RMS(Cart)=  0.00023054 RMS(Int)=  0.02510968
 Iteration  9 RMS(Cart)=  0.00014432 RMS(Int)=  0.02533268
 Iteration 10 RMS(Cart)=  0.00009035 RMS(Int)=  0.02547292
 Iteration 11 RMS(Cart)=  0.00005657 RMS(Int)=  0.02556097
 Iteration 12 RMS(Cart)=  0.00003542 RMS(Int)=  0.02561618
 Iteration 13 RMS(Cart)=  0.00002217 RMS(Int)=  0.02565079
 Iteration 14 RMS(Cart)=  0.00001388 RMS(Int)=  0.02567248
 Iteration 15 RMS(Cart)=  0.00000869 RMS(Int)=  0.02568606
 Iteration 16 RMS(Cart)=  0.00000544 RMS(Int)=  0.02569457
 Iteration 17 RMS(Cart)=  0.00000341 RMS(Int)=  0.02569989
 Iteration 18 RMS(Cart)=  0.00000213 RMS(Int)=  0.02570323
 Iteration 19 RMS(Cart)=  0.00000134 RMS(Int)=  0.02570532
 Iteration 20 RMS(Cart)=  0.00000084 RMS(Int)=  0.02570663
 GradGradGradGradGradGradGradGradGradGradGradGradGradGradGradGradGradGrad

                          Input orientation:                          
 ---------------------------------------------------------------------
 Center     Atomic      Atomic             Coordinates (Angstroms)
 Number     Number       Type             X           Y           Z
 ---------------------------------------------------------------------
      1          6           0        0.191672   -0.907619   -0.002757
      2          1           0        0.517495   -1.950671   -0.003326
      3          1           0        0.514675   -0.385254    0.899253
      4          1           0        0.512063   -0.385789   -0.905086
      5         17           0        3.409573   -0.798466   -0.043097
      6          9           0       -1.184350   -0.911970   -0.000507
 ---------------------------------------------------------------------
                    Distance matrix (angstroms):
                    1          2          3          4          5
     1  C    0.000000
     2  H    1.092757   0.000000
     3  H    1.091247   1.806983   0.000000
     4  H    1.090484   1.806116   1.804342   0.000000
     5  Cl   3.220005   3.113402   3.072329   3.051048   0.000000
     6  F    1.376031   1.993787   1.993411   1.993225   4.595523
                    6
     6  F    0.000000
 Stoichiometry    CH3ClF(1-)
 Framework group  C1[X(CH3ClF)]
 Deg. of freedom    12
 Full point group                 C1      NOp   1
 Largest Abelian subgroup         C1      NOp   1
 Largest concise Abelian subgroup C1      NOp   1
                         Standard orientation:                         
 ---------------------------------------------------------------------
 Center     Atomic      Atomic             Coordinates (Angstroms)
 Number     Number       Type             X           Y           Z
 ---------------------------------------------------------------------
      1          6           0        1.237925    0.018697    0.004644
      2          1           0        0.940697    1.065548   -0.094733
      3          1           0        0.909991   -0.404576    0.955496
      4          1           0        0.894240   -0.578825   -0.840343
      5         17           0       -1.982001   -0.003231   -0.000804
      6          9           0        2.613505   -0.015489   -0.003847
 ---------------------------------------------------------------------
 Rotational constants (GHZ):    153.2751064      1.7448572      1.7447695
 Standard basis: VSTO-6G (5D, 7F)
 There are    21 symmetry adapted cartesian basis functions of A   symmetry.
 There are    20 symmetry adapted basis functions of A   symmetry.
    20 basis functions,   126 primitive gaussians,    21 cartesian basis functions
    11 alpha electrons       11 beta electrons
       nuclear repulsion energy        64.7755284476 Hartrees.
 Integral buffers will be    131072 words long.
 Regular integral format.
 Two-electron integral symmetry is turned off.
 Do NDO integrals.
 One-electron integrals computed using PRISM.
 NBasis=    20 RedAO= F EigKep=  0.00D+00  NBF=    20
 NBsUse=    20 1.00D-04 EigRej=  0.00D+00 NBFU=    20
 Initial guess from the checkpoint file:  "/scratch/1715567.1.multiway.q/Gau-186785.chk"
 B after Tr=     0.000000    0.000000    0.000000
         Rot=    0.999982    0.005984    0.000005   -0.000021 Ang=   0.69 deg.
 Overlap will be assumed to be unity.
 Keep J ints in memory in canonical form, NReq=1875445.
 Requested convergence on RMS density matrix=1.00D-08 within 128 cycles.
 Requested convergence on MAX density matrix=1.00D-06.
 Requested convergence on             energy=1.00D-06.
 No special actions if energy rises.
 SCF Done:  E(RPM6) = -0.194073030650     A.U. after   11 cycles
            NFock= 10  Conv=0.81D-08     -V/T= 0.9850
 Calling FoFJK, ICntrl=      2127 FMM=F ISym2X=0 I1Cent= 0 IOpClX= 0 NMat=1 NMatS=1 NMatT=0.
 ***** Axes restored to original set *****
 -------------------------------------------------------------------
 Center     Atomic                   Forces (Hartrees/Bohr)
 Number     Number              X              Y              Z
 -------------------------------------------------------------------
      1        6          -0.002888854   -0.000996810    0.000354589
      2        1           0.004409962   -0.000156438   -0.000028002
      3        1           0.004749211    0.000587194    0.000855304
      4        1           0.004919148    0.000793321   -0.001268938
      5       17          -0.004114451   -0.000147141    0.000054830
      6        9          -0.007075016   -0.000080126    0.000032217
 -------------------------------------------------------------------
 Cartesian Forces:  Max     0.007075016 RMS     0.002848230

 GradGradGradGradGradGradGradGradGradGradGradGradGradGradGradGradGradGrad
 Berny optimization.
 FormGI is forming the generalized inverse of G from B-inverse, IUseBI=4.
 Internal  Forces:  Max     0.007075277 RMS     0.001595086
 Search for a local minimum.
 Step number   1 out of a maximum of   45 on scan point     4 out of    21
 All quantities printed in internal units (Hartrees-Bohrs-Radians)
 Mixed Optimization -- RFO/linear search
 Second derivative matrix not updated -- first step.
 ITU=  0
     Eigenvalues ---    0.02192   0.03058   0.03271   0.06909   0.07521
     Eigenvalues ---    0.09326   0.09627   0.26363   0.31620   0.32515
     Eigenvalues ---    0.521151000.000001000.000001000.000001000.00000
     Eigenvalues --- 1000.000001000.000001000.000001000.000001000.00000
     Eigenvalues --- 1000.000001000.000001000.000001000.000001000.00000
     Eigenvalues --- 1000.000001000.000001000.000001000.000001000.00000
     Eigenvalues --- 1000.000001000.000001000.000001000.000001000.00000
 RFO step:  Lambda=-9.22204131D-04 EMin= 2.19155751D-02
 Linear search not attempted -- first point.
 Iteration  1 RMS(Cart)=  0.01442617 RMS(Int)=  0.00071673
 Iteration  2 RMS(Cart)=  0.00033333 RMS(Int)=  0.00059318
 Iteration  3 RMS(Cart)=  0.00000015 RMS(Int)=  0.00059318
 Iteration  1 RMS(Cart)=  0.00002493 RMS(Int)=  0.00006285
 Iteration  2 RMS(Cart)=  0.00001550 RMS(Int)=  0.00006984
 Iteration  3 RMS(Cart)=  0.00000964 RMS(Int)=  0.00007995
 Iteration  4 RMS(Cart)=  0.00000600 RMS(Int)=  0.00008773
 Iteration  5 RMS(Cart)=  0.00000373 RMS(Int)=  0.00009300
 Iteration  6 RMS(Cart)=  0.00000232 RMS(Int)=  0.00009641
 Iteration  7 RMS(Cart)=  0.00000144 RMS(Int)=  0.00009858
 Iteration  8 RMS(Cart)=  0.00000090 RMS(Int)=  0.00009995
 Variable       Old X    -DE/DX   Delta X   Delta X   Delta X     New X
                                 (Linear)    (Quad)   (Total)
    R1        2.06501   0.00159   0.00000   0.00494   0.00508   2.07009
    R2        2.06216   0.00234   0.00000   0.00848   0.00861   2.07077
    R3        2.06072   0.00272   0.00000   0.01024   0.01035   2.07106
    R4        6.08493   0.00033   0.00000   0.00000   0.00000   6.08493
    R5        2.60032   0.00708   0.00000   0.00144   0.00144   2.60176
    R6        5.88348  -0.00149   0.00000  -0.06749  -0.06795   5.81552
    R7        5.80586  -0.00155   0.00000  -0.06769  -0.06816   5.73770
    R8        5.76565  -0.00159   0.00000  -0.06629  -0.06677   5.69888
    A1        1.94882  -0.00084   0.00000  -0.03002  -0.03134   1.91748
    A2        1.94844  -0.00085   0.00000  -0.02980  -0.03111   1.91733
    A3        1.87041   0.00088   0.00000   0.03279   0.03288   1.90329
    A4        1.94758  -0.00089   0.00000  -0.02984  -0.03114   1.91644
    A5        1.87146   0.00095   0.00000   0.03276   0.03286   1.90432
    A6        1.87200   0.00099   0.00000   0.03271   0.03280   1.90480
    A7        1.49445   0.00066   0.00000   0.03124   0.03150   1.52596
    A8        1.53177   0.00055   0.00000   0.03109   0.03133   1.56310
    A9        1.55132   0.00049   0.00000   0.03027   0.03049   1.58180
   A10        0.59274   0.00057   0.00000   0.00282   0.00257   0.59531
   A11        0.59437   0.00062   0.00000   0.00309   0.00284   0.59721
   A12        0.59817   0.00074   0.00000   0.00369   0.00344   0.60161
    D1       -1.10839   0.00124   0.00000   0.04321   0.04215  -1.06624
    D2        1.08535  -0.00124   0.00000  -0.04263  -0.04158   1.04377
    D3        3.13029   0.00002   0.00000   0.00032   0.00032   3.13061
    D4        1.13137  -0.00123   0.00000  -0.04292  -0.04186   1.08950
    D5       -1.06285   0.00124   0.00000   0.04285   0.04180  -1.02104
    D6       -3.10795  -0.00004   0.00000  -0.00002  -0.00002  -3.10797
    D7       -1.11996   0.00122   0.00000   0.04268   0.04164  -1.07832
    D8        1.07446  -0.00123   0.00000  -0.04319  -0.04215   1.03231
    D9        3.11924   0.00003   0.00000  -0.00030  -0.00030   3.11895
   D10        0.55725   0.00017   0.00000   0.00123   0.00120   0.55845
   D11       -0.55240  -0.00022   0.00000  -0.00075  -0.00074  -0.55314
   D12       -0.55677   0.00004   0.00000  -0.00088  -0.00087  -0.55764
   D13        0.54177   0.00011   0.00000  -0.00060  -0.00062   0.54115
   D14        0.55201  -0.00010   0.00000   0.00028   0.00026   0.55227
   D15       -0.54185   0.00000   0.00000   0.00074   0.00077  -0.54108
         Item               Value     Threshold  Converged?
 Maximum Force            0.007075     0.000450     NO 
 RMS     Force            0.001616     0.000300     NO 
 Maximum Displacement     0.034698     0.001800     NO 
 RMS     Displacement     0.014534     0.001200     NO 
 Predicted change in Energy=-4.787597D-04
 GradGradGradGradGradGradGradGradGradGradGradGradGradGradGradGradGradGrad

                          Input orientation:                          
 ---------------------------------------------------------------------
 Center     Atomic      Atomic             Coordinates (Angstroms)
 Number     Number       Type             X           Y           Z
 ---------------------------------------------------------------------
      1          6           0        0.174069   -0.907959   -0.002720
      2          1           0        0.534972   -1.942246   -0.003334
      3          1           0        0.532820   -0.388961    0.893227
      4          1           0        0.529988   -0.388990   -0.900006
      5         17           0        3.391991   -0.799201   -0.042567
      6          9           0       -1.202711   -0.912412   -0.000119
 ---------------------------------------------------------------------
                    Distance matrix (angstroms):
                    1          2          3          4          5
     1  C    0.000000
     2  H    1.095445   0.000000
     3  H    1.095802   1.793466   0.000000
     4  H    1.095960   1.793502   1.793235   0.000000
     5  Cl   3.220006   3.077442   3.036258   3.015716   0.000000
     6  F    1.376790   2.019928   2.020925   2.021389   4.596293
                    6
     6  F    0.000000
 Stoichiometry    CH3ClF(1-)
 Framework group  C1[X(CH3ClF)]
 Deg. of freedom    12
 Full point group                 C1      NOp   1
 Largest Abelian subgroup         C1      NOp   1
 Largest concise Abelian subgroup C1      NOp   1
                         Standard orientation:                         
 ---------------------------------------------------------------------
 Center     Atomic      Atomic             Coordinates (Angstroms)
 Number     Number       Type             X           Y           Z
 ---------------------------------------------------------------------
      1          6           0        1.240768    0.019088    0.000439
      2          1           0        0.908130    1.014734   -0.312677
      3          1           0        0.877119   -0.193951    1.011950
      4          1           0        0.861815   -0.736453   -0.697187
      5         17           0       -1.979160   -0.003348   -0.000080
      6          9           0        2.617116   -0.015771   -0.000372
 ---------------------------------------------------------------------
 Rotational constants (GHZ):    155.4064555      1.7457147      1.7456481
 Standard basis: VSTO-6G (5D, 7F)
 There are    21 symmetry adapted cartesian basis functions of A   symmetry.
 There are    20 symmetry adapted basis functions of A   symmetry.
    20 basis functions,   126 primitive gaussians,    21 cartesian basis functions
    11 alpha electrons       11 beta electrons
       nuclear repulsion energy        64.7429393572 Hartrees.
 Integral buffers will be    131072 words long.
 Regular integral format.
 Two-electron integral symmetry is turned off.
 Do NDO integrals.
 One-electron integrals computed using PRISM.
 NBasis=    20 RedAO= F EigKep=  0.00D+00  NBF=    20
 NBsUse=    20 1.00D-04 EigRej=  0.00D+00 NBFU=    20
 Initial guess from the checkpoint file:  "/scratch/1715567.1.multiway.q/Gau-186785.chk"
 B after Tr=     0.000000    0.000000    0.000000
         Rot=    0.994474    0.104985    0.000006   -0.000022 Ang=  12.05 deg.
 Overlap will be assumed to be unity.
 Keep J ints in memory in canonical form, NReq=1875445.
 Requested convergence on RMS density matrix=1.00D-08 within 128 cycles.
 Requested convergence on MAX density matrix=1.00D-06.
 Requested convergence on             energy=1.00D-06.
 No special actions if energy rises.
 SCF Done:  E(RPM6) = -0.194563213597     A.U. after   11 cycles
            NFock= 10  Conv=0.53D-08     -V/T= 0.9849
 Calling FoFJK, ICntrl=      2127 FMM=F ISym2X=0 I1Cent= 0 IOpClX= 0 NMat=1 NMatS=1 NMatT=0.
 ***** Axes restored to original set *****
 -------------------------------------------------------------------
 Center     Atomic                   Forces (Hartrees/Bohr)
 Number     Number              X              Y              Z
 -------------------------------------------------------------------
      1        6           0.003533941   -0.000084842    0.000041241
      2        1           0.000270294   -0.000112674   -0.000048793
      3        1           0.000325923    0.000194434    0.000072308
      4        1           0.000359217    0.000169654   -0.000127249
      5       17          -0.004163061   -0.000151066    0.000056055
      6        9          -0.000326313   -0.000015506    0.000006438
 -------------------------------------------------------------------
 Cartesian Forces:  Max     0.004163061 RMS     0.001298992

 GradGradGradGradGradGradGradGradGradGradGradGradGradGradGradGradGradGrad
 Berny optimization.
 Using GEDIIS/GDIIS optimizer.
 FormGI is forming the generalized inverse of G from B-inverse, IUseBI=4.
 Internal  Forces:  Max     0.001448340 RMS     0.000412057
 Search for a local minimum.
 Step number   2 out of a maximum of   45 on scan point     4 out of    21
 All quantities printed in internal units (Hartrees-Bohrs-Radians)
 Mixed Optimization -- En-DIIS/RFO-DIIS
 Update second derivatives using D2CorX and points    1    2
 DE= -4.90D-04 DEPred=-4.79D-04 R= 1.02D+00
 TightC=F SS=  1.41D+00  RLast= 1.83D-01 DXNew= 8.8977D-01 5.4939D-01
 Trust test= 1.02D+00 RLast= 1.83D-01 DXMaxT set to 5.49D-01
 ITU=  1  0
 Use linear search instead of GDIIS.
     Eigenvalues ---    0.02157   0.03030   0.03244   0.06620   0.07240
     Eigenvalues ---    0.09261   0.09539   0.26290   0.31359   0.32453
     Eigenvalues ---    0.518061000.000001000.000001000.000001000.00000
     Eigenvalues --- 1000.000001000.000001000.000001000.000001000.00000
     Eigenvalues --- 1000.000001000.000001000.000001000.000001000.00000
     Eigenvalues --- 1000.000001000.000001000.000001000.000001000.00000
     Eigenvalues --- 1000.000001000.000001000.000001000.000001000.00000
 RFO step:  Lambda=-4.61990421D-07 EMin= 2.15691025D-02
 Quartic linear search produced a step of  0.06439.
 Iteration  1 RMS(Cart)=  0.00097018 RMS(Int)=  0.00004039
 Iteration  2 RMS(Cart)=  0.00000150 RMS(Int)=  0.00004035
 Iteration  3 RMS(Cart)=  0.00000000 RMS(Int)=  0.00004035
 Iteration  1 RMS(Cart)=  0.00000224 RMS(Int)=  0.00000565
 Iteration  2 RMS(Cart)=  0.00000140 RMS(Int)=  0.00000628
 Iteration  3 RMS(Cart)=  0.00000087 RMS(Int)=  0.00000719
 Variable       Old X    -DE/DX   Delta X   Delta X   Delta X     New X
                                 (Linear)    (Quad)   (Total)
    R1        2.07009   0.00013   0.00033   0.00037   0.00070   2.07079
    R2        2.07077   0.00015   0.00055   0.00036   0.00092   2.07168
    R3        2.07106   0.00017   0.00067   0.00038   0.00105   2.07212
    R4        6.08493  -0.00145   0.00000   0.00000   0.00000   6.08493
    R5        2.60176   0.00033   0.00009  -0.00016  -0.00006   2.60169
    R6        5.81552  -0.00090  -0.00438  -0.00021  -0.00462   5.81091
    R7        5.73770  -0.00093  -0.00439   0.00009  -0.00433   5.73336
    R8        5.69888  -0.00094  -0.00430   0.00029  -0.00404   5.69484
    A1        1.91748   0.00026  -0.00202   0.00086  -0.00125   1.91623
    A2        1.91733   0.00022  -0.00200   0.00019  -0.00190   1.91543
    A3        1.90329  -0.00023   0.00212  -0.00016   0.00196   1.90525
    A4        1.91644   0.00016  -0.00201  -0.00094  -0.00303   1.91342
    A5        1.90432  -0.00021   0.00212  -0.00002   0.00210   1.90642
    A6        1.90480  -0.00020   0.00211   0.00007   0.00219   1.90699
    A7        1.52596  -0.00033   0.00203   0.00004   0.00209   1.52805
    A8        1.56310  -0.00032   0.00202  -0.00010   0.00193   1.56503
    A9        1.58180  -0.00032   0.00196  -0.00021   0.00177   1.58357
   A10        0.59531   0.00019   0.00017   0.00030   0.00045   0.59576
   A11        0.59721   0.00019   0.00018   0.00015   0.00032   0.59753
   A12        0.60161   0.00018   0.00022  -0.00011   0.00009   0.60170
    D1       -1.06624  -0.00024   0.00271   0.00049   0.00313  -1.06311
    D2        1.04377   0.00025  -0.00268   0.00000  -0.00261   1.04116
    D3        3.13061   0.00000   0.00002   0.00010   0.00012   3.13073
    D4        1.08950   0.00024  -0.00270  -0.00061  -0.00324   1.08627
    D5       -1.02104  -0.00029   0.00269  -0.00080   0.00182  -1.01922
    D6       -3.10797  -0.00001   0.00000  -0.00031  -0.00031  -3.10828
    D7       -1.07832  -0.00026   0.00268   0.00017   0.00278  -1.07555
    D8        1.03231   0.00029  -0.00271   0.00075  -0.00189   1.03043
    D9        3.11895   0.00001  -0.00002   0.00021   0.00019   3.11914
   D10        0.55845  -0.00001   0.00008  -0.00054  -0.00047   0.55799
   D11       -0.55314  -0.00002  -0.00005   0.00010   0.00005  -0.55309
   D12       -0.55764   0.00002  -0.00006   0.00053   0.00048  -0.55716
   D13        0.54115   0.00006  -0.00004   0.00068   0.00063   0.54178
   D14        0.55227   0.00000   0.00002  -0.00010  -0.00009   0.55218
   D15       -0.54108  -0.00005   0.00005  -0.00067  -0.00062  -0.54169
         Item               Value     Threshold  Converged?
 Maximum Force            0.000326     0.000450     YES
 RMS     Force            0.000108     0.000300     YES
 Maximum Displacement     0.002288     0.001800     NO 
 RMS     Displacement     0.000970     0.001200     YES
 Predicted change in Energy=-2.196118D-06
 GradGradGradGradGradGradGradGradGradGradGradGradGradGradGradGradGradGrad

                          Input orientation:                          
 ---------------------------------------------------------------------
 Center     Atomic      Atomic             Coordinates (Angstroms)
 Number     Number       Type             X           Y           Z
 ---------------------------------------------------------------------
      1          6           0        0.172907   -0.908092   -0.002672
      2          1           0        0.536182   -1.941942   -0.003577
      3          1           0        0.533966   -0.388553    0.892629
      4          1           0        0.531075   -0.388785   -0.899547
      5         17           0        3.390837   -0.799554   -0.042416
      6          9           0       -1.203839   -0.912842    0.000064
 ---------------------------------------------------------------------
                    Distance matrix (angstroms):
                    1          2          3          4          5
     1  C    0.000000
     2  H    1.095817   0.000000
     3  H    1.096288   1.793379   0.000000
     4  H    1.096517   1.793066   1.792179   0.000000
     5  Cl   3.220005   3.074999   3.033966   3.013577   0.000000
     6  F    1.376757   2.021567   2.022749   2.023329   4.596269
                    6
     6  F    0.000000
 Stoichiometry    CH3ClF(1-)
 Framework group  C1[X(CH3ClF)]
 Deg. of freedom    12
 Full point group                 C1      NOp   1
 Largest Abelian subgroup         C1      NOp   1
 Largest concise Abelian subgroup C1      NOp   1
                         Standard orientation:                         
 ---------------------------------------------------------------------
 Center     Atomic      Atomic             Coordinates (Angstroms)
 Number     Number       Type             X           Y           Z
 ---------------------------------------------------------------------
      1          6           0        1.240974    0.018768    0.002574
      2          1           0        0.905937    1.043186   -0.195251
      3          1           0        0.874998   -0.308729    0.982705
      4          1           0        0.859779   -0.652559   -0.776117
      5         17           0       -1.978955   -0.003270   -0.000451
      6          9           0        2.617297   -0.015436   -0.002124
 ---------------------------------------------------------------------
 Rotational constants (GHZ):    155.5104607      1.7458155      1.7457430
 Standard basis: VSTO-6G (5D, 7F)
 There are    21 symmetry adapted cartesian basis functions of A   symmetry.
 There are    20 symmetry adapted basis functions of A   symmetry.
    20 basis functions,   126 primitive gaussians,    21 cartesian basis functions
    11 alpha electrons       11 beta electrons
       nuclear repulsion energy        64.7404604832 Hartrees.
 Integral buffers will be    131072 words long.
 Regular integral format.
 Two-electron integral symmetry is turned off.
 Do NDO integrals.
 One-electron integrals computed using PRISM.
 NBasis=    20 RedAO= F EigKep=  0.00D+00  NBF=    20
 NBsUse=    20 1.00D-04 EigRej=  0.00D+00 NBFU=    20
 Initial guess from the checkpoint file:  "/scratch/1715567.1.multiway.q/Gau-186785.chk"
 B after Tr=     0.000000    0.000000    0.000000
         Rot=    0.998371   -0.057062    0.000000   -0.000002 Ang=  -6.54 deg.
 Overlap will be assumed to be unity.
 Keep J ints in memory in canonical form, NReq=1875445.
 Requested convergence on RMS density matrix=1.00D-08 within 128 cycles.
 Requested convergence on MAX density matrix=1.00D-06.
 Requested convergence on             energy=1.00D-06.
 No special actions if energy rises.
 SCF Done:  E(RPM6) = -0.194565485463     A.U. after   10 cycles
            NFock=  9  Conv=0.26D-08     -V/T= 0.9849
 Calling FoFJK, ICntrl=      2127 FMM=F ISym2X=0 I1Cent= 0 IOpClX= 0 NMat=1 NMatS=1 NMatT=0.
 ***** Axes restored to original set *****
 -------------------------------------------------------------------
 Center     Atomic                   Forces (Hartrees/Bohr)
 Number     Number              X              Y              Z
 -------------------------------------------------------------------
      1        6           0.004075043    0.000029286   -0.000004546
      2        1          -0.000000682    0.000004975   -0.000023798
      3        1           0.000018079    0.000065617   -0.000013645
      4        1           0.000028376    0.000054696   -0.000015233
      5       17          -0.004164857   -0.000149155    0.000055325
      6        9           0.000044041   -0.000005417    0.000001899
 -------------------------------------------------------------------
 Cartesian Forces:  Max     0.004164857 RMS     0.001374158

 GradGradGradGradGradGradGradGradGradGradGradGradGradGradGradGradGradGrad
 Berny optimization.
 Using GEDIIS/GDIIS optimizer.
 FormGI is forming the generalized inverse of G from B-inverse, IUseBI=4.
 Internal  Forces:  Max     0.001570580 RMS     0.000431948
 Search for a local minimum.
 Step number   3 out of a maximum of   45 on scan point     4 out of    21
 All quantities printed in internal units (Hartrees-Bohrs-Radians)
 Mixed Optimization -- En-DIIS/RFO-DIIS
 Swapping is turned off.
 Update second derivatives using D2CorX and points    1    2    3
 DE= -2.27D-06 DEPred=-2.20D-06 R= 1.03D+00
 TightC=F SS=  1.41D+00  RLast= 1.19D-02 DXNew= 9.2397D-01 3.5601D-02
 Trust test= 1.03D+00 RLast= 1.19D-02 DXMaxT set to 5.49D-01
 ITU=  1  1  0
     Eigenvalues ---    0.02164   0.03058   0.03246   0.06373   0.07221
     Eigenvalues ---    0.09172   0.09531   0.25975   0.30911   0.32446
     Eigenvalues ---    0.530321000.000001000.000001000.000001000.00000
     Eigenvalues --- 1000.000001000.000001000.000001000.000001000.00000
     Eigenvalues --- 1000.000001000.000001000.000001000.000001000.00000
     Eigenvalues --- 1000.000001000.000001000.000001000.000001000.00000
     Eigenvalues --- 1000.000001000.000001000.000001000.000001000.00000
 En-DIIS/RFO-DIIS IScMMF=        0 using points:     3    2
 RFO step:  Lambda=-2.33934431D-07.
 DidBck=F Rises=F RFO-DIIS coefs:    1.08490   -0.08490
 Iteration  1 RMS(Cart)=  0.00019327 RMS(Int)=  0.00000028
 Iteration  2 RMS(Cart)=  0.00000004 RMS(Int)=  0.00000028
 Iteration  1 RMS(Cart)=  0.00000049 RMS(Int)=  0.00000124
 Variable       Old X    -DE/DX   Delta X   Delta X   Delta X     New X
                                 (Linear)    (Quad)   (Total)
    R1        2.07079  -0.00007   0.00006  -0.00005   0.00001   2.07080
    R2        2.07168  -0.00007   0.00008   0.00002   0.00010   2.07178
    R3        2.07212  -0.00007   0.00009   0.00007   0.00016   2.07228
    R4        6.08493  -0.00157   0.00000   0.00000   0.00000   6.08492
    R5        2.60169  -0.00004  -0.00001  -0.00009  -0.00009   2.60160
    R6        5.81091  -0.00088  -0.00039  -0.00013  -0.00053   5.81038
    R7        5.73336  -0.00088  -0.00037   0.00008  -0.00029   5.73307
    R8        5.69484  -0.00089  -0.00034   0.00022  -0.00012   5.69471
    A1        1.91623   0.00030  -0.00011   0.00041   0.00031   1.91653
    A2        1.91543   0.00029  -0.00016   0.00010  -0.00006   1.91537
    A3        1.90525  -0.00029   0.00017  -0.00008   0.00008   1.90533
    A4        1.91342   0.00027  -0.00026  -0.00042  -0.00067   1.91274
    A5        1.90642  -0.00029   0.00018  -0.00002   0.00015   1.90657
    A6        1.90699  -0.00028   0.00019   0.00001   0.00019   1.90718
    A7        1.52805  -0.00037   0.00018   0.00007   0.00025   1.52830
    A8        1.56503  -0.00037   0.00016  -0.00004   0.00012   1.56515
    A9        1.58357  -0.00037   0.00015  -0.00012   0.00003   1.58360
   A10        0.59576   0.00014   0.00004   0.00009   0.00013   0.59589
   A11        0.59753   0.00014   0.00003   0.00002   0.00005   0.59758
   A12        0.60170   0.00013   0.00001  -0.00009  -0.00009   0.60161
    D1       -1.06311  -0.00035   0.00027   0.00022   0.00049  -1.06262
    D2        1.04116   0.00035  -0.00022   0.00003  -0.00019   1.04098
    D3        3.13073   0.00000   0.00001   0.00005   0.00006   3.13079
    D4        1.08627   0.00035  -0.00027  -0.00030  -0.00057   1.08570
    D5       -1.01922  -0.00036   0.00015  -0.00042  -0.00027  -1.01949
    D6       -3.10828   0.00000  -0.00003  -0.00017  -0.00019  -3.10847
    D7       -1.07555  -0.00035   0.00024   0.00008   0.00031  -1.07524
    D8        1.03043   0.00036  -0.00016   0.00039   0.00023   1.03066
    D9        3.11914   0.00000   0.00002   0.00011   0.00013   3.11926
   D10        0.55799   0.00000  -0.00004  -0.00025  -0.00029   0.55769
   D11       -0.55309  -0.00002   0.00000   0.00003   0.00004  -0.55305
   D12       -0.55716   0.00001   0.00004   0.00027   0.00031  -0.55684
   D13        0.54178   0.00003   0.00005   0.00033   0.00038   0.54216
   D14        0.55218   0.00000  -0.00001  -0.00007  -0.00008   0.55210
   D15       -0.54169  -0.00003  -0.00005  -0.00031  -0.00036  -0.54206
         Item               Value     Threshold  Converged?
 Maximum Force            0.000044     0.000450     YES
 RMS     Force            0.000017     0.000300     YES
 Maximum Displacement     0.000592     0.001800     YES
 RMS     Displacement     0.000193     0.001200     YES
 Predicted change in Energy=-7.093054D-08
 Optimization completed.
    -- Stationary point found.
                           ----------------------------
                           !   Optimized Parameters   !
                           ! (Angstroms and Degrees)  !
 --------------------------                            --------------------------
 ! Name  Definition              Value          Derivative Info.                !
 --------------------------------------------------------------------------------
 ! R1    R(1,2)                  1.0958         -DE/DX =   -0.0001              !
 ! R2    R(1,3)                  1.0963         -DE/DX =   -0.0001              !
 ! R3    R(1,4)                  1.0965         -DE/DX =   -0.0001              !
 ! R4    R(1,5)                  3.22           -DE/DX =   -0.0016              !
 ! R5    R(1,6)                  1.3768         -DE/DX =    0.0                 !
 ! R6    R(2,5)                  3.075          -DE/DX =   -0.0009              !
 ! R7    R(3,5)                  3.034          -DE/DX =   -0.0009              !
 ! R8    R(4,5)                  3.0136         -DE/DX =   -0.0009              !
 ! A1    A(2,1,3)              109.7917         -DE/DX =    0.0003              !
 ! A2    A(2,1,4)              109.7462         -DE/DX =    0.0003              !
 ! A3    A(2,1,6)              109.1629         -DE/DX =   -0.0003              !
 ! A4    A(3,1,4)              109.6308         -DE/DX =    0.0003              !
 ! A5    A(3,1,6)              109.2297         -DE/DX =   -0.0003              !
 ! A6    A(4,1,6)              109.2626         -DE/DX =   -0.0003              !
 ! A7    A(1,2,5)               87.5508         -DE/DX =   -0.0004              !
 ! A8    A(1,3,5)               89.6696         -DE/DX =   -0.0004              !
 ! A9    A(1,4,5)               90.7321         -DE/DX =   -0.0004              !
 ! A10   A(2,5,3)               34.1346         -DE/DX =    0.0001              !
 ! A11   A(2,5,4)               34.2358         -DE/DX =    0.0001              !
 ! A12   A(3,5,4)               34.4747         -DE/DX =    0.0001              !
 ! D1    D(3,1,2,5)            -60.9116         -DE/DX =   -0.0003              !
 ! D2    D(4,1,2,5)             59.6544         -DE/DX =    0.0004              !
 ! D3    D(6,1,2,5)            179.3777         -DE/DX =    0.0                 !
 ! D4    D(2,1,3,5)             62.2386         -DE/DX =    0.0003              !
 ! D5    D(4,1,3,5)            -58.3972         -DE/DX =   -0.0004              !
 ! D6    D(6,1,3,5)           -178.0915         -DE/DX =    0.0                 !
 ! D7    D(2,1,4,5)            -61.6243         -DE/DX =   -0.0004              !
 ! D8    D(3,1,4,5)             59.0392         -DE/DX =    0.0004              !
 ! D9    D(6,1,4,5)            178.7133         -DE/DX =    0.0                 !
 ! D10   D(1,2,5,3)             31.9702         -DE/DX =    0.0                 !
 ! D11   D(1,2,5,4)            -31.6896         -DE/DX =    0.0                 !
 ! D12   D(1,3,5,2)            -31.9228         -DE/DX =    0.0                 !
 ! D13   D(1,3,5,4)             31.0418         -DE/DX =    0.0                 !
 ! D14   D(1,4,5,2)             31.6377         -DE/DX =    0.0                 !
 ! D15   D(1,4,5,3)            -31.0368         -DE/DX =    0.0                 !
 --------------------------------------------------------------------------------
 Iteration  1 RMS(Cart)=  0.00999121 RMS(Int)=  0.02520208
 Iteration  2 RMS(Cart)=  0.00011760 RMS(Int)=  0.02520154
 Iteration  3 RMS(Cart)=  0.00000142 RMS(Int)=  0.02520154
 Iteration  4 RMS(Cart)=  0.00000003 RMS(Int)=  0.02520154
 Iteration  1 RMS(Cart)=  0.00620118 RMS(Int)=  0.01570803
 Iteration  2 RMS(Cart)=  0.00385763 RMS(Int)=  0.01745931
 Iteration  3 RMS(Cart)=  0.00240473 RMS(Int)=  0.01999140
 Iteration  4 RMS(Cart)=  0.00150086 RMS(Int)=  0.02194729
 Iteration  5 RMS(Cart)=  0.00093742 RMS(Int)=  0.02327722
 Iteration  6 RMS(Cart)=  0.00058577 RMS(Int)=  0.02414316
 Iteration  7 RMS(Cart)=  0.00036613 RMS(Int)=  0.02469652
 Iteration  8 RMS(Cart)=  0.00022888 RMS(Int)=  0.02504685
 Iteration  9 RMS(Cart)=  0.00014310 RMS(Int)=  0.02526752
 Iteration 10 RMS(Cart)=  0.00008947 RMS(Int)=  0.02540612
 Iteration 11 RMS(Cart)=  0.00005595 RMS(Int)=  0.02549302
 Iteration 12 RMS(Cart)=  0.00003498 RMS(Int)=  0.02554746
 Iteration 13 RMS(Cart)=  0.00002188 RMS(Int)=  0.02558153
 Iteration 14 RMS(Cart)=  0.00001368 RMS(Int)=  0.02560285
 Iteration 15 RMS(Cart)=  0.00000855 RMS(Int)=  0.02561619
 Iteration 16 RMS(Cart)=  0.00000535 RMS(Int)=  0.02562453
 Iteration 17 RMS(Cart)=  0.00000334 RMS(Int)=  0.02562975
 Iteration 18 RMS(Cart)=  0.00000209 RMS(Int)=  0.02563301
 Iteration 19 RMS(Cart)=  0.00000131 RMS(Int)=  0.02563505
 Iteration 20 RMS(Cart)=  0.00000082 RMS(Int)=  0.02563633
 GradGradGradGradGradGradGradGradGradGradGradGradGradGradGradGradGradGrad

                          Input orientation:                          
 ---------------------------------------------------------------------
 Center     Atomic      Atomic             Coordinates (Angstroms)
 Number     Number       Type             X           Y           Z
 ---------------------------------------------------------------------
      1          6           0        0.208085   -0.906832   -0.003128
      2          1           0        0.534881   -1.949772   -0.003608
      3          1           0        0.531976   -0.384869    0.898903
      4          1           0        0.528729   -0.385273   -0.905586
      5         17           0        3.326071   -0.801449   -0.041709
      6          9           0       -1.168612   -0.911573   -0.000392
 ---------------------------------------------------------------------
                    Distance matrix (angstroms):
                    1          2          3          4          5
     1  C    0.000000
     2  H    1.092942   0.000000
     3  H    1.091334   1.806504   0.000000
     4  H    1.090535   1.805896   1.804492   0.000000
     5  Cl   3.120005   3.018417   2.977459   2.957128   0.000000
     6  F    1.376708   1.994932   1.994529   1.994326   4.496222
                    6
     6  F    0.000000
 Stoichiometry    CH3ClF(1-)
 Framework group  C1[X(CH3ClF)]
 Deg. of freedom    12
 Full point group                 C1      NOp   1
 Largest Abelian subgroup         C1      NOp   1
 Largest concise Abelian subgroup C1      NOp   1
                         Standard orientation:                         
 ---------------------------------------------------------------------
 Center     Atomic      Atomic             Coordinates (Angstroms)
 Number     Number       Type             X           Y           Z
 ---------------------------------------------------------------------
      1          6           0        1.189234    0.018450    0.003772
      2          1           0        0.890784    1.061603   -0.127680
      3          1           0        0.860437   -0.375026    0.967140
      4          1           0        0.845530   -0.604609   -0.822625
      5         17           0       -1.930692   -0.003282   -0.000673
      6          9           0        2.565513   -0.015207   -0.003114
 ---------------------------------------------------------------------
 Rotational constants (GHZ):    153.3269124      1.8296157      1.8295279
 Standard basis: VSTO-6G (5D, 7F)
 There are    21 symmetry adapted cartesian basis functions of A   symmetry.
 There are    20 symmetry adapted basis functions of A   symmetry.
    20 basis functions,   126 primitive gaussians,    21 cartesian basis functions
    11 alpha electrons       11 beta electrons
       nuclear repulsion energy        65.0977608523 Hartrees.
 Integral buffers will be    131072 words long.
 Regular integral format.
 Two-electron integral symmetry is turned off.
 Do NDO integrals.
 One-electron integrals computed using PRISM.
 NBasis=    20 RedAO= F EigKep=  0.00D+00  NBF=    20
 NBsUse=    20 1.00D-04 EigRej=  0.00D+00 NBFU=    20
 Initial guess from the checkpoint file:  "/scratch/1715567.1.multiway.q/Gau-186785.chk"
 B after Tr=     0.000000    0.000000    0.000000
         Rot=    0.999466   -0.032688    0.000004   -0.000024 Ang=  -3.75 deg.
 Overlap will be assumed to be unity.
 Keep J ints in memory in canonical form, NReq=1875445.
 Requested convergence on RMS density matrix=1.00D-08 within 128 cycles.
 Requested convergence on MAX density matrix=1.00D-06.
 Requested convergence on             energy=1.00D-06.
 No special actions if energy rises.
 SCF Done:  E(RPM6) = -0.194882037283     A.U. after   11 cycles
            NFock= 10  Conv=0.98D-08     -V/T= 0.9849
 Calling FoFJK, ICntrl=      2127 FMM=F ISym2X=0 I1Cent= 0 IOpClX= 0 NMat=1 NMatS=1 NMatT=0.
 ***** Axes restored to original set *****
 -------------------------------------------------------------------
 Center     Atomic                   Forces (Hartrees/Bohr)
 Number     Number              X              Y              Z
 -------------------------------------------------------------------
      1        6          -0.002450956   -0.001090023    0.000383954
      2        1           0.004273154   -0.000047697   -0.000046222
      3        1           0.004585943    0.000598583    0.000782805
      4        1           0.004733382    0.000796993   -0.001219963
      5       17          -0.004054055   -0.000172797    0.000064424
      6        9          -0.007087469   -0.000085059    0.000035001
 -------------------------------------------------------------------
 Cartesian Forces:  Max     0.007087469 RMS     0.002777363

 GradGradGradGradGradGradGradGradGradGradGradGradGradGradGradGradGradGrad
 Berny optimization.
 FormGI is forming the generalized inverse of G from B-inverse, IUseBI=4.
 Internal  Forces:  Max     0.007087775 RMS     0.001572218
 Search for a local minimum.
 Step number   1 out of a maximum of   45 on scan point     5 out of    21
 All quantities printed in internal units (Hartrees-Bohrs-Radians)
 Mixed Optimization -- RFO/linear search
 Second derivative matrix not updated -- first step.
 ITU=  0
     Eigenvalues ---    0.02185   0.03076   0.03263   0.06645   0.07517
     Eigenvalues ---    0.09219   0.09619   0.25952   0.30895   0.32482
     Eigenvalues ---    0.531001000.000001000.000001000.000001000.00000
     Eigenvalues --- 1000.000001000.000001000.000001000.000001000.00000
     Eigenvalues --- 1000.000001000.000001000.000001000.000001000.00000
     Eigenvalues --- 1000.000001000.000001000.000001000.000001000.00000
     Eigenvalues --- 1000.000001000.000001000.000001000.000001000.00000
 RFO step:  Lambda=-8.65747152D-04 EMin= 2.18499036D-02
 Linear search not attempted -- first point.
 Iteration  1 RMS(Cart)=  0.01406606 RMS(Int)=  0.00066639
 Iteration  2 RMS(Cart)=  0.00031244 RMS(Int)=  0.00054747
 Iteration  3 RMS(Cart)=  0.00000013 RMS(Int)=  0.00054747
 Iteration  1 RMS(Cart)=  0.00002305 RMS(Int)=  0.00005797
 Iteration  2 RMS(Cart)=  0.00001432 RMS(Int)=  0.00006443
 Iteration  3 RMS(Cart)=  0.00000890 RMS(Int)=  0.00007375
 Iteration  4 RMS(Cart)=  0.00000553 RMS(Int)=  0.00008091
 Iteration  5 RMS(Cart)=  0.00000344 RMS(Int)=  0.00008575
 Iteration  6 RMS(Cart)=  0.00000213 RMS(Int)=  0.00008889
 Iteration  7 RMS(Cart)=  0.00000133 RMS(Int)=  0.00009088
 Iteration  8 RMS(Cart)=  0.00000082 RMS(Int)=  0.00009213
 Variable       Old X    -DE/DX   Delta X   Delta X   Delta X     New X
                                 (Linear)    (Quad)   (Total)
    R1        2.06536   0.00146   0.00000   0.00408   0.00421   2.06957
    R2        2.06232   0.00224   0.00000   0.00936   0.00948   2.07180
    R3        2.06081   0.00263   0.00000   0.01221   0.01232   2.07313
    R4        5.89596   0.00028   0.00000   0.00000   0.00000   5.89596
    R5        2.60160   0.00709   0.00000   0.00164   0.00164   2.60324
    R6        5.70398  -0.00148   0.00000  -0.06759  -0.06788   5.63611
    R7        5.62658  -0.00151   0.00000  -0.06433  -0.06479   5.56179
    R8        5.58816  -0.00153   0.00000  -0.06079  -0.06137   5.52679
    A1        1.94768  -0.00079   0.00000  -0.02154  -0.02297   1.92470
    A2        1.94776  -0.00082   0.00000  -0.02716  -0.02839   1.91938
    A3        1.87100   0.00085   0.00000   0.03052   0.03058   1.90159
    A4        1.94764  -0.00088   0.00000  -0.03709  -0.03800   1.90964
    A5        1.87212   0.00092   0.00000   0.03146   0.03154   1.90367
    A6        1.87267   0.00095   0.00000   0.03189   0.03198   1.90465
    A7        1.48416   0.00064   0.00000   0.03127   0.03146   1.51562
    A8        1.52125   0.00052   0.00000   0.02922   0.02942   1.55068
    A9        1.53987   0.00045   0.00000   0.02717   0.02739   1.56726
   A10        0.61194   0.00056   0.00000   0.00480   0.00457   0.61651
   A11        0.61370   0.00062   0.00000   0.00389   0.00367   0.61736
   A12        0.61787   0.00074   0.00000   0.00242   0.00218   0.62006
    D1       -1.10733   0.00121   0.00000   0.04566   0.04489  -1.06243
    D2        1.08508  -0.00120   0.00000  -0.04093  -0.04002   1.04506
    D3        3.13083   0.00002   0.00000   0.00108   0.00108   3.13190
    D4        1.13025  -0.00120   0.00000  -0.04660  -0.04581   1.08445
    D5       -1.06222   0.00117   0.00000   0.03450   0.03336  -1.02887
    D6       -3.10858  -0.00005   0.00000  -0.00259  -0.00257  -3.11115
    D7       -1.11912   0.00119   0.00000   0.04268   0.04172  -1.07739
    D8        1.07331  -0.00117   0.00000  -0.03532  -0.03417   1.03915
    D9        3.11933   0.00003   0.00000   0.00150   0.00148   3.12082
   D10        0.55940   0.00016   0.00000  -0.00323  -0.00327   0.55614
   D11       -0.55452  -0.00022   0.00000  -0.00026  -0.00026  -0.55479
   D12       -0.55874   0.00006   0.00000   0.00404   0.00409  -0.55465
   D13        0.54336   0.00013   0.00000   0.00534   0.00536   0.54871
   D14        0.55386  -0.00010   0.00000  -0.00102  -0.00107   0.55279
   D15       -0.54335  -0.00002   0.00000  -0.00487  -0.00486  -0.54820
         Item               Value     Threshold  Converged?
 Maximum Force            0.007088     0.000450     NO 
 RMS     Force            0.001593     0.000300     NO 
 Maximum Displacement     0.033502     0.001800     NO 
 RMS     Displacement     0.014156     0.001200     NO 
 Predicted change in Energy=-4.477485D-04
 GradGradGradGradGradGradGradGradGradGradGradGradGradGradGradGradGradGrad

                          Input orientation:                          
 ---------------------------------------------------------------------
 Center     Atomic      Atomic             Coordinates (Angstroms)
 Number     Number       Type             X           Y           Z
 ---------------------------------------------------------------------
      1          6           0        0.191210   -0.908372   -0.002579
      2          1           0        0.552368   -1.942273   -0.005597
      3          1           0        0.549235   -0.383445    0.890870
      4          1           0        0.545384   -0.385116   -0.899400
      5         17           0        3.309273   -0.804914   -0.040169
      6          9           0       -1.186341   -0.915649    0.001356
 ---------------------------------------------------------------------
                    Distance matrix (angstroms):
                    1          2          3          4          5
     1  C    0.000000
     2  H    1.095169   0.000000
     3  H    1.096349   1.798224   0.000000
     4  H    1.097052   1.795458   1.790275   0.000000
     5  Cl   3.120005   2.982499   2.943175   2.924652   0.000000
     6  F    1.377575   2.019187   2.021559   2.022794   4.497169
                    6
     6  F    0.000000
 Stoichiometry    CH3ClF(1-)
 Framework group  C1[X(CH3ClF)]
 Deg. of freedom    12
 Full point group                 C1      NOp   1
 Largest Abelian subgroup         C1      NOp   1
 Largest concise Abelian subgroup C1      NOp   1
                         Standard orientation:                         
 ---------------------------------------------------------------------
 Center     Atomic      Atomic             Coordinates (Angstroms)
 Number     Number       Type             X           Y           Z
 ---------------------------------------------------------------------
      1          6           0        1.191924    0.016192    0.006903
      2          1           0        0.858713    1.055770    0.094342
      3          1           0        0.828839   -0.572033    0.857869
      4          1           0        0.814856   -0.420955   -0.925966
      5         17           0       -1.928014   -0.002690   -0.001137
      6          9           0        2.569142   -0.012690   -0.005370
 ---------------------------------------------------------------------
 Rotational constants (GHZ):    155.3102765      1.8303615      1.8302137
 Standard basis: VSTO-6G (5D, 7F)
 There are    21 symmetry adapted cartesian basis functions of A   symmetry.
 There are    20 symmetry adapted basis functions of A   symmetry.
    20 basis functions,   126 primitive gaussians,    21 cartesian basis functions
    11 alpha electrons       11 beta electrons
       nuclear repulsion energy        65.0643819092 Hartrees.
 Integral buffers will be    131072 words long.
 Regular integral format.
 Two-electron integral symmetry is turned off.
 Do NDO integrals.
 One-electron integrals computed using PRISM.
 NBasis=    20 RedAO= F EigKep=  0.00D+00  NBF=    20
 NBsUse=    20 1.00D-04 EigRej=  0.00D+00 NBFU=    20
 Initial guess from the checkpoint file:  "/scratch/1715567.1.multiway.q/Gau-186785.chk"
 B after Tr=     0.000000    0.000000    0.000000
         Rot=    0.994421   -0.105480    0.000012   -0.000027 Ang= -12.11 deg.
 Overlap will be assumed to be unity.
 Keep J ints in memory in canonical form, NReq=1875445.
 Requested convergence on RMS density matrix=1.00D-08 within 128 cycles.
 Requested convergence on MAX density matrix=1.00D-06.
 Requested convergence on             energy=1.00D-06.
 No special actions if energy rises.
 SCF Done:  E(RPM6) = -0.195335730307     A.U. after   11 cycles
            NFock= 10  Conv=0.33D-08     -V/T= 0.9849
 Calling FoFJK, ICntrl=      2127 FMM=F ISym2X=0 I1Cent= 0 IOpClX= 0 NMat=1 NMatS=1 NMatT=0.
 ***** Axes restored to original set *****
 -------------------------------------------------------------------
 Center     Atomic                   Forces (Hartrees/Bohr)
 Number     Number              X              Y              Z
 -------------------------------------------------------------------
      1        6           0.003696386    0.000797362   -0.000330539
      2        1           0.000466016    0.000070584    0.000150425
      3        1           0.000193638   -0.000423786    0.000088995
      4        1           0.000027907   -0.000328017    0.000046135
      5       17          -0.003920245   -0.000152450    0.000055954
      6        9          -0.000463702    0.000036307   -0.000010970
 -------------------------------------------------------------------
 Cartesian Forces:  Max     0.003920245 RMS     0.001303835

 GradGradGradGradGradGradGradGradGradGradGradGradGradGradGradGradGradGrad
 Berny optimization.
 Using GEDIIS/GDIIS optimizer.
 FormGI is forming the generalized inverse of G from B-inverse, IUseBI=4.
 Internal  Forces:  Max     0.001381638 RMS     0.000401026
 Search for a local minimum.
 Step number   2 out of a maximum of   45 on scan point     5 out of    21
 All quantities printed in internal units (Hartrees-Bohrs-Radians)
 Mixed Optimization -- En-DIIS/RFO-DIIS
 Update second derivatives using D2CorX and points    1    2
 DE= -4.54D-04 DEPred=-4.48D-04 R= 1.01D+00
 TightC=F SS=  1.41D+00  RLast= 1.76D-01 DXNew= 9.2397D-01 5.2851D-01
 Trust test= 1.01D+00 RLast= 1.76D-01 DXMaxT set to 5.49D-01
 ITU=  1  0
 Use linear search instead of GDIIS.
     Eigenvalues ---    0.02144   0.03050   0.03215   0.06452   0.07234
     Eigenvalues ---    0.09214   0.09521   0.26055   0.30995   0.32412
     Eigenvalues ---    0.523341000.000001000.000001000.000001000.00000
     Eigenvalues --- 1000.000001000.000001000.000001000.000001000.00000
     Eigenvalues --- 1000.000001000.000001000.000001000.000001000.00000
     Eigenvalues --- 1000.000001000.000001000.000001000.000001000.00000
     Eigenvalues --- 1000.000001000.000001000.000001000.000001000.00000
 RFO step:  Lambda=-4.37739076D-06 EMin= 2.14365313D-02
 Quartic linear search produced a step of  0.04822.
 Iteration  1 RMS(Cart)=  0.00118223 RMS(Int)=  0.00002780
 Iteration  2 RMS(Cart)=  0.00000206 RMS(Int)=  0.00002769
 Iteration  3 RMS(Cart)=  0.00000000 RMS(Int)=  0.00002769
 Iteration  1 RMS(Cart)=  0.00000162 RMS(Int)=  0.00000408
 Iteration  2 RMS(Cart)=  0.00000101 RMS(Int)=  0.00000453
 Iteration  3 RMS(Cart)=  0.00000063 RMS(Int)=  0.00000519
 Variable       Old X    -DE/DX   Delta X   Delta X   Delta X     New X
                                 (Linear)    (Quad)   (Total)
    R1        2.06957   0.00005   0.00020   0.00040   0.00061   2.07018
    R2        2.07180  -0.00013   0.00046  -0.00047   0.00000   2.07180
    R3        2.07313  -0.00025   0.00059  -0.00105  -0.00045   2.07268
    R4        5.89596  -0.00138   0.00000   0.00000   0.00000   5.89595
    R5        2.60324   0.00046   0.00008  -0.00037  -0.00029   2.60295
    R6        5.63611  -0.00101  -0.00327  -0.00213  -0.00542   5.63068
    R7        5.56179  -0.00085  -0.00312  -0.00067  -0.00382   5.55798
    R8        5.52679  -0.00076  -0.00296   0.00020  -0.00278   5.52401
    A1        1.92470  -0.00002  -0.00111  -0.00357  -0.00475   1.91995
    A2        1.91938   0.00016  -0.00137  -0.00104  -0.00247   1.91691
    A3        1.90159  -0.00014   0.00147   0.00092   0.00239   1.90398
    A4        1.90964   0.00046  -0.00183   0.00326   0.00138   1.91102
    A5        1.90367  -0.00021   0.00152   0.00036   0.00188   1.90555
    A6        1.90465  -0.00025   0.00154   0.00010   0.00164   1.90630
    A7        1.51562  -0.00023   0.00152   0.00095   0.00248   1.51810
    A8        1.55068  -0.00028   0.00142   0.00040   0.00183   1.55251
    A9        1.56726  -0.00030   0.00132   0.00009   0.00142   1.56868
   A10        0.61651   0.00009   0.00022  -0.00064  -0.00043   0.61608
   A11        0.61736   0.00011   0.00018  -0.00021  -0.00004   0.61732
   A12        0.62006   0.00014   0.00011   0.00053   0.00063   0.62068
    D1       -1.06243  -0.00035   0.00216  -0.00101   0.00111  -1.06132
    D2        1.04506   0.00030  -0.00193   0.00009  -0.00179   1.04327
    D3        3.13190   0.00000   0.00005   0.00015   0.00020   3.13210
    D4        1.08445   0.00031  -0.00221   0.00066  -0.00151   1.08294
    D5       -1.02887  -0.00017   0.00161   0.00211   0.00367  -1.02520
    D6       -3.11115   0.00000  -0.00012  -0.00016  -0.00029  -3.11144
    D7       -1.07739  -0.00023   0.00201   0.00058   0.00254  -1.07485
    D8        1.03915   0.00014  -0.00165  -0.00241  -0.00401   1.03514
    D9        3.12082   0.00000   0.00007   0.00002   0.00010   3.12092
   D10        0.55614   0.00010  -0.00016   0.00166   0.00150   0.55764
   D11       -0.55479   0.00001  -0.00001  -0.00011  -0.00013  -0.55491
   D12       -0.55465  -0.00015   0.00020  -0.00195  -0.00174  -0.55639
   D13        0.54871  -0.00014   0.00026  -0.00227  -0.00201   0.54670
   D14        0.55279   0.00007  -0.00005   0.00058   0.00052   0.55331
   D15       -0.54820   0.00011  -0.00023   0.00209   0.00186  -0.54634
         Item               Value     Threshold  Converged?
 Maximum Force            0.000463     0.000450     NO 
 RMS     Force            0.000131     0.000300     YES
 Maximum Displacement     0.003205     0.001800     NO 
 RMS     Displacement     0.001182     0.001200     YES
 Predicted change in Energy=-3.278993D-06
 GradGradGradGradGradGradGradGradGradGradGradGradGradGradGradGradGradGrad

                          Input orientation:                          
 ---------------------------------------------------------------------
 Center     Atomic      Atomic             Coordinates (Angstroms)
 Number     Number       Type             X           Y           Z
 ---------------------------------------------------------------------
      1          6           0        0.190150   -0.907678   -0.002877
      2          1           0        0.553960   -1.940996   -0.005023
      3          1           0        0.550175   -0.385141    0.891167
      4          1           0        0.545858   -0.386103   -0.899781
      5         17           0        3.308235   -0.804809   -0.040168
      6          9           0       -1.187248   -0.915042    0.001163
 ---------------------------------------------------------------------
                    Distance matrix (angstroms):
                    1          2          3          4          5
     1  C    0.000000
     2  H    1.095495   0.000000
     3  H    1.096347   1.795510   0.000000
     4  H    1.096816   1.793976   1.790953   0.000000
     5  Cl   3.120004   2.979629   2.941156   2.923179   0.000000
     6  F    1.377424   2.020996   2.022756   2.023643   4.497024
                    6
     6  F    0.000000
 Stoichiometry    CH3ClF(1-)
 Framework group  C1[X(CH3ClF)]
 Deg. of freedom    12
 Full point group                 C1      NOp   1
 Largest Abelian subgroup         C1      NOp   1
 Largest concise Abelian subgroup C1      NOp   1
                         Standard orientation:                         
 ---------------------------------------------------------------------
 Center     Atomic      Atomic             Coordinates (Angstroms)
 Number     Number       Type             X           Y           Z
 ---------------------------------------------------------------------
      1          6           0        1.192135    0.016306    0.005760
      2          1           0        0.856146    1.058683    0.031621
      3          1           0        0.827136   -0.517490    0.891093
      4          1           0        0.813683   -0.474273   -0.899288
      5         17           0       -1.927803   -0.002802   -0.000986
      6          9           0        2.569208   -0.013013   -0.004580
 ---------------------------------------------------------------------
 Rotational constants (GHZ):    155.5096343      1.8305180      1.8304137
 Standard basis: VSTO-6G (5D, 7F)
 There are    21 symmetry adapted cartesian basis functions of A   symmetry.
 There are    20 symmetry adapted basis functions of A   symmetry.
    20 basis functions,   126 primitive gaussians,    21 cartesian basis functions
    11 alpha electrons       11 beta electrons
       nuclear repulsion energy        65.0652482566 Hartrees.
 Integral buffers will be    131072 words long.
 Regular integral format.
 Two-electron integral symmetry is turned off.
 Do NDO integrals.
 One-electron integrals computed using PRISM.
 NBasis=    20 RedAO= F EigKep=  0.00D+00  NBF=    20
 NBsUse=    20 1.00D-04 EigRej=  0.00D+00 NBFU=    20
 Initial guess from the checkpoint file:  "/scratch/1715567.1.multiway.q/Gau-186785.chk"
 B after Tr=     0.000000    0.000000    0.000000
         Rot=    0.999551    0.029973    0.000004   -0.000009 Ang=   3.44 deg.
 Overlap will be assumed to be unity.
 Keep J ints in memory in canonical form, NReq=1875445.
 Requested convergence on RMS density matrix=1.00D-08 within 128 cycles.
 Requested convergence on MAX density matrix=1.00D-06.
 Requested convergence on             energy=1.00D-06.
 No special actions if energy rises.
 SCF Done:  E(RPM6) = -0.195339871384     A.U. after    9 cycles
            NFock=  8  Conv=0.49D-08     -V/T= 0.9849
 Calling FoFJK, ICntrl=      2127 FMM=F ISym2X=0 I1Cent= 0 IOpClX= 0 NMat=1 NMatS=1 NMatT=0.
 ***** Axes restored to original set *****
 -------------------------------------------------------------------
 Center     Atomic                   Forces (Hartrees/Bohr)
 Number     Number              X              Y              Z
 -------------------------------------------------------------------
      1        6           0.004120438    0.000442281   -0.000176989
      2        1           0.000152519    0.000024334    0.000066344
      3        1          -0.000006597   -0.000181630    0.000050086
      4        1          -0.000102000   -0.000137493    0.000006186
      5       17          -0.003909086   -0.000158425    0.000057955
      6        9          -0.000255275    0.000010933   -0.000003583
 -------------------------------------------------------------------
 Cartesian Forces:  Max     0.004120438 RMS     0.001347277

 GradGradGradGradGradGradGradGradGradGradGradGradGradGradGradGradGradGrad
 Berny optimization.
 Using GEDIIS/GDIIS optimizer.
 FormGI is forming the generalized inverse of G from B-inverse, IUseBI=4.
 Internal  Forces:  Max     0.001474444 RMS     0.000409620
 Search for a local minimum.
 Step number   3 out of a maximum of   45 on scan point     5 out of    21
 All quantities printed in internal units (Hartrees-Bohrs-Radians)
 Mixed Optimization -- En-DIIS/RFO-DIIS
 Swapping is turned off.
 Update second derivatives using D2CorX and points    1    2    3
 DE= -4.14D-06 DEPred=-3.28D-06 R= 1.26D+00
 TightC=F SS=  1.41D+00  RLast= 1.28D-02 DXNew= 9.2397D-01 3.8290D-02
 Trust test= 1.26D+00 RLast= 1.28D-02 DXMaxT set to 5.49D-01
 ITU=  1  1  0
     Eigenvalues ---    0.02319   0.03104   0.03239   0.04842   0.07223
     Eigenvalues ---    0.08773   0.09521   0.25926   0.30887   0.32412
     Eigenvalues ---    0.493991000.000001000.000001000.000001000.00000
     Eigenvalues --- 1000.000001000.000001000.000001000.000001000.00000
     Eigenvalues --- 1000.000001000.000001000.000001000.000001000.00000
     Eigenvalues --- 1000.000001000.000001000.000001000.000001000.00000
     Eigenvalues --- 1000.000001000.000001000.000001000.000001000.00000
 En-DIIS/RFO-DIIS IScMMF=        0 using points:     3    2
 RFO step:  Lambda=-5.52082810D-07.
 DidBck=F Rises=F RFO-DIIS coefs:    1.40715   -0.40715
 Iteration  1 RMS(Cart)=  0.00061033 RMS(Int)=  0.00000169
 Iteration  2 RMS(Cart)=  0.00000047 RMS(Int)=  0.00000161
 Iteration  1 RMS(Cart)=  0.00000029 RMS(Int)=  0.00000073
 Variable       Old X    -DE/DX   Delta X   Delta X   Delta X     New X
                                 (Linear)    (Quad)   (Total)
    R1        2.07018  -0.00003   0.00025   0.00012   0.00037   2.07055
    R2        2.07180  -0.00013   0.00000  -0.00015  -0.00015   2.07164
    R3        2.07268  -0.00019  -0.00018  -0.00033  -0.00051   2.07217
    R4        5.89595  -0.00147   0.00000   0.00000   0.00000   5.89595
    R5        2.60295   0.00026  -0.00012   0.00044   0.00032   2.60327
    R6        5.63068  -0.00091  -0.00221   0.00004  -0.00217   5.62851
    R7        5.55798  -0.00082  -0.00155   0.00117  -0.00039   5.55759
    R8        5.52401  -0.00077  -0.00113   0.00175   0.00061   5.52462
    A1        1.91995   0.00016  -0.00193  -0.00045  -0.00238   1.91758
    A2        1.91691   0.00024  -0.00101   0.00029  -0.00072   1.91619
    A3        1.90398  -0.00023   0.00097  -0.00039   0.00058   1.90456
    A4        1.91102   0.00039   0.00056   0.00154   0.00209   1.91311
    A5        1.90555  -0.00027   0.00077  -0.00047   0.00029   1.90584
    A6        1.90630  -0.00029   0.00067  -0.00053   0.00014   1.90644
    A7        1.51810  -0.00031   0.00101  -0.00004   0.00097   1.51907
    A8        1.55251  -0.00034   0.00074  -0.00053   0.00021   1.55272
    A9        1.56868  -0.00036   0.00058  -0.00078  -0.00021   1.56848
   A10        0.61608   0.00011  -0.00018  -0.00017  -0.00035   0.61574
   A11        0.61732   0.00012  -0.00002  -0.00006  -0.00008   0.61724
   A12        0.62068   0.00013   0.00025   0.00011   0.00036   0.62104
    D1       -1.06132  -0.00038   0.00045  -0.00094  -0.00049  -1.06182
    D2        1.04327   0.00036  -0.00073   0.00086   0.00014   1.04341
    D3        3.13210   0.00000   0.00008   0.00015   0.00023   3.13234
    D4        1.08294   0.00035  -0.00061   0.00062   0.00001   1.08295
    D5       -1.02520  -0.00029   0.00149  -0.00043   0.00107  -1.02413
    D6       -3.11144  -0.00001  -0.00012  -0.00042  -0.00054  -3.11198
    D7       -1.07485  -0.00031   0.00103  -0.00036   0.00068  -1.07418
    D8        1.03514   0.00028  -0.00163   0.00024  -0.00139   1.03375
    D9        3.12092   0.00001   0.00004   0.00027   0.00031   3.12123
   D10        0.55764   0.00005   0.00061   0.00040   0.00101   0.55865
   D11       -0.55491   0.00000  -0.00005  -0.00001  -0.00006  -0.55497
   D12       -0.55639  -0.00008  -0.00071  -0.00049  -0.00120  -0.55759
   D13        0.54670  -0.00006  -0.00082  -0.00055  -0.00137   0.54533
   D14        0.55331   0.00004   0.00021   0.00014   0.00035   0.55366
   D15       -0.54634   0.00004   0.00076   0.00051   0.00126  -0.54508
         Item               Value     Threshold  Converged?
 Maximum Force            0.000255     0.000450     YES
 RMS     Force            0.000063     0.000300     YES
 Maximum Displacement     0.001811     0.001800     NO 
 RMS     Displacement     0.000610     0.001200     YES
 Predicted change in Energy=-6.951904D-07
 GradGradGradGradGradGradGradGradGradGradGradGradGradGradGradGradGradGrad

                          Input orientation:                          
 ---------------------------------------------------------------------
 Center     Atomic      Atomic             Coordinates (Angstroms)
 Number     Number       Type             X           Y           Z
 ---------------------------------------------------------------------
      1          6           0        0.190005   -0.907092   -0.003116
      2          1           0        0.554747   -1.940289   -0.004638
      3          1           0        0.550283   -0.386099    0.891626
      4          1           0        0.545540   -0.386549   -0.900357
      5         17           0        3.308114   -0.804927   -0.040115
      6          9           0       -1.187560   -0.914811    0.001080
 ---------------------------------------------------------------------
                    Distance matrix (angstroms):
                    1          2          3          4          5
     1  C    0.000000
     2  H    1.095689   0.000000
     3  H    1.096265   1.794106   0.000000
     4  H    1.096546   1.793462   1.791990   0.000000
     5  Cl   3.120002   2.978479   2.940951   2.923503   0.000000
     6  F    1.377592   2.021700   2.023044   2.023681   4.497205
                    6
     6  F    0.000000
 Stoichiometry    CH3ClF(1-)
 Framework group  C1[X(CH3ClF)]
 Deg. of freedom    12
 Full point group                 C1      NOp   1
 Largest Abelian subgroup         C1      NOp   1
 Largest concise Abelian subgroup C1      NOp   1
                         Standard orientation:                         
 ---------------------------------------------------------------------
 Center     Atomic      Atomic             Coordinates (Angstroms)
 Number     Number       Type             X           Y           Z
 ---------------------------------------------------------------------
      1          6           0        1.192116    0.016421    0.003931
      2          1           0        0.855087    1.055893   -0.076357
      3          1           0        0.826929   -0.422438    0.939794
      4          1           0        0.813952   -0.563219   -0.846610
      5         17           0       -1.927823   -0.002891   -0.000693
      6          9           0        2.569369   -0.013290   -0.003182
 ---------------------------------------------------------------------
 Rotational constants (GHZ):    155.5661506      1.8303998      1.8303251
 Standard basis: VSTO-6G (5D, 7F)
 There are    21 symmetry adapted cartesian basis functions of A   symmetry.
 There are    20 symmetry adapted basis functions of A   symmetry.
    20 basis functions,   126 primitive gaussians,    21 cartesian basis functions
    11 alpha electrons       11 beta electrons
       nuclear repulsion energy        65.0642836835 Hartrees.
 Integral buffers will be    131072 words long.
 Regular integral format.
 Two-electron integral symmetry is turned off.
 Do NDO integrals.
 One-electron integrals computed using PRISM.
 NBasis=    20 RedAO= F EigKep=  0.00D+00  NBF=    20
 NBsUse=    20 1.00D-04 EigRej=  0.00D+00 NBFU=    20
 Initial guess from the checkpoint file:  "/scratch/1715567.1.multiway.q/Gau-186785.chk"
 B after Tr=     0.000000    0.000000    0.000000
         Rot=    0.998687    0.051221    0.000003   -0.000009 Ang=   5.87 deg.
 Overlap will be assumed to be unity.
 Keep J ints in memory in canonical form, NReq=1875445.
 Requested convergence on RMS density matrix=1.00D-08 within 128 cycles.
 Requested convergence on MAX density matrix=1.00D-06.
 Requested convergence on             energy=1.00D-06.
 No special actions if energy rises.
 SCF Done:  E(RPM6) = -0.195340686767     A.U. after    9 cycles
            NFock=  8  Conv=0.48D-08     -V/T= 0.9849
 Calling FoFJK, ICntrl=      2127 FMM=F ISym2X=0 I1Cent= 0 IOpClX= 0 NMat=1 NMatS=1 NMatT=0.
 ***** Axes restored to original set *****
 -------------------------------------------------------------------
 Center     Atomic                   Forces (Hartrees/Bohr)
 Number     Number              X              Y              Z
 -------------------------------------------------------------------
      1        6           0.004051107    0.000160657   -0.000058150
      2        1           0.000041526    0.000025235    0.000005179
      3        1          -0.000036061   -0.000016081    0.000004292
      4        1          -0.000079582   -0.000006309   -0.000010960
      5       17          -0.003909337   -0.000162022    0.000059180
      6        9          -0.000067652   -0.000001479    0.000000459
 -------------------------------------------------------------------
 Cartesian Forces:  Max     0.004051107 RMS     0.001328499

 GradGradGradGradGradGradGradGradGradGradGradGradGradGradGradGradGradGrad
 Berny optimization.
 Using GEDIIS/GDIIS optimizer.
 FormGI is forming the generalized inverse of G from B-inverse, IUseBI=4.
 Internal  Forces:  Max     0.001492660 RMS     0.000410281
 Search for a local minimum.
 Step number   4 out of a maximum of   45 on scan point     5 out of    21
 All quantities printed in internal units (Hartrees-Bohrs-Radians)
 Mixed Optimization -- En-DIIS/RFO-DIIS
 Swapping is turned off.
 Update second derivatives using D2CorX and points    1    2    3    4
 DE= -8.15D-07 DEPred=-6.95D-07 R= 1.17D+00
 Trust test= 1.17D+00 RLast= 5.32D-03 DXMaxT set to 5.49D-01
 ITU=  0  1  1  0
     Eigenvalues ---    0.02097   0.03099   0.03205   0.04377   0.07225
     Eigenvalues ---    0.08554   0.09523   0.25564   0.30907   0.32417
     Eigenvalues ---    0.487341000.000001000.000001000.000001000.00000
     Eigenvalues --- 1000.000001000.000001000.000001000.000001000.00000
     Eigenvalues --- 1000.000001000.000001000.000001000.000001000.00000
     Eigenvalues --- 1000.000001000.000001000.000001000.000001000.00000
     Eigenvalues --- 1000.000001000.000001000.000001000.000001000.00000
 En-DIIS/RFO-DIIS IScMMF=        0 using points:     4    3    2
 RFO step:  Lambda=-2.26821187D-07.
 DidBck=F Rises=F RFO-DIIS coefs:    1.46828   -0.62123    0.15295
 Iteration  1 RMS(Cart)=  0.00035240 RMS(Int)=  0.00000072
 Iteration  2 RMS(Cart)=  0.00000007 RMS(Int)=  0.00000072
 Iteration  1 RMS(Cart)=  0.00000006 RMS(Int)=  0.00000014
 Variable       Old X    -DE/DX   Delta X   Delta X   Delta X     New X
                                 (Linear)    (Quad)   (Total)
    R1        2.07055  -0.00007   0.00008   0.00006   0.00014   2.07069
    R2        2.07164  -0.00010  -0.00007  -0.00001  -0.00008   2.07156
    R3        2.07217  -0.00012  -0.00017  -0.00004  -0.00021   2.07196
    R4        5.89595  -0.00149   0.00000   0.00000   0.00000   5.89595
    R5        2.60327   0.00007   0.00019   0.00001   0.00021   2.60348
    R6        5.62851  -0.00086  -0.00019  -0.00103  -0.00122   5.62729
    R7        5.55759  -0.00082   0.00040   0.00017   0.00057   5.55816
    R8        5.52462  -0.00079   0.00071   0.00081   0.00153   5.52615
    A1        1.91758   0.00025  -0.00039  -0.00001  -0.00040   1.91718
    A2        1.91619   0.00027   0.00004  -0.00001   0.00003   1.91622
    A3        1.90456  -0.00027  -0.00009   0.00000  -0.00010   1.90447
    A4        1.91311   0.00031   0.00077   0.00000   0.00077   1.91389
    A5        1.90584  -0.00028  -0.00015   0.00001  -0.00015   1.90569
    A6        1.90644  -0.00029  -0.00019   0.00001  -0.00017   1.90627
    A7        1.51907  -0.00034   0.00008   0.00048   0.00055   1.51962
    A8        1.55272  -0.00036  -0.00018  -0.00008  -0.00026   1.55245
    A9        1.56848  -0.00037  -0.00031  -0.00039  -0.00070   1.56778
   A10        0.61574   0.00013  -0.00010   0.00006  -0.00004   0.61570
   A11        0.61724   0.00013  -0.00003   0.00002  -0.00001   0.61723
   A12        0.62104   0.00013   0.00007  -0.00006   0.00001   0.62105
    D1       -1.06182  -0.00035  -0.00040   0.00019  -0.00021  -1.06203
    D2        1.04341   0.00036   0.00034   0.00018   0.00052   1.04392
    D3        3.13234   0.00000   0.00008   0.00019   0.00027   3.13260
    D4        1.08295   0.00034   0.00024  -0.00055  -0.00032   1.08264
    D5       -1.02413  -0.00035  -0.00006  -0.00054  -0.00060  -1.02473
    D6       -3.11198  -0.00001  -0.00021  -0.00055  -0.00076  -3.11274
    D7       -1.07418  -0.00033  -0.00007   0.00037   0.00030  -1.07388
    D8        1.03375   0.00034  -0.00004   0.00035   0.00032   1.03406
    D9        3.12123   0.00001   0.00013   0.00037   0.00050   3.12173
   D10        0.55865   0.00002   0.00024  -0.00014   0.00011   0.55876
   D11       -0.55497  -0.00001  -0.00001   0.00006   0.00005  -0.55492
   D12       -0.55759  -0.00002  -0.00029   0.00010  -0.00019  -0.55778
   D13        0.54533   0.00000  -0.00033   0.00015  -0.00019   0.54515
   D14        0.55366   0.00002   0.00008  -0.00001   0.00007   0.55373
   D15       -0.54508  -0.00001   0.00031  -0.00016   0.00015  -0.54493
         Item               Value     Threshold  Converged?
 Maximum Force            0.000068     0.000450     YES
 RMS     Force            0.000018     0.000300     YES
 Maximum Displacement     0.000954     0.001800     YES
 RMS     Displacement     0.000352     0.001200     YES
 Predicted change in Energy=-1.062981D-07
 Optimization completed.
    -- Stationary point found.
                           ----------------------------
                           !   Optimized Parameters   !
                           ! (Angstroms and Degrees)  !
 --------------------------                            --------------------------
 ! Name  Definition              Value          Derivative Info.                !
 --------------------------------------------------------------------------------
 ! R1    R(1,2)                  1.0957         -DE/DX =   -0.0001              !
 ! R2    R(1,3)                  1.0963         -DE/DX =   -0.0001              !
 ! R3    R(1,4)                  1.0965         -DE/DX =   -0.0001              !
 ! R4    R(1,5)                  3.12           -DE/DX =   -0.0015              !
 ! R5    R(1,6)                  1.3776         -DE/DX =    0.0001              !
 ! R6    R(2,5)                  2.9785         -DE/DX =   -0.0009              !
 ! R7    R(3,5)                  2.941          -DE/DX =   -0.0008              !
 ! R8    R(4,5)                  2.9235         -DE/DX =   -0.0008              !
 ! A1    A(2,1,3)              109.869          -DE/DX =    0.0002              !
 ! A2    A(2,1,4)              109.7896         -DE/DX =    0.0003              !
 ! A3    A(2,1,6)              109.1233         -DE/DX =   -0.0003              !
 ! A4    A(3,1,4)              109.6132         -DE/DX =    0.0003              !
 ! A5    A(3,1,6)              109.1967         -DE/DX =   -0.0003              !
 ! A6    A(4,1,6)              109.231          -DE/DX =   -0.0003              !
 ! A7    A(1,2,5)               87.0364         -DE/DX =   -0.0003              !
 ! A8    A(1,3,5)               88.9641         -DE/DX =   -0.0004              !
 ! A9    A(1,4,5)               89.8671         -DE/DX =   -0.0004              !
 ! A10   A(2,5,3)               35.2791         -DE/DX =    0.0001              !
 ! A11   A(2,5,4)               35.3653         -DE/DX =    0.0001              !
 ! A12   A(3,5,4)               35.5831         -DE/DX =    0.0001              !
 ! D1    D(3,1,2,5)            -60.8376         -DE/DX =   -0.0004              !
 ! D2    D(4,1,2,5)             59.7828         -DE/DX =    0.0004              !
 ! D3    D(6,1,2,5)            179.4696         -DE/DX =    0.0                 !
 ! D4    D(2,1,3,5)             62.0487         -DE/DX =    0.0003              !
 ! D5    D(4,1,3,5)            -58.6782         -DE/DX =   -0.0003              !
 ! D6    D(6,1,3,5)           -178.3032         -DE/DX =    0.0                 !
 ! D7    D(2,1,4,5)            -61.5458         -DE/DX =   -0.0003              !
 ! D8    D(3,1,4,5)             59.2292         -DE/DX =    0.0003              !
 ! D9    D(6,1,4,5)            178.8332         -DE/DX =    0.0                 !
 ! D10   D(1,2,5,3)             32.0084         -DE/DX =    0.0                 !
 ! D11   D(1,2,5,4)            -31.7974         -DE/DX =    0.0                 !
 ! D12   D(1,3,5,2)            -31.9476         -DE/DX =    0.0                 !
 ! D13   D(1,3,5,4)             31.2454         -DE/DX =    0.0                 !
 ! D14   D(1,4,5,2)             31.7223         -DE/DX =    0.0                 !
 ! D15   D(1,4,5,3)            -31.2309         -DE/DX =    0.0                 !
 --------------------------------------------------------------------------------
 Iteration  1 RMS(Cart)=  0.01000846 RMS(Int)=  0.02518927
 Iteration  2 RMS(Cart)=  0.00011829 RMS(Int)=  0.02518872
 Iteration  3 RMS(Cart)=  0.00000142 RMS(Int)=  0.02518872
 Iteration  4 RMS(Cart)=  0.00000003 RMS(Int)=  0.02518872
 Iteration  1 RMS(Cart)=  0.00620714 RMS(Int)=  0.01568459
 Iteration  2 RMS(Cart)=  0.00385795 RMS(Int)=  0.01743416
 Iteration  3 RMS(Cart)=  0.00240260 RMS(Int)=  0.01996088
 Iteration  4 RMS(Cart)=  0.00149800 RMS(Int)=  0.02191020
 Iteration  5 RMS(Cart)=  0.00093464 RMS(Int)=  0.02323407
 Iteration  6 RMS(Cart)=  0.00058339 RMS(Int)=  0.02409505
 Iteration  7 RMS(Cart)=  0.00036424 RMS(Int)=  0.02464460
 Iteration  8 RMS(Cart)=  0.00022745 RMS(Int)=  0.02499211
 Iteration  9 RMS(Cart)=  0.00014205 RMS(Int)=  0.02521076
 Iteration 10 RMS(Cart)=  0.00008872 RMS(Int)=  0.02534793
 Iteration 11 RMS(Cart)=  0.00005541 RMS(Int)=  0.02543384
 Iteration 12 RMS(Cart)=  0.00003461 RMS(Int)=  0.02548758
 Iteration 13 RMS(Cart)=  0.00002162 RMS(Int)=  0.02552119
 Iteration 14 RMS(Cart)=  0.00001350 RMS(Int)=  0.02554220
 Iteration 15 RMS(Cart)=  0.00000843 RMS(Int)=  0.02555532
 Iteration 16 RMS(Cart)=  0.00000527 RMS(Int)=  0.02556352
 Iteration 17 RMS(Cart)=  0.00000329 RMS(Int)=  0.02556865
 Iteration 18 RMS(Cart)=  0.00000206 RMS(Int)=  0.02557185
 Iteration 19 RMS(Cart)=  0.00000128 RMS(Int)=  0.02557384
 Iteration 20 RMS(Cart)=  0.00000080 RMS(Int)=  0.02557509
 GradGradGradGradGradGradGradGradGradGradGradGradGradGradGradGradGradGrad

                          Input orientation:                          
 ---------------------------------------------------------------------
 Center     Atomic      Atomic             Coordinates (Angstroms)
 Number     Number       Type             X           Y           Z
 ---------------------------------------------------------------------
      1          6           0        0.225228   -0.905541   -0.003679
      2          1           0        0.553895   -1.947909   -0.004540
      3          1           0        0.548205   -0.382570    0.898311
      4          1           0        0.542827   -0.382945   -0.906978
      5         17           0        3.243417   -0.807085   -0.039321
      6          9           0       -1.152443   -0.913718    0.000687
 ---------------------------------------------------------------------
                    Distance matrix (angstroms):
                    1          2          3          4          5
     1  C    0.000000
     2  H    1.092956   0.000000
     3  H    1.091512   1.807058   0.000000
     4  H    1.090836   1.806552   1.805297   0.000000
     5  Cl   3.020005   2.921681   2.885054   2.868085   0.000000
     6  F    1.377702   1.995286   1.995006   1.994872   4.397336
                    6
     6  F    0.000000
 Stoichiometry    CH3ClF(1-)
 Framework group  C1[X(CH3ClF)]
 Deg. of freedom    12
 Full point group                 C1      NOp   1
 Largest Abelian subgroup         C1      NOp   1
 Largest concise Abelian subgroup C1      NOp   1
                         Standard orientation:                         
 ---------------------------------------------------------------------
 Center     Atomic      Atomic             Coordinates (Angstroms)
 Number     Number       Type             X           Y           Z
 ---------------------------------------------------------------------
      1          6           0        1.140330    0.016034    0.003422
      2          1           0        0.839408    1.061438   -0.102078
      3          1           0        0.812488   -0.402801    0.956572
      4          1           0        0.800134   -0.587414   -0.839218
      5         17           0       -1.879612   -0.002918   -0.000625
      6          9           0        2.517711   -0.013091   -0.002798
 ---------------------------------------------------------------------
 Rotational constants (GHZ):    153.3311846      1.9201686      1.9200919
 Standard basis: VSTO-6G (5D, 7F)
 There are    21 symmetry adapted cartesian basis functions of A   symmetry.
 There are    20 symmetry adapted basis functions of A   symmetry.
    20 basis functions,   126 primitive gaussians,    21 cartesian basis functions
    11 alpha electrons       11 beta electrons
       nuclear repulsion energy        65.4331837339 Hartrees.
 Integral buffers will be    131072 words long.
 Regular integral format.
 Two-electron integral symmetry is turned off.
 Do NDO integrals.
 One-electron integrals computed using PRISM.
 NBasis=    20 RedAO= F EigKep=  0.00D+00  NBF=    20
 NBsUse=    20 1.00D-04 EigRej=  0.00D+00 NBFU=    20
 Initial guess from the checkpoint file:  "/scratch/1715567.1.multiway.q/Gau-186785.chk"
 B after Tr=     0.000000    0.000000    0.000000
         Rot=    0.999930    0.011873    0.000007   -0.000030 Ang=   1.36 deg.
 Overlap will be assumed to be unity.
 Keep J ints in memory in canonical form, NReq=1875445.
 Requested convergence on RMS density matrix=1.00D-08 within 128 cycles.
 Requested convergence on MAX density matrix=1.00D-06.
 Requested convergence on             energy=1.00D-06.
 No special actions if energy rises.
 SCF Done:  E(RPM6) = -0.195579177449     A.U. after   12 cycles
            NFock= 11  Conv=0.14D-08     -V/T= 0.9849
 Calling FoFJK, ICntrl=      2127 FMM=F ISym2X=0 I1Cent= 0 IOpClX= 0 NMat=1 NMatS=1 NMatT=0.
 ***** Axes restored to original set *****
 -------------------------------------------------------------------
 Center     Atomic                   Forces (Hartrees/Bohr)
 Number     Number              X              Y              Z
 -------------------------------------------------------------------
      1        6          -0.002523241   -0.000990259    0.000333607
      2        1           0.004132921   -0.000013177   -0.000044554
      3        1           0.004332675    0.000550860    0.000712577
      4        1           0.004413488    0.000725772   -0.001105830
      5       17          -0.003131982   -0.000174129    0.000063041
      6        9          -0.007223860   -0.000099068    0.000041158
 -------------------------------------------------------------------
 Cartesian Forces:  Max     0.007223860 RMS     0.002660335

 GradGradGradGradGradGradGradGradGradGradGradGradGradGradGradGradGradGrad
 Berny optimization.
 FormGI is forming the generalized inverse of G from B-inverse, IUseBI=4.
 Internal  Forces:  Max     0.007224415 RMS     0.001558824
 Search for a local minimum.
 Step number   1 out of a maximum of   45 on scan point     6 out of    21
 All quantities printed in internal units (Hartrees-Bohrs-Radians)
 Mixed Optimization -- RFO/linear search
 Second derivative matrix not updated -- first step.
 ITU=  0
     Eigenvalues ---    0.02104   0.03073   0.03220   0.04451   0.07525
     Eigenvalues ---    0.08621   0.09610   0.25550   0.30838   0.32444
     Eigenvalues ---    0.487611000.000001000.000001000.000001000.00000
     Eigenvalues --- 1000.000001000.000001000.000001000.000001000.00000
     Eigenvalues --- 1000.000001000.000001000.000001000.000001000.00000
     Eigenvalues --- 1000.000001000.000001000.000001000.000001000.00000
     Eigenvalues --- 1000.000001000.000001000.000001000.000001000.00000
 RFO step:  Lambda=-7.74197076D-04 EMin= 2.10355873D-02
 Linear search not attempted -- first point.
 Iteration  1 RMS(Cart)=  0.01357623 RMS(Int)=  0.00055579
 Iteration  2 RMS(Cart)=  0.00025665 RMS(Int)=  0.00045560
 Iteration  3 RMS(Cart)=  0.00000009 RMS(Int)=  0.00045560
 Iteration  1 RMS(Cart)=  0.00001957 RMS(Int)=  0.00004916
 Iteration  2 RMS(Cart)=  0.00001216 RMS(Int)=  0.00005464
 Iteration  3 RMS(Cart)=  0.00000755 RMS(Int)=  0.00006254
 Iteration  4 RMS(Cart)=  0.00000469 RMS(Int)=  0.00006861
 Iteration  5 RMS(Cart)=  0.00000291 RMS(Int)=  0.00007271
 Iteration  6 RMS(Cart)=  0.00000181 RMS(Int)=  0.00007536
 Iteration  7 RMS(Cart)=  0.00000112 RMS(Int)=  0.00007704
 Iteration  8 RMS(Cart)=  0.00000070 RMS(Int)=  0.00007810
 Variable       Old X    -DE/DX   Delta X   Delta X   Delta X     New X
                                 (Linear)    (Quad)   (Total)
    R1        2.06539   0.00140   0.00000   0.00499   0.00517   2.07056
    R2        2.06266   0.00210   0.00000   0.00802   0.00811   2.07077
    R3        2.06138   0.00244   0.00000   0.00939   0.00945   2.07083
    R4        5.70698   0.00052   0.00000   0.00000   0.00000   5.70698
    R5        2.60348   0.00722   0.00000   0.00520   0.00520   2.60868
    R6        5.52118  -0.00129   0.00000  -0.07490  -0.07524   5.44594
    R7        5.45196  -0.00127   0.00000  -0.05580  -0.05618   5.39578
    R8        5.41990  -0.00126   0.00000  -0.04412  -0.04453   5.37537
    A1        1.94832  -0.00081   0.00000  -0.02582  -0.02693   1.92139
    A2        1.94840  -0.00083   0.00000  -0.02586  -0.02686   1.92154
    A3        1.87030   0.00087   0.00000   0.02849   0.02858   1.89888
    A4        1.94831  -0.00087   0.00000  -0.02636  -0.02723   1.92108
    A5        1.87142   0.00093   0.00000   0.02856   0.02863   1.90005
    A6        1.87194   0.00095   0.00000   0.02849   0.02854   1.90048
    A7        1.47508   0.00068   0.00000   0.03445   0.03467   1.50975
    A8        1.50812   0.00054   0.00000   0.02523   0.02540   1.53352
    A9        1.52357   0.00047   0.00000   0.01952   0.01968   1.54324
   A10        0.63279   0.00053   0.00000   0.00419   0.00399   0.63678
   A11        0.63439   0.00058   0.00000   0.00382   0.00362   0.63800
   A12        0.63834   0.00069   0.00000   0.00297   0.00278   0.64112
    D1       -1.10644   0.00122   0.00000   0.04077   0.03993  -1.06651
    D2        1.08784  -0.00120   0.00000  -0.03415  -0.03334   1.05451
    D3        3.13263   0.00002   0.00000   0.00326   0.00327   3.13590
    D4        1.12691  -0.00122   0.00000  -0.04632  -0.04549   1.08142
    D5       -1.06743   0.00117   0.00000   0.02832   0.02755  -1.03988
    D6       -3.11284  -0.00005   0.00000  -0.00886  -0.00887  -3.12171
    D7       -1.11760   0.00121   0.00000   0.04301   0.04222  -1.07537
    D8        1.07670  -0.00118   0.00000  -0.03161  -0.03086   1.04583
    D9        3.12179   0.00004   0.00000   0.00561   0.00561   3.12740
   D10        0.56062   0.00015   0.00000  -0.00111  -0.00118   0.55944
   D11       -0.55658  -0.00020   0.00000   0.00009   0.00002  -0.55656
   D12       -0.55980   0.00005   0.00000   0.00095   0.00116  -0.55864
   D13        0.54656   0.00012   0.00000   0.00216   0.00231   0.54887
   D14        0.55563  -0.00008   0.00000   0.00006  -0.00007   0.55556
   D15       -0.54642  -0.00003   0.00000  -0.00216  -0.00224  -0.54865
         Item               Value     Threshold  Converged?
 Maximum Force            0.007224     0.000450     NO 
 RMS     Force            0.001575     0.000300     NO 
 Maximum Displacement     0.039630     0.001800     NO 
 RMS     Displacement     0.013649     0.001200     NO 
 Predicted change in Energy=-3.984259D-04
 GradGradGradGradGradGradGradGradGradGradGradGradGradGradGradGradGradGrad

                          Input orientation:                          
 ---------------------------------------------------------------------
 Center     Atomic      Atomic             Coordinates (Angstroms)
 Number     Number       Type             X           Y           Z
 ---------------------------------------------------------------------
      1          6           0        0.210152   -0.904274   -0.004205
      2          1           0        0.574866   -1.937484   -0.005896
      3          1           0        0.563336   -0.381949    0.892024
      4          1           0        0.554331   -0.382012   -0.904006
      5         17           0        3.228640   -0.814234   -0.036504
      6          9           0       -1.170196   -0.919816    0.003069
 ---------------------------------------------------------------------
                    Distance matrix (angstroms):
                    1          2          3          4          5
     1  C    0.000000
     2  H    1.095693   0.000000
     3  H    1.095805   1.796129   0.000000
     4  H    1.095837   1.796250   1.796053   0.000000
     5  Cl   3.020004   2.881865   2.855325   2.844523   0.000000
     6  F    1.380454   2.020141   2.021058   2.021389   4.400282
                    6
     6  F    0.000000
 Stoichiometry    CH3ClF(1-)
 Framework group  C1[X(CH3ClF)]
 Deg. of freedom    12
 Full point group                 C1      NOp   1
 Largest Abelian subgroup         C1      NOp   1
 Largest concise Abelian subgroup C1      NOp   1
                         Standard orientation:                         
 ---------------------------------------------------------------------
 Center     Atomic      Atomic             Coordinates (Angstroms)
 Number     Number       Type             X           Y           Z
 ---------------------------------------------------------------------
      1          6           0        1.142254    0.011332   -0.000099
      2          1           0        0.804060    1.009649   -0.299317
      3          1           0        0.784322   -0.220443    1.009333
      4          1           0        0.776354   -0.738736   -0.710293
      5         17           0       -1.877721   -0.002082    0.000014
      6          9           0        2.522555   -0.009229    0.000070
 ---------------------------------------------------------------------
 Rotational constants (GHZ):    155.2598777      1.9193399      1.9193101
 Standard basis: VSTO-6G (5D, 7F)
 There are    21 symmetry adapted cartesian basis functions of A   symmetry.
 There are    20 symmetry adapted basis functions of A   symmetry.
    20 basis functions,   126 primitive gaussians,    21 cartesian basis functions
    11 alpha electrons       11 beta electrons
       nuclear repulsion energy        65.3907861412 Hartrees.
 Integral buffers will be    131072 words long.
 Regular integral format.
 Two-electron integral symmetry is turned off.
 Do NDO integrals.
 One-electron integrals computed using PRISM.
 NBasis=    20 RedAO= F EigKep=  0.00D+00  NBF=    20
 NBsUse=    20 1.00D-04 EigRej=  0.00D+00 NBFU=    20
 Initial guess from the checkpoint file:  "/scratch/1715567.1.multiway.q/Gau-186785.chk"
 B after Tr=     0.000000    0.000000    0.000000
         Rot=    0.995487    0.094901    0.000017   -0.000098 Ang=  10.89 deg.
 Overlap will be assumed to be unity.
 Keep J ints in memory in canonical form, NReq=1875445.
 Requested convergence on RMS density matrix=1.00D-08 within 128 cycles.
 Requested convergence on MAX density matrix=1.00D-06.
 Requested convergence on             energy=1.00D-06.
 No special actions if energy rises.
 SCF Done:  E(RPM6) = -0.195988479006     A.U. after   11 cycles
            NFock= 10  Conv=0.47D-08     -V/T= 0.9848
 Calling FoFJK, ICntrl=      2127 FMM=F ISym2X=0 I1Cent= 0 IOpClX= 0 NMat=1 NMatS=1 NMatT=0.
 ***** Axes restored to original set *****
 -------------------------------------------------------------------
 Center     Atomic                   Forces (Hartrees/Bohr)
 Number     Number              X              Y              Z
 -------------------------------------------------------------------
      1        6           0.001704855   -0.000154861    0.000055630
      2        1           0.000286557    0.000175058   -0.000035709
      3        1           0.000213949    0.000054349   -0.000085769
      4        1           0.000189101    0.000050327    0.000021617
      5       17          -0.002785398   -0.000139848    0.000047932
      6        9           0.000390935    0.000014976   -0.000003702
 -------------------------------------------------------------------
 Cartesian Forces:  Max     0.002785398 RMS     0.000784427

 GradGradGradGradGradGradGradGradGradGradGradGradGradGradGradGradGradGrad
 Berny optimization.
 Using GEDIIS/GDIIS optimizer.
 FormGI is forming the generalized inverse of G from B-inverse, IUseBI=4.
 Internal  Forces:  Max     0.000951756 RMS     0.000274552
 Search for a local minimum.
 Step number   2 out of a maximum of   45 on scan point     6 out of    21
 All quantities printed in internal units (Hartrees-Bohrs-Radians)
 Mixed Optimization -- En-DIIS/RFO-DIIS
 Update second derivatives using D2CorX and points    1    2
 DE= -4.09D-04 DEPred=-3.98D-04 R= 1.03D+00
 TightC=F SS=  1.41D+00  RLast= 1.62D-01 DXNew= 9.2397D-01 4.8672D-01
 Trust test= 1.03D+00 RLast= 1.62D-01 DXMaxT set to 5.49D-01
 ITU=  1  0
 Use linear search instead of GDIIS.
     Eigenvalues ---    0.02005   0.03061   0.03185   0.04400   0.07279
     Eigenvalues ---    0.08562   0.09528   0.25556   0.30880   0.32399
     Eigenvalues ---    0.498761000.000001000.000001000.000001000.00000
     Eigenvalues --- 1000.000001000.000001000.000001000.000001000.00000
     Eigenvalues --- 1000.000001000.000001000.000001000.000001000.00000
     Eigenvalues --- 1000.000001000.000001000.000001000.000001000.00000
     Eigenvalues --- 1000.000001000.000001000.000001000.000001000.00000
 RFO step:  Lambda=-2.21310963D-06 EMin= 2.00533602D-02
 Quartic linear search produced a step of  0.05912.
 Iteration  1 RMS(Cart)=  0.00123758 RMS(Int)=  0.00003014
 Iteration  2 RMS(Cart)=  0.00000194 RMS(Int)=  0.00003005
 Iteration  3 RMS(Cart)=  0.00000000 RMS(Int)=  0.00003005
 Iteration  1 RMS(Cart)=  0.00000163 RMS(Int)=  0.00000410
 Iteration  2 RMS(Cart)=  0.00000101 RMS(Int)=  0.00000456
 Iteration  3 RMS(Cart)=  0.00000063 RMS(Int)=  0.00000522
 Variable       Old X    -DE/DX   Delta X   Delta X   Delta X     New X
                                 (Linear)    (Quad)   (Total)
    R1        2.07056  -0.00008   0.00031  -0.00006   0.00026   2.07082
    R2        2.07077  -0.00002   0.00048  -0.00015   0.00033   2.07111
    R3        2.07083   0.00001   0.00056  -0.00021   0.00035   2.07119
    R4        5.70698  -0.00095   0.00000   0.00000   0.00000   5.70698
    R5        2.60868  -0.00039   0.00031  -0.00198  -0.00167   2.60701
    R6        5.44594  -0.00068  -0.00445  -0.00309  -0.00756   5.43838
    R7        5.39578  -0.00062  -0.00332  -0.00118  -0.00453   5.39125
    R8        5.37537  -0.00060  -0.00263  -0.00025  -0.00291   5.37246
    A1        1.92139   0.00015  -0.00159  -0.00011  -0.00177   1.91962
    A2        1.92154   0.00012  -0.00159  -0.00061  -0.00226   1.91928
    A3        1.89888  -0.00010   0.00169   0.00080   0.00250   1.90138
    A4        1.92108   0.00010  -0.00161  -0.00139  -0.00305   1.91802
    A5        1.90005  -0.00013   0.00169   0.00068   0.00238   1.90243
    A6        1.90048  -0.00014   0.00169   0.00067   0.00236   1.90285
    A7        1.50975  -0.00015   0.00205   0.00147   0.00353   1.51329
    A8        1.53352  -0.00019   0.00150   0.00059   0.00210   1.53562
    A9        1.54324  -0.00020   0.00116   0.00016   0.00133   1.54458
   A10        0.63678   0.00010   0.00024   0.00021   0.00043   0.63721
   A11        0.63800   0.00009   0.00021   0.00003   0.00023   0.63823
   A12        0.64112   0.00010   0.00016  -0.00029  -0.00014   0.64099
    D1       -1.06651  -0.00014   0.00236   0.00151   0.00382  -1.06269
    D2        1.05451   0.00016  -0.00197  -0.00069  -0.00261   1.05190
    D3        3.13590   0.00000   0.00019   0.00026   0.00045   3.13635
    D4        1.08142   0.00012  -0.00269  -0.00209  -0.00473   1.07669
    D5       -1.03988  -0.00019   0.00163  -0.00035   0.00122  -1.03865
    D6       -3.12171   0.00000  -0.00052  -0.00076  -0.00129  -3.12299
    D7       -1.07537  -0.00014   0.00250   0.00153   0.00397  -1.07140
    D8        1.04583   0.00019  -0.00182   0.00009  -0.00168   1.04415
    D9        3.12740   0.00000   0.00033   0.00050   0.00083   3.12824
   D10        0.55944   0.00000  -0.00007  -0.00058  -0.00066   0.55878
   D11       -0.55656  -0.00002   0.00000   0.00016   0.00016  -0.55640
   D12       -0.55864   0.00002   0.00007   0.00051   0.00059  -0.55805
   D13        0.54887   0.00004   0.00014   0.00064   0.00079   0.54966
   D14        0.55556  -0.00001   0.00000  -0.00007  -0.00008   0.55548
   D15       -0.54865  -0.00003  -0.00013  -0.00067  -0.00081  -0.54946
         Item               Value     Threshold  Converged?
 Maximum Force            0.000391     0.000450     YES
 RMS     Force            0.000085     0.000300     YES
 Maximum Displacement     0.003728     0.001800     NO 
 RMS     Displacement     0.001238     0.001200     NO 
 Predicted change in Energy=-2.502925D-06
 GradGradGradGradGradGradGradGradGradGradGradGradGradGradGradGradGradGrad

                          Input orientation:                          
 ---------------------------------------------------------------------
 Center     Atomic      Atomic             Coordinates (Angstroms)
 Number     Number       Type             X           Y           Z
 ---------------------------------------------------------------------
      1          6           0        0.208721   -0.904193   -0.004234
      2          1           0        0.576839   -1.936339   -0.006252
      3          1           0        0.564285   -0.381422    0.891010
      4          1           0        0.554762   -0.381666   -0.903396
      5         17           0        3.227251   -0.815383   -0.036080
      6          9           0       -1.170729   -0.920766    0.003433
 ---------------------------------------------------------------------
                    Distance matrix (angstroms):
                    1          2          3          4          5
     1  C    0.000000
     2  H    1.095829   0.000000
     3  H    1.095982   1.795272   0.000000
     4  H    1.096024   1.795093   1.794431   0.000000
     5  Cl   3.020004   2.877866   2.852929   2.842981   0.000000
     6  F    1.379571   2.021256   2.022117   2.022446   4.399420
                    6
     6  F    0.000000
 Stoichiometry    CH3ClF(1-)
 Framework group  C1[X(CH3ClF)]
 Deg. of freedom    12
 Full point group                 C1      NOp   1
 Largest Abelian subgroup         C1      NOp   1
 Largest concise Abelian subgroup C1      NOp   1
                         Standard orientation:                         
 ---------------------------------------------------------------------
 Center     Atomic      Atomic             Coordinates (Angstroms)
 Number     Number       Type             X           Y           Z
 ---------------------------------------------------------------------
      1          6           0        1.142697    0.010432    0.002041
      2          1           0        0.800921    1.047886   -0.085821
      3          1           0        0.782395   -0.424388    0.941344
      4          1           0        0.775055   -0.577864   -0.846496
      5         17           0       -1.877280   -0.001900   -0.000374
      6          9           0        2.522134   -0.008437   -0.001657
 ---------------------------------------------------------------------
 Rotational constants (GHZ):    155.4925638      1.9200589      1.9200245
 Standard basis: VSTO-6G (5D, 7F)
 There are    21 symmetry adapted cartesian basis functions of A   symmetry.
 There are    20 symmetry adapted basis functions of A   symmetry.
    20 basis functions,   126 primitive gaussians,    21 cartesian basis functions
    11 alpha electrons       11 beta electrons
       nuclear repulsion energy        65.3963234947 Hartrees.
 Integral buffers will be    131072 words long.
 Regular integral format.
 Two-electron integral symmetry is turned off.
 Do NDO integrals.
 One-electron integrals computed using PRISM.
 NBasis=    20 RedAO= F EigKep=  0.00D+00  NBF=    20
 NBsUse=    20 1.00D-04 EigRej=  0.00D+00 NBFU=    20
 Initial guess from the checkpoint file:  "/scratch/1715567.1.multiway.q/Gau-186785.chk"
 B after Tr=     0.000000    0.000000    0.000000
         Rot=    0.994648   -0.103320    0.000002   -0.000013 Ang= -11.86 deg.
 Overlap will be assumed to be unity.
 Keep J ints in memory in canonical form, NReq=1875445.
 Requested convergence on RMS density matrix=1.00D-08 within 128 cycles.
 Requested convergence on MAX density matrix=1.00D-06.
 Requested convergence on             energy=1.00D-06.
 No special actions if energy rises.
 SCF Done:  E(RPM6) = -0.195991177837     A.U. after   10 cycles
            NFock=  9  Conv=0.49D-08     -V/T= 0.9848
 Calling FoFJK, ICntrl=      2127 FMM=F ISym2X=0 I1Cent= 0 IOpClX= 0 NMat=1 NMatS=1 NMatT=0.
 ***** Axes restored to original set *****
 -------------------------------------------------------------------
 Center     Atomic                   Forces (Hartrees/Bohr)
 Number     Number              X              Y              Z
 -------------------------------------------------------------------
      1        6           0.002682793   -0.000059763    0.000022566
      2        1           0.000047399    0.000115590   -0.000012944
      3        1          -0.000030464    0.000028142   -0.000011318
      4        1          -0.000061207    0.000044109   -0.000041925
      5       17          -0.002743223   -0.000133401    0.000045316
      6        9           0.000104703    0.000005322   -0.000001695
 -------------------------------------------------------------------
 Cartesian Forces:  Max     0.002743223 RMS     0.000906233

 GradGradGradGradGradGradGradGradGradGradGradGradGradGradGradGradGradGrad
 Berny optimization.
 Using GEDIIS/GDIIS optimizer.
 FormGI is forming the generalized inverse of G from B-inverse, IUseBI=4.
 Internal  Forces:  Max     0.001045249 RMS     0.000288234
 Search for a local minimum.
 Step number   3 out of a maximum of   45 on scan point     6 out of    21
 All quantities printed in internal units (Hartrees-Bohrs-Radians)
 Mixed Optimization -- En-DIIS/RFO-DIIS
 Swapping is turned off.
 Update second derivatives using D2CorX and points    1    2    3
 DE= -2.70D-06 DEPred=-2.50D-06 R= 1.08D+00
 TightC=F SS=  1.41D+00  RLast= 1.46D-02 DXNew= 9.2397D-01 4.3651D-02
 Trust test= 1.08D+00 RLast= 1.46D-02 DXMaxT set to 5.49D-01
 ITU=  1  1  0
     Eigenvalues ---    0.01674   0.03176   0.03472   0.04407   0.07257
     Eigenvalues ---    0.08553   0.09520   0.25759   0.30814   0.32391
     Eigenvalues ---    0.486161000.000001000.000001000.000001000.00000
     Eigenvalues --- 1000.000001000.000001000.000001000.000001000.00000
     Eigenvalues --- 1000.000001000.000001000.000001000.000001000.00000
     Eigenvalues --- 1000.000001000.000001000.000001000.000001000.00000
     Eigenvalues --- 1000.000001000.000001000.000001000.000001000.00000
 En-DIIS/RFO-DIIS IScMMF=        0 using points:     3    2
 RFO step:  Lambda=-1.64478505D-07.
 DidBck=F Rises=F RFO-DIIS coefs:    1.11704   -0.11704
 Iteration  1 RMS(Cart)=  0.00046004 RMS(Int)=  0.00000049
 Iteration  2 RMS(Cart)=  0.00000012 RMS(Int)=  0.00000046
 Iteration  1 RMS(Cart)=  0.00000036 RMS(Int)=  0.00000089
 Variable       Old X    -DE/DX   Delta X   Delta X   Delta X     New X
                                 (Linear)    (Quad)   (Total)
    R1        2.07082  -0.00012   0.00003  -0.00009  -0.00005   2.07076
    R2        2.07111  -0.00006   0.00004  -0.00003   0.00001   2.07112
    R3        2.07119  -0.00004   0.00004  -0.00001   0.00003   2.07122
    R4        5.70698  -0.00105   0.00000   0.00000   0.00000   5.70698
    R5        2.60701  -0.00010  -0.00020  -0.00016  -0.00035   2.60666
    R6        5.43838  -0.00063  -0.00088  -0.00146  -0.00234   5.43603
    R7        5.39125  -0.00057  -0.00053   0.00041  -0.00012   5.39114
    R8        5.37246  -0.00054  -0.00034   0.00122   0.00088   5.37334
    A1        1.91962   0.00019  -0.00021  -0.00005  -0.00025   1.91936
    A2        1.91928   0.00019  -0.00026   0.00000  -0.00026   1.91901
    A3        1.90138  -0.00018   0.00029   0.00004   0.00034   1.90171
    A4        1.91802   0.00019  -0.00036   0.00014  -0.00022   1.91780
    A5        1.90243  -0.00020   0.00028  -0.00005   0.00023   1.90266
    A6        1.90285  -0.00020   0.00028  -0.00009   0.00019   1.90304
    A7        1.51329  -0.00021   0.00041   0.00070   0.00112   1.51440
    A8        1.53562  -0.00025   0.00025  -0.00019   0.00005   1.53567
    A9        1.54458  -0.00027   0.00016  -0.00058  -0.00043   1.54415
   A10        0.63721   0.00009   0.00005   0.00004   0.00009   0.63730
   A11        0.63823   0.00009   0.00003   0.00001   0.00004   0.63827
   A12        0.64099   0.00010  -0.00002  -0.00007  -0.00009   0.64089
    D1       -1.06269  -0.00023   0.00045   0.00015   0.00060  -1.06210
    D2        1.05190   0.00025  -0.00031   0.00029  -0.00001   1.05189
    D3        3.13635   0.00000   0.00005   0.00021   0.00026   3.13661
    D4        1.07669   0.00022  -0.00055  -0.00071  -0.00126   1.07543
    D5       -1.03865  -0.00026   0.00014  -0.00077  -0.00063  -1.03928
    D6       -3.12299  -0.00001  -0.00015  -0.00071  -0.00086  -3.12386
    D7       -1.07140  -0.00022   0.00047   0.00050   0.00097  -1.07043
    D8        1.04415   0.00025  -0.00020   0.00053   0.00034   1.04449
    D9        3.12824   0.00001   0.00010   0.00050   0.00060   3.12884
   D10        0.55878   0.00001  -0.00008  -0.00013  -0.00021   0.55857
   D11       -0.55640  -0.00002   0.00002   0.00005   0.00007  -0.55633
   D12       -0.55805   0.00001   0.00007   0.00012   0.00019  -0.55786
   D13        0.54966   0.00002   0.00009   0.00017   0.00026   0.54991
   D14        0.55548  -0.00001  -0.00001  -0.00004  -0.00005   0.55543
   D15       -0.54946  -0.00001  -0.00009  -0.00017  -0.00026  -0.54972
         Item               Value     Threshold  Converged?
 Maximum Force            0.000105     0.000450     YES
 RMS     Force            0.000028     0.000300     YES
 Maximum Displacement     0.001328     0.001800     YES
 RMS     Displacement     0.000460     0.001200     YES
 Predicted change in Energy=-1.692482D-07
 Optimization completed.
    -- Stationary point found.
                           ----------------------------
                           !   Optimized Parameters   !
                           ! (Angstroms and Degrees)  !
 --------------------------                            --------------------------
 ! Name  Definition              Value          Derivative Info.                !
 --------------------------------------------------------------------------------
 ! R1    R(1,2)                  1.0958         -DE/DX =   -0.0001              !
 ! R2    R(1,3)                  1.096          -DE/DX =   -0.0001              !
 ! R3    R(1,4)                  1.096          -DE/DX =    0.0                 !
 ! R4    R(1,5)                  3.02           -DE/DX =   -0.001               !
 ! R5    R(1,6)                  1.3796         -DE/DX =   -0.0001              !
 ! R6    R(2,5)                  2.8779         -DE/DX =   -0.0006              !
 ! R7    R(3,5)                  2.8529         -DE/DX =   -0.0006              !
 ! R8    R(4,5)                  2.843          -DE/DX =   -0.0005              !
 ! A1    A(2,1,3)              109.9859         -DE/DX =    0.0002              !
 ! A2    A(2,1,4)              109.9665         -DE/DX =    0.0002              !
 ! A3    A(2,1,6)              108.9409         -DE/DX =   -0.0002              !
 ! A4    A(3,1,4)              109.8947         -DE/DX =    0.0002              !
 ! A5    A(3,1,6)              109.0012         -DE/DX =   -0.0002              !
 ! A6    A(4,1,6)              109.0252         -DE/DX =   -0.0002              !
 ! A7    A(1,2,5)               86.7049         -DE/DX =   -0.0002              !
 ! A8    A(1,3,5)               87.9843         -DE/DX =   -0.0003              !
 ! A9    A(1,4,5)               88.4977         -DE/DX =   -0.0003              !
 ! A10   A(2,5,3)               36.5092         -DE/DX =    0.0001              !
 ! A11   A(2,5,4)               36.568          -DE/DX =    0.0001              !
 ! A12   A(3,5,4)               36.7257         -DE/DX =    0.0001              !
 ! D1    D(3,1,2,5)            -60.8879         -DE/DX =   -0.0002              !
 ! D2    D(4,1,2,5)             60.2693         -DE/DX =    0.0002              !
 ! D3    D(6,1,2,5)            179.6995         -DE/DX =    0.0                 !
 ! D4    D(2,1,3,5)             61.69           -DE/DX =    0.0002              !
 ! D5    D(4,1,3,5)            -59.5103         -DE/DX =   -0.0003              !
 ! D6    D(6,1,3,5)           -178.9343         -DE/DX =    0.0                 !
 ! D7    D(2,1,4,5)            -61.3865         -DE/DX =   -0.0002              !
 ! D8    D(3,1,4,5)             59.8254         -DE/DX =    0.0003              !
 ! D9    D(6,1,4,5)            179.2348         -DE/DX =    0.0                 !
 ! D10   D(1,2,5,3)             32.0159         -DE/DX =    0.0                 !
 ! D11   D(1,2,5,4)            -31.8794         -DE/DX =    0.0                 !
 ! D12   D(1,3,5,2)            -31.9738         -DE/DX =    0.0                 !
 ! D13   D(1,3,5,4)             31.4929         -DE/DX =    0.0                 !
 ! D14   D(1,4,5,2)             31.8264         -DE/DX =    0.0                 !
 ! D15   D(1,4,5,3)            -31.4819         -DE/DX =    0.0                 !
 --------------------------------------------------------------------------------
 Iteration  1 RMS(Cart)=  0.01002124 RMS(Int)=  0.02518151
 Iteration  2 RMS(Cart)=  0.00011912 RMS(Int)=  0.02518096
 Iteration  3 RMS(Cart)=  0.00000141 RMS(Int)=  0.02518096
 Iteration  4 RMS(Cart)=  0.00000003 RMS(Int)=  0.02518096
 Iteration  1 RMS(Cart)=  0.00621225 RMS(Int)=  0.01566838
 Iteration  2 RMS(Cart)=  0.00385892 RMS(Int)=  0.01741670
 Iteration  3 RMS(Cart)=  0.00240156 RMS(Int)=  0.01993961
 Iteration  4 RMS(Cart)=  0.00149621 RMS(Int)=  0.02188418
 Iteration  5 RMS(Cart)=  0.00093278 RMS(Int)=  0.02320363
 Iteration  6 RMS(Cart)=  0.00058174 RMS(Int)=  0.02406096
 Iteration  7 RMS(Cart)=  0.00036290 RMS(Int)=  0.02460768
 Iteration  8 RMS(Cart)=  0.00022642 RMS(Int)=  0.02495309
 Iteration  9 RMS(Cart)=  0.00014128 RMS(Int)=  0.02517023
 Iteration 10 RMS(Cart)=  0.00008816 RMS(Int)=  0.02530632
 Iteration 11 RMS(Cart)=  0.00005501 RMS(Int)=  0.02539149
 Iteration 12 RMS(Cart)=  0.00003433 RMS(Int)=  0.02544472
 Iteration 13 RMS(Cart)=  0.00002142 RMS(Int)=  0.02547798
 Iteration 14 RMS(Cart)=  0.00001337 RMS(Int)=  0.02549874
 Iteration 15 RMS(Cart)=  0.00000834 RMS(Int)=  0.02551171
 Iteration 16 RMS(Cart)=  0.00000521 RMS(Int)=  0.02551980
 Iteration 17 RMS(Cart)=  0.00000325 RMS(Int)=  0.02552485
 Iteration 18 RMS(Cart)=  0.00000203 RMS(Int)=  0.02552801
 Iteration 19 RMS(Cart)=  0.00000127 RMS(Int)=  0.02552997
 Iteration 20 RMS(Cart)=  0.00000079 RMS(Int)=  0.02553120
 GradGradGradGradGradGradGradGradGradGradGradGradGradGradGradGradGradGrad

                          Input orientation:                          
 ---------------------------------------------------------------------
 Center     Atomic      Atomic             Coordinates (Angstroms)
 Number     Number       Type             X           Y           Z
 ---------------------------------------------------------------------
      1          6           0        0.243520   -0.902938   -0.004671
      2          1           0        0.576274   -1.943864   -0.006317
      3          1           0        0.562508   -0.377432    0.897574
      4          1           0        0.552441   -0.377704   -0.910041
      5         17           0        3.162120   -0.817707   -0.035256
      6          9           0       -1.135735   -0.920122    0.003192
 ---------------------------------------------------------------------
                    Distance matrix (angstroms):
                    1          2          3          4          5
     1  C    0.000000
     2  H    1.092820   0.000000
     3  H    1.091767   1.808568   0.000000
     4  H    1.091328   1.808353   1.807643   0.000000
     5  Cl   2.920005   2.820580   2.796783   2.787343   0.000000
     6  F    1.379384   1.994771   1.994608   1.994529   4.299247
                    6
     6  F    0.000000
 Stoichiometry    CH3ClF(1-)
 Framework group  C1[X(CH3ClF)]
 Deg. of freedom    12
 Full point group                 C1      NOp   1
 Largest Abelian subgroup         C1      NOp   1
 Largest concise Abelian subgroup C1      NOp   1
                         Standard orientation:                         
 ---------------------------------------------------------------------
 Center     Atomic      Atomic             Coordinates (Angstroms)
 Number     Number       Type             X           Y           Z
 ---------------------------------------------------------------------
      1          6           0        1.091055    0.009886    0.002154
      2          1           0        0.784673    1.056869   -0.062759
      3          1           0        0.767354   -0.449304    0.938272
      4          1           0        0.760530   -0.563237   -0.865764
      5         17           0       -1.828926   -0.001849   -0.000405
      6          9           0        2.470317   -0.008023   -0.001754
 ---------------------------------------------------------------------
 Rotational constants (GHZ):    153.2344781      2.0166909      2.0166537
 Standard basis: VSTO-6G (5D, 7F)
 There are    21 symmetry adapted cartesian basis functions of A   symmetry.
 There are    20 symmetry adapted basis functions of A   symmetry.
    20 basis functions,   126 primitive gaussians,    21 cartesian basis functions
    11 alpha electrons       11 beta electrons
       nuclear repulsion energy        65.7801247349 Hartrees.
 Integral buffers will be    131072 words long.
 Regular integral format.
 Two-electron integral symmetry is turned off.
 Do NDO integrals.
 One-electron integrals computed using PRISM.
 NBasis=    20 RedAO= F EigKep=  0.00D+00  NBF=    20
 NBsUse=    20 1.00D-04 EigRej=  0.00D+00 NBFU=    20
 Initial guess from the checkpoint file:  "/scratch/1715567.1.multiway.q/Gau-186785.chk"
 B after Tr=     0.000000    0.000000    0.000000
         Rot=    0.999936   -0.011278    0.000005   -0.000025 Ang=  -1.29 deg.
 Overlap will be assumed to be unity.
 Keep J ints in memory in canonical form, NReq=1875445.
 Requested convergence on RMS density matrix=1.00D-08 within 128 cycles.
 Requested convergence on MAX density matrix=1.00D-06.
 Requested convergence on             energy=1.00D-06.
 No special actions if energy rises.
 SCF Done:  E(RPM6) = -0.195947680933     A.U. after   11 cycles
            NFock= 10  Conv=0.10D-07     -V/T= 0.9849
 Calling FoFJK, ICntrl=      2127 FMM=F ISym2X=0 I1Cent= 0 IOpClX= 0 NMat=1 NMatS=1 NMatT=0.
 ***** Axes restored to original set *****
 -------------------------------------------------------------------
 Center     Atomic                   Forces (Hartrees/Bohr)
 Number     Number              X              Y              Z
 -------------------------------------------------------------------
      1        6          -0.003680205   -0.000762351    0.000238163
      2        1           0.003912532   -0.000102429   -0.000044726
      3        1           0.003978221    0.000494856    0.000616281
      4        1           0.003996343    0.000604072   -0.000895581
      5       17          -0.000836790   -0.000107280    0.000033912
      6        9          -0.007370101   -0.000126868    0.000051951
 -------------------------------------------------------------------
 Cartesian Forces:  Max     0.007370101 RMS     0.002561910

 GradGradGradGradGradGradGradGradGradGradGradGradGradGradGradGradGradGrad
 Berny optimization.
 FormGI is forming the generalized inverse of G from B-inverse, IUseBI=4.
 Internal  Forces:  Max     0.007371286 RMS     0.001562244
 Search for a local minimum.
 Step number   1 out of a maximum of   45 on scan point     7 out of    21
 All quantities printed in internal units (Hartrees-Bohrs-Radians)
 Mixed Optimization -- RFO/linear search
 Second derivative matrix not updated -- first step.
 ITU=  0
     Eigenvalues ---    0.01679   0.03189   0.03440   0.04476   0.07550
     Eigenvalues ---    0.08620   0.09603   0.25740   0.30722   0.32399
     Eigenvalues ---    0.486541000.000001000.000001000.000001000.00000
     Eigenvalues --- 1000.000001000.000001000.000001000.000001000.00000
     Eigenvalues --- 1000.000001000.000001000.000001000.000001000.00000
     Eigenvalues --- 1000.000001000.000001000.000001000.000001000.00000
     Eigenvalues --- 1000.000001000.000001000.000001000.000001000.00000
 RFO step:  Lambda=-6.63116423D-04 EMin= 1.67947822D-02
 Linear search not attempted -- first point.
 Iteration  1 RMS(Cart)=  0.01409455 RMS(Int)=  0.00050793
 Iteration  2 RMS(Cart)=  0.00023577 RMS(Int)=  0.00040936
 Iteration  3 RMS(Cart)=  0.00000007 RMS(Int)=  0.00040936
 Iteration  1 RMS(Cart)=  0.00001554 RMS(Int)=  0.00003900
 Iteration  2 RMS(Cart)=  0.00000965 RMS(Int)=  0.00004335
 Iteration  3 RMS(Cart)=  0.00000599 RMS(Int)=  0.00004961
 Iteration  4 RMS(Cart)=  0.00000372 RMS(Int)=  0.00005442
 Iteration  5 RMS(Cart)=  0.00000231 RMS(Int)=  0.00005767
 Iteration  6 RMS(Cart)=  0.00000143 RMS(Int)=  0.00005977
 Iteration  7 RMS(Cart)=  0.00000089 RMS(Int)=  0.00006111
 Variable       Old X    -DE/DX   Delta X   Delta X   Delta X     New X
                                 (Linear)    (Quad)   (Total)
    R1        2.06513   0.00142   0.00000   0.00375   0.00399   2.06912
    R2        2.06314   0.00192   0.00000   0.00688   0.00696   2.07010
    R3        2.06231   0.00213   0.00000   0.00819   0.00823   2.07054
    R4        5.51801   0.00124   0.00000   0.00000   0.00000   5.51801
    R5        2.60666   0.00737   0.00000   0.00359   0.00359   2.61025
    R6        5.33012  -0.00079   0.00000  -0.08478  -0.08505   5.24507
    R7        5.28515  -0.00072   0.00000  -0.04840  -0.04870   5.23645
    R8        5.26731  -0.00070   0.00000  -0.02980  -0.03014   5.23717
    A1        1.95062  -0.00087   0.00000  -0.02412  -0.02518   1.92544
    A2        1.95086  -0.00089   0.00000  -0.02412  -0.02500   1.92586
    A3        1.86775   0.00097   0.00000   0.02780   0.02788   1.89563
    A4        1.95113  -0.00092   0.00000  -0.02412  -0.02482   1.92630
    A5        1.86861   0.00099   0.00000   0.02640   0.02649   1.89510
    A6        1.86896   0.00100   0.00000   0.02568   0.02573   1.89469
    A7        1.46948   0.00079   0.00000   0.03912   0.03937   1.50886
    A8        1.49088   0.00068   0.00000   0.02176   0.02189   1.51277
    A9        1.49942   0.00063   0.00000   0.01280   0.01293   1.51236
   A10        0.65555   0.00045   0.00000   0.00481   0.00461   0.66016
   A11        0.65656   0.00048   0.00000   0.00395   0.00373   0.66029
   A12        0.65929   0.00055   0.00000   0.00200   0.00183   0.66112
    D1       -1.10612   0.00132   0.00000   0.04038   0.03963  -1.06648
    D2        1.09563  -0.00130   0.00000  -0.02971  -0.02899   1.06664
    D3        3.13663   0.00001   0.00000   0.00491   0.00492   3.14155
    D4        1.11936  -0.00133   0.00000  -0.05106  -0.05031   1.06904
    D5       -1.08225   0.00127   0.00000   0.01905   0.01843  -1.06382
    D6       -3.12391  -0.00004   0.00000  -0.01474  -0.01476  -3.13867
    D7       -1.11405   0.00132   0.00000   0.04573   0.04505  -1.06900
    D8        1.08742  -0.00127   0.00000  -0.02438  -0.02381   1.06362
    D9        3.12888   0.00003   0.00000   0.00984   0.00984   3.13871
   D10        0.56057   0.00011   0.00000  -0.00275  -0.00283   0.55774
   D11       -0.55822  -0.00015   0.00000   0.00071   0.00057  -0.55764
   D12       -0.55996   0.00003   0.00000   0.00229   0.00266  -0.55730
   D13        0.55162   0.00009   0.00000   0.00404   0.00428   0.55590
   D14        0.55745  -0.00005   0.00000  -0.00015  -0.00037   0.55708
   D15       -0.55147  -0.00004   0.00000  -0.00415  -0.00431  -0.55578
         Item               Value     Threshold  Converged?
 Maximum Force            0.007371     0.000450     NO 
 RMS     Force            0.001547     0.000300     NO 
 Maximum Displacement     0.045880     0.001800     NO 
 RMS     Displacement     0.014150     0.001200     NO 
 Predicted change in Energy=-3.401154D-04
 GradGradGradGradGradGradGradGradGradGradGradGradGradGradGradGradGradGrad

                          Input orientation:                          
 ---------------------------------------------------------------------
 Center     Atomic      Atomic             Coordinates (Angstroms)
 Number     Number       Type             X           Y           Z
 ---------------------------------------------------------------------
      1          6           0        0.229347   -0.900689   -0.005454
      2          1           0        0.600552   -1.930771   -0.008440
      3          1           0        0.575213   -0.374300    0.890814
      4          1           0        0.559212   -0.374303   -0.908024
      5         17           0        3.148383   -0.829930   -0.030979
      6          9           0       -1.151579   -0.929776    0.006565
 ---------------------------------------------------------------------
                    Distance matrix (angstroms):
                    1          2          3          4          5
     1  C    0.000000
     2  H    1.094930   0.000000
     3  H    1.095448   1.797749   0.000000
     4  H    1.095685   1.798208   1.798910   0.000000
     5  Cl   2.920006   2.775572   2.771012   2.771392   0.000000
     6  F    1.381284   2.017964   2.017984   2.017877   4.301285
                    6
     6  F    0.000000
 Stoichiometry    CH3ClF(1-)
 Framework group  C1[X(CH3ClF)]
 Deg. of freedom    12
 Full point group                 C1      NOp   1
 Largest Abelian subgroup         C1      NOp   1
 Largest concise Abelian subgroup C1      NOp   1
                         Standard orientation:                         
 ---------------------------------------------------------------------
 Center     Atomic      Atomic             Coordinates (Angstroms)
 Number     Number       Type             X           Y           Z
 ---------------------------------------------------------------------
      1          6           0        1.093022    0.000419   -0.001841
      2          1           0        0.746081    0.213299   -1.018297
      3          1           0        0.742734    0.774500    0.689609
      4          1           0        0.743030   -0.986301    0.321293
      5         17           0       -1.826982   -0.000077    0.000338
      6          9           0        2.474302   -0.000300    0.001410
 ---------------------------------------------------------------------
 Rotational constants (GHZ):    155.0601874      2.0163721      2.0163531
 Standard basis: VSTO-6G (5D, 7F)
 There are    21 symmetry adapted cartesian basis functions of A   symmetry.
 There are    20 symmetry adapted basis functions of A   symmetry.
    20 basis functions,   126 primitive gaussians,    21 cartesian basis functions
    11 alpha electrons       11 beta electrons
       nuclear repulsion energy        65.7487510040 Hartrees.
 Integral buffers will be    131072 words long.
 Regular integral format.
 Two-electron integral symmetry is turned off.
 Do NDO integrals.
 One-electron integrals computed using PRISM.
 NBasis=    20 RedAO= F EigKep=  0.00D+00  NBF=    20
 NBsUse=    20 1.00D-04 EigRej=  0.00D+00 NBFU=    20
 Initial guess from the checkpoint file:  "/scratch/1715567.1.multiway.q/Gau-186785.chk"
 B after Tr=     0.000000    0.000000    0.000000
         Rot=    0.795687    0.605708   -0.000061   -0.000153 Ang=  74.56 deg.
 Overlap will be assumed to be unity.
 Keep J ints in memory in canonical form, NReq=1875445.
 Requested convergence on RMS density matrix=1.00D-08 within 128 cycles.
 Requested convergence on MAX density matrix=1.00D-06.
 Requested convergence on             energy=1.00D-06.
 No special actions if energy rises.
 SCF Done:  E(RPM6) = -0.196295847355     A.U. after   11 cycles
            NFock= 10  Conv=0.74D-08     -V/T= 0.9848
 Calling FoFJK, ICntrl=      2127 FMM=F ISym2X=0 I1Cent= 0 IOpClX= 0 NMat=1 NMatS=1 NMatT=0.
 ***** Axes restored to original set *****
 -------------------------------------------------------------------
 Center     Atomic                   Forces (Hartrees/Bohr)
 Number     Number              X              Y              Z
 -------------------------------------------------------------------
      1        6           0.000408804    0.000254637   -0.000092480
      2        1           0.000237826   -0.000279961   -0.000020629
      3        1           0.000185113    0.000089678    0.000040729
      4        1           0.000184192    0.000014737    0.000048570
      5       17          -0.000200226   -0.000019116    0.000001091
      6        9          -0.000815708   -0.000059975    0.000022719
 -------------------------------------------------------------------
 Cartesian Forces:  Max     0.000815708 RMS     0.000254547

 GradGradGradGradGradGradGradGradGradGradGradGradGradGradGradGradGradGrad
 Berny optimization.
 Using GEDIIS/GDIIS optimizer.
 FormGI is forming the generalized inverse of G from B-inverse, IUseBI=4.
 Internal  Forces:  Max     0.000816957 RMS     0.000154154
 Search for a local minimum.
 Step number   2 out of a maximum of   45 on scan point     7 out of    21
 All quantities printed in internal units (Hartrees-Bohrs-Radians)
 Mixed Optimization -- En-DIIS/RFO-DIIS
 Update second derivatives using D2CorX and points    1    2
 DE= -3.48D-04 DEPred=-3.40D-04 R= 1.02D+00
 TightC=F SS=  1.41D+00  RLast= 1.59D-01 DXNew= 9.2397D-01 4.7605D-01
 Trust test= 1.02D+00 RLast= 1.59D-01 DXMaxT set to 5.49D-01
 ITU=  1  0
 Use linear search instead of GDIIS.
     Eigenvalues ---    0.01698   0.03150   0.03455   0.04443   0.07316
     Eigenvalues ---    0.08564   0.09523   0.25702   0.30816   0.32359
     Eigenvalues ---    0.468231000.000001000.000001000.000001000.00000
     Eigenvalues --- 1000.000001000.000001000.000001000.000001000.00000
     Eigenvalues --- 1000.000001000.000001000.000001000.000001000.00000
     Eigenvalues --- 1000.000001000.000001000.000001000.000001000.00000
     Eigenvalues --- 1000.000001000.000001000.000001000.000001000.00000
 RFO step:  Lambda=-9.08824422D-07 EMin= 1.69783285D-02
 Quartic linear search produced a step of  0.05082.
 Iteration  1 RMS(Cart)=  0.00073923 RMS(Int)=  0.00002133
 Iteration  2 RMS(Cart)=  0.00000039 RMS(Int)=  0.00002133
 Iteration  1 RMS(Cart)=  0.00000135 RMS(Int)=  0.00000338
 Iteration  2 RMS(Cart)=  0.00000084 RMS(Int)=  0.00000376
 Variable       Old X    -DE/DX   Delta X   Delta X   Delta X     New X
                                 (Linear)    (Quad)   (Total)
    R1        2.06912   0.00030   0.00020   0.00075   0.00096   2.07008
    R2        2.07010   0.00013   0.00035   0.00012   0.00047   2.07057
    R3        2.07054   0.00003   0.00042  -0.00019   0.00023   2.07078
    R4        5.51801   0.00000   0.00000   0.00000   0.00000   5.51801
    R5        2.61025   0.00082   0.00018   0.00110   0.00128   2.61153
    R6        5.24507  -0.00006  -0.00432   0.00088  -0.00346   5.24161
    R7        5.23645  -0.00006  -0.00247   0.00087  -0.00162   5.23483
    R8        5.23717  -0.00007  -0.00153   0.00052  -0.00103   5.23614
    A1        1.92544  -0.00001  -0.00128   0.00064  -0.00069   1.92475
    A2        1.92586  -0.00003  -0.00127   0.00041  -0.00090   1.92496
    A3        1.89563   0.00000   0.00142  -0.00079   0.00063   1.89626
    A4        1.92630  -0.00006  -0.00126  -0.00001  -0.00130   1.92500
    A5        1.89510   0.00004   0.00135  -0.00029   0.00107   1.89616
    A6        1.89469   0.00006   0.00131  -0.00001   0.00130   1.89600
    A7        1.50886  -0.00002   0.00200  -0.00054   0.00148   1.51033
    A8        1.51277   0.00001   0.00111  -0.00043   0.00069   1.51346
    A9        1.51236   0.00003   0.00066  -0.00022   0.00045   1.51280
   A10        0.66016   0.00008   0.00023   0.00018   0.00041   0.66056
   A11        0.66029   0.00006   0.00019   0.00010   0.00028   0.66056
   A12        0.66112   0.00002   0.00009  -0.00011  -0.00002   0.66110
    D1       -1.06648   0.00006   0.00201  -0.00038   0.00160  -1.06489
    D2        1.06664  -0.00005  -0.00147   0.00032  -0.00112   1.06553
    D3        3.14155   0.00001   0.00025   0.00007   0.00032  -3.14131
    D4        1.06904  -0.00006  -0.00256   0.00037  -0.00215   1.06689
    D5       -1.06382   0.00003   0.00094  -0.00058   0.00033  -1.06349
    D6       -3.13867  -0.00004  -0.00075  -0.00039  -0.00114  -3.13981
    D7       -1.06900   0.00005   0.00229  -0.00041   0.00185  -1.06715
    D8        1.06362  -0.00003  -0.00121   0.00067  -0.00051   1.06311
    D9        3.13871   0.00003   0.00050   0.00032   0.00082   3.13953
   D10        0.55774  -0.00003  -0.00014  -0.00023  -0.00038   0.55736
   D11       -0.55764   0.00004   0.00003   0.00018   0.00021  -0.55744
   D12       -0.55730  -0.00002   0.00013   0.00005   0.00020  -0.55710
   D13        0.55590   0.00001   0.00022   0.00017   0.00040   0.55630
   D14        0.55708   0.00004  -0.00002   0.00009   0.00006   0.55714
   D15       -0.55578  -0.00003  -0.00022  -0.00025  -0.00048  -0.55626
         Item               Value     Threshold  Converged?
 Maximum Force            0.000817     0.000450     NO 
 RMS     Force            0.000156     0.000300     YES
 Maximum Displacement     0.002105     0.001800     NO 
 RMS     Displacement     0.000739     0.001200     YES
 Predicted change in Energy=-1.285324D-06
 GradGradGradGradGradGradGradGradGradGradGradGradGradGradGradGradGradGrad

                          Input orientation:                          
 ---------------------------------------------------------------------
 Center     Atomic      Atomic             Coordinates (Angstroms)
 Number     Number       Type             X           Y           Z
 ---------------------------------------------------------------------
      1          6           0        0.228887   -0.900438   -0.005527
      2          1           0        0.601666   -1.930493   -0.008641
      3          1           0        0.575743   -0.373736    0.890481
      4          1           0        0.559573   -0.373881   -0.907845
      5         17           0        3.147950   -0.830675   -0.030778
      6          9           0       -1.152691   -0.930545    0.006791
 ---------------------------------------------------------------------
                    Distance matrix (angstroms):
                    1          2          3          4          5
     1  C    0.000000
     2  H    1.095439   0.000000
     3  H    1.095699   1.797939   0.000000
     4  H    1.095807   1.798161   1.798399   0.000000
     5  Cl   2.920005   2.773743   2.770155   2.770849   0.000000
     6  F    1.381961   2.019382   2.019513   2.019475   4.301964
                    6
     6  F    0.000000
 Stoichiometry    CH3ClF(1-)
 Framework group  C1[X(CH3ClF)]
 Deg. of freedom    12
 Full point group                 C1      NOp   1
 Largest Abelian subgroup         C1      NOp   1
 Largest concise Abelian subgroup C1      NOp   1
                         Standard orientation:                         
 ---------------------------------------------------------------------
 Center     Atomic      Atomic             Coordinates (Angstroms)
 Number     Number       Type             X           Y           Z
 ---------------------------------------------------------------------
      1          6           0        1.092945    0.000166   -0.001244
      2          1           0        0.744344    0.261298   -1.006368
      3          1           0        0.741683    0.739960    0.726681
      4          1           0        0.742189   -1.000680    0.274564
      5         17           0       -1.827060   -0.000030    0.000228
      6          9           0        2.474904   -0.000118    0.000968
 ---------------------------------------------------------------------
 Rotational constants (GHZ):    155.0838575      2.0158924      2.0158850
 Standard basis: VSTO-6G (5D, 7F)
 There are    21 symmetry adapted cartesian basis functions of A   symmetry.
 There are    20 symmetry adapted basis functions of A   symmetry.
    20 basis functions,   126 primitive gaussians,    21 cartesian basis functions
    11 alpha electrons       11 beta electrons
       nuclear repulsion energy        65.7423175481 Hartrees.
 Integral buffers will be    131072 words long.
 Regular integral format.
 Two-electron integral symmetry is turned off.
 Do NDO integrals.
 One-electron integrals computed using PRISM.
 NBasis=    20 RedAO= F EigKep=  0.00D+00  NBF=    20
 NBsUse=    20 1.00D-04 EigRej=  0.00D+00 NBFU=    20
 Initial guess from the checkpoint file:  "/scratch/1715567.1.multiway.q/Gau-186785.chk"
 B after Tr=     0.000000    0.000000    0.000000
         Rot=    0.999714   -0.023921   -0.000006   -0.000003 Ang=  -2.74 deg.
 Overlap will be assumed to be unity.
 Keep J ints in memory in canonical form, NReq=1875445.
 Requested convergence on RMS density matrix=1.00D-08 within 128 cycles.
 Requested convergence on MAX density matrix=1.00D-06.
 Requested convergence on             energy=1.00D-06.
 No special actions if energy rises.
 SCF Done:  E(RPM6) = -0.196297227668     A.U. after   10 cycles
            NFock=  9  Conv=0.42D-08     -V/T= 0.9848
 Calling FoFJK, ICntrl=      2127 FMM=F ISym2X=0 I1Cent= 0 IOpClX= 0 NMat=1 NMatS=1 NMatT=0.
 ***** Axes restored to original set *****
 -------------------------------------------------------------------
 Center     Atomic                   Forces (Hartrees/Bohr)
 Number     Number              X              Y              Z
 -------------------------------------------------------------------
      1        6           0.000267206    0.000116968   -0.000043500
      2        1           0.000025269   -0.000074001   -0.000008449
      3        1          -0.000016048    0.000011411   -0.000023090
      4        1          -0.000016010   -0.000024828    0.000069654
      5       17          -0.000181877   -0.000014468   -0.000000191
      6        9          -0.000078539   -0.000015081    0.000005576
 -------------------------------------------------------------------
 Cartesian Forces:  Max     0.000267206 RMS     0.000088040

 GradGradGradGradGradGradGradGradGradGradGradGradGradGradGradGradGradGrad
 Berny optimization.
 Using GEDIIS/GDIIS optimizer.
 FormGI is forming the generalized inverse of G from B-inverse, IUseBI=4.
 Internal  Forces:  Max     0.000078896 RMS     0.000029412
 Search for a local minimum.
 Step number   3 out of a maximum of   45 on scan point     7 out of    21
 All quantities printed in internal units (Hartrees-Bohrs-Radians)
 Mixed Optimization -- En-DIIS/RFO-DIIS
 Swapping is turned off.
 Update second derivatives using D2CorX and points    1    2    3
 DE= -1.38D-06 DEPred=-1.29D-06 R= 1.07D+00
 TightC=F SS=  1.41D+00  RLast= 6.53D-03 DXNew= 9.2397D-01 1.9594D-02
 Trust test= 1.07D+00 RLast= 6.53D-03 DXMaxT set to 5.49D-01
 ITU=  1  1  0
     Eigenvalues ---    0.01691   0.03143   0.03540   0.04465   0.07308
     Eigenvalues ---    0.08509   0.09518   0.25576   0.30427   0.32357
     Eigenvalues ---    0.436271000.000001000.000001000.000001000.00000
     Eigenvalues --- 1000.000001000.000001000.000001000.000001000.00000
     Eigenvalues --- 1000.000001000.000001000.000001000.000001000.00000
     Eigenvalues --- 1000.000001000.000001000.000001000.000001000.00000
     Eigenvalues --- 1000.000001000.000001000.000001000.000001000.00000
 En-DIIS/RFO-DIIS IScMMF=        0 using points:     3    2
 RFO step:  Lambda=-3.36077493D-08.
 DidBck=F Rises=F RFO-DIIS coefs:    1.08911   -0.08911
 Iteration  1 RMS(Cart)=  0.00014094 RMS(Int)=  0.00000006
 Iteration  2 RMS(Cart)=  0.00000001 RMS(Int)=  0.00000005
 Iteration  1 RMS(Cart)=  0.00000052 RMS(Int)=  0.00000129
 Variable       Old X    -DE/DX   Delta X   Delta X   Delta X     New X
                                 (Linear)    (Quad)   (Total)
    R1        2.07008   0.00006   0.00009   0.00018   0.00027   2.07035
    R2        2.07057  -0.00002   0.00004  -0.00009  -0.00005   2.07052
    R3        2.07078  -0.00007   0.00002  -0.00023  -0.00021   2.07056
    R4        5.51801  -0.00007   0.00000   0.00000   0.00000   5.51801
    R5        2.61153   0.00008   0.00011   0.00008   0.00019   2.61172
    R6        5.24161  -0.00004  -0.00031  -0.00004  -0.00035   5.24126
    R7        5.23483  -0.00003  -0.00014   0.00034   0.00020   5.23503
    R8        5.23614  -0.00004  -0.00009   0.00024   0.00015   5.23629
    A1        1.92475   0.00002  -0.00006   0.00016   0.00010   1.92485
    A2        1.92496   0.00001  -0.00008   0.00009   0.00001   1.92497
    A3        1.89626  -0.00002   0.00006  -0.00020  -0.00015   1.89611
    A4        1.92500   0.00000  -0.00012   0.00000  -0.00011   1.92489
    A5        1.89616  -0.00001   0.00009  -0.00007   0.00002   1.89619
    A6        1.89600   0.00000   0.00012   0.00001   0.00012   1.89612
    A7        1.51033  -0.00003   0.00013  -0.00001   0.00012   1.51046
    A8        1.51346  -0.00002   0.00006  -0.00015  -0.00009   1.51337
    A9        1.51280  -0.00001   0.00004  -0.00008  -0.00004   1.51277
   A10        0.66056   0.00002   0.00004   0.00003   0.00007   0.66063
   A11        0.66056   0.00001   0.00002   0.00000   0.00003   0.66059
   A12        0.66110  -0.00001   0.00000  -0.00009  -0.00009   0.66101
    D1       -1.06489  -0.00001   0.00014  -0.00009   0.00005  -1.06484
    D2        1.06553   0.00002  -0.00010   0.00008  -0.00002   1.06551
    D3       -3.14131   0.00000   0.00003   0.00002   0.00005  -3.14126
    D4        1.06689   0.00001  -0.00019  -0.00002  -0.00022   1.06668
    D5       -1.06349  -0.00002   0.00003  -0.00025  -0.00022  -1.06371
    D6       -3.13981  -0.00001  -0.00010  -0.00022  -0.00032  -3.14013
    D7       -1.06715  -0.00001   0.00016   0.00001   0.00018  -1.06698
    D8        1.06311   0.00003  -0.00005   0.00028   0.00023   1.06334
    D9        3.13953   0.00001   0.00007   0.00020   0.00027   3.13980
   D10        0.55736  -0.00002  -0.00003  -0.00010  -0.00013   0.55723
   D11       -0.55744   0.00002   0.00002   0.00009   0.00011  -0.55733
   D12       -0.55710  -0.00001   0.00002   0.00001   0.00003  -0.55707
   D13        0.55630   0.00000   0.00004   0.00006   0.00010   0.55639
   D14        0.55714   0.00002   0.00000   0.00003   0.00004   0.55718
   D15       -0.55626  -0.00001  -0.00004  -0.00010  -0.00014  -0.55640
         Item               Value     Threshold  Converged?
 Maximum Force            0.000079     0.000450     YES
 RMS     Force            0.000023     0.000300     YES
 Maximum Displacement     0.000392     0.001800     YES
 RMS     Displacement     0.000141     0.001200     YES
 Predicted change in Energy=-3.759171D-08
 Optimization completed.
    -- Stationary point found.
                           ----------------------------
                           !   Optimized Parameters   !
                           ! (Angstroms and Degrees)  !
 --------------------------                            --------------------------
 ! Name  Definition              Value          Derivative Info.                !
 --------------------------------------------------------------------------------
 ! R1    R(1,2)                  1.0954         -DE/DX =    0.0001              !
 ! R2    R(1,3)                  1.0957         -DE/DX =    0.0                 !
 ! R3    R(1,4)                  1.0958         -DE/DX =   -0.0001              !
 ! R4    R(1,5)                  2.92           -DE/DX =   -0.0001              !
 ! R5    R(1,6)                  1.382          -DE/DX =    0.0001              !
 ! R6    R(2,5)                  2.7737         -DE/DX =    0.0                 !
 ! R7    R(3,5)                  2.7702         -DE/DX =    0.0                 !
 ! R8    R(4,5)                  2.7708         -DE/DX =    0.0                 !
 ! A1    A(2,1,3)              110.2798         -DE/DX =    0.0                 !
 ! A2    A(2,1,4)              110.292          -DE/DX =    0.0                 !
 ! A3    A(2,1,6)              108.6476         -DE/DX =    0.0                 !
 ! A4    A(3,1,4)              110.2944         -DE/DX =    0.0                 !
 ! A5    A(3,1,6)              108.6422         -DE/DX =    0.0                 !
 ! A6    A(4,1,6)              108.6326         -DE/DX =    0.0                 !
 ! A7    A(1,2,5)               86.5357         -DE/DX =    0.0                 !
 ! A8    A(1,3,5)               86.7147         -DE/DX =    0.0                 !
 ! A9    A(1,4,5)               86.6773         -DE/DX =    0.0                 !
 ! A10   A(2,5,3)               37.8474         -DE/DX =    0.0                 !
 ! A11   A(2,5,4)               37.8474         -DE/DX =    0.0                 !
 ! A12   A(3,5,4)               37.8781         -DE/DX =    0.0                 !
 ! D1    D(3,1,2,5)            -61.0134         -DE/DX =    0.0                 !
 ! D2    D(4,1,2,5)             61.0501         -DE/DX =    0.0                 !
 ! D3    D(6,1,2,5)           -179.9839         -DE/DX =    0.0                 !
 ! D4    D(2,1,3,5)             61.1285         -DE/DX =    0.0                 !
 ! D5    D(4,1,3,5)            -60.9336         -DE/DX =    0.0                 !
 ! D6    D(6,1,3,5)           -179.8977         -DE/DX =    0.0                 !
 ! D7    D(2,1,4,5)            -61.1432         -DE/DX =    0.0                 !
 ! D8    D(3,1,4,5)             60.9117         -DE/DX =    0.0                 !
 ! D9    D(6,1,4,5)            179.8817         -DE/DX =    0.0                 !
 ! D10   D(1,2,5,3)             31.9344         -DE/DX =    0.0                 !
 ! D11   D(1,2,5,4)            -31.9389         -DE/DX =    0.0                 !
 ! D12   D(1,3,5,2)            -31.9194         -DE/DX =    0.0                 !
 ! D13   D(1,3,5,4)             31.8735         -DE/DX =    0.0                 !
 ! D14   D(1,4,5,2)             31.9217         -DE/DX =    0.0                 !
 ! D15   D(1,4,5,3)            -31.8714         -DE/DX =    0.0                 !
 --------------------------------------------------------------------------------
 Iteration  1 RMS(Cart)=  0.01002714 RMS(Int)=  0.02517916
 Iteration  2 RMS(Cart)=  0.00012009 RMS(Int)=  0.02517861
 Iteration  3 RMS(Cart)=  0.00000140 RMS(Int)=  0.02517861
 Iteration  4 RMS(Cart)=  0.00000003 RMS(Int)=  0.02517861
 Iteration  1 RMS(Cart)=  0.00621631 RMS(Int)=  0.01566214
 Iteration  2 RMS(Cart)=  0.00386105 RMS(Int)=  0.01740981
 Iteration  3 RMS(Cart)=  0.00240228 RMS(Int)=  0.01993112
 Iteration  4 RMS(Cart)=  0.00149615 RMS(Int)=  0.02187360
 Iteration  5 RMS(Cart)=  0.00093235 RMS(Int)=  0.02319100
 Iteration  6 RMS(Cart)=  0.00058122 RMS(Int)=  0.02404657
 Iteration  7 RMS(Cart)=  0.00036241 RMS(Int)=  0.02459190
 Iteration  8 RMS(Cart)=  0.00022600 RMS(Int)=  0.02493626
 Iteration  9 RMS(Cart)=  0.00014095 RMS(Int)=  0.02515262
 Iteration 10 RMS(Cart)=  0.00008791 RMS(Int)=  0.02528816
 Iteration 11 RMS(Cart)=  0.00005483 RMS(Int)=  0.02537293
 Iteration 12 RMS(Cart)=  0.00003420 RMS(Int)=  0.02542589
 Iteration 13 RMS(Cart)=  0.00002133 RMS(Int)=  0.02545896
 Iteration 14 RMS(Cart)=  0.00001330 RMS(Int)=  0.02547960
 Iteration 15 RMS(Cart)=  0.00000830 RMS(Int)=  0.02549248
 Iteration 16 RMS(Cart)=  0.00000518 RMS(Int)=  0.02550051
 Iteration 17 RMS(Cart)=  0.00000323 RMS(Int)=  0.02550553
 Iteration 18 RMS(Cart)=  0.00000201 RMS(Int)=  0.02550865
 Iteration 19 RMS(Cart)=  0.00000126 RMS(Int)=  0.02551060
 Iteration 20 RMS(Cart)=  0.00000078 RMS(Int)=  0.02551182
 GradGradGradGradGradGradGradGradGradGradGradGradGradGradGradGradGradGrad

                          Input orientation:                          
 ---------------------------------------------------------------------
 Center     Atomic      Atomic             Coordinates (Angstroms)
 Number     Number       Type             X           Y           Z
 ---------------------------------------------------------------------
      1          6           0        0.263638   -0.899500   -0.005845
      2          1           0        0.600599   -1.938527   -0.008679
      3          1           0        0.574228   -0.369612    0.897318
      4          1           0        0.557958   -0.369827   -0.914635
      5         17           0        3.082739   -0.832396   -0.030199
      6          9           0       -1.118033   -0.929906    0.006522
 ---------------------------------------------------------------------
                    Distance matrix (angstroms):
                    1          2          3          4          5
     1  C    0.000000
     2  H    1.092303   0.000000
     3  H    1.092223   1.811911   0.000000
     4  H    1.092281   1.812014   1.812026   0.000000
     5  Cl   2.820005   2.717537   2.714238   2.714906   0.000000
     6  F    1.382061   1.992797   1.992786   1.992779   4.202064
                    6
     6  F    0.000000
 Stoichiometry    CH3ClF(1-)
 Framework group  C1[X(CH3ClF)]
 Deg. of freedom    12
 Full point group                 C1      NOp   1
 Largest Abelian subgroup         C1      NOp   1
 Largest concise Abelian subgroup C1      NOp   1
                         Standard orientation:                         
 ---------------------------------------------------------------------
 Center     Atomic      Atomic             Coordinates (Angstroms)
 Number     Number       Type             X           Y           Z
 ---------------------------------------------------------------------
      1          6           0        1.041248    0.000334   -0.001004
      2          1           0        0.728634    0.495640   -0.922997
      3          1           0        0.726247    0.551045    0.888065
      4          1           0        0.726730   -1.045211    0.030506
      5         17           0       -1.778757   -0.000064    0.000191
      6          9           0        2.423307   -0.000265    0.000800
 ---------------------------------------------------------------------
 Rotational constants (GHZ):    152.7282417      2.1195265      2.1195244
 Standard basis: VSTO-6G (5D, 7F)
 There are    21 symmetry adapted cartesian basis functions of A   symmetry.
 There are    20 symmetry adapted basis functions of A   symmetry.
    20 basis functions,   126 primitive gaussians,    21 cartesian basis functions
    11 alpha electrons       11 beta electrons
       nuclear repulsion energy        66.1371911102 Hartrees.
 Integral buffers will be    131072 words long.
 Regular integral format.
 Two-electron integral symmetry is turned off.
 Do NDO integrals.
 One-electron integrals computed using PRISM.
 NBasis=    20 RedAO= F EigKep=  0.00D+00  NBF=    20
 NBsUse=    20 1.00D-04 EigRej=  0.00D+00 NBFU=    20
 Initial guess from the checkpoint file:  "/scratch/1715567.1.multiway.q/Gau-186785.chk"
 B after Tr=     0.000000    0.000000    0.000000
         Rot=    0.992879   -0.119128   -0.000004   -0.000001 Ang= -13.68 deg.
 Overlap will be assumed to be unity.
 Keep J ints in memory in canonical form, NReq=1875445.
 Requested convergence on RMS density matrix=1.00D-08 within 128 cycles.
 Requested convergence on MAX density matrix=1.00D-06.
 Requested convergence on             energy=1.00D-06.
 No special actions if energy rises.
 SCF Done:  E(RPM6) = -0.195666363436     A.U. after   12 cycles
            NFock= 11  Conv=0.13D-08     -V/T= 0.9849
 Calling FoFJK, ICntrl=      2127 FMM=F ISym2X=0 I1Cent= 0 IOpClX= 0 NMat=1 NMatS=1 NMatT=0.
 ***** Axes restored to original set *****
 -------------------------------------------------------------------
 Center     Atomic                   Forces (Hartrees/Bohr)
 Number     Number              X              Y              Z
 -------------------------------------------------------------------
      1        6          -0.006494264   -0.000189399    0.000035119
      2        1           0.003608011   -0.000409401   -0.000035444
      3        1           0.003587716    0.000363888    0.000436171
      4        1           0.003580597    0.000344417   -0.000473336
      5       17           0.003290959    0.000064793   -0.000030985
      6        9          -0.007573019   -0.000174299    0.000068475
 -------------------------------------------------------------------
 Cartesian Forces:  Max     0.007573019 RMS     0.002886541

 GradGradGradGradGradGradGradGradGradGradGradGradGradGradGradGradGradGrad
 Berny optimization.
 FormGI is forming the generalized inverse of G from B-inverse, IUseBI=4.
 Internal  Forces:  Max     0.007575330 RMS     0.001666659
 Search for a local minimum.
 Step number   1 out of a maximum of   45 on scan point     8 out of    21
 All quantities printed in internal units (Hartrees-Bohrs-Radians)
 Mixed Optimization -- RFO/linear search
 Second derivative matrix not updated -- first step.
 ITU=  0
     Eigenvalues ---    0.01696   0.03150   0.03507   0.04520   0.07600
     Eigenvalues ---    0.08572   0.09597   0.25543   0.30330   0.32346
     Eigenvalues ---    0.436481000.000001000.000001000.000001000.00000
     Eigenvalues --- 1000.000001000.000001000.000001000.000001000.00000
     Eigenvalues --- 1000.000001000.000001000.000001000.000001000.00000
     Eigenvalues --- 1000.000001000.000001000.000001000.000001000.00000
     Eigenvalues --- 1000.000001000.000001000.000001000.000001000.00000
 RFO step:  Lambda=-5.47603852D-04 EMin= 1.69550931D-02
 Linear search not attempted -- first point.
 Iteration  1 RMS(Cart)=  0.01266658 RMS(Int)=  0.00037024
 Iteration  2 RMS(Cart)=  0.00016916 RMS(Int)=  0.00029734
 Iteration  3 RMS(Cart)=  0.00000004 RMS(Int)=  0.00029734
 Iteration  1 RMS(Cart)=  0.00001195 RMS(Int)=  0.00003000
 Iteration  2 RMS(Cart)=  0.00000742 RMS(Int)=  0.00003334
 Iteration  3 RMS(Cart)=  0.00000461 RMS(Int)=  0.00003816
 Iteration  4 RMS(Cart)=  0.00000286 RMS(Int)=  0.00004187
 Iteration  5 RMS(Cart)=  0.00000178 RMS(Int)=  0.00004437
 Iteration  6 RMS(Cart)=  0.00000110 RMS(Int)=  0.00004599
 Iteration  7 RMS(Cart)=  0.00000069 RMS(Int)=  0.00004701
 Variable       Old X    -DE/DX   Delta X   Delta X   Delta X     New X
                                 (Linear)    (Quad)   (Total)
    R1        2.06415   0.00159   0.00000   0.00710   0.00728   2.07144
    R2        2.06400   0.00163   0.00000   0.00480   0.00485   2.06886
    R3        2.06411   0.00161   0.00000   0.00346   0.00349   2.06761
    R4        5.32904   0.00263   0.00000   0.00000   0.00000   5.32904
    R5        2.61172   0.00758   0.00000   0.00822   0.00822   2.61994
    R6        5.13540   0.00019   0.00000  -0.07402  -0.07427   5.06113
    R7        5.12917   0.00020   0.00000  -0.03860  -0.03881   5.09036
    R8        5.13043   0.00020   0.00000  -0.02501  -0.02526   5.10517
    A1        1.95617  -0.00104   0.00000  -0.01938  -0.02016   1.93601
    A2        1.95626  -0.00104   0.00000  -0.02002  -0.02066   1.93560
    A3        1.86241   0.00116   0.00000   0.02217   0.02221   1.88462
    A4        1.95639  -0.00105   0.00000  -0.02105  -0.02157   1.93482
    A5        1.86247   0.00117   0.00000   0.02266   0.02273   1.88521
    A6        1.86240   0.00117   0.00000   0.02297   0.02302   1.88542
    A7        1.46520   0.00101   0.00000   0.03351   0.03365   1.49885
    A8        1.46814   0.00100   0.00000   0.01733   0.01741   1.48555
    A9        1.46753   0.00100   0.00000   0.01117   0.01128   1.47881
   A10        0.68019   0.00028   0.00000   0.00520   0.00506   0.68525
   A11        0.68014   0.00027   0.00000   0.00388   0.00372   0.68386
   A12        0.68058   0.00028   0.00000   0.00079   0.00066   0.68124
    D1       -1.10845   0.00155   0.00000   0.03449   0.03398  -1.07447
    D2        1.10913  -0.00155   0.00000  -0.02609  -0.02557   1.08356
    D3       -3.14127   0.00000   0.00000   0.00422   0.00423  -3.13704
    D4        1.11027  -0.00156   0.00000  -0.04497  -0.04442   1.06585
    D5       -1.10723   0.00155   0.00000   0.01505   0.01462  -1.09261
    D6       -3.14013  -0.00001   0.00000  -0.01499  -0.01499   3.12807
    D7       -1.11059   0.00156   0.00000   0.04059   0.04007  -1.07052
    D8        1.10687  -0.00154   0.00000  -0.01909  -0.01868   1.08819
    D9        3.13981   0.00001   0.00000   0.01077   0.01076  -3.13262
   D10        0.55936   0.00003   0.00000  -0.00369  -0.00374   0.55561
   D11       -0.55946  -0.00003   0.00000   0.00194   0.00184  -0.55762
   D12       -0.55921  -0.00002   0.00000   0.00189   0.00217  -0.55704
   D13        0.55850   0.00003   0.00000   0.00412   0.00431   0.56281
   D14        0.55932   0.00003   0.00000   0.00066   0.00048   0.55980
   D15       -0.55851  -0.00004   0.00000  -0.00492  -0.00506  -0.56357
         Item               Value     Threshold  Converged?
 Maximum Force            0.007575     0.000450     NO 
 RMS     Force            0.001523     0.000300     NO 
 Maximum Displacement     0.041360     0.001800     NO 
 RMS     Displacement     0.012703     0.001200     NO 
 Predicted change in Energy=-2.779765D-04
 GradGradGradGradGradGradGradGradGradGradGradGradGradGradGradGradGradGrad

                          Input orientation:                          
 ---------------------------------------------------------------------
 Center     Atomic      Atomic             Coordinates (Angstroms)
 Number     Number       Type             X           Y           Z
 ---------------------------------------------------------------------
      1          6           0        0.252051   -0.896541   -0.006666
      2          1           0        0.622486   -1.928200   -0.010814
      3          1           0        0.584672   -0.365263    0.890929
      4          1           0        0.564029   -0.366134   -0.911354
      5         17           0        3.071498   -0.844220   -0.026854
      6          9           0       -1.133606   -0.939411    0.009239
 ---------------------------------------------------------------------
                    Distance matrix (angstroms):
                    1          2          3          4          5
     1  C    0.000000
     2  H    1.096157   0.000000
     3  H    1.094792   1.804811   0.000000
     4  H    1.094130   1.804007   1.802401   0.000000
     5  Cl   2.820004   2.678233   2.693701   2.701538   0.000000
     6  F    1.386412   2.015432   2.014821   2.014474   4.206336
                    6
     6  F    0.000000
 Stoichiometry    CH3ClF(1-)
 Framework group  C1[X(CH3ClF)]
 Deg. of freedom    12
 Full point group                 C1      NOp   1
 Largest Abelian subgroup         C1      NOp   1
 Largest concise Abelian subgroup C1      NOp   1
                         Standard orientation:                         
 ---------------------------------------------------------------------
 Center     Atomic      Atomic             Coordinates (Angstroms)
 Number     Number       Type             X           Y           Z
 ---------------------------------------------------------------------
      1          6           0        1.042235   -0.006998   -0.003254
      2          1           0        0.694170    1.027353    0.099363
      3          1           0        0.705602   -0.618334    0.840260
      4          1           0        0.711431   -0.437756   -0.953063
      5         17           0       -1.777754    0.001306    0.000609
      6          9           0        2.428579    0.005390    0.002513
 ---------------------------------------------------------------------
 Rotational constants (GHZ):    154.0533404      2.1171241      2.1170695
 Standard basis: VSTO-6G (5D, 7F)
 There are    21 symmetry adapted cartesian basis functions of A   symmetry.
 There are    20 symmetry adapted basis functions of A   symmetry.
    20 basis functions,   126 primitive gaussians,    21 cartesian basis functions
    11 alpha electrons       11 beta electrons
       nuclear repulsion energy        66.0925133486 Hartrees.
 Integral buffers will be    131072 words long.
 Regular integral format.
 Two-electron integral symmetry is turned off.
 Do NDO integrals.
 One-electron integrals computed using PRISM.
 NBasis=    20 RedAO= F EigKep=  0.00D+00  NBF=    20
 NBsUse=    20 1.00D-04 EigRej=  0.00D+00 NBFU=    20
 Initial guess from the checkpoint file:  "/scratch/1715567.1.multiway.q/Gau-186785.chk"
 B after Tr=     0.000000    0.000000    0.000000
         Rot=    0.831542   -0.555462   -0.000033   -0.000146 Ang= -67.49 deg.
 Overlap will be assumed to be unity.
 Keep J ints in memory in canonical form, NReq=1875445.
 Requested convergence on RMS density matrix=1.00D-08 within 128 cycles.
 Requested convergence on MAX density matrix=1.00D-06.
 Requested convergence on             energy=1.00D-06.
 No special actions if energy rises.
 SCF Done:  E(RPM6) = -0.195946401691     A.U. after   11 cycles
            NFock= 10  Conv=0.73D-08     -V/T= 0.9849
 Calling FoFJK, ICntrl=      2127 FMM=F ISym2X=0 I1Cent= 0 IOpClX= 0 NMat=1 NMatS=1 NMatT=0.
 ***** Axes restored to original set *****
 -------------------------------------------------------------------
 Center     Atomic                   Forces (Hartrees/Bohr)
 Number     Number              X              Y              Z
 -------------------------------------------------------------------
      1        6          -0.004756173   -0.000695973    0.000234820
      2        1          -0.000034283    0.000351736    0.000040699
      3        1           0.000216780   -0.000027414    0.000176612
      4        1           0.000326486    0.000130245   -0.000369040
      5       17           0.004108277    0.000167748   -0.000060687
      6        9           0.000138912    0.000073658   -0.000022404
 -------------------------------------------------------------------
 Cartesian Forces:  Max     0.004756173 RMS     0.001501128

 GradGradGradGradGradGradGradGradGradGradGradGradGradGradGradGradGradGrad
 Berny optimization.
 Using GEDIIS/GDIIS optimizer.
 FormGI is forming the generalized inverse of G from B-inverse, IUseBI=4.
 Internal  Forces:  Max     0.001623823 RMS     0.000458815
 Search for a local minimum.
 Step number   2 out of a maximum of   45 on scan point     8 out of    21
 All quantities printed in internal units (Hartrees-Bohrs-Radians)
 Mixed Optimization -- En-DIIS/RFO-DIIS
 Update second derivatives using D2CorX and points    1    2
 DE= -2.80D-04 DEPred=-2.78D-04 R= 1.01D+00
 TightC=F SS=  1.41D+00  RLast= 1.37D-01 DXNew= 9.2397D-01 4.0951D-01
 Trust test= 1.01D+00 RLast= 1.37D-01 DXMaxT set to 5.49D-01
 ITU=  1  0
 Use linear search instead of GDIIS.
     Eigenvalues ---    0.01741   0.03115   0.03423   0.04416   0.07399
     Eigenvalues ---    0.08532   0.09527   0.25576   0.30384   0.32313
     Eigenvalues ---    0.439671000.000001000.000001000.000001000.00000
     Eigenvalues --- 1000.000001000.000001000.000001000.000001000.00000
     Eigenvalues --- 1000.000001000.000001000.000001000.000001000.00000
     Eigenvalues --- 1000.000001000.000001000.000001000.000001000.00000
     Eigenvalues --- 1000.000001000.000001000.000001000.000001000.00000
 RFO step:  Lambda=-2.68631038D-06 EMin= 1.74142770D-02
 Quartic linear search produced a step of  0.02489.
 Iteration  1 RMS(Cart)=  0.00080177 RMS(Int)=  0.00000793
 Iteration  2 RMS(Cart)=  0.00000054 RMS(Int)=  0.00000789
 Iteration  1 RMS(Cart)=  0.00000075 RMS(Int)=  0.00000188
 Variable       Old X    -DE/DX   Delta X   Delta X   Delta X     New X
                                 (Linear)    (Quad)   (Total)
    R1        2.07144  -0.00021   0.00018  -0.00146  -0.00128   2.07016
    R2        2.06886   0.00024   0.00012   0.00043   0.00056   2.06941
    R3        2.06761   0.00046   0.00009   0.00139   0.00148   2.06908
    R4        5.32904   0.00162   0.00000   0.00000   0.00000   5.32904
    R5        2.61994  -0.00014   0.00020  -0.00089  -0.00069   2.61925
    R6        5.06113   0.00090  -0.00185   0.00174  -0.00011   5.06101
    R7        5.09036   0.00083  -0.00097  -0.00149  -0.00246   5.08790
    R8        5.10517   0.00080  -0.00063  -0.00296  -0.00360   5.10157
    A1        1.93601  -0.00034  -0.00050  -0.00055  -0.00108   1.93494
    A2        1.93560  -0.00031  -0.00051  -0.00047  -0.00100   1.93459
    A3        1.88462   0.00036   0.00055   0.00118   0.00173   1.88635
    A4        1.93482  -0.00026  -0.00054  -0.00024  -0.00079   1.93403
    A5        1.88521   0.00031   0.00057   0.00027   0.00084   1.88605
    A6        1.88542   0.00030   0.00057  -0.00011   0.00046   1.88588
    A7        1.49885   0.00044   0.00084  -0.00058   0.00026   1.49911
    A8        1.48555   0.00040   0.00043   0.00063   0.00107   1.48662
    A9        1.47881   0.00038   0.00028   0.00117   0.00146   1.48027
   A10        0.68525  -0.00020   0.00013  -0.00033  -0.00020   0.68504
   A11        0.68386  -0.00015   0.00009  -0.00003   0.00006   0.68392
   A12        0.68124  -0.00006   0.00002   0.00057   0.00058   0.68181
    D1       -1.07447   0.00038   0.00085   0.00003   0.00086  -1.07361
    D2        1.08356  -0.00042  -0.00064  -0.00101  -0.00163   1.08193
    D3       -3.13704  -0.00003   0.00011  -0.00070  -0.00060  -3.13763
    D4        1.06585  -0.00035  -0.00111   0.00095  -0.00014   1.06572
    D5       -1.09261   0.00048   0.00036   0.00212   0.00248  -1.09014
    D6        3.12807   0.00008  -0.00037   0.00223   0.00186   3.12992
    D7       -1.07052   0.00038   0.00100  -0.00044   0.00054  -1.06997
    D8        1.08819  -0.00047  -0.00046  -0.00166  -0.00211   1.08608
    D9       -3.13262  -0.00006   0.00027  -0.00153  -0.00126  -3.13388
   D10        0.55561   0.00008  -0.00009   0.00068   0.00059   0.55620
   D11       -0.55762  -0.00009   0.00005  -0.00058  -0.00054  -0.55816
   D12       -0.55704   0.00006   0.00005  -0.00005   0.00001  -0.55703
   D13        0.56281  -0.00001   0.00011  -0.00029  -0.00018   0.56263
   D14        0.55980  -0.00011   0.00001  -0.00037  -0.00036   0.55944
   D15       -0.56357   0.00008  -0.00013   0.00062   0.00049  -0.56308
         Item               Value     Threshold  Converged?
 Maximum Force            0.000407     0.000450     YES
 RMS     Force            0.000110     0.000300     YES
 Maximum Displacement     0.001994     0.001800     NO 
 RMS     Displacement     0.000802     0.001200     YES
 Predicted change in Energy=-1.486560D-06
 GradGradGradGradGradGradGradGradGradGradGradGradGradGradGradGradGradGrad

                          Input orientation:                          
 ---------------------------------------------------------------------
 Center     Atomic      Atomic             Coordinates (Angstroms)
 Number     Number       Type             X           Y           Z
 ---------------------------------------------------------------------
      1          6           0        0.251462   -0.897186   -0.006449
      2          1           0        0.622280   -1.927990   -0.010520
      3          1           0        0.585316   -0.366148    0.891189
      4          1           0        0.565084   -0.366748   -0.911496
      5         17           0        3.070874   -0.843225   -0.027185
      6          9           0       -1.133886   -0.938471    0.008941
 ---------------------------------------------------------------------
                    Distance matrix (angstroms):
                    1          2          3          4          5
     1  C    0.000000
     2  H    1.095481   0.000000
     3  H    1.095086   1.803828   0.000000
     4  H    1.094913   1.803471   1.802798   0.000000
     5  Cl   2.820005   2.678172   2.692399   2.699633   0.000000
     6  F    1.386049   2.015849   2.015335   2.015086   4.205994
                    6
     6  F    0.000000
 Stoichiometry    CH3ClF(1-)
 Framework group  C1[X(CH3ClF)]
 Deg. of freedom    12
 Full point group                 C1      NOp   1
 Largest Abelian subgroup         C1      NOp   1
 Largest concise Abelian subgroup C1      NOp   1
                         Standard orientation:                         
 ---------------------------------------------------------------------
 Center     Atomic      Atomic             Coordinates (Angstroms)
 Number     Number       Type             X           Y           Z
 ---------------------------------------------------------------------
      1          6           0        1.042420   -0.006068   -0.002563
      2          1           0        0.694098    1.030670    0.060092
      3          1           0        0.704530   -0.584074    0.864012
      4          1           0        0.709850   -0.473104   -0.935359
      5         17           0       -1.777574    0.001159    0.000491
      6          9           0        2.428418    0.004801    0.002032
 ---------------------------------------------------------------------
 Rotational constants (GHZ):    154.1357827      2.1174415      2.1174148
 Standard basis: VSTO-6G (5D, 7F)
 There are    21 symmetry adapted cartesian basis functions of A   symmetry.
 There are    20 symmetry adapted basis functions of A   symmetry.
    20 basis functions,   126 primitive gaussians,    21 cartesian basis functions
    11 alpha electrons       11 beta electrons
       nuclear repulsion energy        66.0945176748 Hartrees.
 Integral buffers will be    131072 words long.
 Regular integral format.
 Two-electron integral symmetry is turned off.
 Do NDO integrals.
 One-electron integrals computed using PRISM.
 NBasis=    20 RedAO= F EigKep=  0.00D+00  NBF=    20
 NBsUse=    20 1.00D-04 EigRej=  0.00D+00 NBFU=    20
 Initial guess from the checkpoint file:  "/scratch/1715567.1.multiway.q/Gau-186785.chk"
 B after Tr=     0.000000    0.000000    0.000000
         Rot=    0.999814    0.019307   -0.000005    0.000011 Ang=   2.21 deg.
 Overlap will be assumed to be unity.
 Keep J ints in memory in canonical form, NReq=1875445.
 Requested convergence on RMS density matrix=1.00D-08 within 128 cycles.
 Requested convergence on MAX density matrix=1.00D-06.
 Requested convergence on             energy=1.00D-06.
 No special actions if energy rises.
 SCF Done:  E(RPM6) = -0.195948469804     A.U. after   10 cycles
            NFock=  9  Conv=0.45D-08     -V/T= 0.9849
 Calling FoFJK, ICntrl=      2127 FMM=F ISym2X=0 I1Cent= 0 IOpClX= 0 NMat=1 NMatS=1 NMatT=0.
 ***** Axes restored to original set *****
 -------------------------------------------------------------------
 Center     Atomic                   Forces (Hartrees/Bohr)
 Number     Number              X              Y              Z
 -------------------------------------------------------------------
      1        6          -0.004370722   -0.000153084    0.000046967
      2        1          -0.000069910    0.000009146    0.000030103
      3        1           0.000084994   -0.000041567    0.000090025
      4        1           0.000153825   -0.000001500   -0.000099757
      5       17           0.004152986    0.000164314   -0.000059748
      6        9           0.000048826    0.000022691   -0.000007590
 -------------------------------------------------------------------
 Cartesian Forces:  Max     0.004370722 RMS     0.001423342

 GradGradGradGradGradGradGradGradGradGradGradGradGradGradGradGradGradGrad
 Berny optimization.
 Using GEDIIS/GDIIS optimizer.
 FormGI is forming the generalized inverse of G from B-inverse, IUseBI=4.
 Internal  Forces:  Max     0.001594673 RMS     0.000439343
 Search for a local minimum.
 Step number   3 out of a maximum of   45 on scan point     8 out of    21
 All quantities printed in internal units (Hartrees-Bohrs-Radians)
 Mixed Optimization -- En-DIIS/RFO-DIIS
 Swapping is turned off.
 Update second derivatives using D2CorX and points    1    2    3
 DE= -2.07D-06 DEPred=-1.49D-06 R= 1.39D+00
 TightC=F SS=  1.41D+00  RLast= 7.40D-03 DXNew= 9.2397D-01 2.2197D-02
 Trust test= 1.39D+00 RLast= 7.40D-03 DXMaxT set to 5.49D-01
 ITU=  1  1  0
     Eigenvalues ---    0.01659   0.02492   0.03117   0.04019   0.07390
     Eigenvalues ---    0.08650   0.09525   0.25433   0.29913   0.32309
     Eigenvalues ---    0.439131000.000001000.000001000.000001000.00000
     Eigenvalues --- 1000.000001000.000001000.000001000.000001000.00000
     Eigenvalues --- 1000.000001000.000001000.000001000.000001000.00000
     Eigenvalues --- 1000.000001000.000001000.000001000.000001000.00000
     Eigenvalues --- 1000.000001000.000001000.000001000.000001000.00000
 En-DIIS/RFO-DIIS IScMMF=        0 using points:     3    2
 RFO step:  Lambda=-4.43291147D-07.
 DidBck=F Rises=F RFO-DIIS coefs:    1.61289   -0.61289
 Iteration  1 RMS(Cart)=  0.00121909 RMS(Int)=  0.00000162
 Iteration  2 RMS(Cart)=  0.00000088 RMS(Int)=  0.00000107
 Iteration  1 RMS(Cart)=  0.00000057 RMS(Int)=  0.00000143
 Variable       Old X    -DE/DX   Delta X   Delta X   Delta X     New X
                                 (Linear)    (Quad)   (Total)
    R1        2.07016   0.00004  -0.00078  -0.00011  -0.00089   2.06927
    R2        2.06941   0.00013   0.00034   0.00013   0.00047   2.06988
    R3        2.06908   0.00017   0.00091   0.00022   0.00113   2.07021
    R4        5.32904   0.00159   0.00000   0.00000   0.00000   5.32903
    R5        2.61925  -0.00005  -0.00042   0.00011  -0.00032   2.61894
    R6        5.06101   0.00094  -0.00007   0.00367   0.00360   5.06461
    R7        5.08790   0.00086  -0.00151  -0.00004  -0.00155   5.08635
    R8        5.10157   0.00082  -0.00221  -0.00183  -0.00404   5.09753
    A1        1.93494  -0.00030  -0.00066   0.00004  -0.00062   1.93432
    A2        1.93459  -0.00028  -0.00062   0.00023  -0.00039   1.93421
    A3        1.88635   0.00029   0.00106  -0.00026   0.00079   1.88714
    A4        1.93403  -0.00025  -0.00048   0.00056   0.00008   1.93411
    A5        1.88605   0.00029   0.00052  -0.00029   0.00023   1.88628
    A6        1.88588   0.00029   0.00028  -0.00032  -0.00004   1.88584
    A7        1.49911   0.00037   0.00016  -0.00171  -0.00155   1.49757
    A8        1.48662   0.00039   0.00065   0.00000   0.00065   1.48727
    A9        1.48027   0.00040   0.00089   0.00082   0.00172   1.48199
   A10        0.68504  -0.00017  -0.00012  -0.00024  -0.00036   0.68468
   A11        0.68392  -0.00016   0.00003  -0.00004  -0.00001   0.68391
   A12        0.68181  -0.00013   0.00035   0.00033   0.00068   0.68250
    D1       -1.07361   0.00035   0.00053  -0.00105  -0.00052  -1.07413
    D2        1.08193  -0.00039  -0.00100  -0.00014  -0.00114   1.08079
    D3       -3.13763  -0.00001  -0.00036  -0.00056  -0.00093  -3.13856
    D4        1.06572  -0.00033  -0.00008   0.00213   0.00205   1.06777
    D5       -1.09014   0.00043   0.00152   0.00142   0.00293  -1.08721
    D6        3.12992   0.00004   0.00114   0.00166   0.00280   3.13272
    D7       -1.06997   0.00035   0.00033  -0.00148  -0.00115  -1.07113
    D8        1.08608  -0.00042  -0.00129  -0.00088  -0.00217   1.08391
    D9       -3.13388  -0.00002  -0.00077  -0.00110  -0.00187  -3.13575
   D10        0.55620   0.00002   0.00036   0.00057   0.00093   0.55713
   D11       -0.55816  -0.00001  -0.00033  -0.00022  -0.00055  -0.55871
   D12       -0.55703   0.00001   0.00000  -0.00042  -0.00042  -0.55745
   D13        0.56263  -0.00003  -0.00011  -0.00056  -0.00067   0.56196
   D14        0.55944  -0.00004  -0.00022   0.00000  -0.00022   0.55922
   D15       -0.56308   0.00005   0.00030   0.00064   0.00094  -0.56214
         Item               Value     Threshold  Converged?
 Maximum Force            0.000117     0.000450     YES
 RMS     Force            0.000038     0.000300     YES
 Maximum Displacement     0.003602     0.001800     NO 
 RMS     Displacement     0.001219     0.001200     NO 
 Predicted change in Energy=-7.249052D-07
 GradGradGradGradGradGradGradGradGradGradGradGradGradGradGradGradGradGrad

                          Input orientation:                          
 ---------------------------------------------------------------------
 Center     Atomic      Atomic             Coordinates (Angstroms)
 Number     Number       Type             X           Y           Z
 ---------------------------------------------------------------------
      1          6           0        0.251262   -0.897877   -0.006215
      2          1           0        0.621043   -1.928554   -0.010039
      3          1           0        0.585806   -0.367410    0.891804
      4          1           0        0.566397   -0.367734   -0.911630
      5         17           0        3.070615   -0.841319   -0.027836
      6          9           0       -1.133994   -0.936874    0.008396
 ---------------------------------------------------------------------
                    Distance matrix (angstroms):
                    1          2          3          4          5
     1  C    0.000000
     2  H    1.095010   0.000000
     3  H    1.095332   1.803257   0.000000
     4  H    1.095509   1.803334   1.803538   0.000000
     5  Cl   2.820004   2.680075   2.691581   2.697495   0.000000
     6  F    1.385882   2.015918   2.015542   2.015366   4.205851
                    6
     6  F    0.000000
 Stoichiometry    CH3ClF(1-)
 Framework group  C1[X(CH3ClF)]
 Deg. of freedom    12
 Full point group                 C1      NOp   1
 Largest Abelian subgroup         C1      NOp   1
 Largest concise Abelian subgroup C1      NOp   1
                         Standard orientation:                         
 ---------------------------------------------------------------------
 Center     Atomic      Atomic             Coordinates (Angstroms)
 Number     Number       Type             X           Y           Z
 ---------------------------------------------------------------------
      1          6           0        1.042492   -0.003671    0.003337
      2          1           0        0.695493    0.485706   -0.912714
      3          1           0        0.703869    0.543727    0.889589
      4          1           0        0.708182   -1.046333    0.038448
      5         17           0       -1.777506    0.000715   -0.000648
      6          9           0        2.428344    0.002976   -0.002702
 ---------------------------------------------------------------------
 Rotational constants (GHZ):    154.1577558      2.1175647      2.1175593
 Standard basis: VSTO-6G (5D, 7F)
 There are    21 symmetry adapted cartesian basis functions of A   symmetry.
 There are    20 symmetry adapted basis functions of A   symmetry.
    20 basis functions,   126 primitive gaussians,    21 cartesian basis functions
    11 alpha electrons       11 beta electrons
       nuclear repulsion energy        66.0950504114 Hartrees.
 Integral buffers will be    131072 words long.
 Regular integral format.
 Two-electron integral symmetry is turned off.
 Do NDO integrals.
 One-electron integrals computed using PRISM.
 NBasis=    20 RedAO= F EigKep=  0.00D+00  NBF=    20
 NBsUse=    20 1.00D-04 EigRej=  0.00D+00 NBFU=    20
 Initial guess from the checkpoint file:  "/scratch/1715567.1.multiway.q/Gau-186785.chk"
 B after Tr=     0.000000    0.000000    0.000000
         Rot=    0.841694    0.539955    0.000004    0.000024 Ang=  65.36 deg.
 Overlap will be assumed to be unity.
 Keep J ints in memory in canonical form, NReq=1875445.
 Requested convergence on RMS density matrix=1.00D-08 within 128 cycles.
 Requested convergence on MAX density matrix=1.00D-06.
 Requested convergence on             energy=1.00D-06.
 No special actions if energy rises.
 SCF Done:  E(RPM6) = -0.195949475832     A.U. after    9 cycles
            NFock=  8  Conv=0.91D-08     -V/T= 0.9849
 Calling FoFJK, ICntrl=      2127 FMM=F ISym2X=0 I1Cent= 0 IOpClX= 0 NMat=1 NMatS=1 NMatT=0.
 ***** Axes restored to original set *****
 -------------------------------------------------------------------
 Center     Atomic                   Forces (Hartrees/Bohr)
 Number     Number              X              Y              Z
 -------------------------------------------------------------------
      1        6          -0.004192519    0.000207624   -0.000075106
      2        1          -0.000047392   -0.000199118    0.000013175
      3        1           0.000022528   -0.000048227   -0.000017620
      4        1           0.000059706   -0.000098480    0.000130875
      5       17           0.004166871    0.000152386   -0.000055937
      6        9          -0.000009194   -0.000014184    0.000004614
 -------------------------------------------------------------------
 Cartesian Forces:  Max     0.004192519 RMS     0.001396246

 GradGradGradGradGradGradGradGradGradGradGradGradGradGradGradGradGradGrad
 Berny optimization.
 Using GEDIIS/GDIIS optimizer.
 FormGI is forming the generalized inverse of G from B-inverse, IUseBI=4.
 Internal  Forces:  Max     0.001584926 RMS     0.000436758
 Search for a local minimum.
 Step number   4 out of a maximum of   45 on scan point     8 out of    21
 All quantities printed in internal units (Hartrees-Bohrs-Radians)
 Mixed Optimization -- En-DIIS/RFO-DIIS
 Swapping is turned off.
 Update second derivatives using D2CorX and points    1    2    3    4
 DE= -1.01D-06 DEPred=-7.25D-07 R= 1.39D+00
 TightC=F SS=  1.41D+00  RLast= 8.77D-03 DXNew= 9.2397D-01 2.6308D-02
 Trust test= 1.39D+00 RLast= 8.77D-03 DXMaxT set to 5.49D-01
 ITU=  1  1  1  0
     Eigenvalues ---    0.00793   0.02376   0.03119   0.03957   0.07387
     Eigenvalues ---    0.08796   0.09526   0.25300   0.32312   0.41989
     Eigenvalues ---    0.475551000.000001000.000001000.000001000.00000
     Eigenvalues --- 1000.000001000.000001000.000001000.000001000.00000
     Eigenvalues --- 1000.000001000.000001000.000001000.000001000.00000
     Eigenvalues --- 1000.000001000.000001000.000001000.000001000.00000
     Eigenvalues --- 1000.000001000.000001000.000001000.000001000.00000
 En-DIIS/RFO-DIIS IScMMF=        0 using points:     4    3    2
 RFO step:  Lambda=-3.53798882D-07.
 DidBck=F Rises=F RFO-DIIS coefs:    2.27315   -1.79148    0.51833
 Iteration  1 RMS(Cart)=  0.00169566 RMS(Int)=  0.00000282
 Iteration  2 RMS(Cart)=  0.00000159 RMS(Int)=  0.00000182
 Iteration  3 RMS(Cart)=  0.00000000 RMS(Int)=  0.00000182
 Iteration  1 RMS(Cart)=  0.00000014 RMS(Int)=  0.00000034
 Variable       Old X    -DE/DX   Delta X   Delta X   Delta X     New X
                                 (Linear)    (Quad)   (Total)
    R1        2.06927   0.00020  -0.00047   0.00017  -0.00030   2.06897
    R2        2.06988   0.00003   0.00030  -0.00010   0.00020   2.07008
    R3        2.07021  -0.00006   0.00067  -0.00024   0.00043   2.07064
    R4        5.32903   0.00158   0.00000   0.00000  -0.00001   5.32903
    R5        2.61894   0.00001  -0.00005  -0.00009  -0.00013   2.61880
    R6        5.06461   0.00094   0.00464   0.00180   0.00644   5.07105
    R7        5.08635   0.00087  -0.00069  -0.00084  -0.00153   5.08482
    R8        5.09753   0.00083  -0.00328  -0.00220  -0.00548   5.09205
    A1        1.93432  -0.00028  -0.00023  -0.00004  -0.00027   1.93404
    A2        1.93421  -0.00027   0.00003  -0.00015  -0.00012   1.93409
    A3        1.88714   0.00026   0.00011   0.00002   0.00013   1.88727
    A4        1.93411  -0.00026   0.00050  -0.00037   0.00013   1.93424
    A5        1.88628   0.00029  -0.00014   0.00022   0.00008   1.88636
    A6        1.88584   0.00030  -0.00029   0.00035   0.00006   1.88590
    A7        1.49757   0.00033  -0.00211  -0.00087  -0.00298   1.49459
    A8        1.48727   0.00039   0.00027   0.00041   0.00068   1.48795
    A9        1.48199   0.00043   0.00143   0.00106   0.00249   1.48448
   A10        0.68468  -0.00015  -0.00036  -0.00006  -0.00042   0.68426
   A11        0.68391  -0.00016  -0.00004  -0.00001  -0.00006   0.68385
   A12        0.68250  -0.00019   0.00057   0.00006   0.00063   0.68313
    D1       -1.07413   0.00035  -0.00111  -0.00006  -0.00117  -1.07530
    D2        1.08079  -0.00037  -0.00061  -0.00067  -0.00127   1.07951
    D3       -3.13856   0.00000  -0.00087  -0.00032  -0.00119  -3.13975
    D4        1.06777  -0.00033   0.00268   0.00083   0.00351   1.07128
    D5       -1.08721   0.00040   0.00245   0.00131   0.00376  -1.08345
    D6        3.13272   0.00000   0.00260   0.00097   0.00357   3.13628
    D7       -1.07113   0.00034  -0.00175  -0.00050  -0.00225  -1.07337
    D8        1.08391  -0.00039  -0.00167  -0.00091  -0.00258   1.08132
    D9       -3.13575   0.00000  -0.00173  -0.00065  -0.00238  -3.13813
   D10        0.55713  -0.00003   0.00088   0.00015   0.00103   0.55816
   D11       -0.55871   0.00005  -0.00042  -0.00002  -0.00045  -0.55916
   D12       -0.55745  -0.00001  -0.00054  -0.00017  -0.00070  -0.55816
   D13        0.56196  -0.00004  -0.00076  -0.00019  -0.00096   0.56100
   D14        0.55922   0.00002  -0.00010   0.00004  -0.00005   0.55917
   D15       -0.56214   0.00002   0.00094   0.00019   0.00113  -0.56101
         Item               Value     Threshold  Converged?
 Maximum Force            0.000137     0.000450     YES
 RMS     Force            0.000039     0.000300     YES
 Maximum Displacement     0.005152     0.001800     NO 
 RMS     Displacement     0.001696     0.001200     NO 
 Predicted change in Energy=-3.820034D-07
 GradGradGradGradGradGradGradGradGradGradGradGradGradGradGradGradGradGrad

                          Input orientation:                          
 ---------------------------------------------------------------------
 Center     Atomic      Atomic             Coordinates (Angstroms)
 Number     Number       Type             X           Y           Z
 ---------------------------------------------------------------------
      1          6           0        0.251212   -0.898598   -0.005970
      2          1           0        0.618971   -1.929829   -0.009473
      3          1           0        0.586327   -0.368907    0.892422
      4          1           0        0.568198   -0.369080   -0.911383
      5         17           0        3.070482   -0.838593   -0.028779
      6          9           0       -1.134061   -0.934761    0.007664
 ---------------------------------------------------------------------
                    Distance matrix (angstroms):
                    1          2          3          4          5
     1  C    0.000000
     2  H    1.094850   0.000000
     3  H    1.095438   1.803042   0.000000
     4  H    1.095738   1.803318   1.803896   0.000000
     5  Cl   2.820001   2.683482   2.690769   2.694598   0.000000
     6  F    1.385811   2.015831   2.015619   2.015521   4.205800
                    6
     6  F    0.000000
 Stoichiometry    CH3ClF(1-)
 Framework group  C1[X(CH3ClF)]
 Deg. of freedom    12
 Full point group                 C1      NOp   1
 Largest Abelian subgroup         C1      NOp   1
 Largest concise Abelian subgroup C1      NOp   1
                         Standard orientation:                         
 ---------------------------------------------------------------------
 Center     Atomic      Atomic             Coordinates (Angstroms)
 Number     Number       Type             X           Y           Z
 ---------------------------------------------------------------------
      1          6           0        1.042516   -0.001523    0.002511
      2          1           0        0.697985    0.201083   -1.016776
      3          1           0        0.703254    0.780343    0.690675
      4          1           0        0.706024   -0.988789    0.338250
      5         17           0       -1.777483    0.000302   -0.000497
      6          9           0        2.428317    0.001264   -0.002085
 ---------------------------------------------------------------------
 Rotational constants (GHZ):    154.1718418      2.1176173      2.1176021
 Standard basis: VSTO-6G (5D, 7F)
 There are    21 symmetry adapted cartesian basis functions of A   symmetry.
 There are    20 symmetry adapted basis functions of A   symmetry.
    20 basis functions,   126 primitive gaussians,    21 cartesian basis functions
    11 alpha electrons       11 beta electrons
       nuclear repulsion energy        66.0952259021 Hartrees.
 Integral buffers will be    131072 words long.
 Regular integral format.
 Two-electron integral symmetry is turned off.
 Do NDO integrals.
 One-electron integrals computed using PRISM.
 NBasis=    20 RedAO= F EigKep=  0.00D+00  NBF=    20
 NBsUse=    20 1.00D-04 EigRej=  0.00D+00 NBFU=    20
 Initial guess from the checkpoint file:  "/scratch/1715567.1.multiway.q/Gau-186785.chk"
 B after Tr=     0.000000    0.000000    0.000000
         Rot=    0.989158    0.146855    0.000029    0.000023 Ang=  16.89 deg.
 Overlap will be assumed to be unity.
 Keep J ints in memory in canonical form, NReq=1875445.
 Requested convergence on RMS density matrix=1.00D-08 within 128 cycles.
 Requested convergence on MAX density matrix=1.00D-06.
 Requested convergence on             energy=1.00D-06.
 No special actions if energy rises.
 SCF Done:  E(RPM6) = -0.195950392243     A.U. after   10 cycles
            NFock=  9  Conv=0.28D-08     -V/T= 0.9849
 Calling FoFJK, ICntrl=      2127 FMM=F ISym2X=0 I1Cent= 0 IOpClX= 0 NMat=1 NMatS=1 NMatT=0.
 ***** Axes restored to original set *****
 -------------------------------------------------------------------
 Center     Atomic                   Forces (Hartrees/Bohr)
 Number     Number              X              Y              Z
 -------------------------------------------------------------------
      1        6          -0.004118558    0.000303854   -0.000105116
      2        1          -0.000015149   -0.000246227    0.000001123
      3        1          -0.000003713   -0.000039993   -0.000068267
      4        1           0.000009021   -0.000121807    0.000212319
      5       17           0.004170038    0.000132485   -0.000049343
      6        9          -0.000041638   -0.000028312    0.000009283
 -------------------------------------------------------------------
 Cartesian Forces:  Max     0.004170038 RMS     0.001386540

 GradGradGradGradGradGradGradGradGradGradGradGradGradGradGradGradGradGrad
 Berny optimization.
 Using GEDIIS/GDIIS optimizer.
 FormGI is forming the generalized inverse of G from B-inverse, IUseBI=4.
 Internal  Forces:  Max     0.001581789 RMS     0.000437447
 Search for a local minimum.
 Step number   5 out of a maximum of   45 on scan point     8 out of    21
 All quantities printed in internal units (Hartrees-Bohrs-Radians)
 Mixed Optimization -- En-DIIS/RFO-DIIS
 Swapping is turned off.
 Update second derivatives using D2CorX and points    1    2    3    4    5
 DE= -9.16D-07 DEPred=-3.82D-07 R= 2.40D+00
 Trust test= 2.40D+00 RLast= 1.25D-02 DXMaxT set to 5.49D-01
 ITU=  0  1  1  1  0
     Eigenvalues ---    0.00353   0.02342   0.03123   0.03977   0.07388
     Eigenvalues ---    0.08697   0.09527   0.25198   0.32315   0.42637
     Eigenvalues ---    0.563061000.000001000.000001000.000001000.00000
     Eigenvalues --- 1000.000001000.000001000.000001000.000001000.00000
     Eigenvalues --- 1000.000001000.000001000.000001000.000001000.00000
     Eigenvalues --- 1000.000001000.000001000.000001000.000001000.00000
     Eigenvalues --- 1000.000001000.000001000.000001000.000001000.00000
 En-DIIS/RFO-DIIS IScMMF=        0 using points:     5    4    3    2
 RFO step:  Lambda=-3.97802241D-07.
 DidBck=F Rises=F RFO-DIIS coefs:    4.31483   -6.05910    3.30310   -0.55883
 Iteration  1 RMS(Cart)=  0.00271242 RMS(Int)=  0.00000588
 Iteration  2 RMS(Cart)=  0.00000392 RMS(Int)=  0.00000248
 Iteration  3 RMS(Cart)=  0.00000000 RMS(Int)=  0.00000248
 Iteration  1 RMS(Cart)=  0.00000070 RMS(Int)=  0.00000175
 Variable       Old X    -DE/DX   Delta X   Delta X   Delta X     New X
                                 (Linear)    (Quad)   (Total)
    R1        2.06897   0.00025   0.00072   0.00006   0.00078   2.06975
    R2        2.07008   0.00000  -0.00031   0.00003  -0.00027   2.06980
    R3        2.07064  -0.00013  -0.00083   0.00001  -0.00082   2.06983
    R4        5.32903   0.00158  -0.00001   0.00000  -0.00001   5.32902
    R5        2.61880   0.00004   0.00004   0.00007   0.00011   2.61892
    R6        5.07105   0.00093   0.01141  -0.00008   0.01133   5.08238
    R7        5.08482   0.00087  -0.00222  -0.00001  -0.00223   5.08259
    R8        5.09205   0.00084  -0.00907  -0.00001  -0.00908   5.08298
    A1        1.93404  -0.00026   0.00020  -0.00007   0.00013   1.93417
    A2        1.93409  -0.00027   0.00011  -0.00004   0.00007   1.93416
    A3        1.88727   0.00025  -0.00077   0.00001  -0.00076   1.88651
    A4        1.93424  -0.00027  -0.00021   0.00006  -0.00015   1.93409
    A5        1.88636   0.00029   0.00011   0.00003   0.00014   1.88650
    A6        1.88590   0.00031   0.00056   0.00002   0.00058   1.88648
    A7        1.49459   0.00033  -0.00548   0.00003  -0.00545   1.48914
    A8        1.48795   0.00040   0.00108   0.00000   0.00108   1.48904
    A9        1.48448   0.00043   0.00436   0.00000   0.00437   1.48885
   A10        0.68426  -0.00015  -0.00051   0.00001  -0.00051   0.68375
   A11        0.68385  -0.00017  -0.00013   0.00001  -0.00013   0.68372
   A12        0.68313  -0.00021   0.00055   0.00002   0.00057   0.68370
    D1       -1.07530   0.00036  -0.00196   0.00000  -0.00196  -1.07726
    D2        1.07951  -0.00037  -0.00201  -0.00001  -0.00202   1.07749
    D3       -3.13975   0.00001  -0.00174  -0.00001  -0.00174  -3.14149
    D4        1.07128  -0.00035   0.00594  -0.00002   0.00592   1.07720
    D5       -1.08345   0.00037   0.00581   0.00005   0.00585  -1.07760
    D6        3.13628  -0.00002   0.00518  -0.00003   0.00515   3.14144
    D7       -1.07337   0.00035  -0.00398   0.00003  -0.00395  -1.07732
    D8        1.08132  -0.00037  -0.00380  -0.00005  -0.00384   1.07748
    D9       -3.13813   0.00001  -0.00345   0.00003  -0.00341  -3.14154
   D10        0.55816  -0.00005   0.00119   0.00003   0.00122   0.55938
   D11       -0.55916   0.00007  -0.00027  -0.00001  -0.00028  -0.55944
   D12       -0.55816  -0.00002  -0.00118  -0.00003  -0.00121  -0.55937
   D13        0.56100  -0.00004  -0.00144  -0.00004  -0.00149   0.55951
   D14        0.55917   0.00003   0.00024   0.00002   0.00026   0.55943
   D15       -0.56101   0.00001   0.00146   0.00004   0.00150  -0.55951
         Item               Value     Threshold  Converged?
 Maximum Force            0.000190     0.000450     YES
 RMS     Force            0.000054     0.000300     YES
 Maximum Displacement     0.008222     0.001800     NO 
 RMS     Displacement     0.002712     0.001200     NO 
 Predicted change in Energy=-2.252586D-07
 GradGradGradGradGradGradGradGradGradGradGradGradGradGradGradGradGradGrad

                          Input orientation:                          
 ---------------------------------------------------------------------
 Center     Atomic      Atomic             Coordinates (Angstroms)
 Number     Number       Type             X           Y           Z
 ---------------------------------------------------------------------
      1          6           0        0.251259   -0.899428   -0.005682
      2          1           0        0.615415   -1.932378   -0.008747
      3          1           0        0.587091   -0.370913    0.892959
      4          1           0        0.571154   -0.371189   -0.910296
      5         17           0        3.070394   -0.834242   -0.030307
      6          9           0       -1.134185   -0.931619    0.006554
 ---------------------------------------------------------------------
                    Distance matrix (angstroms):
                    1          2          3          4          5
     1  C    0.000000
     2  H    1.095265   0.000000
     3  H    1.095293   1.803344   0.000000
     4  H    1.095306   1.803347   1.803326   0.000000
     5  Cl   2.819996   2.689478   2.689589   2.689795   0.000000
     6  F    1.385872   2.015652   2.015662   2.015658   4.205868
                    6
     6  F    0.000000
 Stoichiometry    CH3ClF(1-)
 Framework group  C1[X(CH3ClF)]
 Deg. of freedom    12
 Full point group                 C1      NOp   1
 Largest Abelian subgroup         C1      NOp   1
 Largest concise Abelian subgroup C1      NOp   1
                         Standard orientation:                         
 ---------------------------------------------------------------------
 Center     Atomic      Atomic             Coordinates (Angstroms)
 Number     Number       Type             X           Y           Z
 ---------------------------------------------------------------------
      1          6           0        1.042494   -0.000065   -0.000051
      2          1           0        0.702328    1.039021   -0.064795
      3          1           0        0.702402   -0.463664    0.932193
      4          1           0        0.702551   -0.575752   -0.867646
      5         17           0       -1.777502    0.000015    0.000010
      6          9           0        2.428366    0.000059    0.000043
 ---------------------------------------------------------------------
 Rotational constants (GHZ):    154.1974524      2.1175560      2.1175556
 Standard basis: VSTO-6G (5D, 7F)
 There are    21 symmetry adapted cartesian basis functions of A   symmetry.
 There are    20 symmetry adapted basis functions of A   symmetry.
    20 basis functions,   126 primitive gaussians,    21 cartesian basis functions
    11 alpha electrons       11 beta electrons
       nuclear repulsion energy        66.0950828957 Hartrees.
 Integral buffers will be    131072 words long.
 Regular integral format.
 Two-electron integral symmetry is turned off.
 Do NDO integrals.
 One-electron integrals computed using PRISM.
 NBasis=    20 RedAO= F EigKep=  0.00D+00  NBF=    20
 NBsUse=    20 1.00D-04 EigRej=  0.00D+00 NBFU=    20
 Initial guess from the checkpoint file:  "/scratch/1715567.1.multiway.q/Gau-186785.chk"
 B after Tr=     0.000000    0.000000    0.000000
         Rot=    0.792474   -0.609905    0.000023    0.000057 Ang= -75.17 deg.
 Overlap will be assumed to be unity.
 Keep J ints in memory in canonical form, NReq=1875445.
 Requested convergence on RMS density matrix=1.00D-08 within 128 cycles.
 Requested convergence on MAX density matrix=1.00D-06.
 Requested convergence on             energy=1.00D-06.
 No special actions if energy rises.
 SCF Done:  E(RPM6) = -0.195951319702     A.U. after   10 cycles
            NFock=  9  Conv=0.34D-08     -V/T= 0.9849
 Calling FoFJK, ICntrl=      2127 FMM=F ISym2X=0 I1Cent= 0 IOpClX= 0 NMat=1 NMatS=1 NMatT=0.
 ***** Axes restored to original set *****
 -------------------------------------------------------------------
 Center     Atomic                   Forces (Hartrees/Bohr)
 Number     Number              X              Y              Z
 -------------------------------------------------------------------
      1        6          -0.004163066   -0.000076846    0.000029427
      2        1           0.000001533   -0.000009560    0.000000702
      3        1          -0.000001632   -0.000003718    0.000000203
      4        1          -0.000001133   -0.000006782    0.000006576
      5       17           0.004168537    0.000097508   -0.000037272
      6        9          -0.000004239   -0.000000602    0.000000363
 -------------------------------------------------------------------
 Cartesian Forces:  Max     0.004168537 RMS     0.001388959

 GradGradGradGradGradGradGradGradGradGradGradGradGradGradGradGradGradGrad
 Berny optimization.
 Using GEDIIS/GDIIS optimizer.
 FormGI is forming the generalized inverse of G from B-inverse, IUseBI=4.
 Internal  Forces:  Max     0.001580827 RMS     0.000433956
 Search for a local minimum.
 Step number   6 out of a maximum of   45 on scan point     8 out of    21
 All quantities printed in internal units (Hartrees-Bohrs-Radians)
 Mixed Optimization -- En-DIIS/RFO-DIIS
 Swapping is turned off.
 Update second derivatives using D2CorX and points    1    2    3    4    5
                                                      6
 DE= -9.27D-07 DEPred=-2.25D-07 R= 4.12D+00
 Trust test= 4.12D+00 RLast= 2.06D-02 DXMaxT set to 5.49D-01
 ITU=  0  0  1  1  1  0
     Eigenvalues ---    0.00365   0.02330   0.03130   0.04011   0.07390
     Eigenvalues ---    0.08308   0.09530   0.24953   0.31802   0.32337
     Eigenvalues ---    0.464121000.000001000.000001000.000001000.00000
     Eigenvalues --- 1000.000001000.000001000.000001000.000001000.00000
     Eigenvalues --- 1000.000001000.000001000.000001000.000001000.00000
     Eigenvalues --- 1000.000001000.000001000.000001000.000001000.00000
     Eigenvalues --- 1000.000001000.000001000.000001000.000001000.00000
 En-DIIS/RFO-DIIS IScMMF=        0 using points:     6    5    4    3    2
 RFO step:  Lambda=-2.08878251D-07.
 DidBck=F Rises=F RFO-DIIS coefs:    1.19668   -0.76422    1.05343   -0.59870    0.11281
 Iteration  1 RMS(Cart)=  0.00007606 RMS(Int)=  0.00000047
 Iteration  2 RMS(Cart)=  0.00000000 RMS(Int)=  0.00000047
 Iteration  1 RMS(Cart)=  0.00000036 RMS(Int)=  0.00000090
 Variable       Old X    -DE/DX   Delta X   Delta X   Delta X     New X
                                 (Linear)    (Quad)   (Total)
    R1        2.06975   0.00007   0.00004   0.00000   0.00004   2.06979
    R2        2.06980   0.00006   0.00000  -0.00001  -0.00001   2.06979
    R3        2.06983   0.00005  -0.00003  -0.00001  -0.00004   2.06979
    R4        5.32902   0.00158   0.00000   0.00000   0.00000   5.32902
    R5        2.61892   0.00000   0.00002  -0.00001   0.00001   2.61893
    R6        5.08238   0.00088   0.00033  -0.00003   0.00030   5.08268
    R7        5.08259   0.00088  -0.00004   0.00001  -0.00003   5.08256
    R8        5.08298   0.00088  -0.00023   0.00001  -0.00023   5.08275
    A1        1.93417  -0.00027   0.00000  -0.00003  -0.00003   1.93414
    A2        1.93416  -0.00027   0.00001  -0.00001  -0.00001   1.93415
    A3        1.88651   0.00028  -0.00003   0.00001  -0.00002   1.88649
    A4        1.93409  -0.00027   0.00002   0.00003   0.00005   1.93414
    A5        1.88650   0.00028   0.00000   0.00000   0.00000   1.88649
    A6        1.88648   0.00028   0.00001   0.00000   0.00001   1.88649
    A7        1.48914   0.00038  -0.00016   0.00002  -0.00015   1.48900
    A8        1.48904   0.00038   0.00002   0.00000   0.00002   1.48905
    A9        1.48885   0.00038   0.00012   0.00000   0.00011   1.48896
   A10        0.68375  -0.00017  -0.00002  -0.00001  -0.00002   0.68372
   A11        0.68372  -0.00017   0.00000   0.00000  -0.00001   0.68371
   A12        0.68370  -0.00017   0.00002   0.00000   0.00002   0.68372
    D1       -1.07726   0.00036  -0.00007  -0.00001  -0.00009  -1.07734
    D2        1.07749  -0.00036  -0.00004   0.00000  -0.00004   1.07745
    D3       -3.14149   0.00000  -0.00005   0.00000  -0.00005  -3.14154
    D4        1.07720  -0.00036   0.00018   0.00000   0.00018   1.07738
    D5       -1.07760   0.00036   0.00016   0.00001   0.00017  -1.07742
    D6        3.14144   0.00000   0.00014  -0.00001   0.00013   3.14157
    D7       -1.07732   0.00036  -0.00012   0.00001  -0.00011  -1.07743
    D8        1.07748  -0.00036  -0.00010  -0.00001  -0.00012   1.07737
    D9       -3.14154   0.00000  -0.00009   0.00000  -0.00009   3.14156
   D10        0.55938  -0.00002   0.00004   0.00001   0.00005   0.55943
   D11       -0.55944   0.00002  -0.00001   0.00000  -0.00001  -0.55945
   D12       -0.55937   0.00002  -0.00004  -0.00002  -0.00006  -0.55943
   D13        0.55951  -0.00002  -0.00005  -0.00002  -0.00007   0.55944
   D14        0.55943  -0.00002   0.00001   0.00001   0.00002   0.55945
   D15       -0.55951   0.00002   0.00005   0.00002   0.00007  -0.55944
         Item               Value     Threshold  Converged?
 Maximum Force            0.000008     0.000450     YES
 RMS     Force            0.000002     0.000300     YES
 Maximum Displacement     0.000227     0.001800     YES
 RMS     Displacement     0.000076     0.001200     YES
 Predicted change in Energy=-1.777915D-08
 Optimization completed.
    -- Stationary point found.
                           ----------------------------
                           !   Optimized Parameters   !
                           ! (Angstroms and Degrees)  !
 --------------------------                            --------------------------
 ! Name  Definition              Value          Derivative Info.                !
 --------------------------------------------------------------------------------
 ! R1    R(1,2)                  1.0953         -DE/DX =    0.0001              !
 ! R2    R(1,3)                  1.0953         -DE/DX =    0.0001              !
 ! R3    R(1,4)                  1.0953         -DE/DX =    0.0001              !
 ! R4    R(1,5)                  2.82           -DE/DX =    0.0016              !
 ! R5    R(1,6)                  1.3859         -DE/DX =    0.0                 !
 ! R6    R(2,5)                  2.6895         -DE/DX =    0.0009              !
 ! R7    R(3,5)                  2.6896         -DE/DX =    0.0009              !
 ! R8    R(4,5)                  2.6898         -DE/DX =    0.0009              !
 ! A1    A(2,1,3)              110.8199         -DE/DX =   -0.0003              !
 ! A2    A(2,1,4)              110.8192         -DE/DX =   -0.0003              !
 ! A3    A(2,1,6)              108.0892         -DE/DX =    0.0003              !
 ! A4    A(3,1,4)              110.8151         -DE/DX =   -0.0003              !
 ! A5    A(3,1,6)              108.0884         -DE/DX =    0.0003              !
 ! A6    A(4,1,6)              108.0872         -DE/DX =    0.0003              !
 ! A7    A(1,2,5)               85.3216         -DE/DX =    0.0004              !
 ! A8    A(1,3,5)               85.3155         -DE/DX =    0.0004              !
 ! A9    A(1,4,5)               85.3048         -DE/DX =    0.0004              !
 ! A10   A(2,5,3)               39.1758         -DE/DX =   -0.0002              !
 ! A11   A(2,5,4)               39.1743         -DE/DX =   -0.0002              !
 ! A12   A(3,5,4)               39.1729         -DE/DX =   -0.0002              !
 ! D1    D(3,1,2,5)            -61.7224         -DE/DX =    0.0004              !
 ! D2    D(4,1,2,5)             61.7359         -DE/DX =   -0.0004              !
 ! D3    D(6,1,2,5)           -179.9942         -DE/DX =    0.0                 !
 ! D4    D(2,1,3,5)             61.7189         -DE/DX =   -0.0004              !
 ! D5    D(4,1,3,5)            -61.7417         -DE/DX =    0.0004              !
 ! D6    D(6,1,3,5)            179.9912         -DE/DX =    0.0                 !
 ! D7    D(2,1,4,5)            -61.7259         -DE/DX =    0.0004              !
 ! D8    D(3,1,4,5)             61.7352         -DE/DX =   -0.0004              !
 ! D9    D(6,1,4,5)            180.003          -DE/DX =    0.0                 !
 ! D10   D(1,2,5,3)             32.05           -DE/DX =    0.0                 !
 ! D11   D(1,2,5,4)            -32.0535         -DE/DX =    0.0                 !
 ! D12   D(1,3,5,2)            -32.0494         -DE/DX =    0.0                 !
 ! D13   D(1,3,5,4)             32.0575         -DE/DX =    0.0                 !
 ! D14   D(1,4,5,2)             32.0531         -DE/DX =    0.0                 !
 ! D15   D(1,4,5,3)            -32.0576         -DE/DX =    0.0                 !
 --------------------------------------------------------------------------------
 Iteration  1 RMS(Cart)=  0.01002646 RMS(Int)=  0.02517930
 Iteration  2 RMS(Cart)=  0.00012105 RMS(Int)=  0.02517875
 Iteration  3 RMS(Cart)=  0.00000139 RMS(Int)=  0.02517875
 Iteration  4 RMS(Cart)=  0.00000003 RMS(Int)=  0.02517875
 Iteration  1 RMS(Cart)=  0.00621977 RMS(Int)=  0.01566461
 Iteration  2 RMS(Cart)=  0.00386452 RMS(Int)=  0.01741210
 Iteration  3 RMS(Cart)=  0.00240479 RMS(Int)=  0.01993378
 Iteration  4 RMS(Cart)=  0.00149774 RMS(Int)=  0.02187652
 Iteration  5 RMS(Cart)=  0.00093330 RMS(Int)=  0.02319398
 Iteration  6 RMS(Cart)=  0.00058175 RMS(Int)=  0.02404948
 Iteration  7 RMS(Cart)=  0.00036269 RMS(Int)=  0.02459468
 Iteration  8 RMS(Cart)=  0.00022614 RMS(Int)=  0.02493890
 Iteration  9 RMS(Cart)=  0.00014101 RMS(Int)=  0.02515513
 Iteration 10 RMS(Cart)=  0.00008793 RMS(Int)=  0.02529057
 Iteration 11 RMS(Cart)=  0.00005483 RMS(Int)=  0.02537526
 Iteration 12 RMS(Cart)=  0.00003420 RMS(Int)=  0.02542817
 Iteration 13 RMS(Cart)=  0.00002133 RMS(Int)=  0.02546119
 Iteration 14 RMS(Cart)=  0.00001330 RMS(Int)=  0.02548180
 Iteration 15 RMS(Cart)=  0.00000829 RMS(Int)=  0.02549466
 Iteration 16 RMS(Cart)=  0.00000517 RMS(Int)=  0.02550268
 Iteration 17 RMS(Cart)=  0.00000323 RMS(Int)=  0.02550768
 Iteration 18 RMS(Cart)=  0.00000201 RMS(Int)=  0.02551080
 Iteration 19 RMS(Cart)=  0.00000125 RMS(Int)=  0.02551275
 Iteration 20 RMS(Cart)=  0.00000078 RMS(Int)=  0.02551396
 GradGradGradGradGradGradGradGradGradGradGradGradGradGradGradGradGradGrad

                          Input orientation:                          
 ---------------------------------------------------------------------
 Center     Atomic      Atomic             Coordinates (Angstroms)
 Number     Number       Type             X           Y           Z
 ---------------------------------------------------------------------
      1          6           0        0.285704   -0.898639   -0.005979
      2          1           0        0.614398   -1.940712   -0.008711
      3          1           0        0.585951   -0.366888    0.900140
      4          1           0        0.569952   -0.367163   -0.917408
      5         17           0        3.004875   -0.835639   -0.029779
      6          9           0       -1.099751   -0.930727    0.006218
 ---------------------------------------------------------------------
                    Distance matrix (angstroms):
                    1          2          3          4          5
     1  C    0.000000
     2  H    1.092687   0.000000
     3  H    1.092684   1.817619   0.000000
     4  H    1.092688   1.817625   1.817619   0.000000
     5  Cl   2.720005   2.633630   2.633565   2.633667   0.000000
     6  F    1.385880   1.989622   1.989623   1.989622   4.105884
                    6
     6  F    0.000000
 Stoichiometry    CH3ClF(1-)
 Framework group  C1[X(CH3ClF)]
 Deg. of freedom    12
 Full point group                 C1      NOp   1
 Largest Abelian subgroup         C1      NOp   1
 Largest concise Abelian subgroup C1      NOp   1
                         Standard orientation:                         
 ---------------------------------------------------------------------
 Center     Atomic      Atomic             Coordinates (Angstroms)
 Number     Number       Type             X           Y           Z
 ---------------------------------------------------------------------
      1          6           0        0.990875   -0.000010   -0.000028
      2          1           0        0.686392    0.920927   -0.503146
      3          1           0        0.686345   -0.024781    1.049069
      4          1           0        0.686419   -0.896192   -0.546042
      5         17           0       -1.729130    0.000002    0.000005
      6          9           0        2.376755    0.000008    0.000022
 ---------------------------------------------------------------------
 Rotational constants (GHZ):    151.7837873      2.2290958      2.2290957
 Standard basis: VSTO-6G (5D, 7F)
 There are    21 symmetry adapted cartesian basis functions of A   symmetry.
 There are    20 symmetry adapted basis functions of A   symmetry.
    20 basis functions,   126 primitive gaussians,    21 cartesian basis functions
    11 alpha electrons       11 beta electrons
       nuclear repulsion energy        66.5041579666 Hartrees.
 Integral buffers will be    131072 words long.
 Regular integral format.
 Two-electron integral symmetry is turned off.
 Do NDO integrals.
 One-electron integrals computed using PRISM.
 NBasis=    20 RedAO= F EigKep=  0.00D+00  NBF=    20
 NBsUse=    20 1.00D-04 EigRej=  0.00D+00 NBFU=    20
 Initial guess from the checkpoint file:  "/scratch/1715567.1.multiway.q/Gau-186785.chk"
 B after Tr=     0.000000    0.000000    0.000000
         Rot=    0.976137    0.217157    0.000000    0.000002 Ang=  25.08 deg.
 Overlap will be assumed to be unity.
 Keep J ints in memory in canonical form, NReq=1875445.
 Requested convergence on RMS density matrix=1.00D-08 within 128 cycles.
 Requested convergence on MAX density matrix=1.00D-06.
 Requested convergence on             energy=1.00D-06.
 No special actions if energy rises.
 SCF Done:  E(RPM6) = -0.194368560008     A.U. after   11 cycles
            NFock= 10  Conv=0.10D-07     -V/T= 0.9850
 Calling FoFJK, ICntrl=      2127 FMM=F ISym2X=0 I1Cent= 0 IOpClX= 0 NMat=1 NMatS=1 NMatT=0.
 ***** Axes restored to original set *****
 -------------------------------------------------------------------
 Center     Atomic                   Forces (Hartrees/Bohr)
 Number     Number              X              Y              Z
 -------------------------------------------------------------------
      1        6          -0.011095252   -0.000257156    0.000095489
      2        1           0.003141316   -0.000278719   -0.000027718
      3        1           0.003131266    0.000249125    0.000278488
      4        1           0.003126647    0.000247481   -0.000331154
      5       17           0.009556815    0.000221333   -0.000084206
      6        9          -0.007860792   -0.000182064    0.000069102
 -------------------------------------------------------------------
 Cartesian Forces:  Max     0.011095252 RMS     0.004124697

 GradGradGradGradGradGradGradGradGradGradGradGradGradGradGradGradGradGrad
 Berny optimization.
 FormGI is forming the generalized inverse of G from B-inverse, IUseBI=4.
 Internal  Forces:  Max     0.007863204 RMS     0.001991401
 Search for a local minimum.
 Step number   1 out of a maximum of   45 on scan point     9 out of    21
 All quantities printed in internal units (Hartrees-Bohrs-Radians)
 Mixed Optimization -- RFO/linear search
 Second derivative matrix not updated -- first step.
 ITU=  0
     Eigenvalues ---    0.00366   0.02355   0.03132   0.04027   0.07680
     Eigenvalues ---    0.08354   0.09608   0.24908   0.31705   0.32302
     Eigenvalues ---    0.464271000.000001000.000001000.000001000.00000
     Eigenvalues --- 1000.000001000.000001000.000001000.000001000.00000
     Eigenvalues --- 1000.000001000.000001000.000001000.000001000.00000
     Eigenvalues --- 1000.000001000.000001000.000001000.000001000.00000
     Eigenvalues --- 1000.000001000.000001000.000001000.000001000.00000
 RFO step:  Lambda=-4.52004175D-04 EMin= 3.66187200D-03
 Linear search not attempted -- first point.
 Iteration  1 RMS(Cart)=  0.00951680 RMS(Int)=  0.00027258
 Iteration  2 RMS(Cart)=  0.00012015 RMS(Int)=  0.00022686
 Iteration  3 RMS(Cart)=  0.00000002 RMS(Int)=  0.00022686
 Iteration  1 RMS(Cart)=  0.00001034 RMS(Int)=  0.00002596
 Iteration  2 RMS(Cart)=  0.00000642 RMS(Int)=  0.00002885
 Iteration  3 RMS(Cart)=  0.00000399 RMS(Int)=  0.00003303
 Iteration  4 RMS(Cart)=  0.00000248 RMS(Int)=  0.00003623
 Iteration  5 RMS(Cart)=  0.00000154 RMS(Int)=  0.00003840
 Iteration  6 RMS(Cart)=  0.00000096 RMS(Int)=  0.00003980
 Variable       Old X    -DE/DX   Delta X   Delta X   Delta X     New X
                                 (Linear)    (Quad)   (Total)
    R1        2.06488   0.00133   0.00000   0.00398   0.00405   2.06893
    R2        2.06487   0.00133   0.00000   0.00426   0.00433   2.06920
    R3        2.06488   0.00133   0.00000   0.00437   0.00444   2.06932
    R4        5.14006   0.00480   0.00000   0.00000   0.00000   5.14007
    R5        2.61893   0.00786   0.00000   0.00936   0.00936   2.62830
    R6        4.97684   0.00159   0.00000  -0.03993  -0.04012   4.93672
    R7        4.97672   0.00159   0.00000  -0.03938  -0.03958   4.93714
    R8        4.97691   0.00159   0.00000  -0.04278  -0.04298   4.93393
    A1        1.96440  -0.00127   0.00000  -0.01746  -0.01798   1.94643
    A2        1.96441  -0.00127   0.00000  -0.01751  -0.01803   1.94637
    A3        1.85320   0.00146   0.00000   0.02027   0.02031   1.87350
    A4        1.96440  -0.00127   0.00000  -0.01753  -0.01805   1.94635
    A5        1.85320   0.00146   0.00000   0.02005   0.02009   1.87329
    A6        1.85319   0.00146   0.00000   0.02007   0.02011   1.87330
    A7        1.44335   0.00150   0.00000   0.01791   0.01800   1.46134
    A8        1.44340   0.00150   0.00000   0.01761   0.01770   1.46111
    A9        1.44331   0.00150   0.00000   0.01917   0.01926   1.46258
   A10        0.70465  -0.00007   0.00000   0.00304   0.00295   0.70761
   A11        0.70464  -0.00007   0.00000   0.00330   0.00321   0.70786
   A12        0.70465  -0.00007   0.00000   0.00330   0.00322   0.70787
    D1       -1.12106   0.00196   0.00000   0.02617   0.02579  -1.09527
    D2        1.12117  -0.00196   0.00000  -0.02816  -0.02777   1.09341
    D3       -3.14154   0.00000   0.00000  -0.00099  -0.00099   3.14065
    D4        1.12110  -0.00196   0.00000  -0.02632  -0.02595   1.09515
    D5       -1.12114   0.00196   0.00000   0.02799   0.02761  -1.09353
    D6        3.14157   0.00000   0.00000   0.00097   0.00097  -3.14064
    D7       -1.12115   0.00196   0.00000   0.02731   0.02692  -1.09424
    D8        1.12109  -0.00196   0.00000  -0.02699  -0.02660   1.09448
    D9        3.14156   0.00000   0.00000   0.00002   0.00002   3.14158
   D10        0.56181  -0.00001   0.00000   0.00064   0.00065   0.56245
   D11       -0.56183   0.00001   0.00000  -0.00032  -0.00030  -0.56212
   D12       -0.56180   0.00001   0.00000  -0.00058  -0.00058  -0.56239
   D13        0.56181  -0.00001   0.00000   0.00037   0.00035   0.56216
   D14        0.56183  -0.00001   0.00000   0.00010   0.00009   0.56192
   D15       -0.56182   0.00001   0.00000  -0.00021  -0.00021  -0.56203
         Item               Value     Threshold  Converged?
 Maximum Force            0.007863     0.000450     NO 
 RMS     Force            0.001511     0.000300     NO 
 Maximum Displacement     0.028393     0.001800     NO 
 RMS     Displacement     0.009555     0.001200     NO 
 Predicted change in Energy=-2.269714D-04
 GradGradGradGradGradGradGradGradGradGradGradGradGradGradGradGradGradGrad

                          Input orientation:                          
 ---------------------------------------------------------------------
 Center     Atomic      Atomic             Coordinates (Angstroms)
 Number     Number       Type             X           Y           Z
 ---------------------------------------------------------------------
      1          6           0        0.275650   -0.899037   -0.005670
      2          1           0        0.625776   -1.936369   -0.008424
      3          1           0        0.597266   -0.368913    0.896827
      4          1           0        0.582411   -0.369154   -0.913543
      5         17           0        2.994801   -0.835524   -0.030478
      6          9           0       -1.114775   -0.930772    0.005769
 ---------------------------------------------------------------------
                    Distance matrix (angstroms):
                    1          2          3          4          5
     1  C    0.000000
     2  H    1.094830   0.000000
     3  H    1.094974   1.810306   0.000000
     4  H    1.095039   1.810327   1.810430   0.000000
     5  Cl   2.720006   2.612398   2.612622   2.610925   0.000000
     6  F    1.390835   2.010210   2.010163   2.010222   4.110840
                    6
     6  F    0.000000
 Stoichiometry    CH3ClF(1-)
 Framework group  C1[X(CH3ClF)]
 Deg. of freedom    12
 Full point group                 C1      NOp   1
 Largest Abelian subgroup         C1      NOp   1
 Largest concise Abelian subgroup C1      NOp   1
                         Standard orientation:                         
 ---------------------------------------------------------------------
 Center     Atomic      Atomic             Coordinates (Angstroms)
 Number     Number       Type             X           Y           Z
 ---------------------------------------------------------------------
      1          6           0        0.991468    0.000551   -0.000278
      2          1           0        0.665502    0.090052   -1.041618
      3          1           0        0.665672    0.857993    0.597734
      4          1           0        0.664432   -0.945817    0.443055
      5         17           0       -1.728538   -0.000104    0.000048
      6          9           0        2.382303   -0.000419    0.000187
 ---------------------------------------------------------------------
 Rotational constants (GHZ):    153.0043075      2.2256917      2.2256889
 Standard basis: VSTO-6G (5D, 7F)
 There are    21 symmetry adapted cartesian basis functions of A   symmetry.
 There are    20 symmetry adapted basis functions of A   symmetry.
    20 basis functions,   126 primitive gaussians,    21 cartesian basis functions
    11 alpha electrons       11 beta electrons
       nuclear repulsion energy        66.4581020417 Hartrees.
 Integral buffers will be    131072 words long.
 Regular integral format.
 Two-electron integral symmetry is turned off.
 Do NDO integrals.
 One-electron integrals computed using PRISM.
 NBasis=    20 RedAO= F EigKep=  0.00D+00  NBF=    20
 NBsUse=    20 1.00D-04 EigRej=  0.00D+00 NBFU=    20
 Initial guess from the checkpoint file:  "/scratch/1715567.1.multiway.q/Gau-186785.chk"
 B after Tr=     0.000000    0.000000    0.000000
         Rot=    0.881094    0.472941   -0.000002    0.000011 Ang=  56.45 deg.
 Overlap will be assumed to be unity.
 Keep J ints in memory in canonical form, NReq=1875445.
 Requested convergence on RMS density matrix=1.00D-08 within 128 cycles.
 Requested convergence on MAX density matrix=1.00D-06.
 Requested convergence on             energy=1.00D-06.
 No special actions if energy rises.
 SCF Done:  E(RPM6) = -0.194594628964     A.U. after   11 cycles
            NFock= 10  Conv=0.31D-08     -V/T= 0.9850
 Calling FoFJK, ICntrl=      2127 FMM=F ISym2X=0 I1Cent= 0 IOpClX= 0 NMat=1 NMatS=1 NMatT=0.
 ***** Axes restored to original set *****
 -------------------------------------------------------------------
 Center     Atomic                   Forces (Hartrees/Bohr)
 Number     Number              X              Y              Z
 -------------------------------------------------------------------
      1        6          -0.010311903   -0.000155367    0.000072182
      2        1           0.000000870   -0.000046911   -0.000000775
      3        1          -0.000003138   -0.000007915   -0.000015944
      4        1          -0.000028332   -0.000014851    0.000025661
      5       17           0.010544815    0.000242117   -0.000086697
      6        9          -0.000202312   -0.000017074    0.000005572
 -------------------------------------------------------------------
 Cartesian Forces:  Max     0.010544815 RMS     0.003477463

 GradGradGradGradGradGradGradGradGradGradGradGradGradGradGradGradGradGrad
 Berny optimization.
 Using GEDIIS/GDIIS optimizer.
 FormGI is forming the generalized inverse of G from B-inverse, IUseBI=4.
 Internal  Forces:  Max     0.003990372 RMS     0.001096608
 Search for a local minimum.
 Step number   2 out of a maximum of   45 on scan point     9 out of    21
 All quantities printed in internal units (Hartrees-Bohrs-Radians)
 Mixed Optimization -- En-DIIS/RFO-DIIS
 Update second derivatives using D2CorX and points    1    2
 DE= -2.26D-04 DEPred=-2.27D-04 R= 9.96D-01
 TightC=F SS=  1.41D+00  RLast= 1.13D-01 DXNew= 9.2397D-01 3.3815D-01
 Trust test= 9.96D-01 RLast= 1.13D-01 DXMaxT set to 5.49D-01
 ITU=  1  0
 Use linear search instead of GDIIS.
     Eigenvalues ---    0.00366   0.02391   0.03117   0.04019   0.07504
     Eigenvalues ---    0.08326   0.09552   0.24918   0.31752   0.32296
     Eigenvalues ---    0.456221000.000001000.000001000.000001000.00000
     Eigenvalues --- 1000.000001000.000001000.000001000.000001000.00000
     Eigenvalues --- 1000.000001000.000001000.000001000.000001000.00000
     Eigenvalues --- 1000.000001000.000001000.000001000.000001000.00000
     Eigenvalues --- 1000.000001000.000001000.000001000.000001000.00000
 RFO step:  Lambda=-1.09536362D-07 EMin= 3.65970936D-03
 Quartic linear search produced a step of  0.00556.
 Iteration  1 RMS(Cart)=  0.00028032 RMS(Int)=  0.00000127
 Iteration  2 RMS(Cart)=  0.00000005 RMS(Int)=  0.00000126
 Iteration  1 RMS(Cart)=  0.00000065 RMS(Int)=  0.00000163
 Variable       Old X    -DE/DX   Delta X   Delta X   Delta X     New X
                                 (Linear)    (Quad)   (Total)
    R1        2.06893   0.00015   0.00002   0.00003   0.00006   2.06899
    R2        2.06920   0.00010   0.00002  -0.00007  -0.00005   2.06915
    R3        2.06932   0.00008   0.00002  -0.00012  -0.00009   2.06923
    R4        5.14007   0.00399   0.00000   0.00000   0.00000   5.14006
    R5        2.62830   0.00020   0.00005   0.00041   0.00046   2.62876
    R6        4.93672   0.00223  -0.00022  -0.00071  -0.00094   4.93578
    R7        4.93714   0.00222  -0.00022   0.00038   0.00016   4.93730
    R8        4.93393   0.00224  -0.00024   0.00132   0.00108   4.93501
    A1        1.94643  -0.00064  -0.00010   0.00005  -0.00005   1.94637
    A2        1.94637  -0.00064  -0.00010   0.00013   0.00003   1.94640
    A3        1.87350   0.00069   0.00011  -0.00022  -0.00011   1.87339
    A4        1.94635  -0.00064  -0.00010   0.00027   0.00017   1.94651
    A5        1.87329   0.00070   0.00011  -0.00015  -0.00003   1.87326
    A6        1.87330   0.00071   0.00011  -0.00012  -0.00001   1.87329
    A7        1.46134   0.00096   0.00010   0.00032   0.00042   1.46177
    A8        1.46111   0.00097   0.00010  -0.00017  -0.00007   1.46104
    A9        1.46258   0.00097   0.00011  -0.00060  -0.00049   1.46209
   A10        0.70761  -0.00045   0.00002   0.00003   0.00005   0.70765
   A11        0.70786  -0.00045   0.00002  -0.00003  -0.00001   0.70785
   A12        0.70787  -0.00046   0.00002  -0.00009  -0.00008   0.70779
    D1       -1.09527   0.00092   0.00014   0.00001   0.00015  -1.09512
    D2        1.09341  -0.00091  -0.00015   0.00050   0.00035   1.09376
    D3        3.14065   0.00001  -0.00001   0.00029   0.00029   3.14094
    D4        1.09515  -0.00092  -0.00014  -0.00033  -0.00047   1.09468
    D5       -1.09353   0.00091   0.00015  -0.00075  -0.00060  -1.09413
    D6       -3.14064  -0.00001   0.00001  -0.00066  -0.00066  -3.14130
    D7       -1.09424   0.00091   0.00015   0.00010   0.00025  -1.09399
    D8        1.09448  -0.00091  -0.00015   0.00047   0.00033   1.09481
    D9        3.14158   0.00001   0.00000   0.00037   0.00037  -3.14123
   D10        0.56245  -0.00006   0.00000  -0.00011  -0.00010   0.56235
   D11       -0.56212   0.00006   0.00000   0.00005   0.00005  -0.56207
   D12       -0.56239   0.00005   0.00000   0.00004   0.00004  -0.56235
   D13        0.56216  -0.00006   0.00000   0.00004   0.00004   0.56221
   D14        0.56192  -0.00004   0.00000   0.00006   0.00006   0.56198
   D15       -0.56203   0.00005   0.00000  -0.00008  -0.00009  -0.56211
         Item               Value     Threshold  Converged?
 Maximum Force            0.000203     0.000450     YES
 RMS     Force            0.000036     0.000300     YES
 Maximum Displacement     0.000794     0.001800     YES
 RMS     Displacement     0.000280     0.001200     YES
 Predicted change in Energy=-2.902774D-08
 Optimization completed.
    -- Stationary point found.
                           ----------------------------
                           !   Optimized Parameters   !
                           ! (Angstroms and Degrees)  !
 --------------------------                            --------------------------
 ! Name  Definition              Value          Derivative Info.                !
 --------------------------------------------------------------------------------
 ! R1    R(1,2)                  1.0948         -DE/DX =    0.0001              !
 ! R2    R(1,3)                  1.095          -DE/DX =    0.0001              !
 ! R3    R(1,4)                  1.095          -DE/DX =    0.0001              !
 ! R4    R(1,5)                  2.72           -DE/DX =    0.004               !
 ! R5    R(1,6)                  1.3908         -DE/DX =    0.0002              !
 ! R6    R(2,5)                  2.6124         -DE/DX =    0.0022              !
 ! R7    R(3,5)                  2.6126         -DE/DX =    0.0022              !
 ! R8    R(4,5)                  2.6109         -DE/DX =    0.0022              !
 ! A1    A(2,1,3)              111.522          -DE/DX =   -0.0006              !
 ! A2    A(2,1,4)              111.5189         -DE/DX =   -0.0006              !
 ! A3    A(2,1,6)              107.3439         -DE/DX =    0.0007              !
 ! A4    A(3,1,4)              111.5175         -DE/DX =   -0.0006              !
 ! A5    A(3,1,6)              107.3316         -DE/DX =    0.0007              !
 ! A6    A(4,1,6)              107.3324         -DE/DX =    0.0007              !
 ! A7    A(1,2,5)               83.7289         -DE/DX =    0.001               !
 ! A8    A(1,3,5)               83.7153         -DE/DX =    0.001               !
 ! A9    A(1,4,5)               83.7994         -DE/DX =    0.001               !
 ! A10   A(2,5,3)               40.5429         -DE/DX =   -0.0005              !
 ! A11   A(2,5,4)               40.5572         -DE/DX =   -0.0005              !
 ! A12   A(3,5,4)               40.5578         -DE/DX =   -0.0005              !
 ! D1    D(3,1,2,5)            -62.7543         -DE/DX =    0.0009              !
 ! D2    D(4,1,2,5)             62.6475         -DE/DX =   -0.0009              !
 ! D3    D(6,1,2,5)            179.9462         -DE/DX =    0.0                 !
 ! D4    D(2,1,3,5)             62.7476         -DE/DX =   -0.0009              !
 ! D5    D(4,1,3,5)            -62.6549         -DE/DX =    0.0009              !
 ! D6    D(6,1,3,5)           -179.9454         -DE/DX =    0.0                 !
 ! D7    D(2,1,4,5)            -62.6951         -DE/DX =    0.0009              !
 ! D8    D(3,1,4,5)             62.7092         -DE/DX =   -0.0009              !
 ! D9    D(6,1,4,5)           -180.0008         -DE/DX =    0.0                 !
 ! D10   D(1,2,5,3)             32.2262         -DE/DX =   -0.0001              !
 ! D11   D(1,2,5,4)            -32.2073         -DE/DX =    0.0001              !
 ! D12   D(1,3,5,2)            -32.2224         -DE/DX =    0.0                 !
 ! D13   D(1,3,5,4)             32.2096         -DE/DX =   -0.0001              !
 ! D14   D(1,4,5,2)             32.1956         -DE/DX =    0.0                 !
 ! D15   D(1,4,5,3)            -32.2017         -DE/DX =    0.0001              !
 --------------------------------------------------------------------------------
 Iteration  1 RMS(Cart)=  0.01002300 RMS(Int)=  0.02518954
 Iteration  2 RMS(Cart)=  0.00012197 RMS(Int)=  0.02518900
 Iteration  3 RMS(Cart)=  0.00000137 RMS(Int)=  0.02518900
 Iteration  4 RMS(Cart)=  0.00000003 RMS(Int)=  0.02518900
 Iteration  1 RMS(Cart)=  0.00622379 RMS(Int)=  0.01567727
 Iteration  2 RMS(Cart)=  0.00387005 RMS(Int)=  0.01742522
 Iteration  3 RMS(Cart)=  0.00240952 RMS(Int)=  0.01994943
 Iteration  4 RMS(Cart)=  0.00150127 RMS(Int)=  0.02189493
 Iteration  5 RMS(Cart)=  0.00093576 RMS(Int)=  0.02321465
 Iteration  6 RMS(Cart)=  0.00058341 RMS(Int)=  0.02407180
 Iteration  7 RMS(Cart)=  0.00036379 RMS(Int)=  0.02461815
 Iteration  8 RMS(Cart)=  0.00022687 RMS(Int)=  0.02496316
 Iteration  9 RMS(Cart)=  0.00014149 RMS(Int)=  0.02517991
 Iteration 10 RMS(Cart)=  0.00008824 RMS(Int)=  0.02531570
 Iteration 11 RMS(Cart)=  0.00005503 RMS(Int)=  0.02540062
 Iteration 12 RMS(Cart)=  0.00003432 RMS(Int)=  0.02545367
 Iteration 13 RMS(Cart)=  0.00002141 RMS(Int)=  0.02548679
 Iteration 14 RMS(Cart)=  0.00001335 RMS(Int)=  0.02550747
 Iteration 15 RMS(Cart)=  0.00000833 RMS(Int)=  0.02552036
 Iteration 16 RMS(Cart)=  0.00000519 RMS(Int)=  0.02552841
 Iteration 17 RMS(Cart)=  0.00000324 RMS(Int)=  0.02553343
 Iteration 18 RMS(Cart)=  0.00000202 RMS(Int)=  0.02553656
 Iteration 19 RMS(Cart)=  0.00000126 RMS(Int)=  0.02553852
 Iteration 20 RMS(Cart)=  0.00000079 RMS(Int)=  0.02553973
 GradGradGradGradGradGradGradGradGradGradGradGradGradGradGradGradGradGrad

                          Input orientation:                          
 ---------------------------------------------------------------------
 Center     Atomic      Atomic             Coordinates (Angstroms)
 Number     Number       Type             X           Y           Z
 ---------------------------------------------------------------------
      1          6           0        0.309798   -0.898084   -0.006056
      2          1           0        0.625540   -1.944729   -0.008505
      3          1           0        0.596469   -0.364470    0.904179
      4          1           0        0.581183   -0.364703   -0.921075
      5         17           0        2.928995   -0.837470   -0.029681
      6          9           0       -1.080857   -0.930314    0.005617
 ---------------------------------------------------------------------
                    Distance matrix (angstroms):
                    1          2          3          4          5
     1  C    0.000000
     2  H    1.093236   0.000000
     3  H    1.093367   1.825118   0.000000
     4  H    1.093346   1.825167   1.825318   0.000000
     5  Cl   2.620005   2.555851   2.556658   2.555448   0.000000
     6  F    1.391078   1.985202   1.985200   1.985208   4.011082
                    6
     6  F    0.000000
 Stoichiometry    CH3ClF(1-)
 Framework group  C1[X(CH3ClF)]
 Deg. of freedom    12
 Full point group                 C1      NOp   1
 Largest Abelian subgroup         C1      NOp   1
 Largest concise Abelian subgroup C1      NOp   1
                         Standard orientation:                         
 ---------------------------------------------------------------------
 Center     Atomic      Atomic             Coordinates (Angstroms)
 Number     Number       Type             X           Y           Z
 ---------------------------------------------------------------------
      1          6           0        0.939841    0.000356    0.000058
      2          1           0        0.648397    0.123735   -1.046366
      3          1           0        0.648967    0.845311    0.630053
      4          1           0        0.648096   -0.967491    0.416666
      5         17           0       -1.680163   -0.000071   -0.000012
      6          9           0        2.330919   -0.000277   -0.000054
 ---------------------------------------------------------------------
 Rotational constants (GHZ):    150.5255401      2.3455300      2.3455251
 Standard basis: VSTO-6G (5D, 7F)
 There are    21 symmetry adapted cartesian basis functions of A   symmetry.
 There are    20 symmetry adapted basis functions of A   symmetry.
    20 basis functions,   126 primitive gaussians,    21 cartesian basis functions
    11 alpha electrons       11 beta electrons
       nuclear repulsion energy        66.8795124362 Hartrees.
 Integral buffers will be    131072 words long.
 Regular integral format.
 Two-electron integral symmetry is turned off.
 Do NDO integrals.
 One-electron integrals computed using PRISM.
 NBasis=    20 RedAO= F EigKep=  0.00D+00  NBF=    20
 NBsUse=    20 1.00D-04 EigRej=  0.00D+00 NBFU=    20
 Initial guess from the checkpoint file:  "/scratch/1715567.1.multiway.q/Gau-186785.chk"
 B after Tr=     0.000000    0.000000    0.000000
         Rot=    0.999875   -0.015820   -0.000006   -0.000004 Ang=  -1.81 deg.
 Overlap will be assumed to be unity.
 Keep J ints in memory in canonical form, NReq=1875445.
 Requested convergence on RMS density matrix=1.00D-08 within 128 cycles.
 Requested convergence on MAX density matrix=1.00D-06.
 Requested convergence on             energy=1.00D-06.
 No special actions if energy rises.
 SCF Done:  E(RPM6) = -0.191671278825     A.U. after   11 cycles
            NFock= 10  Conv=0.90D-08     -V/T= 0.9852
 Calling FoFJK, ICntrl=      2127 FMM=F ISym2X=0 I1Cent= 0 IOpClX= 0 NMat=1 NMatS=1 NMatT=0.
 ***** Axes restored to original set *****
 -------------------------------------------------------------------
 Center     Atomic                   Forces (Hartrees/Bohr)
 Number     Number              X              Y              Z
 -------------------------------------------------------------------
      1        6          -0.017436741   -0.000353926    0.000169156
      2        1           0.002584657   -0.000105226   -0.000025946
      3        1           0.002583058    0.000115920    0.000058082
      4        1           0.002567614    0.000121450   -0.000120070
      5       17           0.017985059    0.000417782   -0.000153364
      6        9          -0.008283647   -0.000195999    0.000072142
 -------------------------------------------------------------------
 Cartesian Forces:  Max     0.017985059 RMS     0.006309251

 GradGradGradGradGradGradGradGradGradGradGradGradGradGradGradGradGradGrad
 Berny optimization.
 FormGI is forming the generalized inverse of G from B-inverse, IUseBI=4.
 Internal  Forces:  Max     0.008286278 RMS     0.002609872
 Search for a local minimum.
 Step number   1 out of a maximum of   45 on scan point    10 out of    21
 All quantities printed in internal units (Hartrees-Bohrs-Radians)
 Mixed Optimization -- RFO/linear search
 Second derivative matrix not updated -- first step.
 ITU=  0
     Eigenvalues ---    0.00367   0.02419   0.03110   0.04030   0.07791
     Eigenvalues ---    0.08369   0.09630   0.24844   0.31631   0.32234
     Eigenvalues ---    0.456321000.000001000.000001000.000001000.00000
     Eigenvalues --- 1000.000001000.000001000.000001000.000001000.00000
     Eigenvalues --- 1000.000001000.000001000.000001000.000001000.00000
     Eigenvalues --- 1000.000001000.000001000.000001000.000001000.00000
     Eigenvalues --- 1000.000001000.000001000.000001000.000001000.00000
 RFO step:  Lambda=-3.48271301D-04 EMin= 3.67377686D-03
 Linear search not attempted -- first point.
 Iteration  1 RMS(Cart)=  0.00788489 RMS(Int)=  0.00016446
 Iteration  2 RMS(Cart)=  0.00007105 RMS(Int)=  0.00013778
 Iteration  3 RMS(Cart)=  0.00000001 RMS(Int)=  0.00013778
 Iteration  1 RMS(Cart)=  0.00000635 RMS(Int)=  0.00001597
 Iteration  2 RMS(Cart)=  0.00000395 RMS(Int)=  0.00001775
 Iteration  3 RMS(Cart)=  0.00000246 RMS(Int)=  0.00002031
 Iteration  4 RMS(Cart)=  0.00000153 RMS(Int)=  0.00002229
 Iteration  5 RMS(Cart)=  0.00000095 RMS(Int)=  0.00002363
 Variable       Old X    -DE/DX   Delta X   Delta X   Delta X     New X
                                 (Linear)    (Quad)   (Total)
    R1        2.06592   0.00097   0.00000   0.00222   0.00226   2.06818
    R2        2.06616   0.00091   0.00000   0.00260   0.00265   2.06881
    R3        2.06612   0.00093   0.00000   0.00291   0.00296   2.06909
    R4        4.95109   0.00775   0.00000   0.00000   0.00000   4.95109
    R5        2.62876   0.00829   0.00000   0.01256   0.01256   2.64131
    R6        4.82986   0.00345   0.00000  -0.03051  -0.03062   4.79924
    R7        4.83138   0.00344   0.00000  -0.03074  -0.03086   4.80053
    R8        4.82910   0.00345   0.00000  -0.03346  -0.03359   4.79551
    A1        1.97511  -0.00154   0.00000  -0.01308  -0.01340   1.96171
    A2        1.97522  -0.00155   0.00000  -0.01315  -0.01348   1.96174
    A3        1.84062   0.00184   0.00000   0.01586   0.01589   1.85651
    A4        1.97529  -0.00155   0.00000  -0.01316  -0.01349   1.96180
    A5        1.84049   0.00184   0.00000   0.01557   0.01560   1.85608
    A6        1.84052   0.00185   0.00000   0.01555   0.01558   1.85610
    A7        1.41573   0.00219   0.00000   0.01366   0.01372   1.42944
    A8        1.41499   0.00220   0.00000   0.01371   0.01377   1.42876
    A9        1.41605   0.00219   0.00000   0.01492   0.01498   1.43102
   A10        0.73009  -0.00059   0.00000   0.00244   0.00239   0.73248
   A11        0.73029  -0.00059   0.00000   0.00270   0.00265   0.73294
   A12        0.73023  -0.00060   0.00000   0.00278   0.00273   0.73297
    D1       -1.13908   0.00254   0.00000   0.02076   0.02054  -1.11854
    D2        1.13769  -0.00253   0.00000  -0.02236  -0.02213   1.11556
    D3        3.14094   0.00000   0.00000  -0.00082  -0.00082   3.14012
    D4        1.13864  -0.00254   0.00000  -0.02068  -0.02046   1.11819
    D5       -1.13809   0.00253   0.00000   0.02244   0.02221  -1.11588
    D6       -3.14130   0.00000   0.00000   0.00109   0.00109  -3.14021
    D7       -1.13792   0.00253   0.00000   0.02146   0.02123  -1.11669
    D8        1.13876  -0.00254   0.00000  -0.02162  -0.02140   1.11736
    D9       -3.14124   0.00000   0.00000  -0.00026  -0.00026  -3.14150
   D10        0.56502  -0.00008   0.00000   0.00059   0.00059   0.56561
   D11       -0.56473   0.00008   0.00000  -0.00039  -0.00038  -0.56511
   D12       -0.56502   0.00007   0.00000  -0.00046  -0.00046  -0.56548
   D13        0.56487  -0.00007   0.00000   0.00032   0.00030   0.56517
   D14        0.56463  -0.00006   0.00000   0.00006   0.00005   0.56468
   D15       -0.56478   0.00007   0.00000  -0.00011  -0.00010  -0.56488
         Item               Value     Threshold  Converged?
 Maximum Force            0.008286     0.000450     NO 
 RMS     Force            0.001522     0.000300     NO 
 Maximum Displacement     0.026435     0.001800     NO 
 RMS     Displacement     0.007907     0.001200     NO 
 Predicted change in Energy=-1.734597D-04
 GradGradGradGradGradGradGradGradGradGradGradGradGradGradGradGradGradGrad

                          Input orientation:                          
 ---------------------------------------------------------------------
 Center     Atomic      Atomic             Coordinates (Angstroms)
 Number     Number       Type             X           Y           Z
 ---------------------------------------------------------------------
      1          6           0        0.302472   -0.898497   -0.005784
      2          1           0        0.634683   -1.941288   -0.008262
      3          1           0        0.605767   -0.366225    0.901527
      4          1           0        0.591407   -0.366384   -0.918040
      5         17           0        2.921645   -0.837147   -0.030252
      6          9           0       -1.094846   -0.930228    0.005291
 ---------------------------------------------------------------------
                    Distance matrix (angstroms):
                    1          2          3          4          5
     1  C    0.000000
     2  H    1.094433   0.000000
     3  H    1.094767   1.819169   0.000000
     4  H    1.094915   1.819310   1.819623   0.000000
     5  Cl   2.620006   2.539646   2.540329   2.537675   0.000000
     6  F    1.397722   2.003421   2.003354   2.003475   4.017727
                    6
     6  F    0.000000
 Stoichiometry    CH3ClF(1-)
 Framework group  C1[X(CH3ClF)]
 Deg. of freedom    12
 Full point group                 C1      NOp   1
 Largest Abelian subgroup         C1      NOp   1
 Largest concise Abelian subgroup C1      NOp   1
                         Standard orientation:                         
 ---------------------------------------------------------------------
 Center     Atomic      Atomic             Coordinates (Angstroms)
 Number     Number       Type             X           Y           Z
 ---------------------------------------------------------------------
      1          6           0        0.939581    0.000887   -0.000305
      2          1           0        0.631662    0.165775   -1.037504
      3          1           0        0.632152    0.817440    0.660940
      4          1           0        0.630204   -0.979720    0.375906
      5         17           0       -1.680425   -0.000169    0.000051
      6          9           0        2.337302   -0.000660    0.000181
 ---------------------------------------------------------------------
 Rotational constants (GHZ):    151.4914860      2.3399307      2.3399198
 Standard basis: VSTO-6G (5D, 7F)
 There are    21 symmetry adapted cartesian basis functions of A   symmetry.
 There are    20 symmetry adapted basis functions of A   symmetry.
    20 basis functions,   126 primitive gaussians,    21 cartesian basis functions
    11 alpha electrons       11 beta electrons
       nuclear repulsion energy        66.8256002266 Hartrees.
 Integral buffers will be    131072 words long.
 Regular integral format.
 Two-electron integral symmetry is turned off.
 Do NDO integrals.
 One-electron integrals computed using PRISM.
 NBasis=    20 RedAO= F EigKep=  0.00D+00  NBF=    20
 NBsUse=    20 1.00D-04 EigRej=  0.00D+00 NBFU=    20
 Initial guess from the checkpoint file:  "/scratch/1715567.1.multiway.q/Gau-186785.chk"
 B after Tr=     0.000000    0.000000    0.000000
         Rot=    0.999799   -0.020073    0.000005    0.000009 Ang=  -2.30 deg.
 Overlap will be assumed to be unity.
 Keep J ints in memory in canonical form, NReq=1875445.
 Requested convergence on RMS density matrix=1.00D-08 within 128 cycles.
 Requested convergence on MAX density matrix=1.00D-06.
 Requested convergence on             energy=1.00D-06.
 No special actions if energy rises.
 SCF Done:  E(RPM6) = -0.191845725088     A.U. after   11 cycles
            NFock= 10  Conv=0.22D-08     -V/T= 0.9852
 Calling FoFJK, ICntrl=      2127 FMM=F ISym2X=0 I1Cent= 0 IOpClX= 0 NMat=1 NMatS=1 NMatT=0.
 ***** Axes restored to original set *****
 -------------------------------------------------------------------
 Center     Atomic                   Forces (Hartrees/Bohr)
 Number     Number              X              Y              Z
 -------------------------------------------------------------------
      1        6          -0.018444315   -0.000242908    0.000119333
      2        1          -0.000015992   -0.000073614   -0.000004128
      3        1          -0.000022965   -0.000032975   -0.000076862
      4        1          -0.000075932   -0.000057376    0.000109252
      5       17           0.018913678    0.000436999   -0.000157191
      6        9          -0.000354475   -0.000030126    0.000009595
 -------------------------------------------------------------------
 Cartesian Forces:  Max     0.018913678 RMS     0.006228830

 GradGradGradGradGradGradGradGradGradGradGradGradGradGradGradGradGradGrad
 Berny optimization.
 Using GEDIIS/GDIIS optimizer.
 FormGI is forming the generalized inverse of G from B-inverse, IUseBI=4.
 Internal  Forces:  Max     0.007140341 RMS     0.001964191
 Search for a local minimum.
 Step number   2 out of a maximum of   45 on scan point    10 out of    21
 All quantities printed in internal units (Hartrees-Bohrs-Radians)
 Mixed Optimization -- En-DIIS/RFO-DIIS
 Update second derivatives using D2CorX and points    1    2
 DE= -1.74D-04 DEPred=-1.73D-04 R= 1.01D+00
 TightC=F SS=  1.41D+00  RLast= 8.85D-02 DXNew= 9.2397D-01 2.6555D-01
 Trust test= 1.01D+00 RLast= 8.85D-02 DXMaxT set to 5.49D-01
 ITU=  1  0
 Use linear search instead of GDIIS.
     Eigenvalues ---    0.00367   0.02468   0.03101   0.04026   0.07654
     Eigenvalues ---    0.08350   0.09585   0.24870   0.31753   0.32242
     Eigenvalues ---    0.440211000.000001000.000001000.000001000.00000
     Eigenvalues --- 1000.000001000.000001000.000001000.000001000.00000
     Eigenvalues --- 1000.000001000.000001000.000001000.000001000.00000
     Eigenvalues --- 1000.000001000.000001000.000001000.000001000.00000
     Eigenvalues --- 1000.000001000.000001000.000001000.000001000.00000
 RFO step:  Lambda=-4.23289846D-07 EMin= 3.67233047D-03
 Quartic linear search produced a step of  0.01026.
 Iteration  1 RMS(Cart)=  0.00038758 RMS(Int)=  0.00000145
 Iteration  2 RMS(Cart)=  0.00000011 RMS(Int)=  0.00000145
 Iteration  1 RMS(Cart)=  0.00000066 RMS(Int)=  0.00000165
 Variable       Old X    -DE/DX   Delta X   Delta X   Delta X     New X
                                 (Linear)    (Quad)   (Total)
    R1        2.06818   0.00016   0.00002  -0.00001   0.00002   2.06819
    R2        2.06881   0.00004   0.00003  -0.00028  -0.00025   2.06856
    R3        2.06909   0.00000   0.00003  -0.00040  -0.00037   2.06872
    R4        4.95109   0.00714   0.00000   0.00000   0.00000   4.95109
    R5        2.64131   0.00036   0.00013   0.00076   0.00089   2.64220
    R6        4.79924   0.00400  -0.00031  -0.00060  -0.00092   4.79832
    R7        4.80053   0.00398  -0.00032   0.00062   0.00030   4.80082
    R8        4.79551   0.00401  -0.00034   0.00210   0.00175   4.79726
    A1        1.96171  -0.00107  -0.00014   0.00020   0.00006   1.96177
    A2        1.96174  -0.00107  -0.00014   0.00030   0.00016   1.96190
    A3        1.85651   0.00121   0.00016  -0.00048  -0.00032   1.85620
    A4        1.96180  -0.00108  -0.00014   0.00045   0.00030   1.96211
    A5        1.85608   0.00123   0.00016  -0.00032  -0.00016   1.85592
    A6        1.85610   0.00123   0.00016  -0.00028  -0.00012   1.85598
    A7        1.42944   0.00174   0.00014   0.00028   0.00042   1.42986
    A8        1.42876   0.00176   0.00014  -0.00024  -0.00010   1.42866
    A9        1.43102   0.00176   0.00015  -0.00090  -0.00075   1.43027
   A10        0.73248  -0.00088   0.00002   0.00000   0.00002   0.73250
   A11        0.73294  -0.00089   0.00003  -0.00012  -0.00009   0.73285
   A12        0.73297  -0.00091   0.00003  -0.00023  -0.00020   0.73277
    D1       -1.11854   0.00166   0.00021  -0.00010   0.00011  -1.11844
    D2        1.11556  -0.00164  -0.00023   0.00093   0.00071   1.11626
    D3        3.14012   0.00001  -0.00001   0.00047   0.00046   3.14058
    D4        1.11819  -0.00166  -0.00021  -0.00027  -0.00047   1.11771
    D5       -1.11588   0.00163   0.00023  -0.00122  -0.00100  -1.11688
    D6       -3.14021  -0.00002   0.00001  -0.00093  -0.00092  -3.14113
    D7       -1.11669   0.00165   0.00022  -0.00012   0.00009  -1.11659
    D8        1.11736  -0.00164  -0.00022   0.00078   0.00057   1.11793
    D9       -3.14150   0.00001   0.00000   0.00046   0.00046  -3.14104
   D10        0.56561  -0.00013   0.00001  -0.00019  -0.00018   0.56543
   D11       -0.56511   0.00013   0.00000   0.00011   0.00010  -0.56500
   D12       -0.56548   0.00009   0.00000   0.00006   0.00005  -0.56543
   D13        0.56517  -0.00012   0.00000   0.00002   0.00003   0.56520
   D14        0.56468  -0.00008   0.00000   0.00012   0.00012   0.56481
   D15       -0.56488   0.00010   0.00000  -0.00012  -0.00012  -0.56500
         Item               Value     Threshold  Converged?
 Maximum Force            0.000355     0.000450     YES
 RMS     Force            0.000068     0.000300     YES
 Maximum Displacement     0.001025     0.001800     YES
 RMS     Displacement     0.000387     0.001200     YES
 Predicted change in Energy=-1.885205D-07
 Optimization completed.
    -- Stationary point found.
                           ----------------------------
                           !   Optimized Parameters   !
                           ! (Angstroms and Degrees)  !
 --------------------------                            --------------------------
 ! Name  Definition              Value          Derivative Info.                !
 --------------------------------------------------------------------------------
 ! R1    R(1,2)                  1.0944         -DE/DX =    0.0002              !
 ! R2    R(1,3)                  1.0948         -DE/DX =    0.0                 !
 ! R3    R(1,4)                  1.0949         -DE/DX =    0.0                 !
 ! R4    R(1,5)                  2.62           -DE/DX =    0.0071              !
 ! R5    R(1,6)                  1.3977         -DE/DX =    0.0004              !
 ! R6    R(2,5)                  2.5396         -DE/DX =    0.004               !
 ! R7    R(3,5)                  2.5403         -DE/DX =    0.004               !
 ! R8    R(4,5)                  2.5377         -DE/DX =    0.004               !
 ! A1    A(2,1,3)              112.3979         -DE/DX =   -0.0011              !
 ! A2    A(2,1,4)              112.3997         -DE/DX =   -0.0011              !
 ! A3    A(2,1,6)              106.3704         -DE/DX =    0.0012              !
 ! A4    A(3,1,4)              112.403          -DE/DX =   -0.0011              !
 ! A5    A(3,1,6)              106.3457         -DE/DX =    0.0012              !
 ! A6    A(4,1,6)              106.3466         -DE/DX =    0.0012              !
 ! A7    A(1,2,5)               81.9011         -DE/DX =    0.0017              !
 ! A8    A(1,3,5)               81.8621         -DE/DX =    0.0018              !
 ! A9    A(1,4,5)               81.9916         -DE/DX =    0.0018              !
 ! A10   A(2,5,3)               41.9678         -DE/DX =   -0.0009              !
 ! A11   A(2,5,4)               41.9942         -DE/DX =   -0.0009              !
 ! A12   A(3,5,4)               41.9958         -DE/DX =   -0.0009              !
 ! D1    D(3,1,2,5)            -64.0877         -DE/DX =    0.0017              !
 ! D2    D(4,1,2,5)             63.9166         -DE/DX =   -0.0016              !
 ! D3    D(6,1,2,5)            179.9155         -DE/DX =    0.0                 !
 ! D4    D(2,1,3,5)             64.0674         -DE/DX =   -0.0017              !
 ! D5    D(4,1,3,5)            -63.9351         -DE/DX =    0.0016              !
 ! D6    D(6,1,3,5)           -179.9209         -DE/DX =    0.0                 !
 ! D7    D(2,1,4,5)            -63.9815         -DE/DX =    0.0016              !
 ! D8    D(3,1,4,5)             64.0201         -DE/DX =   -0.0016              !
 ! D9    D(6,1,4,5)           -179.9947         -DE/DX =    0.0                 !
 ! D10   D(1,2,5,3)             32.4072         -DE/DX =   -0.0001              !
 ! D11   D(1,2,5,4)            -32.3781         -DE/DX =    0.0001              !
 ! D12   D(1,3,5,2)            -32.3996         -DE/DX =    0.0001              !
 ! D13   D(1,3,5,4)             32.3818         -DE/DX =   -0.0001              !
 ! D14   D(1,4,5,2)             32.3541         -DE/DX =   -0.0001              !
 ! D15   D(1,4,5,3)            -32.3653         -DE/DX =    0.0001              !
 --------------------------------------------------------------------------------
 Iteration  1 RMS(Cart)=  0.01001455 RMS(Int)=  0.02520286
 Iteration  2 RMS(Cart)=  0.00012260 RMS(Int)=  0.02520232
 Iteration  3 RMS(Cart)=  0.00000133 RMS(Int)=  0.02520232
 Iteration  4 RMS(Cart)=  0.00000003 RMS(Int)=  0.02520232
 Iteration  1 RMS(Cart)=  0.00622858 RMS(Int)=  0.01569932
 Iteration  2 RMS(Cart)=  0.00387794 RMS(Int)=  0.01744820
 Iteration  3 RMS(Cart)=  0.00241676 RMS(Int)=  0.01997702
 Iteration  4 RMS(Cart)=  0.00150693 RMS(Int)=  0.02192778
 Iteration  5 RMS(Cart)=  0.00093989 RMS(Int)=  0.02325195
 Iteration  6 RMS(Cart)=  0.00058632 RMS(Int)=  0.02411251
 Iteration  7 RMS(Cart)=  0.00036580 RMS(Int)=  0.02466132
 Iteration  8 RMS(Cart)=  0.00022823 RMS(Int)=  0.02500805
 Iteration  9 RMS(Cart)=  0.00014240 RMS(Int)=  0.02522600
 Iteration 10 RMS(Cart)=  0.00008885 RMS(Int)=  0.02536260
 Iteration 11 RMS(Cart)=  0.00005544 RMS(Int)=  0.02544806
 Iteration 12 RMS(Cart)=  0.00003459 RMS(Int)=  0.02550148
 Iteration 13 RMS(Cart)=  0.00002159 RMS(Int)=  0.02553485
 Iteration 14 RMS(Cart)=  0.00001347 RMS(Int)=  0.02555568
 Iteration 15 RMS(Cart)=  0.00000840 RMS(Int)=  0.02556869
 Iteration 16 RMS(Cart)=  0.00000524 RMS(Int)=  0.02557680
 Iteration 17 RMS(Cart)=  0.00000327 RMS(Int)=  0.02558187
 Iteration 18 RMS(Cart)=  0.00000204 RMS(Int)=  0.02558503
 Iteration 19 RMS(Cart)=  0.00000127 RMS(Int)=  0.02558700
 Iteration 20 RMS(Cart)=  0.00000080 RMS(Int)=  0.02558823
 GradGradGradGradGradGradGradGradGradGradGradGradGradGradGradGradGradGrad

                          Input orientation:                          
 ---------------------------------------------------------------------
 Center     Atomic      Atomic             Coordinates (Angstroms)
 Number     Number       Type             X           Y           Z
 ---------------------------------------------------------------------
      1          6           0        0.336313   -0.897480   -0.006223
      2          1           0        0.634913   -1.949970   -0.008407
      3          1           0        0.605393   -0.361526    0.909110
      4          1           0        0.590426   -0.361697   -0.925900
      5         17           0        2.855539   -0.839224   -0.029320
      6          9           0       -1.061457   -0.929872    0.005221
 ---------------------------------------------------------------------
                    Distance matrix (angstroms):
                    1          2          3          4          5
     1  C    0.000000
     2  H    1.094030   0.000000
     3  H    1.094296   1.834628   0.000000
     4  H    1.094278   1.834770   1.835071   0.000000
     5  Cl   2.520005   2.483017   2.484352   2.482463   0.000000
     6  F    1.398192   1.979509   1.979500   1.979527   3.918197
                    6
     6  F    0.000000
 Stoichiometry    CH3ClF(1-)
 Framework group  C1[X(CH3ClF)]
 Deg. of freedom    12
 Full point group                 C1      NOp   1
 Largest Abelian subgroup         C1      NOp   1
 Largest concise Abelian subgroup C1      NOp   1
                         Standard orientation:                         
 ---------------------------------------------------------------------
 Center     Atomic      Atomic             Coordinates (Angstroms)
 Number     Number       Type             X           Y           Z
 ---------------------------------------------------------------------
      1          6           0        0.887954    0.000552    0.000108
      2          1           0        0.613768    0.167873   -1.045706
      3          1           0        0.614706    0.823322    0.667842
      4          1           0        0.613346   -0.988801    0.378544
      5         17           0       -1.632051   -0.000112   -0.000024
      6          9           0        2.286146   -0.000423   -0.000103
 ---------------------------------------------------------------------
 Rotational constants (GHZ):    148.9506566      2.4686848      2.4686731
 Standard basis: VSTO-6G (5D, 7F)
 There are    21 symmetry adapted cartesian basis functions of A   symmetry.
 There are    20 symmetry adapted basis functions of A   symmetry.
    20 basis functions,   126 primitive gaussians,    21 cartesian basis functions
    11 alpha electrons       11 beta electrons
       nuclear repulsion energy        67.2600247342 Hartrees.
 Integral buffers will be    131072 words long.
 Regular integral format.
 Two-electron integral symmetry is turned off.
 Do NDO integrals.
 One-electron integrals computed using PRISM.
 NBasis=    20 RedAO= F EigKep=  0.00D+00  NBF=    20
 NBsUse=    20 1.00D-04 EigRej=  0.00D+00 NBFU=    20
 Initial guess from the checkpoint file:  "/scratch/1715567.1.multiway.q/Gau-186785.chk"
 B after Tr=     0.000000    0.000000    0.000000
         Rot=    1.000000   -0.000510   -0.000007   -0.000008 Ang=  -0.06 deg.
 Overlap will be assumed to be unity.
 Keep J ints in memory in canonical form, NReq=1875445.
 Requested convergence on RMS density matrix=1.00D-08 within 128 cycles.
 Requested convergence on MAX density matrix=1.00D-06.
 Requested convergence on             energy=1.00D-06.
 No special actions if energy rises.
 SCF Done:  E(RPM6) = -0.187214331328     A.U. after   11 cycles
            NFock= 10  Conv=0.94D-08     -V/T= 0.9856
 Calling FoFJK, ICntrl=      2127 FMM=F ISym2X=0 I1Cent= 0 IOpClX= 0 NMat=1 NMatS=1 NMatT=0.
 ***** Axes restored to original set *****
 -------------------------------------------------------------------
 Center     Atomic                   Forces (Hartrees/Bohr)
 Number     Number              X              Y              Z
 -------------------------------------------------------------------
      1        6          -0.025339681   -0.000480832    0.000245039
      2        1           0.001953729    0.000138554   -0.000024472
      3        1           0.001965816   -0.000053231   -0.000223418
      4        1           0.001937544   -0.000050133    0.000167986
      5       17           0.028314566    0.000658564   -0.000242012
      6        9          -0.008831974   -0.000212923    0.000076877
 -------------------------------------------------------------------
 Cartesian Forces:  Max     0.028314566 RMS     0.009232164

 GradGradGradGradGradGradGradGradGradGradGradGradGradGradGradGradGradGrad
 Berny optimization.
 FormGI is forming the generalized inverse of G from B-inverse, IUseBI=4.
 Internal  Forces:  Max     0.011402079 RMS     0.003501067
 Search for a local minimum.
 Step number   1 out of a maximum of   45 on scan point    11 out of    21
 All quantities printed in internal units (Hartrees-Bohrs-Radians)
 Mixed Optimization -- RFO/linear search
 Second derivative matrix not updated -- first step.
 ITU=  0
     Eigenvalues ---    0.00369   0.02501   0.03084   0.04031   0.07937
     Eigenvalues ---    0.08389   0.09664   0.24761   0.31602   0.32147
     Eigenvalues ---    0.440271000.000001000.000001000.000001000.00000
     Eigenvalues --- 1000.000001000.000001000.000001000.000001000.00000
     Eigenvalues --- 1000.000001000.000001000.000001000.000001000.00000
     Eigenvalues --- 1000.000001000.000001000.000001000.000001000.00000
     Eigenvalues --- 1000.000001000.000001000.000001000.000001000.00000
 RFO step:  Lambda=-2.76843962D-04 EMin= 3.69418841D-03
 Linear search not attempted -- first point.
 Iteration  1 RMS(Cart)=  0.00630406 RMS(Int)=  0.00007722
 Iteration  2 RMS(Cart)=  0.00003238 RMS(Int)=  0.00006587
 Iteration  3 RMS(Cart)=  0.00000000 RMS(Int)=  0.00006587
 Iteration  1 RMS(Cart)=  0.00000299 RMS(Int)=  0.00000754
 Iteration  2 RMS(Cart)=  0.00000187 RMS(Int)=  0.00000838
 Iteration  3 RMS(Cart)=  0.00000116 RMS(Int)=  0.00000959
 Iteration  4 RMS(Cart)=  0.00000072 RMS(Int)=  0.00001053
 Variable       Old X    -DE/DX   Delta X   Delta X   Delta X     New X
                                 (Linear)    (Quad)   (Total)
    R1        2.06742   0.00044   0.00000   0.00014   0.00016   2.06758
    R2        2.06792   0.00033   0.00000   0.00058   0.00060   2.06852
    R3        2.06789   0.00035   0.00000   0.00102   0.00105   2.06893
    R4        4.76212   0.01140   0.00000   0.00000   0.00000   4.76212
    R5        2.64220   0.00883   0.00000   0.01659   0.01659   2.65879
    R6        4.69222   0.00571   0.00000  -0.02000  -0.02005   4.67217
    R7        4.69474   0.00568   0.00000  -0.02176  -0.02181   4.67293
    R8        4.69118   0.00571   0.00000  -0.02387  -0.02393   4.66725
    A1        1.98858  -0.00182   0.00000  -0.00849  -0.00865   1.97993
    A2        1.98884  -0.00184   0.00000  -0.00863  -0.00879   1.98005
    A3        1.82408   0.00230   0.00000   0.01104   0.01106   1.83514
    A4        1.98897  -0.00184   0.00000  -0.00872  -0.00889   1.98008
    A5        1.82381   0.00231   0.00000   0.01074   0.01075   1.83456
    A6        1.82386   0.00231   0.00000   0.01069   0.01070   1.83456
    A7        1.38346   0.00306   0.00000   0.00902   0.00905   1.39251
    A8        1.38226   0.00309   0.00000   0.00976   0.00979   1.39204
    A9        1.38387   0.00307   0.00000   0.01066   0.01069   1.39456
   A10        0.75659  -0.00129   0.00000   0.00148   0.00145   0.75804
   A11        0.75695  -0.00129   0.00000   0.00171   0.00169   0.75864
   A12        0.75687  -0.00131   0.00000   0.00192   0.00190   0.75876
    D1       -1.16269   0.00326   0.00000   0.01468   0.01458  -1.14810
    D2        1.16047  -0.00325   0.00000  -0.01591  -0.01581   1.14466
    D3        3.14058   0.00001   0.00000  -0.00067  -0.00067   3.13990
    D4        1.16198  -0.00326   0.00000  -0.01414  -0.01405   1.14793
    D5       -1.16112   0.00325   0.00000   0.01641   0.01630  -1.14482
    D6       -3.14113  -0.00001   0.00000   0.00140   0.00140  -3.13973
    D7       -1.16081   0.00325   0.00000   0.01473   0.01463  -1.14618
    D8        1.16217  -0.00325   0.00000  -0.01576  -0.01566   1.14651
    D9       -3.14104   0.00000   0.00000  -0.00072  -0.00072   3.14142
   D10        0.56844  -0.00018   0.00000   0.00049   0.00049   0.56894
   D11       -0.56798   0.00018   0.00000  -0.00043  -0.00043  -0.56841
   D12       -0.56843   0.00015   0.00000  -0.00026  -0.00026  -0.56870
   D13        0.56818  -0.00016   0.00000   0.00019   0.00018   0.56836
   D14        0.56779  -0.00015   0.00000  -0.00003  -0.00003   0.56776
   D15       -0.56800   0.00016   0.00000   0.00004   0.00005  -0.56795
         Item               Value     Threshold  Converged?
 Maximum Force            0.008835     0.000450     NO 
 RMS     Force            0.001565     0.000300     NO 
 Maximum Displacement     0.024756     0.001800     NO 
 RMS     Displacement     0.006314     0.001200     NO 
 Predicted change in Energy=-1.375894D-04
 GradGradGradGradGradGradGradGradGradGradGradGradGradGradGradGradGradGrad

                          Input orientation:                          
 ---------------------------------------------------------------------
 Center     Atomic      Atomic             Coordinates (Angstroms)
 Number     Number       Type             X           Y           Z
 ---------------------------------------------------------------------
      1          6           0        0.332015   -0.897952   -0.005987
      2          1           0        0.641517   -1.947376   -0.008217
      3          1           0        0.612594   -0.363150    0.906942
      4          1           0        0.598354   -0.363238   -0.923484
      5         17           0        2.851205   -0.838499   -0.029779
      6          9           0       -1.074557   -0.929554    0.005004
 ---------------------------------------------------------------------
                    Distance matrix (angstroms):
                    1          2          3          4          5
     1  C    0.000000
     2  H    1.094115   0.000000
     3  H    1.094613   1.829789   0.000000
     4  H    1.094832   1.830046   1.830482   0.000000
     5  Cl   2.520005   2.472407   2.472809   2.469801   0.000000
     6  F    1.406969   1.995257   1.995190   1.995353   3.926972
                    6
     6  F    0.000000
 Stoichiometry    CH3ClF(1-)
 Framework group  C1[X(CH3ClF)]
 Deg. of freedom    12
 Full point group                 C1      NOp   1
 Largest Abelian subgroup         C1      NOp   1
 Largest concise Abelian subgroup C1      NOp   1
                         Standard orientation:                         
 ---------------------------------------------------------------------
 Center     Atomic      Atomic             Coordinates (Angstroms)
 Number     Number       Type             X           Y           Z
 ---------------------------------------------------------------------
      1          6           0        0.886687    0.001069   -0.000498
      2          1           0        0.601679    0.203795   -1.037205
      3          1           0        0.601957    0.798440    0.693265
      4          1           0        0.599741   -0.998172    0.342773
      5         17           0       -1.633317   -0.000206    0.000086
      6          9           0        2.293655   -0.000775    0.000300
 ---------------------------------------------------------------------
 Rotational constants (GHZ):    149.7184797      2.4600764      2.4600583
 Standard basis: VSTO-6G (5D, 7F)
 There are    21 symmetry adapted cartesian basis functions of A   symmetry.
 There are    20 symmetry adapted basis functions of A   symmetry.
    20 basis functions,   126 primitive gaussians,    21 cartesian basis functions
    11 alpha electrons       11 beta electrons
       nuclear repulsion energy        67.1956137574 Hartrees.
 Integral buffers will be    131072 words long.
 Regular integral format.
 Two-electron integral symmetry is turned off.
 Do NDO integrals.
 One-electron integrals computed using PRISM.
 NBasis=    20 RedAO= F EigKep=  0.00D+00  NBF=    20
 NBsUse=    20 1.00D-04 EigRej=  0.00D+00 NBFU=    20
 Initial guess from the checkpoint file:  "/scratch/1715567.1.multiway.q/Gau-186785.chk"
 B after Tr=     0.000000    0.000000    0.000000
         Rot=    0.999852   -0.017194    0.000010    0.000009 Ang=  -1.97 deg.
 Overlap will be assumed to be unity.
 Keep J ints in memory in canonical form, NReq=1875445.
 Requested convergence on RMS density matrix=1.00D-08 within 128 cycles.
 Requested convergence on MAX density matrix=1.00D-06.
 Requested convergence on             energy=1.00D-06.
 No special actions if energy rises.
 SCF Done:  E(RPM6) = -0.187355093205     A.U. after   11 cycles
            NFock= 10  Conv=0.13D-08     -V/T= 0.9856
 Calling FoFJK, ICntrl=      2127 FMM=F ISym2X=0 I1Cent= 0 IOpClX= 0 NMat=1 NMatS=1 NMatT=0.
 ***** Axes restored to original set *****
 -------------------------------------------------------------------
 Center     Atomic                   Forces (Hartrees/Bohr)
 Number     Number              X              Y              Z
 -------------------------------------------------------------------
      1        6          -0.028152234   -0.000379000    0.000179977
      2        1          -0.000038953   -0.000090176   -0.000005802
      3        1          -0.000056009   -0.000057679   -0.000124680
      4        1          -0.000131346   -0.000098623    0.000181798
      5       17           0.028985090    0.000670768   -0.000245504
      6        9          -0.000606548   -0.000045290    0.000014211
 -------------------------------------------------------------------
 Cartesian Forces:  Max     0.028985090 RMS     0.009527247

 GradGradGradGradGradGradGradGradGradGradGradGradGradGradGradGradGradGrad
 Berny optimization.
 Using GEDIIS/GDIIS optimizer.
 FormGI is forming the generalized inverse of G from B-inverse, IUseBI=4.
 Internal  Forces:  Max     0.010910560 RMS     0.003005610
 Search for a local minimum.
 Step number   2 out of a maximum of   45 on scan point    11 out of    21
 All quantities printed in internal units (Hartrees-Bohrs-Radians)
 Mixed Optimization -- En-DIIS/RFO-DIIS
 Update second derivatives using D2CorX and points    1    2
 DE= -1.41D-04 DEPred=-1.38D-04 R= 1.02D+00
 TightC=F SS=  1.41D+00  RLast= 6.32D-02 DXNew= 9.2397D-01 1.8972D-01
 Trust test= 1.02D+00 RLast= 6.32D-02 DXMaxT set to 5.49D-01
 ITU=  1  0
 Use linear search instead of GDIIS.
     Eigenvalues ---    0.00369   0.02595   0.03082   0.04031   0.07842
     Eigenvalues ---    0.08380   0.09633   0.24734   0.31773   0.32162
     Eigenvalues ---    0.409371000.000001000.000001000.000001000.00000
     Eigenvalues --- 1000.000001000.000001000.000001000.000001000.00000
     Eigenvalues --- 1000.000001000.000001000.000001000.000001000.00000
     Eigenvalues --- 1000.000001000.000001000.000001000.000001000.00000
     Eigenvalues --- 1000.000001000.000001000.000001000.000001000.00000
 RFO step:  Lambda=-1.31616245D-06 EMin= 3.69387879D-03
 Quartic linear search produced a step of  0.02793.
 Iteration  1 RMS(Cart)=  0.00066970 RMS(Int)=  0.00000208
 Iteration  2 RMS(Cart)=  0.00000033 RMS(Int)=  0.00000204
 Iteration  1 RMS(Cart)=  0.00000054 RMS(Int)=  0.00000135
 Variable       Old X    -DE/DX   Delta X   Delta X   Delta X     New X
                                 (Linear)    (Quad)   (Total)
    R1        2.06758   0.00007   0.00000  -0.00011  -0.00011   2.06747
    R2        2.06852  -0.00012   0.00002  -0.00046  -0.00045   2.06807
    R3        2.06893  -0.00018   0.00003  -0.00065  -0.00062   2.06831
    R4        4.76212   0.01091   0.00000   0.00000   0.00000   4.76212
    R5        2.65879   0.00061   0.00046   0.00126   0.00172   2.66051
    R6        4.67217   0.00614  -0.00056  -0.00080  -0.00136   4.67081
    R7        4.67293   0.00612  -0.00061   0.00157   0.00096   4.67389
    R8        4.66725   0.00615  -0.00067   0.00396   0.00328   4.67053
    A1        1.97993  -0.00150  -0.00024   0.00048   0.00023   1.98016
    A2        1.98005  -0.00150  -0.00025   0.00063   0.00038   1.98043
    A3        1.83514   0.00180   0.00031  -0.00095  -0.00064   1.83450
    A4        1.98008  -0.00151  -0.00025   0.00089   0.00064   1.98072
    A5        1.83456   0.00183   0.00030  -0.00076  -0.00046   1.83410
    A6        1.83456   0.00184   0.00030  -0.00072  -0.00042   1.83414
    A7        1.39251   0.00268   0.00025   0.00038   0.00063   1.39314
    A8        1.39204   0.00271   0.00027  -0.00065  -0.00038   1.39167
    A9        1.39456   0.00270   0.00030  -0.00171  -0.00141   1.39316
   A10        0.75804  -0.00145   0.00004  -0.00005  -0.00001   0.75803
   A11        0.75864  -0.00146   0.00005  -0.00025  -0.00020   0.75844
   A12        0.75876  -0.00150   0.00005  -0.00045  -0.00040   0.75836
    D1       -1.14810   0.00255   0.00041  -0.00051  -0.00010  -1.14821
    D2        1.14466  -0.00252  -0.00044   0.00185   0.00141   1.14608
    D3        3.13990   0.00001  -0.00002   0.00073   0.00071   3.14062
    D4        1.14793  -0.00255  -0.00039  -0.00021  -0.00060   1.14733
    D5       -1.14482   0.00252   0.00046  -0.00244  -0.00199  -1.14681
    D6       -3.13973  -0.00004   0.00004  -0.00156  -0.00152  -3.14125
    D7       -1.14618   0.00254   0.00041  -0.00043  -0.00002  -1.14620
    D8        1.14651  -0.00253  -0.00044   0.00173   0.00130   1.14781
    D9        3.14142   0.00002  -0.00002   0.00082   0.00080  -3.14096
   D10        0.56894  -0.00021   0.00001  -0.00031  -0.00030   0.56864
   D11       -0.56841   0.00022  -0.00001   0.00021   0.00020  -0.56821
   D12       -0.56870   0.00016  -0.00001   0.00008   0.00008  -0.56862
   D13        0.56836  -0.00020   0.00001   0.00002   0.00003   0.56839
   D14        0.56776  -0.00015   0.00000   0.00019   0.00019   0.56795
   D15       -0.56795   0.00017   0.00000  -0.00020  -0.00020  -0.56814
         Item               Value     Threshold  Converged?
 Maximum Force            0.000608     0.000450     NO 
 RMS     Force            0.000115     0.000300     YES
 Maximum Displacement     0.001802     0.001800     NO 
 RMS     Displacement     0.000670     0.001200     YES
 Predicted change in Energy=-7.472795D-07
 GradGradGradGradGradGradGradGradGradGradGradGradGradGradGradGradGradGrad

                          Input orientation:                          
 ---------------------------------------------------------------------
 Center     Atomic      Atomic             Coordinates (Angstroms)
 Number     Number       Type             X           Y           Z
 ---------------------------------------------------------------------
      1          6           0        0.332451   -0.897554   -0.006180
      2          1           0        0.642065   -1.946885   -0.008460
      3          1           0        0.612443   -0.362769    0.906656
      4          1           0        0.597494   -0.362866   -0.923677
      5         17           0        2.851679   -0.839452   -0.029236
      6          9           0       -1.075003   -0.930244    0.005378
 ---------------------------------------------------------------------
                    Distance matrix (angstroms):
                    1          2          3          4          5
     1  C    0.000000
     2  H    1.094057   0.000000
     3  H    1.094377   1.829682   0.000000
     4  H    1.094504   1.829952   1.830394   0.000000
     5  Cl   2.520003   2.471687   2.473317   2.471539   0.000000
     6  F    1.407881   1.995513   1.995446   1.995572   3.927884
                    6
     6  F    0.000000
 Stoichiometry    CH3ClF(1-)
 Framework group  C1[X(CH3ClF)]
 Deg. of freedom    12
 Full point group                 C1      NOp   1
 Largest Abelian subgroup         C1      NOp   1
 Largest concise Abelian subgroup C1      NOp   1
                         Standard orientation:                         
 ---------------------------------------------------------------------
 Center     Atomic      Atomic             Coordinates (Angstroms)
 Number     Number       Type             X           Y           Z
 ---------------------------------------------------------------------
      1          6           0        0.886401    0.000519    0.000184
      2          1           0        0.601098    0.201835   -1.036655
      3          1           0        0.602258    0.798632    0.692961
      4          1           0        0.600933   -0.998337    0.344763
      5         17           0       -1.633602   -0.000103   -0.000039
      6          9           0        2.294282   -0.000388   -0.000168
 ---------------------------------------------------------------------
 Rotational constants (GHZ):    149.7353499      2.4590947      2.4590763
 Standard basis: VSTO-6G (5D, 7F)
 There are    21 symmetry adapted cartesian basis functions of A   symmetry.
 There are    20 symmetry adapted basis functions of A   symmetry.
    20 basis functions,   126 primitive gaussians,    21 cartesian basis functions
    11 alpha electrons       11 beta electrons
       nuclear repulsion energy        67.1899836519 Hartrees.
 Integral buffers will be    131072 words long.
 Regular integral format.
 Two-electron integral symmetry is turned off.
 Do NDO integrals.
 One-electron integrals computed using PRISM.
 NBasis=    20 RedAO= F EigKep=  0.00D+00  NBF=    20
 NBsUse=    20 1.00D-04 EigRej=  0.00D+00 NBFU=    20
 Initial guess from the checkpoint file:  "/scratch/1715567.1.multiway.q/Gau-186785.chk"
 B after Tr=     0.000000    0.000000    0.000000
         Rot=    1.000000    0.000630   -0.000012   -0.000011 Ang=   0.07 deg.
 Overlap will be assumed to be unity.
 Keep J ints in memory in canonical form, NReq=1875445.
 Requested convergence on RMS density matrix=1.00D-08 within 128 cycles.
 Requested convergence on MAX density matrix=1.00D-06.
 Requested convergence on             energy=1.00D-06.
 No special actions if energy rises.
 SCF Done:  E(RPM6) = -0.187356017371     A.U. after   10 cycles
            NFock=  9  Conv=0.44D-08     -V/T= 0.9856
 Calling FoFJK, ICntrl=      2127 FMM=F ISym2X=0 I1Cent= 0 IOpClX= 0 NMat=1 NMatS=1 NMatT=0.
 ***** Axes restored to original set *****
 -------------------------------------------------------------------
 Center     Atomic                   Forces (Hartrees/Bohr)
 Number     Number              X              Y              Z
 -------------------------------------------------------------------
      1        6          -0.028682396   -0.000506096    0.000222217
      2        1          -0.000035831   -0.000110734   -0.000011090
      3        1          -0.000021556   -0.000004869   -0.000062895
      4        1          -0.000067789   -0.000038136    0.000096521
      5       17           0.028914980    0.000674308   -0.000248127
      6        9          -0.000107408   -0.000014473    0.000003374
 -------------------------------------------------------------------
 Cartesian Forces:  Max     0.028914980 RMS     0.009602149

 GradGradGradGradGradGradGradGradGradGradGradGradGradGradGradGradGradGrad
 Berny optimization.
 Using GEDIIS/GDIIS optimizer.
 FormGI is forming the generalized inverse of G from B-inverse, IUseBI=4.
 Internal  Forces:  Max     0.010887949 RMS     0.002997781
 Search for a local minimum.
 Step number   3 out of a maximum of   45 on scan point    11 out of    21
 All quantities printed in internal units (Hartrees-Bohrs-Radians)
 Mixed Optimization -- En-DIIS/RFO-DIIS
 Swapping is turned off.
 Update second derivatives using D2CorX and points    1    2    3
 DE= -9.24D-07 DEPred=-7.47D-07 R= 1.24D+00
 Trust test= 1.24D+00 RLast= 5.74D-03 DXMaxT set to 5.49D-01
 ITU=  0  1  0
     Eigenvalues ---    0.00401   0.02328   0.03035   0.04060   0.07847
     Eigenvalues ---    0.08285   0.09600   0.24142   0.27035   0.32123
     Eigenvalues ---    0.402261000.000001000.000001000.000001000.00000
     Eigenvalues --- 1000.000001000.000001000.000001000.000001000.00000
     Eigenvalues --- 1000.000001000.000001000.000001000.000001000.00000
     Eigenvalues --- 1000.000001000.000001000.000001000.000001000.00000
     Eigenvalues --- 1000.000001000.000001000.000001000.000001000.00000
 En-DIIS/RFO-DIIS IScMMF=        0 using points:     3    2
 RFO step:  Lambda=-1.00397942D-05.
 DidBck=F Rises=F RFO-DIIS coefs:    1.33692   -0.33692
 Iteration  1 RMS(Cart)=  0.00039559 RMS(Int)=  0.00000150
 Iteration  2 RMS(Cart)=  0.00000012 RMS(Int)=  0.00000149
 Iteration  1 RMS(Cart)=  0.00000066 RMS(Int)=  0.00000166
 Variable       Old X    -DE/DX   Delta X   Delta X   Delta X     New X
                                 (Linear)    (Quad)   (Total)
    R1        2.06747   0.00008  -0.00004   0.00030   0.00026   2.06773
    R2        2.06807  -0.00005  -0.00015  -0.00011  -0.00027   2.06781
    R3        2.06831  -0.00009  -0.00021  -0.00032  -0.00053   2.06779
    R4        4.76212   0.01089   0.00000   0.00000   0.00000   4.76212
    R5        2.66051   0.00011   0.00058   0.00013   0.00071   2.66122
    R6        4.67081   0.00614  -0.00046   0.00308   0.00261   4.67342
    R7        4.67389   0.00611   0.00032  -0.00034  -0.00002   4.67387
    R8        4.67053   0.00612   0.00111  -0.00105   0.00005   4.67058
    A1        1.98016  -0.00149   0.00008   0.00050   0.00058   1.98074
    A2        1.98043  -0.00150   0.00013   0.00029   0.00042   1.98085
    A3        1.83450   0.00182  -0.00021  -0.00047  -0.00069   1.83381
    A4        1.98072  -0.00151   0.00022  -0.00011   0.00011   1.98083
    A5        1.83410   0.00183  -0.00016  -0.00021  -0.00037   1.83373
    A6        1.83414   0.00183  -0.00014  -0.00014  -0.00029   1.83385
    A7        1.39314   0.00266   0.00021  -0.00143  -0.00122   1.39192
    A8        1.39167   0.00269  -0.00013   0.00018   0.00005   1.39171
    A9        1.39316   0.00269  -0.00047   0.00052   0.00005   1.39320
   A10        0.75803  -0.00143   0.00000  -0.00007  -0.00007   0.75796
   A11        0.75844  -0.00144  -0.00007  -0.00010  -0.00017   0.75827
   A12        0.75836  -0.00147  -0.00013   0.00001  -0.00013   0.75824
    D1       -1.14821   0.00255  -0.00004  -0.00044  -0.00048  -1.14869
    D2        1.14608  -0.00253   0.00048   0.00015   0.00063   1.14671
    D3        3.14062   0.00001   0.00024  -0.00016   0.00009   3.14070
    D4        1.14733  -0.00255  -0.00020   0.00143   0.00123   1.14857
    D5       -1.14681   0.00253  -0.00067   0.00063  -0.00004  -1.14685
    D6       -3.14125  -0.00001  -0.00051   0.00099   0.00047  -3.14078
    D7       -1.14620   0.00253  -0.00001  -0.00133  -0.00134  -1.14755
    D8        1.14781  -0.00254   0.00044  -0.00044   0.00000   1.14781
    D9       -3.14096   0.00001   0.00027  -0.00083  -0.00056  -3.14152
   D10        0.56864  -0.00021  -0.00010   0.00005  -0.00005   0.56859
   D11       -0.56821   0.00021   0.00007  -0.00008  -0.00001  -0.56822
   D12       -0.56862   0.00017   0.00003   0.00001   0.00004  -0.56859
   D13        0.56839  -0.00019   0.00001  -0.00011  -0.00010   0.56829
   D14        0.56795  -0.00016   0.00006   0.00004   0.00011   0.56806
   D15       -0.56814   0.00017  -0.00007   0.00009   0.00002  -0.56812
         Item               Value     Threshold  Converged?
 Maximum Force            0.000108     0.000450     YES
 RMS     Force            0.000033     0.000300     YES
 Maximum Displacement     0.001291     0.001800     YES
 RMS     Displacement     0.000396     0.001200     YES
 Predicted change in Energy=-2.102912D-07
 Optimization completed.
    -- Stationary point found.
                           ----------------------------
                           !   Optimized Parameters   !
                           ! (Angstroms and Degrees)  !
 --------------------------                            --------------------------
 ! Name  Definition              Value          Derivative Info.                !
 --------------------------------------------------------------------------------
 ! R1    R(1,2)                  1.0941         -DE/DX =    0.0001              !
 ! R2    R(1,3)                  1.0944         -DE/DX =    0.0                 !
 ! R3    R(1,4)                  1.0945         -DE/DX =   -0.0001              !
 ! R4    R(1,5)                  2.52           -DE/DX =    0.0109              !
 ! R5    R(1,6)                  1.4079         -DE/DX =    0.0001              !
 ! R6    R(2,5)                  2.4717         -DE/DX =    0.0061              !
 ! R7    R(3,5)                  2.4733         -DE/DX =    0.0061              !
 ! R8    R(4,5)                  2.4715         -DE/DX =    0.0061              !
 ! A1    A(2,1,3)              113.4547         -DE/DX =   -0.0015              !
 ! A2    A(2,1,4)              113.4703         -DE/DX =   -0.0015              !
 ! A3    A(2,1,6)              105.109          -DE/DX =    0.0018              !
 ! A4    A(3,1,4)              113.4869         -DE/DX =   -0.0015              !
 ! A5    A(3,1,6)              105.0859         -DE/DX =    0.0018              !
 ! A6    A(4,1,6)              105.0885         -DE/DX =    0.0018              !
 ! A7    A(1,2,5)               79.821          -DE/DX =    0.0027              !
 ! A8    A(1,3,5)               79.7366         -DE/DX =    0.0027              !
 ! A9    A(1,4,5)               79.8219         -DE/DX =    0.0027              !
 ! A10   A(2,5,3)               43.432          -DE/DX =   -0.0014              !
 ! A11   A(2,5,4)               43.4552         -DE/DX =   -0.0014              !
 ! A12   A(3,5,4)               43.4511         -DE/DX =   -0.0015              !
 ! D1    D(3,1,2,5)            -65.7876         -DE/DX =    0.0026              !
 ! D2    D(4,1,2,5)             65.6653         -DE/DX =   -0.0025              !
 ! D3    D(6,1,2,5)            179.9442         -DE/DX =    0.0                 !
 ! D4    D(2,1,3,5)             65.7374         -DE/DX =   -0.0025              !
 ! D5    D(4,1,3,5)            -65.7073         -DE/DX =    0.0025              !
 ! D6    D(6,1,3,5)           -179.9805         -DE/DX =    0.0                 !
 ! D7    D(2,1,4,5)            -65.6725         -DE/DX =    0.0025              !
 ! D8    D(3,1,4,5)             65.7645         -DE/DX =   -0.0025              !
 ! D9    D(6,1,4,5)           -179.9637         -DE/DX =    0.0                 !
 ! D10   D(1,2,5,3)             32.5807         -DE/DX =   -0.0002              !
 ! D11   D(1,2,5,4)            -32.5561         -DE/DX =    0.0002              !
 ! D12   D(1,3,5,2)            -32.5797         -DE/DX =    0.0002              !
 ! D13   D(1,3,5,4)             32.5664         -DE/DX =   -0.0002              !
 ! D14   D(1,4,5,2)             32.5411         -DE/DX =   -0.0002              !
 ! D15   D(1,4,5,3)            -32.5523         -DE/DX =    0.0002              !
 --------------------------------------------------------------------------------
 Iteration  1 RMS(Cart)=  0.01000317 RMS(Int)=  0.02522194
 Iteration  2 RMS(Cart)=  0.00012268 RMS(Int)=  0.02522143
 Iteration  3 RMS(Cart)=  0.00000127 RMS(Int)=  0.02522143
 Iteration  4 RMS(Cart)=  0.00000003 RMS(Int)=  0.02522143
 Iteration  1 RMS(Cart)=  0.00623582 RMS(Int)=  0.01573281
 Iteration  2 RMS(Cart)=  0.00388951 RMS(Int)=  0.01748323
 Iteration  3 RMS(Cart)=  0.00242743 RMS(Int)=  0.02001912
 Iteration  4 RMS(Cart)=  0.00151537 RMS(Int)=  0.02197801
 Iteration  5 RMS(Cart)=  0.00094614 RMS(Int)=  0.02330918
 Iteration  6 RMS(Cart)=  0.00059077 RMS(Int)=  0.02417513
 Iteration  7 RMS(Cart)=  0.00036890 RMS(Int)=  0.02472788
 Iteration  8 RMS(Cart)=  0.00023036 RMS(Int)=  0.02507740
 Iteration  9 RMS(Cart)=  0.00014385 RMS(Int)=  0.02529728
 Iteration 10 RMS(Cart)=  0.00008983 RMS(Int)=  0.02543521
 Iteration 11 RMS(Cart)=  0.00005610 RMS(Int)=  0.02552157
 Iteration 12 RMS(Cart)=  0.00003503 RMS(Int)=  0.02557559
 Iteration 13 RMS(Cart)=  0.00002188 RMS(Int)=  0.02560937
 Iteration 14 RMS(Cart)=  0.00001366 RMS(Int)=  0.02563047
 Iteration 15 RMS(Cart)=  0.00000853 RMS(Int)=  0.02564365
 Iteration 16 RMS(Cart)=  0.00000533 RMS(Int)=  0.02565189
 Iteration 17 RMS(Cart)=  0.00000333 RMS(Int)=  0.02565703
 Iteration 18 RMS(Cart)=  0.00000208 RMS(Int)=  0.02566024
 Iteration 19 RMS(Cart)=  0.00000130 RMS(Int)=  0.02566225
 Iteration 20 RMS(Cart)=  0.00000081 RMS(Int)=  0.02566350
 GradGradGradGradGradGradGradGradGradGradGradGradGradGradGradGradGradGrad

                          Input orientation:                          
 ---------------------------------------------------------------------
 Center     Atomic      Atomic             Coordinates (Angstroms)
 Number     Number       Type             X           Y           Z
 ---------------------------------------------------------------------
      1          6           0        0.365899   -0.896869   -0.006521
      2          1           0        0.641794   -1.956877   -0.008539
      3          1           0        0.612690   -0.358125    0.914731
      4          1           0        0.597542   -0.358351   -0.931706
      5         17           0        2.785145   -0.840404   -0.028596
      6          9           0       -1.041941   -0.929143    0.005111
 ---------------------------------------------------------------------
                    Distance matrix (angstroms):
                    1          2          3          4          5
     1  C    0.000000
     2  H    1.095326   0.000000
     3  H    1.095379   1.846424   0.000000
     4  H    1.095276   1.846478   1.846500   0.000000
     5  Cl   2.420005   2.416789   2.417027   2.415282   0.000000
     6  F    1.408258   1.972659   1.972631   1.972647   3.828263
                    6
     6  F    0.000000
 Stoichiometry    CH3ClF(1-)
 Framework group  C1[X(CH3ClF)]
 Deg. of freedom    12
 Full point group                 C1      NOp   1
 Largest Abelian subgroup         C1      NOp   1
 Largest concise Abelian subgroup C1      NOp   1
                         Standard orientation:                         
 ---------------------------------------------------------------------
 Center     Atomic      Atomic             Coordinates (Angstroms)
 Number     Number       Type             X           Y           Z
 ---------------------------------------------------------------------
      1          6           0        0.834866    0.000544   -0.000037
      2          1           0        0.583645    0.402582   -0.987454
      3          1           0        0.583824    0.655101    0.841621
      4          1           0        0.582580   -1.055261    0.145760
      5         17           0       -1.585139   -0.000113    0.000007
      6          9           0        2.243124   -0.000418    0.000020
 ---------------------------------------------------------------------
 Rotational constants (GHZ):    147.0780101      2.5976434      2.5976411
 Standard basis: VSTO-6G (5D, 7F)
 There are    21 symmetry adapted cartesian basis functions of A   symmetry.
 There are    20 symmetry adapted basis functions of A   symmetry.
    20 basis functions,   126 primitive gaussians,    21 cartesian basis functions
    11 alpha electrons       11 beta electrons
       nuclear repulsion energy        67.6390590581 Hartrees.
 Integral buffers will be    131072 words long.
 Regular integral format.
 Two-electron integral symmetry is turned off.
 Do NDO integrals.
 One-electron integrals computed using PRISM.
 NBasis=    20 RedAO= F EigKep=  0.00D+00  NBF=    20
 NBsUse=    20 1.00D-04 EigRej=  0.00D+00 NBFU=    20
 Initial guess from the checkpoint file:  "/scratch/1715567.1.multiway.q/Gau-186785.chk"
 B after Tr=     0.000000    0.000000    0.000000
         Rot=    0.995254   -0.097311    0.000010    0.000001 Ang= -11.17 deg.
 Overlap will be assumed to be unity.
 Keep J ints in memory in canonical form, NReq=1875445.
 Requested convergence on RMS density matrix=1.00D-08 within 128 cycles.
 Requested convergence on MAX density matrix=1.00D-06.
 Requested convergence on             energy=1.00D-06.
 No special actions if energy rises.
 SCF Done:  E(RPM6) = -0.180727322741     A.U. after   11 cycles
            NFock= 10  Conv=0.96D-08     -V/T= 0.9861
 Calling FoFJK, ICntrl=      2127 FMM=F ISym2X=0 I1Cent= 0 IOpClX= 0 NMat=1 NMatS=1 NMatT=0.
 ***** Axes restored to original set *****
 -------------------------------------------------------------------
 Center     Atomic                   Forces (Hartrees/Bohr)
 Number     Number              X              Y              Z
 -------------------------------------------------------------------
      1        6          -0.034474224   -0.000801109    0.000355187
      2        1           0.001267966    0.000581275   -0.000014977
      3        1           0.001288232   -0.000255607   -0.000512217
      4        1           0.001263269   -0.000229859    0.000436703
      5       17           0.040024092    0.000925383   -0.000344999
      6        9          -0.009369334   -0.000220083    0.000080302
 -------------------------------------------------------------------
 Cartesian Forces:  Max     0.040024092 RMS     0.012661743

 GradGradGradGradGradGradGradGradGradGradGradGradGradGradGradGradGradGrad
 Berny optimization.
 FormGI is forming the generalized inverse of G from B-inverse, IUseBI=4.
 Internal  Forces:  Max     0.015558707 RMS     0.004581720
 Search for a local minimum.
 Step number   1 out of a maximum of   45 on scan point    12 out of    21
 All quantities printed in internal units (Hartrees-Bohrs-Radians)
 Mixed Optimization -- RFO/linear search
 Second derivative matrix not updated -- first step.
 ITU=  0
     Eigenvalues ---    0.00404   0.02363   0.03010   0.04054   0.08117
     Eigenvalues ---    0.08318   0.09688   0.23937   0.26962   0.31993
     Eigenvalues ---    0.401891000.000001000.000001000.000001000.00000
     Eigenvalues --- 1000.000001000.000001000.000001000.000001000.00000
     Eigenvalues --- 1000.000001000.000001000.000001000.000001000.00000
     Eigenvalues --- 1000.000001000.000001000.000001000.000001000.00000
     Eigenvalues --- 1000.000001000.000001000.000001000.000001000.00000
 RFO step:  Lambda=-2.67182585D-04 EMin= 4.04365860D-03
 Linear search not attempted -- first point.
 Iteration  1 RMS(Cart)=  0.00588485 RMS(Int)=  0.00002036
 Iteration  2 RMS(Cart)=  0.00001423 RMS(Int)=  0.00001392
 Iteration  3 RMS(Cart)=  0.00000000 RMS(Int)=  0.00001392
 Iteration  1 RMS(Cart)=  0.00000003 RMS(Int)=  0.00000006
 Variable       Old X    -DE/DX   Delta X   Delta X   Delta X     New X
                                 (Linear)    (Quad)   (Total)
    R1        2.06987  -0.00039   0.00000   0.00006   0.00006   2.06993
    R2        2.06997  -0.00041   0.00000  -0.00342  -0.00341   2.06656
    R3        2.06977  -0.00036   0.00000  -0.00500  -0.00499   2.06478
    R4        4.57315   0.01556   0.00000   0.00000  -0.00001   4.57314
    R5        2.66122   0.00937   0.00000   0.02509   0.02509   2.68631
    R6        4.56707   0.00823   0.00000   0.00852   0.00851   4.57558
    R7        4.56752   0.00823   0.00000  -0.01511  -0.01511   4.55241
    R8        4.56422   0.00826   0.00000  -0.01698  -0.01697   4.54725
    A1        2.00509  -0.00206   0.00000  -0.00163  -0.00164   2.00346
    A2        2.00533  -0.00207   0.00000  -0.00235  -0.00236   2.00297
    A3        1.80251   0.00279   0.00000   0.00217   0.00217   1.80468
    A4        2.00530  -0.00207   0.00000  -0.00396  -0.00401   2.00129
    A5        1.80242   0.00280   0.00000   0.00408   0.00409   1.80651
    A6        1.80254   0.00279   0.00000   0.00450   0.00451   1.80705
    A7        1.34522   0.00410   0.00000  -0.00380  -0.00380   1.34142
    A8        1.34501   0.00410   0.00000   0.00712   0.00713   1.35214
    A9        1.34650   0.00409   0.00000   0.00814   0.00816   1.35465
   A10        0.78388  -0.00219   0.00000  -0.00051  -0.00052   0.78336
   A11        0.78420  -0.00219   0.00000  -0.00085  -0.00087   0.78333
   A12        0.78417  -0.00219   0.00000   0.00018   0.00017   0.78434
    D1       -1.19327   0.00407   0.00000   0.00522   0.00522  -1.18806
    D2        1.19126  -0.00406   0.00000  -0.00579  -0.00579   1.18546
    D3        3.14071   0.00001   0.00000  -0.00020  -0.00020   3.14051
    D4        1.19315  -0.00407   0.00000   0.00151   0.00152   1.19466
    D5       -1.19140   0.00406   0.00000   0.01181   0.01179  -1.17960
    D6       -3.14078  -0.00001   0.00000   0.00579   0.00579  -3.13499
    D7       -1.19209   0.00406   0.00000  -0.00137  -0.00139  -1.19347
    D8        1.19235  -0.00407   0.00000  -0.01136  -0.01135   1.18101
    D9       -3.14152   0.00000   0.00000  -0.00559  -0.00559   3.13607
   D10        0.57197  -0.00030   0.00000   0.00055   0.00055   0.57253
   D11       -0.57158   0.00029   0.00000  -0.00060  -0.00061  -0.57219
   D12       -0.57198   0.00029   0.00000  -0.00001  -0.00003  -0.57201
   D13        0.57165  -0.00029   0.00000  -0.00112  -0.00115   0.57050
   D14        0.57142  -0.00029   0.00000   0.00042   0.00044   0.57186
   D15       -0.57149   0.00030   0.00000   0.00077   0.00080  -0.57069
         Item               Value     Threshold  Converged?
 Maximum Force            0.009372     0.000450     NO 
 RMS     Force            0.001628     0.000300     NO 
 Maximum Displacement     0.024320     0.001800     NO 
 RMS     Displacement     0.005885     0.001200     NO 
 Predicted change in Energy=-1.338296D-04
 GradGradGradGradGradGradGradGradGradGradGradGradGradGradGradGradGradGrad

                          Input orientation:                          
 ---------------------------------------------------------------------
 Center     Atomic      Atomic             Coordinates (Angstroms)
 Number     Number       Type             X           Y           Z
 ---------------------------------------------------------------------
      1          6           0        0.366405   -0.898126   -0.006549
      2          1           0        0.641036   -1.958495   -0.008753
      3          1           0        0.618857   -0.360999    0.911966
      4          1           0        0.604180   -0.361875   -0.928368
      5         17           0        2.785462   -0.834352   -0.028886
      6          9           0       -1.054810   -0.925922    0.005072
 ---------------------------------------------------------------------
                    Distance matrix (angstroms):
                    1          2          3          4          5
     1  C    0.000000
     2  H    1.095358   0.000000
     3  H    1.093575   1.843965   0.000000
     4  H    1.092635   1.842890   1.840393   0.000000
     5  Cl   2.420000   2.421294   2.409033   2.406303   0.000000
     6  F    1.421535   1.985521   1.985637   1.985373   3.841513
                    6
     6  F    0.000000
 Stoichiometry    CH3ClF(1-)
 Framework group  C1[X(CH3ClF)]
 Deg. of freedom    12
 Full point group                 C1      NOp   1
 Largest Abelian subgroup         C1      NOp   1
 Largest concise Abelian subgroup C1      NOp   1
                         Standard orientation:                         
 ---------------------------------------------------------------------
 Center     Atomic      Atomic             Coordinates (Angstroms)
 Number     Number       Type             X           Y           Z
 ---------------------------------------------------------------------
      1          6           0        0.831750    0.003775    0.001129
      2          1           0        0.583079    1.060010    0.150590
      3          1           0        0.574474   -0.650797    0.838537
      4          1           0        0.572729   -0.392461   -0.983634
      5         17           0       -1.588246   -0.000773   -0.000243
      6          9           0        2.253267   -0.002917   -0.000905
 ---------------------------------------------------------------------
 Rotational constants (GHZ):    147.7077140      2.5828364      2.5827282
 Standard basis: VSTO-6G (5D, 7F)
 There are    21 symmetry adapted cartesian basis functions of A   symmetry.
 There are    20 symmetry adapted basis functions of A   symmetry.
    20 basis functions,   126 primitive gaussians,    21 cartesian basis functions
    11 alpha electrons       11 beta electrons
       nuclear repulsion energy        67.5502119555 Hartrees.
 Integral buffers will be    131072 words long.
 Regular integral format.
 Two-electron integral symmetry is turned off.
 Do NDO integrals.
 One-electron integrals computed using PRISM.
 NBasis=    20 RedAO= F EigKep=  0.00D+00  NBF=    20
 NBsUse=    20 1.00D-04 EigRej=  0.00D+00 NBFU=    20
 Initial guess from the checkpoint file:  "/scratch/1715567.1.multiway.q/Gau-186785.chk"
 B after Tr=     0.000000    0.000000    0.000000
         Rot=    0.788498   -0.615038    0.000046    0.000088 Ang= -75.91 deg.
 Overlap will be assumed to be unity.
 Keep J ints in memory in canonical form, NReq=1875445.
 Requested convergence on RMS density matrix=1.00D-08 within 128 cycles.
 Requested convergence on MAX density matrix=1.00D-06.
 Requested convergence on             energy=1.00D-06.
 No special actions if energy rises.
 SCF Done:  E(RPM6) = -0.180857127151     A.U. after   11 cycles
            NFock= 10  Conv=0.54D-08     -V/T= 0.9861
 Calling FoFJK, ICntrl=      2127 FMM=F ISym2X=0 I1Cent= 0 IOpClX= 0 NMat=1 NMatS=1 NMatT=0.
 ***** Axes restored to original set *****
 -------------------------------------------------------------------
 Center     Atomic                   Forces (Hartrees/Bohr)
 Number     Number              X              Y              Z
 -------------------------------------------------------------------
      1        6          -0.039904744   -0.001862676    0.000684540
      2        1           0.000193199    0.000752777    0.000035722
      3        1           0.000016684   -0.000013730    0.000272348
      4        1           0.000018278    0.000251785   -0.000657602
      5       17           0.039913741    0.000870224   -0.000337109
      6        9          -0.000237157    0.000001620    0.000002101
 -------------------------------------------------------------------
 Cartesian Forces:  Max     0.039913741 RMS     0.013315690

 GradGradGradGradGradGradGradGradGradGradGradGradGradGradGradGradGradGrad
 Berny optimization.
 Using GEDIIS/GDIIS optimizer.
 FormGI is forming the generalized inverse of G from B-inverse, IUseBI=4.
 Internal  Forces:  Max     0.015018066 RMS     0.004145613
 Search for a local minimum.
 Step number   2 out of a maximum of   45 on scan point    12 out of    21
 All quantities printed in internal units (Hartrees-Bohrs-Radians)
 Mixed Optimization -- En-DIIS/RFO-DIIS
 Update second derivatives using D2CorX and points    1    2
 DE= -1.30D-04 DEPred=-1.34D-04 R= 9.70D-01
 TightC=F SS=  1.41D+00  RLast= 4.31D-02 DXNew= 9.2397D-01 1.2917D-01
 Trust test= 9.70D-01 RLast= 4.31D-02 DXMaxT set to 5.49D-01
 ITU=  1  0
 Use linear search instead of GDIIS.
     Eigenvalues ---    0.00426   0.02336   0.03029   0.04066   0.08089
     Eigenvalues ---    0.08329   0.09692   0.24165   0.28397   0.31995
     Eigenvalues ---    0.366151000.000001000.000001000.000001000.00000
     Eigenvalues --- 1000.000001000.000001000.000001000.000001000.00000
     Eigenvalues --- 1000.000001000.000001000.000001000.000001000.00000
     Eigenvalues --- 1000.000001000.000001000.000001000.000001000.00000
     Eigenvalues --- 1000.000001000.000001000.000001000.000001000.00000
 RFO step:  Lambda=-2.15425549D-05 EMin= 4.26482660D-03
 Quartic linear search produced a step of -0.01716.
 Iteration  1 RMS(Cart)=  0.00819301 RMS(Int)=  0.00006322
 Iteration  2 RMS(Cart)=  0.00003650 RMS(Int)=  0.00003179
 Iteration  3 RMS(Cart)=  0.00000000 RMS(Int)=  0.00003179
 Iteration  1 RMS(Cart)=  0.00000124 RMS(Int)=  0.00000313
 Iteration  2 RMS(Cart)=  0.00000077 RMS(Int)=  0.00000348
 Variable       Old X    -DE/DX   Delta X   Delta X   Delta X     New X
                                 (Linear)    (Quad)   (Total)
    R1        2.06993  -0.00086   0.00000  -0.00271  -0.00265   2.06728
    R2        2.06656  -0.00007   0.00006   0.00082   0.00087   2.06743
    R3        2.06478   0.00032   0.00009   0.00272   0.00283   2.06761
    R4        4.57314   0.01502   0.00000   0.00000  -0.00001   4.57313
    R5        2.68631   0.00024  -0.00043   0.00116   0.00073   2.68704
    R6        4.57558   0.00823  -0.00015  -0.03864  -0.03880   4.53679
    R7        4.55241   0.00853   0.00026   0.00532   0.00560   4.55802
    R8        4.54725   0.00861   0.00029   0.02623   0.02653   4.57378
    A1        2.00346  -0.00189   0.00003  -0.00223  -0.00221   2.00124
    A2        2.00297  -0.00187   0.00004  -0.00142  -0.00132   2.00165
    A3        1.80468   0.00249  -0.00004   0.00307   0.00302   1.80770
    A4        2.00129  -0.00178   0.00007   0.00097   0.00099   2.00228
    A5        1.80651   0.00246  -0.00007   0.00080   0.00074   1.80725
    A6        1.80705   0.00246  -0.00008  -0.00030  -0.00037   1.80667
    A7        1.34142   0.00388   0.00007   0.01750   0.01762   1.35903
    A8        1.35214   0.00368  -0.00012  -0.00247  -0.00261   1.34953
    A9        1.35465   0.00360  -0.00014  -0.01206  -0.01218   1.34247
   A10        0.78336  -0.00220   0.00001   0.00211   0.00207   0.78543
   A11        0.78333  -0.00213   0.00001   0.00086   0.00078   0.78412
   A12        0.78434  -0.00198   0.00000  -0.00190  -0.00192   0.78242
    D1       -1.18806   0.00356  -0.00009   0.00716   0.00708  -1.18098
    D2        1.18546  -0.00357   0.00010   0.00453   0.00462   1.19009
    D3        3.14051   0.00000   0.00000   0.00537   0.00539  -3.13729
    D4        1.19466  -0.00359  -0.00003  -0.01990  -0.01991   1.17476
    D5       -1.17960   0.00357  -0.00020  -0.01621  -0.01642  -1.19602
    D6       -3.13499  -0.00001  -0.00010  -0.01677  -0.01686   3.13134
    D7       -1.19347   0.00360   0.00002   0.01424   0.01425  -1.17922
    D8        1.18101  -0.00356   0.00019   0.01019   0.01037   1.19138
    D9        3.13607   0.00001   0.00010   0.01139   0.01147  -3.13564
   D10        0.57253  -0.00016  -0.00001  -0.00306  -0.00305   0.56948
   D11       -0.57219   0.00012   0.00001   0.00182   0.00177  -0.57042
   D12       -0.57201   0.00035   0.00000   0.00117   0.00123  -0.57077
   D13        0.57050  -0.00026   0.00002   0.00237   0.00234   0.57284
   D14        0.57186  -0.00041  -0.00001   0.00083   0.00083   0.57269
   D15       -0.57069   0.00036  -0.00001  -0.00313  -0.00313  -0.57382
         Item               Value     Threshold  Converged?
 Maximum Force            0.000545     0.000450     NO 
 RMS     Force            0.000162     0.000300     YES
 Maximum Displacement     0.026811     0.001800     NO 
 RMS     Displacement     0.008194     0.001200     NO 
 Predicted change in Energy=-1.069594D-05
 GradGradGradGradGradGradGradGradGradGradGradGradGradGradGradGradGradGrad

                          Input orientation:                          
 ---------------------------------------------------------------------
 Center     Atomic      Atomic             Coordinates (Angstroms)
 Number     Number       Type             X           Y           Z
 ---------------------------------------------------------------------
      1          6           0        0.365753   -0.894560   -0.007683
      2          1           0        0.652285   -1.950320   -0.010524
      3          1           0        0.617102   -0.355785    0.910719
      4          1           0        0.596252   -0.356022   -0.931792
      5         17           0        2.785254   -0.848539   -0.024186
      6          9           0       -1.055518   -0.934543    0.007948
 ---------------------------------------------------------------------
                    Distance matrix (angstroms):
                    1          2          3          4          5
     1  C    0.000000
     2  H    1.093955   0.000000
     3  H    1.094036   1.841865   0.000000
     4  H    1.094134   1.842189   1.842628   0.000000
     5  Cl   2.419995   2.400764   2.411999   2.420341   0.000000
     6  F    1.421919   1.987142   1.986860   1.986490   3.841869
                    6
     6  F    0.000000
 Stoichiometry    CH3ClF(1-)
 Framework group  C1[X(CH3ClF)]
 Deg. of freedom    12
 Full point group                 C1      NOp   1
 Largest Abelian subgroup         C1      NOp   1
 Largest concise Abelian subgroup C1      NOp   1
                         Standard orientation:                         
 ---------------------------------------------------------------------
 Center     Atomic      Atomic             Coordinates (Angstroms)
 Number     Number       Type             X           Y           Z
 ---------------------------------------------------------------------
      1          6           0        0.831757   -0.004168    0.004106
      2          1           0        0.568136    0.373169   -0.988294
      3          1           0        0.576180    0.666150    0.830102
      4          1           0        0.582246   -1.055797    0.174253
      5         17           0       -1.588228    0.000824   -0.000811
      6          9           0        2.253640    0.003054   -0.002990
 ---------------------------------------------------------------------
 Rotational constants (GHZ):    147.7188538      2.5824526      2.5824311
 Standard basis: VSTO-6G (5D, 7F)
 There are    21 symmetry adapted cartesian basis functions of A   symmetry.
 There are    20 symmetry adapted basis functions of A   symmetry.
    20 basis functions,   126 primitive gaussians,    21 cartesian basis functions
    11 alpha electrons       11 beta electrons
       nuclear repulsion energy        67.5466303924 Hartrees.
 Integral buffers will be    131072 words long.
 Regular integral format.
 Two-electron integral symmetry is turned off.
 Do NDO integrals.
 One-electron integrals computed using PRISM.
 NBasis=    20 RedAO= F EigKep=  0.00D+00  NBF=    20
 NBsUse=    20 1.00D-04 EigRej=  0.00D+00 NBFU=    20
 Initial guess from the checkpoint file:  "/scratch/1715567.1.multiway.q/Gau-186785.chk"
 B after Tr=     0.000000    0.000000    0.000000
         Rot=    0.781543    0.623851   -0.000052   -0.000236 Ang=  77.20 deg.
 Overlap will be assumed to be unity.
 Keep J ints in memory in canonical form, NReq=1875445.
 Requested convergence on RMS density matrix=1.00D-08 within 128 cycles.
 Requested convergence on MAX density matrix=1.00D-06.
 Requested convergence on             energy=1.00D-06.
 No special actions if energy rises.
 SCF Done:  E(RPM6) = -0.180856482245     A.U. after   11 cycles
            NFock= 10  Conv=0.31D-08     -V/T= 0.9861
 Calling FoFJK, ICntrl=      2127 FMM=F ISym2X=0 I1Cent= 0 IOpClX= 0 NMat=1 NMatS=1 NMatT=0.
 ***** Axes restored to original set *****
 -------------------------------------------------------------------
 Center     Atomic                   Forces (Hartrees/Bohr)
 Number     Number              X              Y              Z
 -------------------------------------------------------------------
      1        6          -0.039917555   -0.000870297    0.000303125
      2        1          -0.000359849   -0.000176534   -0.000027788
      3        1          -0.000097936    0.000055533   -0.000050566
      4        1           0.000120193   -0.000040207    0.000163089
      5       17           0.040015700    0.000972664   -0.000370972
      6        9           0.000239447    0.000058840   -0.000016887
 -------------------------------------------------------------------
 Cartesian Forces:  Max     0.040015700 RMS     0.013326834

 GradGradGradGradGradGradGradGradGradGradGradGradGradGradGradGradGradGrad
 Berny optimization.
 Using GEDIIS/GDIIS optimizer.
 FormGI is forming the generalized inverse of G from B-inverse, IUseBI=4.
 Internal  Forces:  Max     0.014995560 RMS     0.004136281
 Search for a local minimum.
 Step number   3 out of a maximum of   45 on scan point    12 out of    21
 All quantities printed in internal units (Hartrees-Bohrs-Radians)
 Mixed Optimization -- En-DIIS/RFO-DIIS
 Swapping is turned off.
 Update second derivatives using D2CorX and points    1    2    3
 DE=  6.45D-07 DEPred=-1.07D-05 R=-6.03D-02
 Trust test=-6.03D-02 RLast= 6.54D-02 DXMaxT set to 2.75D-01
 ITU= -1  1  0
     Eigenvalues ---    0.00884   0.02361   0.03027   0.04031   0.08078
     Eigenvalues ---    0.08309   0.09675   0.23558   0.28424   0.31948
     Eigenvalues ---    0.335681000.000001000.000001000.000001000.00000
     Eigenvalues --- 1000.000001000.000001000.000001000.000001000.00000
     Eigenvalues --- 1000.000001000.000001000.000001000.000001000.00000
     Eigenvalues --- 1000.000001000.000001000.000001000.000001000.00000
     Eigenvalues --- 1000.000001000.000001000.000001000.000001000.00000
 En-DIIS/RFO-DIIS IScMMF=        0 using points:     3    2
 RFO step:  Lambda=-2.02167371D-05.
 DidBck=T Rises=F RFO-DIIS coefs:    0.51603    0.48397
 Iteration  1 RMS(Cart)=  0.00428722 RMS(Int)=  0.00001711
 Iteration  2 RMS(Cart)=  0.00000983 RMS(Int)=  0.00000843
 Iteration  3 RMS(Cart)=  0.00000000 RMS(Int)=  0.00000843
 Iteration  1 RMS(Cart)=  0.00000096 RMS(Int)=  0.00000242
 Variable       Old X    -DE/DX   Delta X   Delta X   Delta X     New X
                                 (Linear)    (Quad)   (Total)
    R1        2.06728  -0.00017   0.00128  -0.00127   0.00000   2.06728
    R2        2.06743  -0.00031  -0.00042   0.00025  -0.00017   2.06726
    R3        2.06761  -0.00042  -0.00137   0.00110  -0.00028   2.06733
    R4        4.57313   0.01500   0.00000   0.00000   0.00002   4.57315
    R5        2.68704  -0.00024  -0.00035   0.00002  -0.00033   2.68671
    R6        4.53679   0.00868   0.01878   0.00154   0.02031   4.55710
    R7        4.55802   0.00848  -0.00271   0.00081  -0.00192   4.55610
    R8        4.57378   0.00833  -0.01284  -0.00141  -0.01425   4.55953
    A1        2.00124  -0.00180   0.00107   0.00110   0.00218   2.00342
    A2        2.00165  -0.00182   0.00064   0.00021   0.00084   2.00249
    A3        1.80770   0.00243  -0.00146   0.00014  -0.00133   1.80637
    A4        2.00228  -0.00186  -0.00048  -0.00100  -0.00147   2.00081
    A5        1.80725   0.00242  -0.00036  -0.00024  -0.00060   1.80665
    A6        1.80667   0.00243   0.00018  -0.00032  -0.00014   1.80653
    A7        1.35903   0.00362  -0.00853  -0.00053  -0.00907   1.34996
    A8        1.34953   0.00371   0.00126  -0.00038   0.00089   1.35041
    A9        1.34247   0.00378   0.00589   0.00051   0.00640   1.34887
   A10        0.78543  -0.00214  -0.00100  -0.00012  -0.00111   0.78432
   A11        0.78412  -0.00214  -0.00038   0.00002  -0.00034   0.78377
   A12        0.78242  -0.00215   0.00093   0.00006   0.00099   0.78342
    D1       -1.18098   0.00348  -0.00343  -0.00046  -0.00390  -1.18487
    D2        1.19009  -0.00355  -0.00224  -0.00055  -0.00279   1.18730
    D3       -3.13729  -0.00003  -0.00261  -0.00076  -0.00336  -3.14066
    D4        1.17476  -0.00343   0.00963   0.00078   0.01041   1.18517
    D5       -1.19602   0.00359   0.00795   0.00033   0.00827  -1.18775
    D6        3.13134   0.00009   0.00816   0.00129   0.00945   3.14079
    D7       -1.17922   0.00346  -0.00690  -0.00047  -0.00737  -1.18659
    D8        1.19138  -0.00355  -0.00502   0.00038  -0.00463   1.18675
    D9       -3.13564  -0.00006  -0.00555  -0.00054  -0.00608   3.14146
   D10        0.56948  -0.00031   0.00148  -0.00016   0.00131   0.57079
   D11       -0.57042   0.00029  -0.00086  -0.00032  -0.00117  -0.57159
   D12       -0.57077   0.00030  -0.00060   0.00065   0.00004  -0.57073
   D13        0.57284  -0.00027  -0.00113   0.00071  -0.00041   0.57243
   D14        0.57269  -0.00028  -0.00040  -0.00056  -0.00097   0.57173
   D15       -0.57382   0.00026   0.00151  -0.00032   0.00119  -0.57263
         Item               Value     Threshold  Converged?
 Maximum Force            0.000241     0.000450     YES
 RMS     Force            0.000077     0.000300     YES
 Maximum Displacement     0.013809     0.001800     NO 
 RMS     Displacement     0.004287     0.001200     NO 
 Predicted change in Energy=-6.477855D-06
 GradGradGradGradGradGradGradGradGradGradGradGradGradGradGradGradGradGrad

                          Input orientation:                          
 ---------------------------------------------------------------------
 Center     Atomic      Atomic             Coordinates (Angstroms)
 Number     Number       Type             X           Y           Z
 ---------------------------------------------------------------------
      1          6           0        0.366158   -0.896914   -0.006802
      2          1           0        0.646288   -1.954393   -0.009586
      3          1           0        0.617739   -0.358225    0.911481
      4          1           0        0.600640   -0.358840   -0.930003
      5         17           0        2.785440   -0.841232   -0.026929
      6          9           0       -1.055138   -0.930166    0.006319
 ---------------------------------------------------------------------
                    Distance matrix (angstroms):
                    1          2          3          4          5
     1  C    0.000000
     2  H    1.093958   0.000000
     3  H    1.093948   1.843077   0.000000
     4  H    1.093986   1.842564   1.841564   0.000000
     5  Cl   2.420006   2.411514   2.410982   2.412798   0.000000
     6  F    1.421746   1.985987   1.986191   1.986131   3.841751
                    6
     6  F    0.000000
 Stoichiometry    CH3ClF(1-)
 Framework group  C1[X(CH3ClF)]
 Deg. of freedom    12
 Full point group                 C1      NOp   1
 Largest Abelian subgroup         C1      NOp   1
 Largest concise Abelian subgroup C1      NOp   1
                         Standard orientation:                         
 ---------------------------------------------------------------------
 Center     Atomic      Atomic             Coordinates (Angstroms)
 Number     Number       Type             X           Y           Z
 ---------------------------------------------------------------------
      1          6           0        0.831739   -0.000090   -0.000534
      2          1           0        0.576112    1.048472    0.178119
      3          1           0        0.575659   -0.680315    0.817048
      4          1           0        0.576974   -0.369782   -0.998145
      5         17           0       -1.588267    0.000053    0.000127
      6          9           0        2.253484    0.000140    0.000446
 ---------------------------------------------------------------------
 Rotational constants (GHZ):    147.7277106      2.5825571      2.5825137
 Standard basis: VSTO-6G (5D, 7F)
 There are    21 symmetry adapted cartesian basis functions of A   symmetry.
 There are    20 symmetry adapted basis functions of A   symmetry.
    20 basis functions,   126 primitive gaussians,    21 cartesian basis functions
    11 alpha electrons       11 beta electrons
       nuclear repulsion energy        67.5480494022 Hartrees.
 Integral buffers will be    131072 words long.
 Regular integral format.
 Two-electron integral symmetry is turned off.
 Do NDO integrals.
 One-electron integrals computed using PRISM.
 NBasis=    20 RedAO= F EigKep=  0.00D+00  NBF=    20
 NBsUse=    20 1.00D-04 EigRej=  0.00D+00 NBFU=    20
 Initial guess from the checkpoint file:  "/scratch/1715567.1.multiway.q/Gau-186785.chk"
 B after Tr=     0.000000    0.000000    0.000000
         Rot=    0.772493   -0.635023    0.000020    0.000128 Ang= -78.84 deg.
 Overlap will be assumed to be unity.
 Keep J ints in memory in canonical form, NReq=1875445.
 Requested convergence on RMS density matrix=1.00D-08 within 128 cycles.
 Requested convergence on MAX density matrix=1.00D-06.
 Requested convergence on             energy=1.00D-06.
 No special actions if energy rises.
 SCF Done:  E(RPM6) = -0.180863069431     A.U. after   10 cycles
            NFock=  9  Conv=0.69D-08     -V/T= 0.9861
 Calling FoFJK, ICntrl=      2127 FMM=F ISym2X=0 I1Cent= 0 IOpClX= 0 NMat=1 NMatS=1 NMatT=0.
 ***** Axes restored to original set *****
 -------------------------------------------------------------------
 Center     Atomic                   Forces (Hartrees/Bohr)
 Number     Number              X              Y              Z
 -------------------------------------------------------------------
      1        6          -0.039931438   -0.000833169    0.000291923
      2        1           0.000013925    0.000013296    0.000031184
      3        1          -0.000026506   -0.000065075    0.000078051
      4        1           0.000008806   -0.000045180   -0.000048308
      5       17           0.039944462    0.000923155   -0.000352858
      6        9          -0.000009249    0.000006974    0.000000008
 -------------------------------------------------------------------
 Cartesian Forces:  Max     0.039944462 RMS     0.013316349

 GradGradGradGradGradGradGradGradGradGradGradGradGradGradGradGradGradGrad
 Berny optimization.
 Using GEDIIS/GDIIS optimizer.
 FormGI is forming the generalized inverse of G from B-inverse, IUseBI=4.
 Internal  Forces:  Max     0.015004457 RMS     0.004138499
 Search for a local minimum.
 Step number   4 out of a maximum of   45 on scan point    12 out of    21
 All quantities printed in internal units (Hartrees-Bohrs-Radians)
 Mixed Optimization -- En-DIIS/RFO-DIIS
 Swapping is turned off.
 Update second derivatives using D2CorX and points    1    2    3    4
 DE= -6.59D-06 DEPred=-6.48D-06 R= 1.02D+00
 TightC=F SS=  1.41D+00  RLast= 3.43D-02 DXNew= 4.6198D-01 1.0282D-01
 Trust test= 1.02D+00 RLast= 3.43D-02 DXMaxT set to 2.75D-01
 ITU=  1 -1  1  0
     Eigenvalues ---    0.00851   0.02366   0.02980   0.04161   0.08083
     Eigenvalues ---    0.08275   0.09657   0.24131   0.26857   0.31984
     Eigenvalues ---    0.366731000.000001000.000001000.000001000.00000
     Eigenvalues --- 1000.000001000.000001000.000001000.000001000.00000
     Eigenvalues --- 1000.000001000.000001000.000001000.000001000.00000
     Eigenvalues --- 1000.000001000.000001000.000001000.000001000.00000
     Eigenvalues --- 1000.000001000.000001000.000001000.000001000.00000
 En-DIIS/RFO-DIIS IScMMF=        0 using points:     4    3    2
 RFO step:  Lambda=-1.90151635D-05.
 DidBck=F Rises=F RFO-DIIS coefs:    0.77307    0.10348    0.12345
 Iteration  1 RMS(Cart)=  0.00039818 RMS(Int)=  0.00000285
 Iteration  2 RMS(Cart)=  0.00000017 RMS(Int)=  0.00000284
 Iteration  1 RMS(Cart)=  0.00000097 RMS(Int)=  0.00000244
 Variable       Old X    -DE/DX   Delta X   Delta X   Delta X     New X
                                 (Linear)    (Quad)   (Total)
    R1        2.06728  -0.00027   0.00033  -0.00015   0.00017   2.06745
    R2        2.06726  -0.00024  -0.00007   0.00007   0.00000   2.06727
    R3        2.06733  -0.00026  -0.00029   0.00017  -0.00011   2.06722
    R4        4.57315   0.01500   0.00000   0.00000   0.00000   4.57315
    R5        2.68671   0.00001  -0.00002   0.00000  -0.00001   2.68670
    R6        4.55710   0.00846   0.00018   0.00035   0.00052   4.55762
    R7        4.55610   0.00849  -0.00026   0.00051   0.00025   4.55635
    R8        4.55953   0.00846  -0.00004  -0.00064  -0.00068   4.55884
    A1        2.00342  -0.00189  -0.00022  -0.00080  -0.00102   2.00240
    A2        2.00249  -0.00185  -0.00003  -0.00020  -0.00023   2.00226
    A3        1.80637   0.00246  -0.00007   0.00013   0.00006   1.80643
    A4        2.00081  -0.00177   0.00021   0.00106   0.00128   2.00209
    A5        1.80665   0.00244   0.00005  -0.00009  -0.00005   1.80660
    A6        1.80653   0.00245   0.00008  -0.00012  -0.00004   1.80649
    A7        1.34996   0.00372  -0.00012  -0.00013  -0.00025   1.34971
    A8        1.35041   0.00370   0.00012  -0.00023  -0.00011   1.35030
    A9        1.34887   0.00372   0.00005   0.00027   0.00032   1.34919
   A10        0.78432  -0.00214   0.00000  -0.00031  -0.00030   0.78401
   A11        0.78377  -0.00213  -0.00002  -0.00002  -0.00003   0.78374
   A12        0.78342  -0.00211   0.00001   0.00034   0.00036   0.78377
    D1       -1.18487   0.00352   0.00001  -0.00075  -0.00074  -1.18562
    D2        1.18730  -0.00355   0.00006  -0.00021  -0.00014   1.18716
    D3       -3.14066   0.00000   0.00010  -0.00036  -0.00026  -3.14092
    D4        1.18517  -0.00353   0.00009   0.00072   0.00081   1.18598
    D5       -1.18775   0.00357   0.00015   0.00074   0.00088  -1.18687
    D6        3.14079   0.00001  -0.00006   0.00046   0.00040   3.14118
    D7       -1.18659   0.00355  -0.00009  -0.00010  -0.00019  -1.18678
    D8        1.18675  -0.00356  -0.00023  -0.00039  -0.00061   1.18613
    D9        3.14146   0.00000  -0.00004  -0.00010  -0.00013   3.14133
   D10        0.57079  -0.00025   0.00008   0.00058   0.00066   0.57145
   D11       -0.57159   0.00027   0.00005  -0.00016  -0.00011  -0.57170
   D12       -0.57073   0.00026  -0.00016  -0.00052  -0.00069  -0.57142
   D13        0.57243  -0.00032  -0.00020  -0.00058  -0.00078   0.57166
   D14        0.57173  -0.00028   0.00012   0.00001   0.00012   0.57185
   D15       -0.57263   0.00032   0.00012   0.00069   0.00080  -0.57183
         Item               Value     Threshold  Converged?
 Maximum Force            0.000058     0.000450     YES
 RMS     Force            0.000019     0.000300     YES
 Maximum Displacement     0.001227     0.001800     YES
 RMS     Displacement     0.000398     0.001200     YES
 Predicted change in Energy=-1.665414D-07
 Optimization completed.
    -- Stationary point found.
                           ----------------------------
                           !   Optimized Parameters   !
                           ! (Angstroms and Degrees)  !
 --------------------------                            --------------------------
 ! Name  Definition              Value          Derivative Info.                !
 --------------------------------------------------------------------------------
 ! R1    R(1,2)                  1.094          -DE/DX =   -0.0003              !
 ! R2    R(1,3)                  1.0939         -DE/DX =   -0.0002              !
 ! R3    R(1,4)                  1.094          -DE/DX =   -0.0003              !
 ! R4    R(1,5)                  2.42           -DE/DX =    0.015               !
 ! R5    R(1,6)                  1.4217         -DE/DX =    0.0                 !
 ! R6    R(2,5)                  2.4115         -DE/DX =    0.0085              !
 ! R7    R(3,5)                  2.411          -DE/DX =    0.0085              !
 ! R8    R(4,5)                  2.4128         -DE/DX =    0.0085              !
 ! A1    A(2,1,3)              114.7874         -DE/DX =   -0.0019              !
 ! A2    A(2,1,4)              114.7344         -DE/DX =   -0.0018              !
 ! A3    A(2,1,6)              103.4976         -DE/DX =    0.0025              !
 ! A4    A(3,1,4)              114.6381         -DE/DX =   -0.0018              !
 ! A5    A(3,1,6)              103.5134         -DE/DX =    0.0024              !
 ! A6    A(4,1,6)              103.5068         -DE/DX =    0.0024              !
 ! A7    A(1,2,5)               77.3472         -DE/DX =    0.0037              !
 ! A8    A(1,3,5)               77.373          -DE/DX =    0.0037              !
 ! A9    A(1,4,5)               77.2847         -DE/DX =    0.0037              !
 ! A10   A(2,5,3)               44.938          -DE/DX =   -0.0021              !
 ! A11   A(2,5,4)               44.9069         -DE/DX =   -0.0021              !
 ! A12   A(3,5,4)               44.8864         -DE/DX =   -0.0021              !
 ! D1    D(3,1,2,5)            -67.8883         -DE/DX =    0.0035              !
 ! D2    D(4,1,2,5)             68.0272         -DE/DX =   -0.0035              !
 ! D3    D(6,1,2,5)           -179.9463         -DE/DX =    0.0                 !
 ! D4    D(2,1,3,5)             67.9051         -DE/DX =   -0.0035              !
 ! D5    D(4,1,3,5)            -68.0532         -DE/DX =    0.0036              !
 ! D6    D(6,1,3,5)            179.9537         -DE/DX =    0.0                 !
 ! D7    D(2,1,4,5)            -67.9865         -DE/DX =    0.0035              !
 ! D8    D(3,1,4,5)             67.9955         -DE/DX =   -0.0036              !
 ! D9    D(6,1,4,5)            179.9925         -DE/DX =    0.0                 !
 ! D10   D(1,2,5,3)             32.704          -DE/DX =   -0.0003              !
 ! D11   D(1,2,5,4)            -32.7495         -DE/DX =    0.0003              !
 ! D12   D(1,3,5,2)            -32.7006         -DE/DX =    0.0003              !
 ! D13   D(1,3,5,4)             32.7979         -DE/DX =   -0.0003              !
 ! D14   D(1,4,5,2)             32.7575         -DE/DX =   -0.0003              !
 ! D15   D(1,4,5,3)            -32.8094         -DE/DX =    0.0003              !
 --------------------------------------------------------------------------------
 Iteration  1 RMS(Cart)=  0.00999585 RMS(Int)=  0.02524622
 Iteration  2 RMS(Cart)=  0.00012182 RMS(Int)=  0.02524574
 Iteration  3 RMS(Cart)=  0.00000118 RMS(Int)=  0.02524574
 Iteration  4 RMS(Cart)=  0.00000003 RMS(Int)=  0.02524574
 Iteration  1 RMS(Cart)=  0.00624799 RMS(Int)=  0.01577268
 Iteration  2 RMS(Cart)=  0.00390552 RMS(Int)=  0.01752486
 Iteration  3 RMS(Cart)=  0.00244151 RMS(Int)=  0.02006913
 Iteration  4 RMS(Cart)=  0.00152627 RMS(Int)=  0.02203766
 Iteration  5 RMS(Cart)=  0.00095408 RMS(Int)=  0.02337712
 Iteration  6 RMS(Cart)=  0.00059638 RMS(Int)=  0.02424944
 Iteration  7 RMS(Cart)=  0.00037278 RMS(Int)=  0.02480684
 Iteration  8 RMS(Cart)=  0.00023301 RMS(Int)=  0.02515966
 Iteration  9 RMS(Cart)=  0.00014564 RMS(Int)=  0.02538182
 Iteration 10 RMS(Cart)=  0.00009103 RMS(Int)=  0.02552131
 Iteration 11 RMS(Cart)=  0.00005690 RMS(Int)=  0.02560873
 Iteration 12 RMS(Cart)=  0.00003556 RMS(Int)=  0.02566347
 Iteration 13 RMS(Cart)=  0.00002223 RMS(Int)=  0.02569771
 Iteration 14 RMS(Cart)=  0.00001389 RMS(Int)=  0.02571913
 Iteration 15 RMS(Cart)=  0.00000868 RMS(Int)=  0.02573253
 Iteration 16 RMS(Cart)=  0.00000543 RMS(Int)=  0.02574090
 Iteration 17 RMS(Cart)=  0.00000339 RMS(Int)=  0.02574613
 Iteration 18 RMS(Cart)=  0.00000212 RMS(Int)=  0.02574941
 Iteration 19 RMS(Cart)=  0.00000133 RMS(Int)=  0.02575145
 Iteration 20 RMS(Cart)=  0.00000083 RMS(Int)=  0.02575273
 GradGradGradGradGradGradGradGradGradGradGradGradGradGradGradGradGradGrad

                          Input orientation:                          
 ---------------------------------------------------------------------
 Center     Atomic      Atomic             Coordinates (Angstroms)
 Number     Number       Type             X           Y           Z
 ---------------------------------------------------------------------
      1          6           0        0.398708   -0.896000   -0.007095
      2          1           0        0.647186   -1.964431   -0.009279
      3          1           0        0.618402   -0.353806    0.920674
      4          1           0        0.601413   -0.354179   -0.938996
      5         17           0        2.718010   -0.842366   -0.026644
      6          9           0       -1.022591   -0.928987    0.005820
 ---------------------------------------------------------------------
                    Distance matrix (angstroms):
                    1          2          3          4          5
     1  C    0.000000
     2  H    1.096947   0.000000
     3  H    1.096812   1.860042   0.000000
     4  H    1.096858   1.859941   1.859748   0.000000
     5  Cl   2.320005   2.355344   2.354667   2.355992   0.000000
     6  F    1.421740   1.964822   1.964854   1.964808   3.741745
                    6
     6  F    0.000000
 Stoichiometry    CH3ClF(1-)
 Framework group  C1[X(CH3ClF)]
 Deg. of freedom    12
 Full point group                 C1      NOp   1
 Largest Abelian subgroup         C1      NOp   1
 Largest concise Abelian subgroup C1      NOp   1
                         Standard orientation:                         
 ---------------------------------------------------------------------
 Center     Atomic      Atomic             Coordinates (Angstroms)
 Number     Number       Type             X           Y           Z
 ---------------------------------------------------------------------
      1          6           0        0.780443    0.000016   -0.000377
      2          1           0        0.556750    1.057945    0.184119
      3          1           0        0.556265   -0.688890    0.823122
      4          1           0        0.557226   -0.368968   -1.008902
      5         17           0       -1.539562   -0.000002    0.000080
      6          9           0        2.202183   -0.000017    0.000285
 ---------------------------------------------------------------------
 Rotational constants (GHZ):    144.9597776      2.7318399      2.7318304
 Standard basis: VSTO-6G (5D, 7F)
 There are    21 symmetry adapted cartesian basis functions of A   symmetry.
 There are    20 symmetry adapted basis functions of A   symmetry.
    20 basis functions,   126 primitive gaussians,    21 cartesian basis functions
    11 alpha electrons       11 beta electrons
       nuclear repulsion energy        68.0134104879 Hartrees.
 Integral buffers will be    131072 words long.
 Regular integral format.
 Two-electron integral symmetry is turned off.
 Do NDO integrals.
 One-electron integrals computed using PRISM.
 NBasis=    20 RedAO= F EigKep=  0.00D+00  NBF=    20
 NBsUse=    20 1.00D-04 EigRej=  0.00D+00 NBFU=    20
 Initial guess from the checkpoint file:  "/scratch/1715567.1.multiway.q/Gau-186785.chk"
 B after Tr=     0.000000    0.000000    0.000000
         Rot=    0.999998   -0.001790   -0.000005    0.000002 Ang=  -0.21 deg.
 Overlap will be assumed to be unity.
 Keep J ints in memory in canonical form, NReq=1875445.
 Requested convergence on RMS density matrix=1.00D-08 within 128 cycles.
 Requested convergence on MAX density matrix=1.00D-06.
 Requested convergence on             energy=1.00D-06.
 No special actions if energy rises.
 SCF Done:  E(RPM6) = -0.172061569325     A.U. after   12 cycles
            NFock= 11  Conv=0.13D-08     -V/T= 0.9868
 Calling FoFJK, ICntrl=      2127 FMM=F ISym2X=0 I1Cent= 0 IOpClX= 0 NMat=1 NMatS=1 NMatT=0.
 ***** Axes restored to original set *****
 -------------------------------------------------------------------
 Center     Atomic                   Forces (Hartrees/Bohr)
 Number     Number              X              Y              Z
 -------------------------------------------------------------------
      1        6          -0.043722313   -0.001050925    0.000350025
      2        1           0.000428850    0.001066341    0.000000423
      3        1           0.000440649   -0.000493916   -0.000850680
      4        1           0.000493546   -0.000504410    0.000871506
      5       17           0.052592457    0.001216183   -0.000462463
      6        9          -0.010233189   -0.000233273    0.000091190
 -------------------------------------------------------------------
 Cartesian Forces:  Max     0.052592457 RMS     0.016311292

 GradGradGradGradGradGradGradGradGradGradGradGradGradGradGradGradGradGrad
 Berny optimization.
 FormGI is forming the generalized inverse of G from B-inverse, IUseBI=4.
 Internal  Forces:  Max     0.020005161 RMS     0.005792298
 Search for a local minimum.
 Step number   1 out of a maximum of   45 on scan point    13 out of    21
 All quantities printed in internal units (Hartrees-Bohrs-Radians)
 Mixed Optimization -- RFO/linear search
 Second derivative matrix not updated -- first step.
 ITU=  0
     Eigenvalues ---    0.00856   0.02406   0.02943   0.04150   0.08282
     Eigenvalues ---    0.08344   0.09754   0.23902   0.26743   0.31815
     Eigenvalues ---    0.366541000.000001000.000001000.000001000.00000
     Eigenvalues --- 1000.000001000.000001000.000001000.000001000.00000
     Eigenvalues --- 1000.000001000.000001000.000001000.000001000.00000
     Eigenvalues --- 1000.000001000.000001000.000001000.000001000.00000
     Eigenvalues --- 1000.000001000.000001000.000001000.000001000.00000
 RFO step:  Lambda=-3.31259979D-04 EMin= 8.56407800D-03
 Linear search not attempted -- first point.
 Iteration  1 RMS(Cart)=  0.00474479 RMS(Int)=  0.00000816
 Iteration  2 RMS(Cart)=  0.00000521 RMS(Int)=  0.00000397
 Iteration  3 RMS(Cart)=  0.00000000 RMS(Int)=  0.00000397
 Iteration  1 RMS(Cart)=  0.00000094 RMS(Int)=  0.00000237
 Variable       Old X    -DE/DX   Delta X   Delta X   Delta X     New X
                                 (Linear)    (Quad)   (Total)
    R1        2.07293  -0.00147   0.00000  -0.00500  -0.00500   2.06793
    R2        2.07267  -0.00141   0.00000  -0.00544  -0.00543   2.06724
    R3        2.07276  -0.00143   0.00000  -0.00562  -0.00562   2.06714
    R4        4.38417   0.02001   0.00000   0.00000   0.00000   4.38418
    R5        2.68670   0.01024   0.00000   0.03190   0.03190   2.71860
    R6        4.45096   0.01095   0.00000   0.00499   0.00498   4.45593
    R7        4.44968   0.01097   0.00000  -0.00043  -0.00043   4.44924
    R8        4.45218   0.01094   0.00000   0.00545   0.00544   4.45762
    A1        2.02394  -0.00217   0.00000   0.00196   0.00196   2.02590
    A2        2.02370  -0.00216   0.00000   0.00166   0.00165   2.02535
    A3        1.77610   0.00324   0.00000  -0.00259  -0.00259   1.77351
    A4        2.02357  -0.00215   0.00000   0.00113   0.00113   2.02469
    A5        1.77627   0.00324   0.00000  -0.00210  -0.00210   1.77416
    A6        1.77616   0.00324   0.00000  -0.00244  -0.00244   1.77373
    A7        1.30276   0.00520   0.00000  -0.00169  -0.00169   1.30107
    A8        1.30335   0.00519   0.00000   0.00074   0.00074   1.30409
    A9        1.30224   0.00520   0.00000  -0.00183  -0.00183   1.30041
   A10        0.81195  -0.00330   0.00000  -0.00208  -0.00208   0.80987
   A11        0.81166  -0.00329   0.00000  -0.00276  -0.00276   0.80890
   A12        0.81169  -0.00328   0.00000  -0.00247  -0.00247   0.80922
    D1       -1.23043   0.00487   0.00000  -0.00169  -0.00169  -1.23212
    D2        1.23199  -0.00489   0.00000   0.00531   0.00532   1.23731
    D3       -3.14092   0.00000   0.00000   0.00155   0.00156  -3.13937
    D4        1.23079  -0.00487   0.00000   0.00325   0.00326   1.23404
    D5       -1.23168   0.00489   0.00000  -0.00395  -0.00395  -1.23564
    D6        3.14118   0.00001   0.00000  -0.00028  -0.00028   3.14090
    D7       -1.23161   0.00488   0.00000  -0.00512  -0.00513  -1.23674
    D8        1.23095  -0.00488   0.00000   0.00220   0.00220   1.23315
    D9        3.14133   0.00000   0.00000  -0.00128  -0.00128   3.14006
   D10        0.57524  -0.00045   0.00000  -0.00059  -0.00059   0.57465
   D11       -0.57551   0.00045   0.00000   0.00016   0.00016  -0.57535
   D12       -0.57521   0.00046   0.00000   0.00089   0.00089  -0.57433
   D13        0.57546  -0.00046   0.00000  -0.00049  -0.00048   0.57498
   D14        0.57566  -0.00046   0.00000   0.00006   0.00006   0.57571
   D15       -0.57563   0.00046   0.00000  -0.00003  -0.00003  -0.57567
         Item               Value     Threshold  Converged?
 Maximum Force            0.010236     0.000450     NO 
 RMS     Force            0.001774     0.000300     NO 
 Maximum Displacement     0.023621     0.001800     NO 
 RMS     Displacement     0.004747     0.001200     NO 
 Predicted change in Energy=-1.655020D-04
 GradGradGradGradGradGradGradGradGradGradGradGradGradGradGradGradGradGrad

                          Input orientation:                          
 ---------------------------------------------------------------------
 Center     Atomic      Atomic             Coordinates (Angstroms)
 Number     Number       Type             X           Y           Z
 ---------------------------------------------------------------------
      1          6           0        0.403083   -0.896053   -0.007486
      2          1           0        0.647908   -1.962614   -0.009972
      3          1           0        0.620807   -0.354879    0.917945
      4          1           0        0.602036   -0.355444   -0.937403
      5         17           0        2.722385   -0.841731   -0.025305
      6          9           0       -1.035090   -0.929048    0.006702
 ---------------------------------------------------------------------
                    Distance matrix (angstroms):
                    1          2          3          4          5
     1  C    0.000000
     2  H    1.094302   0.000000
     3  H    1.093936   1.856495   0.000000
     4  H    1.093886   1.856133   1.855443   0.000000
     5  Cl   2.320006   2.357979   2.354437   2.358872   0.000000
     6  F    1.438622   1.975100   1.975356   1.974978   3.758626
                    6
     6  F    0.000000
 Stoichiometry    CH3ClF(1-)
 Framework group  C1[X(CH3ClF)]
 Deg. of freedom    12
 Full point group                 C1      NOp   1
 Largest Abelian subgroup         C1      NOp   1
 Largest concise Abelian subgroup C1      NOp   1
                         Standard orientation:                         
 ---------------------------------------------------------------------
 Center     Atomic      Atomic             Coordinates (Angstroms)
 Number     Number       Type             X           Y           Z
 ---------------------------------------------------------------------
      1          6           0        0.775835    0.000496   -0.001193
      2          1           0        0.555887    1.055912    0.186469
      3          1           0        0.553297   -0.690024    0.817559
      4          1           0        0.556610   -0.363969   -1.009008
      5         17           0       -1.544170   -0.000093    0.000246
      6          9           0        2.214455   -0.000368    0.000884
 ---------------------------------------------------------------------
 Rotational constants (GHZ):    145.5658946      2.7109153      2.7108822
 Standard basis: VSTO-6G (5D, 7F)
 There are    21 symmetry adapted cartesian basis functions of A   symmetry.
 There are    20 symmetry adapted basis functions of A   symmetry.
    20 basis functions,   126 primitive gaussians,    21 cartesian basis functions
    11 alpha electrons       11 beta electrons
       nuclear repulsion energy        67.9046380221 Hartrees.
 Integral buffers will be    131072 words long.
 Regular integral format.
 Two-electron integral symmetry is turned off.
 Do NDO integrals.
 One-electron integrals computed using PRISM.
 NBasis=    20 RedAO= F EigKep=  0.00D+00  NBF=    20
 NBsUse=    20 1.00D-04 EigRej=  0.00D+00 NBFU=    20
 Initial guess from the checkpoint file:  "/scratch/1715567.1.multiway.q/Gau-186785.chk"
 B after Tr=     0.000000    0.000000    0.000000
         Rot=    0.999998   -0.001841    0.000021    0.000015 Ang=  -0.21 deg.
 Overlap will be assumed to be unity.
 Keep J ints in memory in canonical form, NReq=1875445.
 Requested convergence on RMS density matrix=1.00D-08 within 128 cycles.
 Requested convergence on MAX density matrix=1.00D-06.
 Requested convergence on             energy=1.00D-06.
 No special actions if energy rises.
 SCF Done:  E(RPM6) = -0.172243117350     A.U. after   11 cycles
            NFock= 10  Conv=0.29D-08     -V/T= 0.9868
 Calling FoFJK, ICntrl=      2127 FMM=F ISym2X=0 I1Cent= 0 IOpClX= 0 NMat=1 NMatS=1 NMatT=0.
 ***** Axes restored to original set *****
 -------------------------------------------------------------------
 Center     Atomic                   Forces (Hartrees/Bohr)
 Number     Number              X              Y              Z
 -------------------------------------------------------------------
      1        6          -0.050140025   -0.001297999    0.000418762
      2        1          -0.000065141    0.000148175    0.000010113
      3        1          -0.000171032   -0.000010500    0.000086053
      4        1          -0.000015286   -0.000006642   -0.000065878
      5       17           0.051523295    0.001184432   -0.000460935
      6        9          -0.001131811   -0.000017466    0.000011885
 -------------------------------------------------------------------
 Cartesian Forces:  Max     0.051523295 RMS     0.016953362

 GradGradGradGradGradGradGradGradGradGradGradGradGradGradGradGradGradGrad
 Berny optimization.
 Using GEDIIS/GDIIS optimizer.
 FormGI is forming the generalized inverse of G from B-inverse, IUseBI=4.
 Internal  Forces:  Max     0.019258723 RMS     0.005325045
 Search for a local minimum.
 Step number   2 out of a maximum of   45 on scan point    13 out of    21
 All quantities printed in internal units (Hartrees-Bohrs-Radians)
 Mixed Optimization -- En-DIIS/RFO-DIIS
 Update second derivatives using D2CorX and points    1    2
 DE= -1.82D-04 DEPred=-1.66D-04 R= 1.10D+00
 TightC=F SS=  1.41D+00  RLast= 3.61D-02 DXNew= 4.6198D-01 1.0826D-01
 Trust test= 1.10D+00 RLast= 3.61D-02 DXMaxT set to 2.75D-01
 ITU=  1  0
 Use linear search instead of GDIIS.
     Eigenvalues ---    0.00856   0.02357   0.02959   0.04149   0.08289
     Eigenvalues ---    0.08359   0.09775   0.23201   0.26804   0.31803
     Eigenvalues ---    0.340451000.000001000.000001000.000001000.00000
     Eigenvalues --- 1000.000001000.000001000.000001000.000001000.00000
     Eigenvalues --- 1000.000001000.000001000.000001000.000001000.00000
     Eigenvalues --- 1000.000001000.000001000.000001000.000001000.00000
     Eigenvalues --- 1000.000001000.000001000.000001000.000001000.00000
 RFO step:  Lambda=-2.33979535D-06 EMin= 8.56318439D-03
 Quartic linear search produced a step of  0.13596.
 Iteration  1 RMS(Cart)=  0.00088225 RMS(Int)=  0.00000278
 Iteration  2 RMS(Cart)=  0.00000112 RMS(Int)=  0.00000246
 Iteration  3 RMS(Cart)=  0.00000000 RMS(Int)=  0.00000246
 Iteration  1 RMS(Cart)=  0.00000076 RMS(Int)=  0.00000192
 Variable       Old X    -DE/DX   Delta X   Delta X   Delta X     New X
                                 (Linear)    (Quad)   (Total)
    R1        2.06793  -0.00089  -0.00068  -0.00025  -0.00093   2.06701
    R2        2.06724  -0.00072  -0.00074   0.00017  -0.00057   2.06667
    R3        2.06714  -0.00073  -0.00076   0.00038  -0.00038   2.06676
    R4        4.38418   0.01926   0.00000   0.00000   0.00000   4.38417
    R5        2.71860   0.00113   0.00434   0.00088   0.00522   2.72382
    R6        4.45593   0.01090   0.00068   0.00269   0.00336   4.45930
    R7        4.44924   0.01101  -0.00006   0.00450   0.00444   4.45368
    R8        4.45762   0.01092   0.00074   0.00218   0.00291   4.46054
    A1        2.02590  -0.00201   0.00027   0.00078   0.00104   2.02694
    A2        2.02535  -0.00199   0.00022   0.00082   0.00104   2.02639
    A3        1.77351   0.00302  -0.00035  -0.00141  -0.00177   1.77174
    A4        2.02469  -0.00196   0.00015   0.00147   0.00162   2.02632
    A5        1.77416   0.00300  -0.00029  -0.00166  -0.00194   1.77222
    A6        1.77373   0.00302  -0.00033  -0.00159  -0.00192   1.77180
    A7        1.30107   0.00480  -0.00023  -0.00116  -0.00139   1.29968
    A8        1.30409   0.00475   0.00010  -0.00200  -0.00190   1.30219
    A9        1.30041   0.00478  -0.00025  -0.00100  -0.00125   1.29916
   A10        0.80987  -0.00298  -0.00028  -0.00050  -0.00078   0.80908
   A11        0.80890  -0.00296  -0.00038  -0.00022  -0.00060   0.80830
   A12        0.80922  -0.00293  -0.00034  -0.00013  -0.00047   0.80875
    D1       -1.23212   0.00452  -0.00023  -0.00315  -0.00338  -1.23550
    D2        1.23731  -0.00458   0.00072   0.00172   0.00245   1.23976
    D3       -3.13937  -0.00001   0.00021  -0.00066  -0.00045  -3.13982
    D4        1.23404  -0.00454   0.00044   0.00265   0.00310   1.23714
    D5       -1.23564   0.00457  -0.00054  -0.00197  -0.00251  -1.23815
    D6        3.14090   0.00001  -0.00004   0.00031   0.00027   3.14117
    D7       -1.23674   0.00457  -0.00070  -0.00193  -0.00263  -1.23937
    D8        1.23315  -0.00455   0.00030   0.00267   0.00298   1.23613
    D9        3.14006   0.00000  -0.00017   0.00036   0.00018   3.14024
   D10        0.57465  -0.00038  -0.00008   0.00018   0.00010   0.57475
   D11       -0.57535   0.00038   0.00002  -0.00006  -0.00004  -0.57539
   D12       -0.57433   0.00042   0.00012  -0.00019  -0.00007  -0.57440
   D13        0.57498  -0.00042  -0.00007  -0.00014  -0.00020   0.57478
   D14        0.57571  -0.00043   0.00001  -0.00016  -0.00015   0.57556
   D15       -0.57567   0.00043   0.00000   0.00038   0.00037  -0.57529
         Item               Value     Threshold  Converged?
 Maximum Force            0.001132     0.000450     NO 
 RMS     Force            0.000197     0.000300     YES
 Maximum Displacement     0.002834     0.001800     NO 
 RMS     Displacement     0.000882     0.001200     YES
 Predicted change in Energy=-3.018963D-06
 GradGradGradGradGradGradGradGradGradGradGradGradGradGradGradGradGradGrad

                          Input orientation:                          
 ---------------------------------------------------------------------
 Center     Atomic      Atomic             Coordinates (Angstroms)
 Number     Number       Type             X           Y           Z
 ---------------------------------------------------------------------
      1          6           0        0.404583   -0.896013   -0.007379
      2          1           0        0.647372   -1.962537   -0.009788
      3          1           0        0.619976   -0.355014    0.918346
      4          1           0        0.601674   -0.355518   -0.937520
      5         17           0        2.723879   -0.841676   -0.025681
      6          9           0       -1.036355   -0.929011    0.006502
 ---------------------------------------------------------------------
                    Distance matrix (angstroms):
                    1          2          3          4          5
     1  C    0.000000
     2  H    1.093812   0.000000
     3  H    1.093636   1.856424   0.000000
     4  H    1.093684   1.856149   1.855956   0.000000
     5  Cl   2.320005   2.359760   2.356784   2.360414   0.000000
     6  F    1.441383   1.975697   1.975947   1.975655   3.761386
                    6
     6  F    0.000000
 Stoichiometry    CH3ClF(1-)
 Framework group  C1[X(CH3ClF)]
 Deg. of freedom    12
 Full point group                 C1      NOp   1
 Largest Abelian subgroup         C1      NOp   1
 Largest concise Abelian subgroup C1      NOp   1
                         Standard orientation:                         
 ---------------------------------------------------------------------
 Center     Atomic      Atomic             Coordinates (Angstroms)
 Number     Number       Type             X           Y           Z
 ---------------------------------------------------------------------
      1          6           0        0.774946    0.000607   -0.000856
      2          1           0        0.557023    1.018245    0.335815
      3          1           0        0.554819   -0.799854    0.711076
      4          1           0        0.557518   -0.215894   -1.050616
      5         17           0       -1.545058   -0.000121    0.000180
      6          9           0        2.216328   -0.000453    0.000645
 ---------------------------------------------------------------------
 Rotational constants (GHZ):    145.5425558      2.7074027      2.7073881
 Standard basis: VSTO-6G (5D, 7F)
 There are    21 symmetry adapted cartesian basis functions of A   symmetry.
 There are    20 symmetry adapted basis functions of A   symmetry.
    20 basis functions,   126 primitive gaussians,    21 cartesian basis functions
    11 alpha electrons       11 beta electrons
       nuclear repulsion energy        67.8859391224 Hartrees.
 Integral buffers will be    131072 words long.
 Regular integral format.
 Two-electron integral symmetry is turned off.
 Do NDO integrals.
 One-electron integrals computed using PRISM.
 NBasis=    20 RedAO= F EigKep=  0.00D+00  NBF=    20
 NBsUse=    20 1.00D-04 EigRej=  0.00D+00 NBFU=    20
 Initial guess from the checkpoint file:  "/scratch/1715567.1.multiway.q/Gau-186785.chk"
 B after Tr=     0.000000    0.000000    0.000000
         Rot=    0.997429   -0.071668   -0.000006   -0.000003 Ang=  -8.22 deg.
 Overlap will be assumed to be unity.
 Keep J ints in memory in canonical form, NReq=1875445.
 Requested convergence on RMS density matrix=1.00D-08 within 128 cycles.
 Requested convergence on MAX density matrix=1.00D-06.
 Requested convergence on             energy=1.00D-06.
 No special actions if energy rises.
 SCF Done:  E(RPM6) = -0.172246614383     A.U. after   10 cycles
            NFock=  9  Conv=0.50D-08     -V/T= 0.9868
 Calling FoFJK, ICntrl=      2127 FMM=F ISym2X=0 I1Cent= 0 IOpClX= 0 NMat=1 NMatS=1 NMatT=0.
 ***** Axes restored to original set *****
 -------------------------------------------------------------------
 Center     Atomic                   Forces (Hartrees/Bohr)
 Number     Number              X              Y              Z
 -------------------------------------------------------------------
      1        6          -0.051174602   -0.001243018    0.000395255
      2        1           0.000041953    0.000015797    0.000009610
      3        1          -0.000056648    0.000028761    0.000098139
      4        1           0.000065161    0.000014963   -0.000049532
      5       17           0.051151839    0.001178801   -0.000456580
      6        9          -0.000027703    0.000004696    0.000003107
 -------------------------------------------------------------------
 Cartesian Forces:  Max     0.051174602 RMS     0.017059819

 GradGradGradGradGradGradGradGradGradGradGradGradGradGradGradGradGradGrad
 Berny optimization.
 Using GEDIIS/GDIIS optimizer.
 FormGI is forming the generalized inverse of G from B-inverse, IUseBI=4.
 Internal  Forces:  Max     0.019137954 RMS     0.005289596
 Search for a local minimum.
 Step number   3 out of a maximum of   45 on scan point    13 out of    21
 All quantities printed in internal units (Hartrees-Bohrs-Radians)
 Mixed Optimization -- En-DIIS/RFO-DIIS
 Swapping is turned off.
 Update second derivatives using D2CorX and points    1    2    3
 DE= -3.50D-06 DEPred=-3.02D-06 R= 1.16D+00
 TightC=F SS=  1.41D+00  RLast= 1.19D-02 DXNew= 4.6198D-01 3.5667D-02
 Trust test= 1.16D+00 RLast= 1.19D-02 DXMaxT set to 2.75D-01
 ITU=  1  1  0
     Eigenvalues ---    0.00856   0.02191   0.02876   0.04129   0.08283
     Eigenvalues ---    0.08375   0.09748   0.23370   0.26892   0.31788
     Eigenvalues ---    0.333661000.000001000.000001000.000001000.00000
     Eigenvalues --- 1000.000001000.000001000.000001000.000001000.00000
     Eigenvalues --- 1000.000001000.000001000.000001000.000001000.00000
     Eigenvalues --- 1000.000001000.000001000.000001000.000001000.00000
     Eigenvalues --- 1000.000001000.000001000.000001000.000001000.00000
 En-DIIS/RFO-DIIS IScMMF=        0 using points:     3    2
 RFO step:  Lambda=-3.10203303D-05.
 DidBck=F Rises=F RFO-DIIS coefs:    1.01770   -0.01770
 Iteration  1 RMS(Cart)=  0.00031568 RMS(Int)=  0.00000257
 Iteration  2 RMS(Cart)=  0.00000005 RMS(Int)=  0.00000257
 Iteration  1 RMS(Cart)=  0.00000111 RMS(Int)=  0.00000281
 Iteration  2 RMS(Cart)=  0.00000069 RMS(Int)=  0.00000312
 Variable       Old X    -DE/DX   Delta X   Delta X   Delta X     New X
                                 (Linear)    (Quad)   (Total)
    R1        2.06701  -0.00078  -0.00002   0.00002   0.00000   2.06701
    R2        2.06667  -0.00069  -0.00001   0.00019   0.00018   2.06685
    R3        2.06676  -0.00073  -0.00001   0.00028   0.00027   2.06703
    R4        4.38417   0.01914   0.00000   0.00000   0.00000   4.38417
    R5        2.72382   0.00003   0.00009  -0.00001   0.00008   2.72390
    R6        4.45930   0.01084   0.00006  -0.00065  -0.00060   4.45870
    R7        4.45368   0.01091   0.00008   0.00128   0.00135   4.45503
    R8        4.46054   0.01083   0.00005  -0.00098  -0.00094   4.45960
    A1        2.02694  -0.00199   0.00002  -0.00023  -0.00021   2.02672
    A2        2.02639  -0.00196   0.00002  -0.00013  -0.00011   2.02628
    A3        1.77174   0.00302  -0.00003   0.00019   0.00016   1.77190
    A4        2.02632  -0.00196   0.00003   0.00019   0.00022   2.02654
    A5        1.77222   0.00299  -0.00003   0.00000  -0.00004   1.77218
    A6        1.77180   0.00302  -0.00003   0.00007   0.00004   1.77184
    A7        1.29968   0.00476  -0.00002   0.00029   0.00026   1.29995
    A8        1.30219   0.00472  -0.00003  -0.00057  -0.00061   1.30158
    A9        1.29916   0.00475  -0.00002   0.00041   0.00039   1.29955
   A10        0.80908  -0.00292  -0.00001  -0.00008  -0.00009   0.80899
   A11        0.80830  -0.00291  -0.00001   0.00018   0.00017   0.80847
   A12        0.80875  -0.00290  -0.00001   0.00012   0.00011   0.80886
    D1       -1.23550   0.00454  -0.00006  -0.00061  -0.00067  -1.23618
    D2        1.23976  -0.00458   0.00004  -0.00078  -0.00073   1.23903
    D3       -3.13982  -0.00001  -0.00001  -0.00063  -0.00064  -3.14045
    D4        1.23714  -0.00455   0.00005   0.00005   0.00011   1.23725
    D5       -1.23815   0.00457  -0.00004   0.00035   0.00030  -1.23785
    D6        3.14117   0.00001   0.00000   0.00019   0.00019   3.14136
    D7       -1.23937   0.00458  -0.00005   0.00066   0.00061  -1.23876
    D8        1.23613  -0.00455   0.00005   0.00033   0.00038   1.23651
    D9        3.14024   0.00000   0.00000   0.00044   0.00045   3.14068
   D10        0.57475  -0.00039   0.00000   0.00013   0.00014   0.57488
   D11       -0.57539   0.00040   0.00000   0.00002   0.00001  -0.57538
   D12       -0.57440   0.00040   0.00000  -0.00023  -0.00024  -0.57464
   D13        0.57478  -0.00041   0.00000   0.00002   0.00001   0.57479
   D14        0.57556  -0.00041   0.00000  -0.00012  -0.00012   0.57544
   D15       -0.57529   0.00041   0.00001   0.00019   0.00019  -0.57510
         Item               Value     Threshold  Converged?
 Maximum Force            0.000059     0.000450     YES
 RMS     Force            0.000022     0.000300     YES
 Maximum Displacement     0.001029     0.001800     YES
 RMS     Displacement     0.000316     0.001200     YES
 Predicted change in Energy=-7.347126D-08
 Optimization completed.
    -- Stationary point found.
                           ----------------------------
                           !   Optimized Parameters   !
                           ! (Angstroms and Degrees)  !
 --------------------------                            --------------------------
 ! Name  Definition              Value          Derivative Info.                !
 --------------------------------------------------------------------------------
 ! R1    R(1,2)                  1.0938         -DE/DX =   -0.0008              !
 ! R2    R(1,3)                  1.0936         -DE/DX =   -0.0007              !
 ! R3    R(1,4)                  1.0937         -DE/DX =   -0.0007              !
 ! R4    R(1,5)                  2.32           -DE/DX =    0.0191              !
 ! R5    R(1,6)                  1.4414         -DE/DX =    0.0                 !
 ! R6    R(2,5)                  2.3598         -DE/DX =    0.0108              !
 ! R7    R(3,5)                  2.3568         -DE/DX =    0.0109              !
 ! R8    R(4,5)                  2.3604         -DE/DX =    0.0108              !
 ! A1    A(2,1,3)              116.1349         -DE/DX =   -0.002               !
 ! A2    A(2,1,4)              116.1036         -DE/DX =   -0.002               !
 ! A3    A(2,1,6)              101.5133         -DE/DX =    0.003               !
 ! A4    A(3,1,4)              116.0993         -DE/DX =   -0.002               !
 ! A5    A(3,1,6)              101.5407         -DE/DX =    0.003               !
 ! A6    A(4,1,6)              101.5169         -DE/DX =    0.003               !
 ! A7    A(1,2,5)               74.4664         -DE/DX =    0.0048              !
 ! A8    A(1,3,5)               74.6101         -DE/DX =    0.0047              !
 ! A9    A(1,4,5)               74.4366         -DE/DX =    0.0048              !
 ! A10   A(2,5,3)               46.3571         -DE/DX =   -0.0029              !
 ! A11   A(2,5,4)               46.3122         -DE/DX =   -0.0029              !
 ! A12   A(3,5,4)               46.3379         -DE/DX =   -0.0029              !
 ! D1    D(3,1,2,5)            -70.7891         -DE/DX =    0.0045              !
 ! D2    D(4,1,2,5)             71.0329         -DE/DX =   -0.0046              !
 ! D3    D(6,1,2,5)           -179.8982         -DE/DX =    0.0                 !
 ! D4    D(2,1,3,5)             70.8828         -DE/DX =   -0.0046              !
 ! D5    D(4,1,3,5)            -70.9408         -DE/DX =    0.0046              !
 ! D6    D(6,1,3,5)            179.9758         -DE/DX =    0.0                 !
 ! D7    D(2,1,4,5)            -71.0108         -DE/DX =    0.0046              !
 ! D8    D(3,1,4,5)             70.8249         -DE/DX =   -0.0045              !
 ! D9    D(6,1,4,5)            179.9224         -DE/DX =    0.0                 !
 ! D10   D(1,2,5,3)             32.9306         -DE/DX =   -0.0004              !
 ! D11   D(1,2,5,4)            -32.9675         -DE/DX =    0.0004              !
 ! D12   D(1,3,5,2)            -32.9108         -DE/DX =    0.0004              !
 ! D13   D(1,3,5,4)             32.9323         -DE/DX =   -0.0004              !
 ! D14   D(1,4,5,2)             32.9772         -DE/DX =   -0.0004              !
 ! D15   D(1,4,5,3)            -32.9618         -DE/DX =    0.0004              !
 --------------------------------------------------------------------------------
 Iteration  1 RMS(Cart)=  0.00999705 RMS(Int)=  0.02527343
 Iteration  2 RMS(Cart)=  0.00011950 RMS(Int)=  0.02527300
 Iteration  3 RMS(Cart)=  0.00000105 RMS(Int)=  0.02527300
 Iteration  4 RMS(Cart)=  0.00000003 RMS(Int)=  0.02527300
 Iteration  1 RMS(Cart)=  0.00626820 RMS(Int)=  0.01581812
 Iteration  2 RMS(Cart)=  0.00392799 RMS(Int)=  0.01757188
 Iteration  3 RMS(Cart)=  0.00246031 RMS(Int)=  0.02012557
 Iteration  4 RMS(Cart)=  0.00154043 RMS(Int)=  0.02210507
 Iteration  5 RMS(Cart)=  0.00096421 RMS(Int)=  0.02345395
 Iteration  6 RMS(Cart)=  0.00060342 RMS(Int)=  0.02433350
 Iteration  7 RMS(Cart)=  0.00037759 RMS(Int)=  0.02489616
 Iteration  8 RMS(Cart)=  0.00023626 RMS(Int)=  0.02525267
 Iteration  9 RMS(Cart)=  0.00014782 RMS(Int)=  0.02547739
 Iteration 10 RMS(Cart)=  0.00009248 RMS(Int)=  0.02561862
 Iteration 11 RMS(Cart)=  0.00005786 RMS(Int)=  0.02570723
 Iteration 12 RMS(Cart)=  0.00003620 RMS(Int)=  0.02576275
 Iteration 13 RMS(Cart)=  0.00002265 RMS(Int)=  0.02579753
 Iteration 14 RMS(Cart)=  0.00001417 RMS(Int)=  0.02581930
 Iteration 15 RMS(Cart)=  0.00000886 RMS(Int)=  0.02583292
 Iteration 16 RMS(Cart)=  0.00000555 RMS(Int)=  0.02584145
 Iteration 17 RMS(Cart)=  0.00000347 RMS(Int)=  0.02584679
 Iteration 18 RMS(Cart)=  0.00000217 RMS(Int)=  0.02585012
 Iteration 19 RMS(Cart)=  0.00000136 RMS(Int)=  0.02585221
 Iteration 20 RMS(Cart)=  0.00000085 RMS(Int)=  0.02585352
 GradGradGradGradGradGradGradGradGradGradGradGradGradGradGradGradGradGrad

                          Input orientation:                          
 ---------------------------------------------------------------------
 Center     Atomic      Atomic             Coordinates (Angstroms)
 Number     Number       Type             X           Y           Z
 ---------------------------------------------------------------------
      1          6           0        0.436437   -0.895213   -0.007474
      2          1           0        0.649272   -1.973326   -0.009550
      3          1           0        0.620980   -0.349549    0.928166
      4          1           0        0.603222   -0.349984   -0.946955
      5         17           0        2.655763   -0.843402   -0.025643
      6          9           0       -1.004546   -0.928296    0.005938
 ---------------------------------------------------------------------
                    Distance matrix (angstroms):
                    1          2          3          4          5
     1  C    0.000000
     2  H    1.098923   0.000000
     3  H    1.098739   1.875303   0.000000
     4  H    1.098962   1.875123   1.875205   0.000000
     5  Cl   2.220005   2.302823   2.300866   2.303303   0.000000
     6  F    1.441425   1.956385   1.956473   1.956366   3.661429
                    6
     6  F    0.000000
 Stoichiometry    CH3ClF(1-)
 Framework group  C1[X(CH3ClF)]
 Deg. of freedom    12
 Full point group                 C1      NOp   1
 Largest Abelian subgroup         C1      NOp   1
 Largest concise Abelian subgroup C1      NOp   1
                         Standard orientation:                         
 ---------------------------------------------------------------------
 Center     Atomic      Atomic             Coordinates (Angstroms)
 Number     Number       Type             X           Y           Z
 ---------------------------------------------------------------------
      1          6           0        0.723760    0.000593   -0.000301
      2          1           0        0.536005    0.780891    0.750375
      3          1           0        0.534585   -1.039396    0.299469
      4          1           0        0.536353    0.261284   -1.051318
      5         17           0       -1.496245   -0.000130    0.000068
      6          9           0        2.165184   -0.000459    0.000237
 ---------------------------------------------------------------------
 Rotational constants (GHZ):    142.6035866      2.8671486      2.8671421
 Standard basis: VSTO-6G (5D, 7F)
 There are    21 symmetry adapted cartesian basis functions of A   symmetry.
 There are    20 symmetry adapted basis functions of A   symmetry.
    20 basis functions,   126 primitive gaussians,    21 cartesian basis functions
    11 alpha electrons       11 beta electrons
       nuclear repulsion energy        68.3635151633 Hartrees.
 Integral buffers will be    131072 words long.
 Regular integral format.
 Two-electron integral symmetry is turned off.
 Do NDO integrals.
 One-electron integrals computed using PRISM.
 NBasis=    20 RedAO= F EigKep=  0.00D+00  NBF=    20
 NBsUse=    20 1.00D-04 EigRej=  0.00D+00 NBFU=    20
 Initial guess from the checkpoint file:  "/scratch/1715567.1.multiway.q/Gau-186785.chk"
 B after Tr=     0.000000    0.000000    0.000000
         Rot=    0.975188   -0.221378   -0.000008   -0.000010 Ang= -25.58 deg.
 Overlap will be assumed to be unity.
 Keep J ints in memory in canonical form, NReq=1875445.
 Requested convergence on RMS density matrix=1.00D-08 within 128 cycles.
 Requested convergence on MAX density matrix=1.00D-06.
 Requested convergence on             energy=1.00D-06.
 No special actions if energy rises.
 SCF Done:  E(RPM6) = -0.161259051786     A.U. after   12 cycles
            NFock= 11  Conv=0.19D-08     -V/T= 0.9877
 Calling FoFJK, ICntrl=      2127 FMM=F ISym2X=0 I1Cent= 0 IOpClX= 0 NMat=1 NMatS=1 NMatT=0.
 ***** Axes restored to original set *****
 -------------------------------------------------------------------
 Center     Atomic                   Forces (Hartrees/Bohr)
 Number     Number              X              Y              Z
 -------------------------------------------------------------------
      1        6          -0.052651425   -0.001257459    0.000342509
      2        1          -0.000495841    0.001648145    0.000015090
      3        1          -0.000519269   -0.000798234   -0.001344952
      4        1          -0.000409512   -0.000844243    0.001459227
      5       17           0.065192953    0.001506587   -0.000577017
      6        9          -0.011116906   -0.000254796    0.000105143
 -------------------------------------------------------------------
 Cartesian Forces:  Max     0.065192953 RMS     0.019942897

 GradGradGradGradGradGradGradGradGradGradGradGradGradGradGradGradGradGrad
 Berny optimization.
 FormGI is forming the generalized inverse of G from B-inverse, IUseBI=4.
 Internal  Forces:  Max     0.024460626 RMS     0.007028467
 Search for a local minimum.
 Step number   1 out of a maximum of   45 on scan point    14 out of    21
 All quantities printed in internal units (Hartrees-Bohrs-Radians)
 Mixed Optimization -- RFO/linear search
 Second derivative matrix not updated -- first step.
 ITU=  0
     Eigenvalues ---    0.00863   0.02235   0.02821   0.04095   0.08303
     Eigenvalues ---    0.08573   0.09860   0.23072   0.26724   0.31567
     Eigenvalues ---    0.333771000.000001000.000001000.000001000.00000
     Eigenvalues --- 1000.000001000.000001000.000001000.000001000.00000
     Eigenvalues --- 1000.000001000.000001000.000001000.000001000.00000
     Eigenvalues --- 1000.000001000.000001000.000001000.000001000.00000
     Eigenvalues --- 1000.000001000.000001000.000001000.000001000.00000
 RFO step:  Lambda=-6.11874769D-04 EMin= 8.62824242D-03
 Linear search not attempted -- first point.
 Iteration  1 RMS(Cart)=  0.00756640 RMS(Int)=  0.00014284
 Iteration  2 RMS(Cart)=  0.00007466 RMS(Int)=  0.00011277
 Iteration  3 RMS(Cart)=  0.00000000 RMS(Int)=  0.00011277
 Iteration  1 RMS(Cart)=  0.00000863 RMS(Int)=  0.00002180
 Iteration  2 RMS(Cart)=  0.00000542 RMS(Int)=  0.00002421
 Iteration  3 RMS(Cart)=  0.00000340 RMS(Int)=  0.00002773
 Iteration  4 RMS(Cart)=  0.00000213 RMS(Int)=  0.00003047
 Iteration  5 RMS(Cart)=  0.00000134 RMS(Int)=  0.00003235
 Iteration  6 RMS(Cart)=  0.00000084 RMS(Int)=  0.00003357
 Variable       Old X    -DE/DX   Delta X   Delta X   Delta X     New X
                                 (Linear)    (Quad)   (Total)
    R1        2.07666  -0.00285   0.00000  -0.01020  -0.01016   2.06651
    R2        2.07631  -0.00277   0.00000  -0.00903  -0.00896   2.06735
    R3        2.07674  -0.00287   0.00000  -0.00854  -0.00849   2.06824
    R4        4.19520   0.02446   0.00000   0.00000   0.00000   4.19520
    R5        2.72390   0.01112   0.00000   0.04926   0.04926   2.77316
    R6        4.35170   0.01363   0.00000   0.02297   0.02283   4.37454
    R7        4.34801   0.01369   0.00000   0.03080   0.03062   4.37863
    R8        4.35261   0.01362   0.00000   0.02088   0.02074   4.37335
    A1        2.04463  -0.00205   0.00000   0.00752   0.00720   2.05183
    A2        2.04399  -0.00202   0.00000   0.00726   0.00697   2.05095
    A3        1.74276   0.00358   0.00000  -0.01349  -0.01348   1.72928
    A4        2.04440  -0.00204   0.00000   0.00923   0.00893   2.05334
    A5        1.74303   0.00357   0.00000  -0.01466  -0.01465   1.72838
    A6        1.74270   0.00358   0.00000  -0.01409  -0.01408   1.72863
    A7        1.25286   0.00631   0.00000  -0.00906  -0.00906   1.24380
    A8        1.25448   0.00629   0.00000  -0.01253  -0.01252   1.24196
    A9        1.25246   0.00632   0.00000  -0.00830  -0.00828   1.24418
   A10        0.83910  -0.00457   0.00000  -0.00759  -0.00759   0.83151
   A11        0.83854  -0.00457   0.00000  -0.00654  -0.00654   0.83200
   A12        0.83896  -0.00457   0.00000  -0.00655  -0.00655   0.83240
    D1       -1.28112   0.00560   0.00000  -0.02524  -0.02539  -1.30651
    D2        1.28400  -0.00563   0.00000   0.01934   0.01946   1.30346
    D3       -3.14046   0.00000   0.00000  -0.00265  -0.00265   3.14008
    D4        1.28219  -0.00561   0.00000   0.02303   0.02318   1.30537
    D5       -1.28279   0.00561   0.00000  -0.02090  -0.02108  -1.30387
    D6        3.14136   0.00000   0.00000   0.00113   0.00113  -3.14069
    D7       -1.28373   0.00563   0.00000  -0.02012  -0.02025  -1.30398
    D8        1.28146  -0.00560   0.00000   0.02389   0.02406   1.30553
    D9        3.14068   0.00000   0.00000   0.00152   0.00152  -3.14098
   D10        0.57914  -0.00065   0.00000  -0.00062  -0.00064   0.57850
   D11       -0.57968   0.00067   0.00000   0.00069   0.00065  -0.57903
   D12       -0.57890   0.00067   0.00000   0.00026   0.00026  -0.57864
   D13        0.57907  -0.00067   0.00000  -0.00102  -0.00101   0.57805
   D14        0.57975  -0.00067   0.00000  -0.00137  -0.00135   0.57840
   D15       -0.57937   0.00066   0.00000   0.00207   0.00209  -0.57728
         Item               Value     Threshold  Converged?
 Maximum Force            0.011120     0.000450     NO 
 RMS     Force            0.001962     0.000300     NO 
 Maximum Displacement     0.025934     0.001800     NO 
 RMS     Displacement     0.007592     0.001200     NO 
 Predicted change in Energy=-2.991857D-04
 GradGradGradGradGradGradGradGradGradGradGradGradGradGradGradGradGradGrad

                          Input orientation:                          
 ---------------------------------------------------------------------
 Center     Atomic      Atomic             Coordinates (Angstroms)
 Number     Number       Type             X           Y           Z
 ---------------------------------------------------------------------
      1          6           0        0.448790   -0.894823   -0.006864
      2          1           0        0.646115   -1.970419   -0.008600
      3          1           0        0.615538   -0.351106    0.927693
      4          1           0        0.600854   -0.351420   -0.944654
      5         17           0        2.668101   -0.843482   -0.028007
      6          9           0       -1.018269   -0.928519    0.004913
 ---------------------------------------------------------------------
                    Distance matrix (angstroms):
                    1          2          3          4          5
     1  C    0.000000
     2  H    1.093548   0.000000
     3  H    1.093997   1.870762   0.000000
     4  H    1.094468   1.870669   1.872404   0.000000
     5  Cl   2.220005   2.314906   2.317069   2.314276   0.000000
     6  F    1.467493   1.963648   1.963225   1.963742   3.687497
                    6
     6  F    0.000000
 Stoichiometry    CH3ClF(1-)
 Framework group  C1[X(CH3ClF)]
 Deg. of freedom    12
 Full point group                 C1      NOp   1
 Largest Abelian subgroup         C1      NOp   1
 Largest concise Abelian subgroup C1      NOp   1
                         Standard orientation:                         
 ---------------------------------------------------------------------
 Center     Atomic      Atomic             Coordinates (Angstroms)
 Number     Number       Type             X           Y           Z
 ---------------------------------------------------------------------
      1          6           0        0.715684   -0.000909    0.000115
      2          1           0        0.543214    0.024481    1.079678
      3          1           0        0.544896   -0.949396   -0.517606
      4          1           0        0.542653    0.922496   -0.561350
      5         17           0       -1.504321    0.000157   -0.000044
      6          9           0        2.183177    0.000578   -0.000074
 ---------------------------------------------------------------------
 Rotational constants (GHZ):    143.2033197      2.8316385      2.8315708
 Standard basis: VSTO-6G (5D, 7F)
 There are    21 symmetry adapted cartesian basis functions of A   symmetry.
 There are    20 symmetry adapted basis functions of A   symmetry.
    20 basis functions,   126 primitive gaussians,    21 cartesian basis functions
    11 alpha electrons       11 beta electrons
       nuclear repulsion energy        68.1984287530 Hartrees.
 Integral buffers will be    131072 words long.
 Regular integral format.
 Two-electron integral symmetry is turned off.
 Do NDO integrals.
 One-electron integrals computed using PRISM.
 NBasis=    20 RedAO= F EigKep=  0.00D+00  NBF=    20
 NBsUse=    20 1.00D-04 EigRej=  0.00D+00 NBFU=    20
 Initial guess from the checkpoint file:  "/scratch/1715567.1.multiway.q/Gau-186785.chk"
 B after Tr=     0.000000    0.000000    0.000000
         Rot=    0.924727   -0.380631   -0.000005   -0.000045 Ang= -44.75 deg.
 Overlap will be assumed to be unity.
 Keep J ints in memory in canonical form, NReq=1875445.
 Requested convergence on RMS density matrix=1.00D-08 within 128 cycles.
 Requested convergence on MAX density matrix=1.00D-06.
 Requested convergence on             energy=1.00D-06.
 No special actions if energy rises.
 SCF Done:  E(RPM6) = -0.161592423963     A.U. after   11 cycles
            NFock= 10  Conv=0.57D-08     -V/T= 0.9876
 Calling FoFJK, ICntrl=      2127 FMM=F ISym2X=0 I1Cent= 0 IOpClX= 0 NMat=1 NMatS=1 NMatT=0.
 ***** Axes restored to original set *****
 -------------------------------------------------------------------
 Center     Atomic                   Forces (Hartrees/Bohr)
 Number     Number              X              Y              Z
 -------------------------------------------------------------------
      1        6          -0.060228760   -0.001169310    0.000322385
      2        1           0.000044875   -0.000161492    0.000034889
      3        1           0.000153791    0.000002606   -0.000130244
      4        1          -0.000008115   -0.000051771    0.000287375
      5       17           0.061613030    0.001440733   -0.000529924
      6        9          -0.001574821   -0.000060767    0.000015519
 -------------------------------------------------------------------
 Cartesian Forces:  Max     0.061613030 RMS     0.020317119

 GradGradGradGradGradGradGradGradGradGradGradGradGradGradGradGradGradGrad
 Berny optimization.
 Using GEDIIS/GDIIS optimizer.
 FormGI is forming the generalized inverse of G from B-inverse, IUseBI=4.
 Internal  Forces:  Max     0.022993025 RMS     0.006373037
 Search for a local minimum.
 Step number   2 out of a maximum of   45 on scan point    14 out of    21
 All quantities printed in internal units (Hartrees-Bohrs-Radians)
 Mixed Optimization -- En-DIIS/RFO-DIIS
 Update second derivatives using D2CorX and points    1    2
 DE= -3.33D-04 DEPred=-2.99D-04 R= 1.11D+00
 TightC=F SS=  1.41D+00  RLast= 9.39D-02 DXNew= 4.6198D-01 2.8157D-01
 Trust test= 1.11D+00 RLast= 9.39D-02 DXMaxT set to 2.82D-01
 ITU=  1  0
 Use linear search instead of GDIIS.
     Eigenvalues ---    0.00863   0.02140   0.02831   0.04077   0.08316
     Eigenvalues ---    0.08661   0.09940   0.21965   0.26482   0.31469
     Eigenvalues ---    0.318451000.000001000.000001000.000001000.00000
     Eigenvalues --- 1000.000001000.000001000.000001000.000001000.00000
     Eigenvalues --- 1000.000001000.000001000.000001000.000001000.00000
     Eigenvalues --- 1000.000001000.000001000.000001000.000001000.00000
     Eigenvalues --- 1000.000001000.000001000.000001000.000001000.00000
 RFO step:  Lambda=-1.44488830D-06 EMin= 8.63240852D-03
 Quartic linear search produced a step of  0.17424.
 Iteration  1 RMS(Cart)=  0.00144106 RMS(Int)=  0.00002458
 Iteration  2 RMS(Cart)=  0.00000285 RMS(Int)=  0.00002436
 Iteration  3 RMS(Cart)=  0.00000000 RMS(Int)=  0.00002436
 Iteration  1 RMS(Cart)=  0.00000219 RMS(Int)=  0.00000552
 Iteration  2 RMS(Cart)=  0.00000137 RMS(Int)=  0.00000613
 Iteration  3 RMS(Cart)=  0.00000086 RMS(Int)=  0.00000703
 Variable       Old X    -DE/DX   Delta X   Delta X   Delta X     New X
                                 (Linear)    (Quad)   (Total)
    R1        2.06651  -0.00141  -0.00177   0.00139  -0.00037   2.06613
    R2        2.06735  -0.00162  -0.00156   0.00055  -0.00100   2.06635
    R3        2.06824  -0.00176  -0.00148  -0.00020  -0.00167   2.06658
    R4        4.19520   0.02299   0.00000   0.00000   0.00000   4.19520
    R5        2.77316   0.00158   0.00858   0.00033   0.00892   2.78208
    R6        4.37454   0.01312   0.00398   0.00182   0.00577   4.38031
    R7        4.37863   0.01302   0.00534  -0.00043   0.00487   4.38349
    R8        4.37335   0.01307   0.00361   0.00218   0.00576   4.37911
    A1        2.05183  -0.00180   0.00125   0.00070   0.00188   2.05371
    A2        2.05095  -0.00176   0.00121   0.00101   0.00216   2.05311
    A3        1.72928   0.00343  -0.00235  -0.00100  -0.00335   1.72593
    A4        2.05334  -0.00188   0.00156  -0.00090   0.00059   2.05393
    A5        1.72838   0.00347  -0.00255  -0.00029  -0.00284   1.72553
    A6        1.72863   0.00345  -0.00245  -0.00024  -0.00269   1.72593
    A7        1.24380   0.00569  -0.00158  -0.00090  -0.00247   1.24133
    A8        1.24196   0.00574  -0.00218   0.00015  -0.00203   1.23993
    A9        1.24418   0.00574  -0.00144  -0.00093  -0.00237   1.24181
   A10        0.83151  -0.00377  -0.00132   0.00046  -0.00086   0.83065
   A11        0.83200  -0.00379  -0.00114   0.00012  -0.00102   0.83097
   A12        0.83240  -0.00386  -0.00114  -0.00034  -0.00148   0.83092
    D1       -1.30651   0.00553  -0.00442   0.00017  -0.00429  -1.31080
    D2        1.30346  -0.00547   0.00339   0.00144   0.00486   1.30832
    D3        3.14008   0.00002  -0.00046   0.00088   0.00042   3.14049
    D4        1.30537  -0.00552   0.00404   0.00043   0.00450   1.30987
    D5       -1.30387   0.00546  -0.00367  -0.00143  -0.00514  -1.30901
    D6       -3.14069  -0.00003   0.00020  -0.00070  -0.00050  -3.14119
    D7       -1.30398   0.00549  -0.00353  -0.00118  -0.00474  -1.30872
    D8        1.30553  -0.00549   0.00419   0.00058   0.00481   1.31034
    D9       -3.14098   0.00001   0.00027  -0.00018   0.00009  -3.14089
   D10        0.57850  -0.00057  -0.00011  -0.00030  -0.00042   0.57808
   D11       -0.57903   0.00063   0.00011   0.00055   0.00065  -0.57838
   D12       -0.57864   0.00053   0.00005   0.00027   0.00032  -0.57832
   D13        0.57805  -0.00055  -0.00018   0.00038   0.00020   0.57825
   D14        0.57840  -0.00053  -0.00023  -0.00004  -0.00027   0.57813
   D15       -0.57728   0.00049   0.00036  -0.00085  -0.00048  -0.57776
         Item               Value     Threshold  Converged?
 Maximum Force            0.001576     0.000450     NO 
 RMS     Force            0.000276     0.000300     YES
 Maximum Displacement     0.004599     0.001800     NO 
 RMS     Displacement     0.001440     0.001200     NO 
 Predicted change in Energy=-4.559995D-06
 GradGradGradGradGradGradGradGradGradGradGradGradGradGradGradGradGradGrad

                          Input orientation:                          
 ---------------------------------------------------------------------
 Center     Atomic      Atomic             Coordinates (Angstroms)
 Number     Number       Type             X           Y           Z
 ---------------------------------------------------------------------
      1          6           0        0.451215   -0.894732   -0.007074
      2          1           0        0.645165   -1.970741   -0.008701
      3          1           0        0.614874   -0.350699    0.927225
      4          1           0        0.599891   -0.351103   -0.944246
      5         17           0        2.670535   -0.843600   -0.027794
      6          9           0       -1.020551   -0.928894    0.005070
 ---------------------------------------------------------------------
                    Distance matrix (angstroms):
                    1          2          3          4          5
     1  C    0.000000
     2  H    1.093350   0.000000
     3  H    1.093467   1.871206   0.000000
     4  H    1.093585   1.870968   1.871531   0.000000
     5  Cl   2.220005   2.317958   2.319645   2.317326   0.000000
     6  F    1.472213   1.964751   1.964509   1.964911   3.692217
                    6
     6  F    0.000000
 Stoichiometry    CH3ClF(1-)
 Framework group  C1[X(CH3ClF)]
 Deg. of freedom    12
 Full point group                 C1      NOp   1
 Largest Abelian subgroup         C1      NOp   1
 Largest concise Abelian subgroup C1      NOp   1
                         Standard orientation:                         
 ---------------------------------------------------------------------
 Center     Atomic      Atomic             Coordinates (Angstroms)
 Number     Number       Type             X           Y           Z
 ---------------------------------------------------------------------
      1          6           0        0.714189   -0.000658    0.000039
      2          1           0        0.545124    0.231906    1.054906
      3          1           0        0.546418   -1.030808   -0.326023
      4          1           0        0.544585    0.796885   -0.728719
      5         17           0       -1.505816    0.000117   -0.000010
      6          9           0        2.186401    0.000441   -0.000025
 ---------------------------------------------------------------------
 Rotational constants (GHZ):    143.2103612      2.8252012      2.8251816
 Standard basis: VSTO-6G (5D, 7F)
 There are    21 symmetry adapted cartesian basis functions of A   symmetry.
 There are    20 symmetry adapted basis functions of A   symmetry.
    20 basis functions,   126 primitive gaussians,    21 cartesian basis functions
    11 alpha electrons       11 beta electrons
       nuclear repulsion energy        68.1668732738 Hartrees.
 Integral buffers will be    131072 words long.
 Regular integral format.
 Two-electron integral symmetry is turned off.
 Do NDO integrals.
 One-electron integrals computed using PRISM.
 NBasis=    20 RedAO= F EigKep=  0.00D+00  NBF=    20
 NBsUse=    20 1.00D-04 EigRej=  0.00D+00 NBFU=    20
 Initial guess from the checkpoint file:  "/scratch/1715567.1.multiway.q/Gau-186785.chk"
 B after Tr=     0.000000    0.000000    0.000000
         Rot=    0.995321    0.096621   -0.000002    0.000005 Ang=  11.09 deg.
 Overlap will be assumed to be unity.
 Keep J ints in memory in canonical form, NReq=1875445.
 Requested convergence on RMS density matrix=1.00D-08 within 128 cycles.
 Requested convergence on MAX density matrix=1.00D-06.
 Requested convergence on             energy=1.00D-06.
 No special actions if energy rises.
 SCF Done:  E(RPM6) = -0.161598032539     A.U. after   10 cycles
            NFock=  9  Conv=0.74D-08     -V/T= 0.9876
 Calling FoFJK, ICntrl=      2127 FMM=F ISym2X=0 I1Cent= 0 IOpClX= 0 NMat=1 NMatS=1 NMatT=0.
 ***** Axes restored to original set *****
 -------------------------------------------------------------------
 Center     Atomic                   Forces (Hartrees/Bohr)
 Number     Number              X              Y              Z
 -------------------------------------------------------------------
      1        6          -0.061319754   -0.001364464    0.000476540
      2        1           0.000172701   -0.000088467    0.000026600
      3        1           0.000252764    0.000015584   -0.000003467
      4        1           0.000126318    0.000029206    0.000027691
      5       17           0.060881373    0.001414191   -0.000522945
      6        9          -0.000113402   -0.000006051   -0.000004418
 -------------------------------------------------------------------
 Cartesian Forces:  Max     0.061319754 RMS     0.020373115

 GradGradGradGradGradGradGradGradGradGradGradGradGradGradGradGradGradGrad
 Berny optimization.
 Using GEDIIS/GDIIS optimizer.
 FormGI is forming the generalized inverse of G from B-inverse, IUseBI=4.
 Internal  Forces:  Max     0.022730651 RMS     0.006296997
 Search for a local minimum.
 Step number   3 out of a maximum of   45 on scan point    14 out of    21
 All quantities printed in internal units (Hartrees-Bohrs-Radians)
 Mixed Optimization -- En-DIIS/RFO-DIIS
 Swapping is turned off.
 Update second derivatives using D2CorX and points    1    2    3
 DE= -5.61D-06 DEPred=-4.56D-06 R= 1.23D+00
 TightC=F SS=  1.41D+00  RLast= 1.91D-02 DXNew= 4.7355D-01 5.7263D-02
 Trust test= 1.23D+00 RLast= 1.91D-02 DXMaxT set to 2.82D-01
 ITU=  1  1  0
     Eigenvalues ---    0.00863   0.02037   0.02826   0.04073   0.08321
     Eigenvalues ---    0.08674   0.09910   0.21659   0.26109   0.30318
     Eigenvalues ---    0.315231000.000001000.000001000.000001000.00000
     Eigenvalues --- 1000.000001000.000001000.000001000.000001000.00000
     Eigenvalues --- 1000.000001000.000001000.000001000.000001000.00000
     Eigenvalues --- 1000.000001000.000001000.000001000.000001000.00000
     Eigenvalues --- 1000.000001000.000001000.000001000.000001000.00000
 En-DIIS/RFO-DIIS IScMMF=        0 using points:     3    2
 RFO step:  Lambda=-4.41901366D-05.
 DidBck=F Rises=F RFO-DIIS coefs:    0.85450    0.14550
 Iteration  1 RMS(Cart)=  0.00061282 RMS(Int)=  0.00000330
 Iteration  2 RMS(Cart)=  0.00000059 RMS(Int)=  0.00000319
 Iteration  1 RMS(Cart)=  0.00000132 RMS(Int)=  0.00000333
 Iteration  2 RMS(Cart)=  0.00000083 RMS(Int)=  0.00000369
 Variable       Old X    -DE/DX   Delta X   Delta X   Delta X     New X
                                 (Linear)    (Quad)   (Total)
    R1        2.06613  -0.00146   0.00005   0.00043   0.00049   2.06662
    R2        2.06635  -0.00152   0.00015   0.00020   0.00034   2.06670
    R3        2.06658  -0.00154   0.00024  -0.00012   0.00013   2.06670
    R4        4.19520   0.02273   0.00000   0.00000   0.00000   4.19520
    R5        2.78208   0.00011  -0.00130   0.00023  -0.00107   2.78101
    R6        4.38031   0.01294  -0.00084  -0.00185  -0.00270   4.37761
    R7        4.38349   0.01288  -0.00071  -0.00300  -0.00372   4.37978
    R8        4.37911   0.01294  -0.00084  -0.00083  -0.00168   4.37743
    A1        2.05371  -0.00178  -0.00027  -0.00060  -0.00087   2.05284
    A2        2.05311  -0.00175  -0.00031  -0.00016  -0.00047   2.05264
    A3        1.72593   0.00342   0.00049   0.00090   0.00139   1.72732
    A4        2.05393  -0.00179  -0.00009  -0.00080  -0.00089   2.05304
    A5        1.72553   0.00344   0.00041   0.00111   0.00152   1.72706
    A6        1.72593   0.00342   0.00039   0.00100   0.00139   1.72732
    A7        1.24133   0.00564   0.00036   0.00078   0.00113   1.24246
    A8        1.23993   0.00566   0.00030   0.00129   0.00159   1.24152
    A9        1.24181   0.00564   0.00034   0.00038   0.00072   1.24253
   A10        0.83065  -0.00371   0.00013   0.00046   0.00059   0.83124
   A11        0.83097  -0.00371   0.00015   0.00029   0.00045   0.83142
   A12        0.83092  -0.00373   0.00022   0.00019   0.00041   0.83133
    D1       -1.31080   0.00550   0.00062   0.00226   0.00288  -1.30792
    D2        1.30832  -0.00546  -0.00071  -0.00104  -0.00174   1.30658
    D3        3.14049   0.00001  -0.00006   0.00061   0.00055   3.14105
    D4        1.30987  -0.00548  -0.00065  -0.00194  -0.00259   1.30728
    D5       -1.30901   0.00546   0.00075   0.00116   0.00190  -1.30710
    D6       -3.14119  -0.00001   0.00007  -0.00041  -0.00034  -3.14153
    D7       -1.30872   0.00547   0.00069   0.00139   0.00208  -1.30664
    D8        1.31034  -0.00548  -0.00070  -0.00184  -0.00253   1.30780
    D9       -3.14089   0.00000  -0.00001  -0.00020  -0.00021  -3.14110
   D10        0.57808  -0.00053   0.00006   0.00005   0.00011   0.57819
   D11       -0.57838   0.00056  -0.00010   0.00022   0.00012  -0.57826
   D12       -0.57832   0.00052  -0.00005   0.00000  -0.00005  -0.57837
   D13        0.57825  -0.00054  -0.00003   0.00005   0.00002   0.57827
   D14        0.57813  -0.00054   0.00004   0.00004   0.00008   0.57822
   D15       -0.57776   0.00052   0.00007  -0.00035  -0.00028  -0.57804
         Item               Value     Threshold  Converged?
 Maximum Force            0.000113     0.000450     YES
 RMS     Force            0.000048     0.000300     YES
 Maximum Displacement     0.001910     0.001800     NO 
 RMS     Displacement     0.000613     0.001200     YES
 Predicted change in Energy=-7.367076D-07
 GradGradGradGradGradGradGradGradGradGradGradGradGradGradGradGradGradGrad

                          Input orientation:                          
 ---------------------------------------------------------------------
 Center     Atomic      Atomic             Coordinates (Angstroms)
 Number     Number       Type             X           Y           Z
 ---------------------------------------------------------------------
      1          6           0        0.450332   -0.894732   -0.007261
      2          1           0        0.645869   -1.970716   -0.008807
      3          1           0        0.615885   -0.350683    0.926907
      4          1           0        0.600250   -0.351026   -0.944269
      5         17           0        2.669659   -0.843665   -0.027352
      6          9           0       -1.020866   -0.928947    0.005263
 ---------------------------------------------------------------------
                    Distance matrix (angstroms):
                    1          2          3          4          5
     1  C    0.000000
     2  H    1.093607   0.000000
     3  H    1.093649   1.871087   0.000000
     4  H    1.093653   1.870980   1.871242   0.000000
     5  Cl   2.220005   2.316530   2.317677   2.316438   0.000000
     6  F    1.471648   1.965575   1.965392   1.965609   3.691653
                    6
     6  F    0.000000
 Stoichiometry    CH3ClF(1-)
 Framework group  C1[X(CH3ClF)]
 Deg. of freedom    12
 Full point group                 C1      NOp   1
 Largest Abelian subgroup         C1      NOp   1
 Largest concise Abelian subgroup C1      NOp   1
                         Standard orientation:                         
 ---------------------------------------------------------------------
 Center     Atomic      Atomic             Coordinates (Angstroms)
 Number     Number       Type             X           Y           Z
 ---------------------------------------------------------------------
      1          6           0        0.714469   -0.000343   -0.000079
      2          1           0        0.543813    0.223927    1.056594
      3          1           0        0.544704   -1.027787   -0.334152
      4          1           0        0.543727    0.802687   -0.722621
      5         17           0       -1.505536    0.000063    0.000012
      6          9           0        2.186117    0.000239    0.000050
 ---------------------------------------------------------------------
 Rotational constants (GHZ):    143.2308272      2.8260284      2.8260193
 Standard basis: VSTO-6G (5D, 7F)
 There are    21 symmetry adapted cartesian basis functions of A   symmetry.
 There are    20 symmetry adapted basis functions of A   symmetry.
    20 basis functions,   126 primitive gaussians,    21 cartesian basis functions
    11 alpha electrons       11 beta electrons
       nuclear repulsion energy        68.1701334115 Hartrees.
 Integral buffers will be    131072 words long.
 Regular integral format.
 Two-electron integral symmetry is turned off.
 Do NDO integrals.
 One-electron integrals computed using PRISM.
 NBasis=    20 RedAO= F EigKep=  0.00D+00  NBF=    20
 NBsUse=    20 1.00D-04 EigRej=  0.00D+00 NBFU=    20
 Initial guess from the checkpoint file:  "/scratch/1715567.1.multiway.q/Gau-186785.chk"
 B after Tr=     0.000000    0.000000    0.000000
         Rot=    0.999992   -0.003893    0.000002    0.000009 Ang=  -0.45 deg.
 Overlap will be assumed to be unity.
 Keep J ints in memory in canonical form, NReq=1875445.
 Requested convergence on RMS density matrix=1.00D-08 within 128 cycles.
 Requested convergence on MAX density matrix=1.00D-06.
 Requested convergence on             energy=1.00D-06.
 No special actions if energy rises.
 SCF Done:  E(RPM6) = -0.161598908794     A.U. after   10 cycles
            NFock=  9  Conv=0.25D-08     -V/T= 0.9876
 Calling FoFJK, ICntrl=      2127 FMM=F ISym2X=0 I1Cent= 0 IOpClX= 0 NMat=1 NMatS=1 NMatT=0.
 ***** Axes restored to original set *****
 -------------------------------------------------------------------
 Center     Atomic                   Forces (Hartrees/Bohr)
 Number     Number              X              Y              Z
 -------------------------------------------------------------------
      1        6          -0.061122167   -0.001407666    0.000531813
      2        1          -0.000004907   -0.000006269    0.000011163
      3        1           0.000053119   -0.000008679   -0.000033293
      4        1          -0.000011940    0.000007123    0.000025193
      5       17           0.061129629    0.001418495   -0.000529796
      6        9          -0.000043732   -0.000003004   -0.000005079
 -------------------------------------------------------------------
 Cartesian Forces:  Max     0.061129629 RMS     0.020381521

 GradGradGradGradGradGradGradGradGradGradGradGradGradGradGradGradGradGrad
 Berny optimization.
 Using GEDIIS/GDIIS optimizer.
 FormGI is forming the generalized inverse of G from B-inverse, IUseBI=4.
 Internal  Forces:  Max     0.022779264 RMS     0.006309359
 Search for a local minimum.
 Step number   4 out of a maximum of   45 on scan point    14 out of    21
 All quantities printed in internal units (Hartrees-Bohrs-Radians)
 Mixed Optimization -- En-DIIS/RFO-DIIS
 Swapping is turned off.
 Update second derivatives using D2CorX and points    1    2    3    4
 DE= -8.76D-07 DEPred=-7.37D-07 R= 1.19D+00
 Trust test= 1.19D+00 RLast= 8.45D-03 DXMaxT set to 2.82D-01
 ITU=  0  1  1  0
     Eigenvalues ---    0.00866   0.01815   0.02682   0.04067   0.08311
     Eigenvalues ---    0.08669   0.09558   0.21316   0.25706   0.29855
     Eigenvalues ---    0.315461000.000001000.000001000.000001000.00000
     Eigenvalues --- 1000.000001000.000001000.000001000.000001000.00000
     Eigenvalues --- 1000.000001000.000001000.000001000.000001000.00000
     Eigenvalues --- 1000.000001000.000001000.000001000.000001000.00000
     Eigenvalues --- 1000.000001000.000001000.000001000.000001000.00000
 En-DIIS/RFO-DIIS IScMMF=        0 using points:     4    3    2
 RFO step:  Lambda=-4.40763039D-05.
 DidBck=F Rises=F RFO-DIIS coefs:    1.16510   -0.12485   -0.04024
 Iteration  1 RMS(Cart)=  0.00017648 RMS(Int)=  0.00000311
 Iteration  2 RMS(Cart)=  0.00000002 RMS(Int)=  0.00000311
 Iteration  1 RMS(Cart)=  0.00000129 RMS(Int)=  0.00000325
 Iteration  2 RMS(Cart)=  0.00000081 RMS(Int)=  0.00000361
 Variable       Old X    -DE/DX   Delta X   Delta X   Delta X     New X
                                 (Linear)    (Quad)   (Total)
    R1        2.06662  -0.00155   0.00007  -0.00004   0.00003   2.06665
    R2        2.06670  -0.00158   0.00002  -0.00005  -0.00003   2.06667
    R3        2.06670  -0.00157  -0.00005  -0.00008  -0.00012   2.06658
    R4        4.19520   0.02278   0.00000   0.00000   0.00000   4.19520
    R5        2.78101   0.00004   0.00018  -0.00005   0.00013   2.78114
    R6        4.37761   0.01300  -0.00021   0.00053   0.00031   4.37791
    R7        4.37978   0.01296  -0.00042  -0.00063  -0.00107   4.37871
    R8        4.37743   0.01300  -0.00005   0.00016   0.00010   4.37754
    A1        2.05284  -0.00177  -0.00007   0.00001  -0.00005   2.05278
    A2        2.05264  -0.00176   0.00001   0.00014   0.00015   2.05279
    A3        1.72732   0.00340   0.00009  -0.00006   0.00004   1.72735
    A4        2.05304  -0.00178  -0.00012  -0.00014  -0.00026   2.05278
    A5        1.72706   0.00342   0.00014   0.00007   0.00020   1.72726
    A6        1.72732   0.00340   0.00012  -0.00004   0.00007   1.72740
    A7        1.24246   0.00564   0.00009  -0.00022  -0.00013   1.24233
    A8        1.24152   0.00566   0.00018   0.00029   0.00046   1.24198
    A9        1.24253   0.00565   0.00002  -0.00005  -0.00004   1.24249
   A10        0.83124  -0.00376   0.00006   0.00000   0.00006   0.83130
   A11        0.83142  -0.00376   0.00003  -0.00006  -0.00002   0.83140
   A12        0.83133  -0.00377   0.00001  -0.00002   0.00000   0.83132
    D1       -1.30792   0.00544   0.00030   0.00023   0.00053  -1.30740
    D2        1.30658  -0.00542  -0.00009   0.00021   0.00013   1.30671
    D3        3.14105   0.00000   0.00011   0.00017   0.00028   3.14133
    D4        1.30728  -0.00543  -0.00025   0.00012  -0.00012   1.30716
    D5       -1.30710   0.00543   0.00011   0.00005   0.00015  -1.30695
    D6       -3.14153   0.00000  -0.00008   0.00010   0.00002  -3.14151
    D7       -1.30664   0.00542   0.00015  -0.00032  -0.00017  -1.30682
    D8        1.30780  -0.00544  -0.00022  -0.00029  -0.00051   1.30729
    D9       -3.14110   0.00000  -0.00003  -0.00027  -0.00031  -3.14141
   D10        0.57819  -0.00054   0.00000   0.00004   0.00004   0.57823
   D11       -0.57826   0.00055   0.00005   0.00002   0.00007  -0.57819
   D12       -0.57837   0.00054   0.00000   0.00007   0.00008  -0.57830
   D13        0.57827  -0.00054   0.00001   0.00000   0.00001   0.57828
   D14        0.57822  -0.00055   0.00000  -0.00005  -0.00004   0.57817
   D15       -0.57804   0.00053  -0.00007  -0.00009  -0.00015  -0.57819
         Item               Value     Threshold  Converged?
 Maximum Force            0.000044     0.000450     YES
 RMS     Force            0.000012     0.000300     YES
 Maximum Displacement     0.000640     0.001800     YES
 RMS     Displacement     0.000176     0.001200     YES
 Predicted change in Energy=-2.174435D-08
 Optimization completed.
    -- Stationary point found.
                           ----------------------------
                           !   Optimized Parameters   !
                           ! (Angstroms and Degrees)  !
 --------------------------                            --------------------------
 ! Name  Definition              Value          Derivative Info.                !
 --------------------------------------------------------------------------------
 ! R1    R(1,2)                  1.0936         -DE/DX =   -0.0015              !
 ! R2    R(1,3)                  1.0936         -DE/DX =   -0.0016              !
 ! R3    R(1,4)                  1.0937         -DE/DX =   -0.0016              !
 ! R4    R(1,5)                  2.22           -DE/DX =    0.0228              !
 ! R5    R(1,6)                  1.4716         -DE/DX =    0.0                 !
 ! R6    R(2,5)                  2.3165         -DE/DX =    0.013               !
 ! R7    R(3,5)                  2.3177         -DE/DX =    0.013               !
 ! R8    R(4,5)                  2.3164         -DE/DX =    0.013               !
 ! A1    A(2,1,3)              117.6188         -DE/DX =   -0.0018              !
 ! A2    A(2,1,4)              117.6076         -DE/DX =   -0.0018              !
 ! A3    A(2,1,6)               98.968          -DE/DX =    0.0034              !
 ! A4    A(3,1,4)              117.6306         -DE/DX =   -0.0018              !
 ! A5    A(3,1,6)               98.9531         -DE/DX =    0.0034              !
 ! A6    A(4,1,6)               98.9683         -DE/DX =    0.0034              !
 ! A7    A(1,2,5)               71.1878         -DE/DX =    0.0056              !
 ! A8    A(1,3,5)               71.1336         -DE/DX =    0.0057              !
 ! A9    A(1,4,5)               71.1917         -DE/DX =    0.0056              !
 ! A10   A(2,5,3)               47.6263         -DE/DX =   -0.0038              !
 ! A11   A(2,5,4)               47.637          -DE/DX =   -0.0038              !
 ! A12   A(3,5,4)               47.6315         -DE/DX =   -0.0038              !
 ! D1    D(3,1,2,5)            -74.9385         -DE/DX =    0.0054              !
 ! D2    D(4,1,2,5)             74.8616         -DE/DX =   -0.0054              !
 ! D3    D(6,1,2,5)            179.9687         -DE/DX =    0.0                 !
 ! D4    D(2,1,3,5)             74.9018         -DE/DX =   -0.0054              !
 ! D5    D(4,1,3,5)            -74.8914         -DE/DX =    0.0054              !
 ! D6    D(6,1,3,5)           -179.9967         -DE/DX =    0.0                 !
 ! D7    D(2,1,4,5)            -74.8651         -DE/DX =    0.0054              !
 ! D8    D(3,1,4,5)             74.9315         -DE/DX =   -0.0054              !
 ! D9    D(6,1,4,5)           -179.972          -DE/DX =    0.0                 !
 ! D10   D(1,2,5,3)             33.1277         -DE/DX =   -0.0005              !
 ! D11   D(1,2,5,4)            -33.1318         -DE/DX =    0.0006              !
 ! D12   D(1,3,5,2)            -33.1384         -DE/DX =    0.0005              !
 ! D13   D(1,3,5,4)             33.1325         -DE/DX =   -0.0005              !
 ! D14   D(1,4,5,2)             33.1294         -DE/DX =   -0.0005              !
 ! D15   D(1,4,5,3)            -33.1194         -DE/DX =    0.0005              !
 --------------------------------------------------------------------------------
 Iteration  1 RMS(Cart)=  0.01001739 RMS(Int)=  0.02530112
 Iteration  2 RMS(Cart)=  0.00011590 RMS(Int)=  0.02530076
 Iteration  3 RMS(Cart)=  0.00000093 RMS(Int)=  0.02530076
 Iteration  1 RMS(Cart)=  0.00630234 RMS(Int)=  0.01586257
 Iteration  2 RMS(Cart)=  0.00395996 RMS(Int)=  0.01761673
 Iteration  3 RMS(Cart)=  0.00248500 RMS(Int)=  0.02017933
 Iteration  4 RMS(Cart)=  0.00155805 RMS(Int)=  0.02216924
 Iteration  5 RMS(Cart)=  0.00097631 RMS(Int)=  0.02352686
 Iteration  6 RMS(Cart)=  0.00061155 RMS(Int)=  0.02441296
 Iteration  7 RMS(Cart)=  0.00038297 RMS(Int)=  0.02498027
 Iteration  8 RMS(Cart)=  0.00023980 RMS(Int)=  0.02534000
 Iteration  9 RMS(Cart)=  0.00015013 RMS(Int)=  0.02556690
 Iteration 10 RMS(Cart)=  0.00009399 RMS(Int)=  0.02570960
 Iteration 11 RMS(Cart)=  0.00005884 RMS(Int)=  0.02579917
 Iteration 12 RMS(Cart)=  0.00003683 RMS(Int)=  0.02585535
 Iteration 13 RMS(Cart)=  0.00002306 RMS(Int)=  0.02589055
 Iteration 14 RMS(Cart)=  0.00001443 RMS(Int)=  0.02591260
 Iteration 15 RMS(Cart)=  0.00000904 RMS(Int)=  0.02592640
 Iteration 16 RMS(Cart)=  0.00000566 RMS(Int)=  0.02593505
 Iteration 17 RMS(Cart)=  0.00000354 RMS(Int)=  0.02594046
 Iteration 18 RMS(Cart)=  0.00000222 RMS(Int)=  0.02594385
 Iteration 19 RMS(Cart)=  0.00000139 RMS(Int)=  0.02594597
 Iteration 20 RMS(Cart)=  0.00000087 RMS(Int)=  0.02594730
 GradGradGradGradGradGradGradGradGradGradGradGradGradGradGradGradGradGrad

                          Input orientation:                          
 ---------------------------------------------------------------------
 Center     Atomic      Atomic             Coordinates (Angstroms)
 Number     Number       Type             X           Y           Z
 ---------------------------------------------------------------------
      1          6           0        0.481452   -0.894085   -0.007639
      2          1           0        0.648217   -1.982800   -0.008876
      3          1           0        0.618338   -0.344648    0.937121
      4          1           0        0.602130   -0.344962   -0.954696
      5         17           0        2.600807   -0.845096   -0.026503
      6          9           0       -0.989817   -0.928178    0.005074
 ---------------------------------------------------------------------
                    Distance matrix (angstroms):
                    1          2          3          4          5
     1  C    0.000000
     2  H    1.101415   0.000000
     3  H    1.101449   1.891916   0.000000
     4  H    1.101370   1.891881   1.891887   0.000000
     5  Cl   2.120005   2.259932   2.260354   2.259731   0.000000
     6  F    1.471718   1.948224   1.948174   1.948229   3.591724
                    6
     6  F    0.000000
 Stoichiometry    CH3ClF(1-)
 Framework group  C1[X(CH3ClF)]
 Deg. of freedom    12
 Full point group                 C1      NOp   1
 Largest Abelian subgroup         C1      NOp   1
 Largest concise Abelian subgroup C1      NOp   1
                         Standard orientation:                         
 ---------------------------------------------------------------------
 Center     Atomic      Atomic             Coordinates (Angstroms)
 Number     Number       Type             X           Y           Z
 ---------------------------------------------------------------------
      1          6           0        0.663402   -0.000111    0.000103
      2          1           0        0.521856    0.900791    0.617723
      3          1           0        0.522178   -0.985474    0.471596
      4          1           0        0.521714    0.084211   -1.088856
      5         17           0       -1.456603    0.000023   -0.000022
      6          9           0        2.135121    0.000083   -0.000078
 ---------------------------------------------------------------------
 Rotational constants (GHZ):    140.0999712      2.9957211      2.9957196
 Standard basis: VSTO-6G (5D, 7F)
 There are    21 symmetry adapted cartesian basis functions of A   symmetry.
 There are    20 symmetry adapted basis functions of A   symmetry.
    20 basis functions,   126 primitive gaussians,    21 cartesian basis functions
    11 alpha electrons       11 beta electrons
       nuclear repulsion energy        68.6589736538 Hartrees.
 Integral buffers will be    131072 words long.
 Regular integral format.
 Two-electron integral symmetry is turned off.
 Do NDO integrals.
 One-electron integrals computed using PRISM.
 NBasis=    20 RedAO= F EigKep=  0.00D+00  NBF=    20
 NBsUse=    20 1.00D-04 EigRej=  0.00D+00 NBFU=    20
 Initial guess from the checkpoint file:  "/scratch/1715567.1.multiway.q/Gau-186785.chk"
 B after Tr=     0.000000    0.000000    0.000000
         Rot=    0.928529    0.371259    0.000000    0.000008 Ang=  43.59 deg.
 Overlap will be assumed to be unity.
 Keep J ints in memory in canonical form, NReq=1875445.
 Requested convergence on RMS density matrix=1.00D-08 within 128 cycles.
 Requested convergence on MAX density matrix=1.00D-06.
 Requested convergence on             energy=1.00D-06.
 No special actions if energy rises.
 SCF Done:  E(RPM6) = -0.148631790397     A.U. after   11 cycles
            NFock= 10  Conv=0.93D-08     -V/T= 0.9886
 Calling FoFJK, ICntrl=      2127 FMM=F ISym2X=0 I1Cent= 0 IOpClX= 0 NMat=1 NMatS=1 NMatT=0.
 ***** Axes restored to original set *****
 -------------------------------------------------------------------
 Center     Atomic                   Forces (Hartrees/Bohr)
 Number     Number              X              Y              Z
 -------------------------------------------------------------------
      1        6          -0.060258332   -0.001395412    0.000561051
      2        1          -0.001552136    0.002429022    0.000015120
      3        1          -0.001462795   -0.001276961   -0.002137684
      4        1          -0.001456525   -0.001254484    0.002128496
      5       17           0.076804259    0.001778335   -0.000669507
      6        9          -0.012074470   -0.000280500    0.000102525
 -------------------------------------------------------------------
 Cartesian Forces:  Max     0.076804259 RMS     0.023221866

 GradGradGradGradGradGradGradGradGradGradGradGradGradGradGradGradGradGrad
 Berny optimization.
 FormGI is forming the generalized inverse of G from B-inverse, IUseBI=4.
 Internal  Forces:  Max     0.028596202 RMS     0.008198395
 Search for a local minimum.
 Step number   1 out of a maximum of   45 on scan point    15 out of    21
 All quantities printed in internal units (Hartrees-Bohrs-Radians)
 Mixed Optimization -- RFO/linear search
 Second derivative matrix not updated -- first step.
 ITU=  0
     Eigenvalues ---    0.00874   0.01845   0.02624   0.04005   0.08322
     Eigenvalues ---    0.08797   0.09717   0.21024   0.25572   0.29716
     Eigenvalues ---    0.312771000.000001000.000001000.000001000.00000
     Eigenvalues --- 1000.000001000.000001000.000001000.000001000.00000
     Eigenvalues --- 1000.000001000.000001000.000001000.000001000.00000
     Eigenvalues --- 1000.000001000.000001000.000001000.000001000.00000
     Eigenvalues --- 1000.000001000.000001000.000001000.000001000.00000
 RFO step:  Lambda=-1.27160832D-03 EMin= 8.73667805D-03
 Linear search not attempted -- first point.
 Iteration  1 RMS(Cart)=  0.01308359 RMS(Int)=  0.00054119
 Iteration  2 RMS(Cart)=  0.00026897 RMS(Int)=  0.00044350
 Iteration  3 RMS(Cart)=  0.00000005 RMS(Int)=  0.00044350
 Iteration  1 RMS(Cart)=  0.00002921 RMS(Int)=  0.00007338
 Iteration  2 RMS(Cart)=  0.00001836 RMS(Int)=  0.00008150
 Iteration  3 RMS(Cart)=  0.00001154 RMS(Int)=  0.00009338
 Iteration  4 RMS(Cart)=  0.00000725 RMS(Int)=  0.00010263
 Iteration  5 RMS(Cart)=  0.00000456 RMS(Int)=  0.00010897
 Iteration  6 RMS(Cart)=  0.00000287 RMS(Int)=  0.00011312
 Iteration  7 RMS(Cart)=  0.00000180 RMS(Int)=  0.00011579
 Iteration  8 RMS(Cart)=  0.00000113 RMS(Int)=  0.00011749
 Iteration  9 RMS(Cart)=  0.00000071 RMS(Int)=  0.00011857
 Variable       Old X    -DE/DX   Delta X   Delta X   Delta X     New X
                                 (Linear)    (Quad)   (Total)
    R1        2.08137  -0.00466   0.00000  -0.01409  -0.01390   2.06748
    R2        2.08144  -0.00467   0.00000  -0.01496  -0.01473   2.06671
    R3        2.08129  -0.00464   0.00000  -0.01612  -0.01588   2.06540
    R4        4.00623   0.02860   0.00000   0.00000   0.00000   4.00623
    R5        2.78114   0.01208   0.00000   0.07833   0.07833   2.85948
    R6        4.27065   0.01607   0.00000   0.04595   0.04544   4.31609
    R7        4.27145   0.01605   0.00000   0.05303   0.05248   4.32393
    R8        4.27027   0.01608   0.00000   0.04983   0.04923   4.31951
    A1        2.06602  -0.00163   0.00000   0.01104   0.00970   2.07572
    A2        2.06607  -0.00163   0.00000   0.01302   0.01173   2.07781
    A3        1.69963   0.00375   0.00000  -0.02824  -0.02820   1.67142
    A4        2.06603  -0.00163   0.00000   0.01305   0.01170   2.07773
    A5        1.69954   0.00375   0.00000  -0.02878  -0.02875   1.67079
    A6        1.69967   0.00375   0.00000  -0.02839  -0.02834   1.67133
    A7        1.19524   0.00733   0.00000  -0.01861  -0.01857   1.17667
    A8        1.19489   0.00733   0.00000  -0.02156  -0.02154   1.17336
    A9        1.19540   0.00732   0.00000  -0.02013  -0.02009   1.17531
   A10        0.86367  -0.00598   0.00000  -0.01408  -0.01408   0.84959
   A11        0.86378  -0.00598   0.00000  -0.01345  -0.01346   0.85033
   A12        0.86370  -0.00598   0.00000  -0.01439  -0.01438   0.84932
    D1       -1.35221   0.00614   0.00000  -0.04777  -0.04819  -1.40040
    D2        1.35152  -0.00613   0.00000   0.04560   0.04607   1.39759
    D3        3.14133   0.00000   0.00000  -0.00061  -0.00062   3.14071
    D4        1.35198  -0.00614   0.00000   0.04554   0.04595   1.39792
    D5       -1.35176   0.00613   0.00000  -0.04781  -0.04832  -1.40009
    D6       -3.14151   0.00000   0.00000  -0.00131  -0.00131   3.14037
    D7       -1.35162   0.00613   0.00000  -0.04421  -0.04469  -1.39631
    D8        1.35210  -0.00614   0.00000   0.04865   0.04918   1.40128
    D9       -3.14141   0.00000   0.00000   0.00192   0.00192  -3.13949
   D10        0.58302  -0.00091   0.00000  -0.00193  -0.00191   0.58111
   D11       -0.58297   0.00091   0.00000   0.00316   0.00311  -0.57986
   D12       -0.58309   0.00091   0.00000   0.00088   0.00083  -0.58226
   D13        0.58307  -0.00091   0.00000  -0.00232  -0.00232   0.58075
   D14        0.58296  -0.00091   0.00000  -0.00213  -0.00207   0.58089
   D15       -0.58299   0.00091   0.00000   0.00233   0.00236  -0.58063
         Item               Value     Threshold  Converged?
 Maximum Force            0.012078     0.000450     NO 
 RMS     Force            0.002210     0.000300     NO 
 Maximum Displacement     0.043223     0.001800     NO 
 RMS     Displacement     0.013159     0.001200     NO 
 Predicted change in Energy=-6.184986D-04
 GradGradGradGradGradGradGradGradGradGradGradGradGradGradGradGradGradGrad

                          Input orientation:                          
 ---------------------------------------------------------------------
 Center     Atomic      Atomic             Coordinates (Angstroms)
 Number     Number       Type             X           Y           Z
 ---------------------------------------------------------------------
      1          6           0        0.504284   -0.892815   -0.007948
      2          1           0        0.640299   -1.978388   -0.008115
      3          1           0        0.608266   -0.346755    0.933904
      4          1           0        0.592998   -0.346698   -0.950528
      5         17           0        2.623680   -0.845965   -0.027556
      6          9           0       -1.008398   -0.929148    0.004723
 ---------------------------------------------------------------------
                    Distance matrix (angstroms):
                    1          2          3          4          5
     1  C    0.000000
     2  H    1.094061   0.000000
     3  H    1.093654   1.884318   0.000000
     4  H    1.092965   1.884886   1.884495   0.000000
     5  Cl   2.120004   2.283979   2.288124   2.285785   0.000000
     6  F    1.513171   1.954296   1.953500   1.953516   3.633174
                    6
     6  F    0.000000
 Stoichiometry    CH3ClF(1-)
 Framework group  C1[X(CH3ClF)]
 Deg. of freedom    12
 Full point group                 C1      NOp   1
 Largest Abelian subgroup         C1      NOp   1
 Largest concise Abelian subgroup C1      NOp   1
                         Standard orientation:                         
 ---------------------------------------------------------------------
 Center     Atomic      Atomic             Coordinates (Angstroms)
 Number     Number       Type             X           Y           Z
 ---------------------------------------------------------------------
      1          6           0        0.650009   -0.000641    0.001103
      2          1           0        0.538735    0.850151   -0.677676
      3          1           0        0.542079    0.163305    1.076999
      4          1           0        0.540441   -1.013411   -0.394957
      5         17           0       -1.469995    0.000074   -0.000230
      6          9           0        2.163179    0.000283   -0.000787
 ---------------------------------------------------------------------
 Rotational constants (GHZ):    141.1903505      2.9349244      2.9349030
 Standard basis: VSTO-6G (5D, 7F)
 There are    21 symmetry adapted cartesian basis functions of A   symmetry.
 There are    20 symmetry adapted basis functions of A   symmetry.
    20 basis functions,   126 primitive gaussians,    21 cartesian basis functions
    11 alpha electrons       11 beta electrons
       nuclear repulsion energy        68.4032254156 Hartrees.
 Integral buffers will be    131072 words long.
 Regular integral format.
 Two-electron integral symmetry is turned off.
 Do NDO integrals.
 One-electron integrals computed using PRISM.
 NBasis=    20 RedAO= F EigKep=  0.00D+00  NBF=    20
 NBsUse=    20 1.00D-04 EigRej=  0.00D+00 NBFU=    20
 Initial guess from the checkpoint file:  "/scratch/1715567.1.multiway.q/Gau-186785.chk"
 B after Tr=     0.000000    0.000000    0.000000
         Rot=    0.803548    0.595240   -0.000014   -0.000030 Ang=  73.06 deg.
 Overlap will be assumed to be unity.
 Keep J ints in memory in canonical form, NReq=1875445.
 Requested convergence on RMS density matrix=1.00D-08 within 128 cycles.
 Requested convergence on MAX density matrix=1.00D-06.
 Requested convergence on             energy=1.00D-06.
 No special actions if energy rises.
 SCF Done:  E(RPM6) = -0.149348450087     A.U. after   12 cycles
            NFock= 11  Conv=0.13D-08     -V/T= 0.9886
 Calling FoFJK, ICntrl=      2127 FMM=F ISym2X=0 I1Cent= 0 IOpClX= 0 NMat=1 NMatS=1 NMatT=0.
 ***** Axes restored to original set *****
 -------------------------------------------------------------------
 Center     Atomic                   Forces (Hartrees/Bohr)
 Number     Number              X              Y              Z
 -------------------------------------------------------------------
      1        6          -0.066206410   -0.001904685    0.000917120
      2        1          -0.000108690    0.000092186   -0.000052008
      3        1           0.000155377    0.000082154    0.000006089
      4        1           0.000064389    0.000182999   -0.000291900
      5       17           0.068999451    0.001618766   -0.000591410
      6        9          -0.002904117   -0.000071421    0.000012109
 -------------------------------------------------------------------
 Cartesian Forces:  Max     0.068999451 RMS     0.022558896

 GradGradGradGradGradGradGradGradGradGradGradGradGradGradGradGradGradGrad
 Berny optimization.
 Using GEDIIS/GDIIS optimizer.
 FormGI is forming the generalized inverse of G from B-inverse, IUseBI=4.
 Internal  Forces:  Max     0.025637015 RMS     0.007127345
 Search for a local minimum.
 Step number   2 out of a maximum of   45 on scan point    15 out of    21
 All quantities printed in internal units (Hartrees-Bohrs-Radians)
 Mixed Optimization -- En-DIIS/RFO-DIIS
 Update second derivatives using D2CorX and points    1    2
 DE= -7.17D-04 DEPred=-6.18D-04 R= 1.16D+00
 TightC=F SS=  1.41D+00  RLast= 1.79D-01 DXNew= 4.7355D-01 5.3646D-01
 Trust test= 1.16D+00 RLast= 1.79D-01 DXMaxT set to 4.74D-01
 ITU=  1  0
 Use linear search instead of GDIIS.
     Eigenvalues ---    0.00875   0.01720   0.02585   0.03925   0.08342
     Eigenvalues ---    0.08885   0.09898   0.19128   0.25442   0.28758
     Eigenvalues ---    0.310421000.000001000.000001000.000001000.00000
     Eigenvalues --- 1000.000001000.000001000.000001000.000001000.00000
     Eigenvalues --- 1000.000001000.000001000.000001000.000001000.00000
     Eigenvalues --- 1000.000001000.000001000.000001000.000001000.00000
     Eigenvalues --- 1000.000001000.000001000.000001000.000001000.00000
 RFO step:  Lambda=-1.01240995D-05 EMin= 8.74648426D-03
 Quartic linear search produced a step of  0.31860.
 Iteration  1 RMS(Cart)=  0.00454673 RMS(Int)=  0.00019884
 Iteration  2 RMS(Cart)=  0.00002918 RMS(Int)=  0.00019600
 Iteration  3 RMS(Cart)=  0.00000000 RMS(Int)=  0.00019600
 Iteration  1 RMS(Cart)=  0.00001189 RMS(Int)=  0.00002986
 Iteration  2 RMS(Cart)=  0.00000748 RMS(Int)=  0.00003316
 Iteration  3 RMS(Cart)=  0.00000470 RMS(Int)=  0.00003800
 Iteration  4 RMS(Cart)=  0.00000296 RMS(Int)=  0.00004177
 Iteration  5 RMS(Cart)=  0.00000186 RMS(Int)=  0.00004436
 Iteration  6 RMS(Cart)=  0.00000117 RMS(Int)=  0.00004605
 Iteration  7 RMS(Cart)=  0.00000074 RMS(Int)=  0.00004714
 Variable       Old X    -DE/DX   Delta X   Delta X   Delta X     New X
                                 (Linear)    (Quad)   (Total)
    R1        2.06748  -0.00268  -0.00443   0.00169  -0.00264   2.06484
    R2        2.06671  -0.00256  -0.00469   0.00262  -0.00198   2.06473
    R3        2.06540  -0.00232  -0.00506   0.00356  -0.00141   2.06399
    R4        4.00623   0.02564   0.00000   0.00000   0.00000   4.00623
    R5        2.85948   0.00290   0.02496   0.00150   0.02646   2.88594
    R6        4.31609   0.01470   0.01448   0.00866   0.02291   4.33900
    R7        4.32393   0.01459   0.01672   0.00095   0.01745   4.34138
    R8        4.31951   0.01471   0.01569   0.00005   0.01552   4.33503
    A1        2.07572  -0.00118   0.00309   0.00240   0.00488   2.08060
    A2        2.07781  -0.00127   0.00374   0.00049   0.00364   2.08145
    A3        1.67142   0.00359  -0.00899  -0.00169  -0.01065   1.66077
    A4        2.07773  -0.00127   0.00373  -0.00170   0.00143   2.07916
    A5        1.67079   0.00365  -0.00916  -0.00088  -0.01003   1.66075
    A6        1.67133   0.00363  -0.00903  -0.00089  -0.00991   1.66142
    A7        1.17667   0.00632  -0.00592  -0.00379  -0.00968   1.16699
    A8        1.17336   0.00635  -0.00686  -0.00053  -0.00738   1.16598
    A9        1.17531   0.00629  -0.00640  -0.00019  -0.00658   1.16873
   A10        0.84959  -0.00453  -0.00449   0.00058  -0.00392   0.84567
   A11        0.85033  -0.00452  -0.00429   0.00037  -0.00393   0.84639
   A12        0.84932  -0.00447  -0.00458   0.00079  -0.00380   0.84552
    D1       -1.40040   0.00607  -0.01535  -0.00191  -0.01747  -1.41787
    D2        1.39759  -0.00605   0.01468   0.00154   0.01642   1.41401
    D3        3.14071  -0.00001  -0.00020  -0.00038  -0.00058   3.14013
    D4        1.39792  -0.00602   0.01464   0.00438   0.01921   1.41713
    D5       -1.40009   0.00611  -0.01540   0.00049  -0.01507  -1.41516
    D6        3.14037   0.00003  -0.00042   0.00238   0.00196  -3.14086
    D7       -1.39631   0.00601  -0.01424  -0.00437  -0.01881  -1.41512
    D8        1.40128  -0.00611   0.01567  -0.00011   0.01574   1.41701
    D9       -3.13949  -0.00002   0.00061  -0.00199  -0.00137  -3.14086
   D10        0.58111  -0.00067  -0.00061  -0.00030  -0.00091   0.58020
   D11       -0.57986   0.00060   0.00099  -0.00091   0.00007  -0.57980
   D12       -0.58226   0.00074   0.00026   0.00149   0.00175  -0.58051
   D13        0.58075  -0.00062  -0.00074   0.00123   0.00051   0.58126
   D14        0.58089  -0.00071  -0.00066  -0.00067  -0.00131   0.57958
   D15       -0.58063   0.00067   0.00075  -0.00083  -0.00009  -0.58072
         Item               Value     Threshold  Converged?
 Maximum Force            0.002905     0.000450     NO 
 RMS     Force            0.000503     0.000300     NO 
 Maximum Displacement     0.015031     0.001800     NO 
 RMS     Displacement     0.004540     0.001200     NO 
 Predicted change in Energy=-1.743432D-05
 GradGradGradGradGradGradGradGradGradGradGradGradGradGradGradGradGradGrad

                          Input orientation:                          
 ---------------------------------------------------------------------
 Center     Atomic      Atomic             Coordinates (Angstroms)
 Number     Number       Type             X           Y           Z
 ---------------------------------------------------------------------
      1          6           0        0.512238   -0.893538   -0.007690
      2          1           0        0.635616   -1.979215   -0.008181
      3          1           0        0.605384   -0.346753    0.933659
      4          1           0        0.590789   -0.346934   -0.950022
      5         17           0        2.631575   -0.844388   -0.027985
      6          9           0       -1.014474   -0.928941    0.004700
 ---------------------------------------------------------------------
                    Distance matrix (angstroms):
                    1          2          3          4          5
     1  C    0.000000
     2  H    1.092664   0.000000
     3  H    1.092606   1.884916   0.000000
     4  H    1.092217   1.885050   1.883737   0.000000
     5  Cl   2.120005   2.296100   2.297357   2.293997   0.000000
     6  F    1.527173   1.956027   1.955978   1.956297   3.647177
                    6
     6  F    0.000000
 Stoichiometry    CH3ClF(1-)
 Framework group  C1[X(CH3ClF)]
 Deg. of freedom    12
 Full point group                 C1      NOp   1
 Largest Abelian subgroup         C1      NOp   1
 Largest concise Abelian subgroup C1      NOp   1
                         Standard orientation:                         
 ---------------------------------------------------------------------
 Center     Atomic      Atomic             Coordinates (Angstroms)
 Number     Number       Type             X           Y           Z
 ---------------------------------------------------------------------
      1          6           0        0.645449    0.000067    0.000848
      2          1           0        0.547272    1.087163   -0.049134
      3          1           0        0.548207   -0.500204    0.967316
      4          1           0        0.545690   -0.587573   -0.914392
      5         17           0       -1.474556    0.000014   -0.000187
      6          9           0        2.172621   -0.000002   -0.000634
 ---------------------------------------------------------------------
 Rotational constants (GHZ):    141.1907415      2.9146634      2.9146105
 Standard basis: VSTO-6G (5D, 7F)
 There are    21 symmetry adapted cartesian basis functions of A   symmetry.
 There are    20 symmetry adapted basis functions of A   symmetry.
    20 basis functions,   126 primitive gaussians,    21 cartesian basis functions
    11 alpha electrons       11 beta electrons
       nuclear repulsion energy        68.3097586216 Hartrees.
 Integral buffers will be    131072 words long.
 Regular integral format.
 Two-electron integral symmetry is turned off.
 Do NDO integrals.
 One-electron integrals computed using PRISM.
 NBasis=    20 RedAO= F EigKep=  0.00D+00  NBF=    20
 NBsUse=    20 1.00D-04 EigRej=  0.00D+00 NBFU=    20
 Initial guess from the checkpoint file:  "/scratch/1715567.1.multiway.q/Gau-186785.chk"
 B after Tr=     0.000000    0.000000    0.000000
         Rot=    0.951128   -0.308796    0.000004    0.000038 Ang= -35.97 deg.
 Overlap will be assumed to be unity.
 Keep J ints in memory in canonical form, NReq=1875445.
 Requested convergence on RMS density matrix=1.00D-08 within 128 cycles.
 Requested convergence on MAX density matrix=1.00D-06.
 Requested convergence on             energy=1.00D-06.
 No special actions if energy rises.
 SCF Done:  E(RPM6) = -0.149376715762     A.U. after   11 cycles
            NFock= 10  Conv=0.34D-08     -V/T= 0.9886
 Calling FoFJK, ICntrl=      2127 FMM=F ISym2X=0 I1Cent= 0 IOpClX= 0 NMat=1 NMatS=1 NMatT=0.
 ***** Axes restored to original set *****
 -------------------------------------------------------------------
 Center     Atomic                   Forces (Hartrees/Bohr)
 Number     Number              X              Y              Z
 -------------------------------------------------------------------
      1        6          -0.067098745   -0.001579458    0.000755208
      2        1           0.000550764   -0.000071639   -0.000012837
      3        1           0.000603967    0.000027278    0.000151195
      4        1           0.000426810    0.000114756   -0.000334533
      5       17           0.066149050    0.001519560   -0.000555108
      6        9          -0.000631846   -0.000010498   -0.000003924
 -------------------------------------------------------------------
 Cartesian Forces:  Max     0.067098745 RMS     0.022217391

 GradGradGradGradGradGradGradGradGradGradGradGradGradGradGradGradGradGrad
 Berny optimization.
 Using GEDIIS/GDIIS optimizer.
 FormGI is forming the generalized inverse of G from B-inverse, IUseBI=4.
 Internal  Forces:  Max     0.024683762 RMS     0.006852044
 Search for a local minimum.
 Step number   3 out of a maximum of   45 on scan point    15 out of    21
 All quantities printed in internal units (Hartrees-Bohrs-Radians)
 Mixed Optimization -- En-DIIS/RFO-DIIS
 Swapping is turned off.
 Update second derivatives using D2CorX and points    1    2    3
 DE= -2.83D-05 DEPred=-1.74D-05 R= 1.62D+00
 TightC=F SS=  1.41D+00  RLast= 6.45D-02 DXNew= 7.9640D-01 1.9338D-01
 Trust test= 1.62D+00 RLast= 6.45D-02 DXMaxT set to 4.74D-01
 ITU=  1  1  0
     Eigenvalues ---    0.00878   0.01555   0.02530   0.03908   0.08354
     Eigenvalues ---    0.08887   0.09960   0.17903   0.25336   0.27428
     Eigenvalues ---    0.309491000.000001000.000001000.000001000.00000
     Eigenvalues --- 1000.000001000.000001000.000001000.000001000.00000
     Eigenvalues --- 1000.000001000.000001000.000001000.000001000.00000
     Eigenvalues --- 1000.000001000.000001000.000001000.000001000.00000
     Eigenvalues --- 1000.000001000.000001000.000001000.000001000.00000
 En-DIIS/RFO-DIIS IScMMF=        0 using points:     3    2
 RFO step:  Lambda=-5.48226557D-05.
 DidBck=F Rises=F RFO-DIIS coefs:    0.80111    0.19889
 Iteration  1 RMS(Cart)=  0.00187562 RMS(Int)=  0.00000820
 Iteration  2 RMS(Cart)=  0.00000523 RMS(Int)=  0.00000404
 Iteration  3 RMS(Cart)=  0.00000000 RMS(Int)=  0.00000404
 Iteration  1 RMS(Cart)=  0.00000128 RMS(Int)=  0.00000321
 Iteration  2 RMS(Cart)=  0.00000080 RMS(Int)=  0.00000356
 Variable       Old X    -DE/DX   Delta X   Delta X   Delta X     New X
                                 (Linear)    (Quad)   (Total)
    R1        2.06484  -0.00249   0.00053   0.00045   0.00097   2.06581
    R2        2.06473  -0.00244   0.00039   0.00068   0.00107   2.06580
    R3        2.06399  -0.00229   0.00028   0.00075   0.00103   2.06502
    R4        4.00623   0.02468   0.00000   0.00000   0.00000   4.00623
    R5        2.88594   0.00063  -0.00526   0.00257  -0.00269   2.88325
    R6        4.33900   0.01400  -0.00456  -0.00456  -0.00913   4.32987
    R7        4.34138   0.01397  -0.00347  -0.00683  -0.01032   4.33106
    R8        4.33503   0.01411  -0.00309  -0.00091  -0.00401   4.33102
    A1        2.08060  -0.00111  -0.00097  -0.00121  -0.00218   2.07841
    A2        2.08145  -0.00115  -0.00072  -0.00054  -0.00126   2.08019
    A3        1.66077   0.00357   0.00212   0.00235   0.00446   1.66523
    A4        2.07916  -0.00104  -0.00028  -0.00037  -0.00065   2.07851
    A5        1.66075   0.00358   0.00200   0.00258   0.00457   1.66532
    A6        1.66142   0.00354   0.00197   0.00198   0.00395   1.66536
    A7        1.16699   0.00612   0.00192   0.00195   0.00386   1.17085
    A8        1.16598   0.00612   0.00147   0.00291   0.00437   1.17035
    A9        1.16873   0.00607   0.00131   0.00037   0.00167   1.17040
   A10        0.84567  -0.00427   0.00078   0.00111   0.00189   0.84756
   A11        0.84639  -0.00426   0.00078   0.00069   0.00147   0.84787
   A12        0.84552  -0.00422   0.00076   0.00102   0.00178   0.84730
    D1       -1.41787   0.00602   0.00347   0.00559   0.00905  -1.40881
    D2        1.41401  -0.00598  -0.00327  -0.00211  -0.00537   1.40864
    D3        3.14013   0.00000   0.00012   0.00145   0.00157  -3.14149
    D4        1.41713  -0.00601  -0.00382  -0.00486  -0.00868   1.40845
    D5       -1.41516   0.00599   0.00300   0.00285   0.00584  -1.40932
    D6       -3.14086   0.00000  -0.00039  -0.00087  -0.00126   3.14107
    D7       -1.41512   0.00598   0.00374   0.00319   0.00693  -1.40820
    D8        1.41701  -0.00602  -0.00313  -0.00465  -0.00777   1.40924
    D9       -3.14086  -0.00001   0.00027  -0.00059  -0.00032  -3.14118
   D10        0.58020  -0.00061   0.00018   0.00048   0.00066   0.58086
   D11       -0.57980   0.00058  -0.00001   0.00004   0.00003  -0.57977
   D12       -0.58051   0.00063  -0.00035  -0.00014  -0.00049  -0.58100
   D13        0.58126  -0.00065  -0.00010  -0.00037  -0.00047   0.58079
   D14        0.57958  -0.00063   0.00026   0.00030   0.00057   0.58015
   D15       -0.58072   0.00067   0.00002  -0.00032  -0.00030  -0.58102
         Item               Value     Threshold  Converged?
 Maximum Force            0.000632     0.000450     NO 
 RMS     Force            0.000168     0.000300     YES
 Maximum Displacement     0.005538     0.001800     NO 
 RMS     Displacement     0.001877     0.001200     NO 
 Predicted change in Energy=-6.156841D-06
 GradGradGradGradGradGradGradGradGradGradGradGradGradGradGradGradGradGrad

                          Input orientation:                          
 ---------------------------------------------------------------------
 Center     Atomic      Atomic             Coordinates (Angstroms)
 Number     Number       Type             X           Y           Z
 ---------------------------------------------------------------------
      1          6           0        0.509613   -0.893344   -0.008188
      2          1           0        0.638151   -1.978940   -0.008486
      3          1           0        0.608315   -0.346816    0.933403
      4          1           0        0.591728   -0.346756   -0.950859
      5         17           0        2.628982   -0.844842   -0.026632
      6          9           0       -1.015660   -0.929070    0.005242
 ---------------------------------------------------------------------
                    Distance matrix (angstroms):
                    1          2          3          4          5
     1  C    0.000000
     2  H    1.093180   0.000000
     3  H    1.093174   1.884642   0.000000
     4  H    1.092763   1.885272   1.884336   0.000000
     5  Cl   2.120005   2.291270   2.291898   2.291876   0.000000
     6  F    1.525750   1.958955   1.959029   1.958805   3.645755
                    6
     6  F    0.000000
 Stoichiometry    CH3ClF(1-)
 Framework group  C1[X(CH3ClF)]
 Deg. of freedom    12
 Full point group                 C1      NOp   1
 Largest Abelian subgroup         C1      NOp   1
 Largest concise Abelian subgroup C1      NOp   1
                         Standard orientation:                         
 ---------------------------------------------------------------------
 Center     Atomic      Atomic             Coordinates (Angstroms)
 Number     Number       Type             X           Y           Z
 ---------------------------------------------------------------------
      1          6           0        0.646222   -0.000335    0.000012
      2          1           0        0.542757    1.018430   -0.382683
      3          1           0        0.543179   -0.177646    1.073777
      4          1           0        0.543284   -0.841678   -0.689680
      5         17           0       -1.473783    0.000065   -0.000037
      6          9           0        2.171972    0.000201   -0.000094
 ---------------------------------------------------------------------
 Rotational constants (GHZ):    141.1640967      2.9169046      2.9168693
 Standard basis: VSTO-6G (5D, 7F)
 There are    21 symmetry adapted cartesian basis functions of A   symmetry.
 There are    20 symmetry adapted basis functions of A   symmetry.
    20 basis functions,   126 primitive gaussians,    21 cartesian basis functions
    11 alpha electrons       11 beta electrons
       nuclear repulsion energy        68.3164785264 Hartrees.
 Integral buffers will be    131072 words long.
 Regular integral format.
 Two-electron integral symmetry is turned off.
 Do NDO integrals.
 One-electron integrals computed using PRISM.
 NBasis=    20 RedAO= F EigKep=  0.00D+00  NBF=    20
 NBsUse=    20 1.00D-04 EigRej=  0.00D+00 NBFU=    20
 Initial guess from the checkpoint file:  "/scratch/1715567.1.multiway.q/Gau-186785.chk"
 B after Tr=     0.000000    0.000000    0.000000
         Rot=    0.987734    0.156148    0.000027   -0.000016 Ang=  17.97 deg.
 Overlap will be assumed to be unity.
 Keep J ints in memory in canonical form, NReq=1875445.
 Requested convergence on RMS density matrix=1.00D-08 within 128 cycles.
 Requested convergence on MAX density matrix=1.00D-06.
 Requested convergence on             energy=1.00D-06.
 No special actions if energy rises.
 SCF Done:  E(RPM6) = -0.149383310443     A.U. after   10 cycles
            NFock=  9  Conv=0.66D-08     -V/T= 0.9886
 Calling FoFJK, ICntrl=      2127 FMM=F ISym2X=0 I1Cent= 0 IOpClX= 0 NMat=1 NMatS=1 NMatT=0.
 ***** Axes restored to original set *****
 -------------------------------------------------------------------
 Center     Atomic                   Forces (Hartrees/Bohr)
 Number     Number              X              Y              Z
 -------------------------------------------------------------------
      1        6          -0.066923309   -0.001611469    0.000810781
      2        1          -0.000024254    0.000082497   -0.000056631
      3        1          -0.000005469   -0.000027111   -0.000048703
      4        1           0.000024961    0.000000466   -0.000111485
      5       17           0.067003299    0.001551383   -0.000589951
      6        9          -0.000075227    0.000004235   -0.000004012
 -------------------------------------------------------------------
 Cartesian Forces:  Max     0.067003299 RMS     0.022328622

 GradGradGradGradGradGradGradGradGradGradGradGradGradGradGradGradGradGrad
 Berny optimization.
 Using GEDIIS/GDIIS optimizer.
 FormGI is forming the generalized inverse of G from B-inverse, IUseBI=4.
 Internal  Forces:  Max     0.024881511 RMS     0.006903027
 Search for a local minimum.
 Step number   4 out of a maximum of   45 on scan point    15 out of    21
 All quantities printed in internal units (Hartrees-Bohrs-Radians)
 Mixed Optimization -- En-DIIS/RFO-DIIS
 Swapping is turned off.
 Update second derivatives using D2CorX and points    1    2    3    4
 DE= -6.59D-06 DEPred=-6.16D-06 R= 1.07D+00
 TightC=F SS=  1.41D+00  RLast= 2.57D-02 DXNew= 7.9640D-01 7.7022D-02
 Trust test= 1.07D+00 RLast= 2.57D-02 DXMaxT set to 4.74D-01
 ITU=  1  1  1  0
     Eigenvalues ---    0.00887   0.01507   0.02536   0.03931   0.08345
     Eigenvalues ---    0.08856   0.09989   0.17489   0.25566   0.25688
     Eigenvalues ---    0.309451000.000001000.000001000.000001000.00000
     Eigenvalues --- 1000.000001000.000001000.000001000.000001000.00000
     Eigenvalues --- 1000.000001000.000001000.000001000.000001000.00000
     Eigenvalues --- 1000.000001000.000001000.000001000.000001000.00000
     Eigenvalues --- 1000.000001000.000001000.000001000.000001000.00000
 En-DIIS/RFO-DIIS IScMMF=        0 using points:     4    3    2
 RFO step:  Lambda=-5.28135874D-05.
 DidBck=F Rises=F RFO-DIIS coefs:    1.01236    0.01649   -0.02886
 Iteration  1 RMS(Cart)=  0.00032141 RMS(Int)=  0.00000344
 Iteration  2 RMS(Cart)=  0.00000007 RMS(Int)=  0.00000344
 Iteration  1 RMS(Cart)=  0.00000136 RMS(Int)=  0.00000342
 Iteration  2 RMS(Cart)=  0.00000086 RMS(Int)=  0.00000380
 Variable       Old X    -DE/DX   Delta X   Delta X   Delta X     New X
                                 (Linear)    (Quad)   (Total)
    R1        2.06581  -0.00268  -0.00006  -0.00029  -0.00035   2.06546
    R2        2.06580  -0.00266  -0.00004  -0.00017  -0.00021   2.06559
    R3        2.06502  -0.00253  -0.00003   0.00030   0.00027   2.06529
    R4        4.00623   0.02488   0.00000   0.00000   0.00000   4.00623
    R5        2.88325   0.00008   0.00073  -0.00007   0.00067   2.88391
    R6        4.32987   0.01424   0.00055   0.00083   0.00136   4.33124
    R7        4.33106   0.01423   0.00038  -0.00015   0.00021   4.33127
    R8        4.33102   0.01425   0.00040  -0.00114  -0.00076   4.33026
    A1        2.07841  -0.00110   0.00011   0.00021   0.00033   2.07874
    A2        2.08019  -0.00118   0.00009  -0.00052  -0.00043   2.07976
    A3        1.66523   0.00349  -0.00025   0.00013  -0.00013   1.66510
    A4        2.07851  -0.00110   0.00003   0.00023   0.00026   2.07877
    A5        1.66532   0.00349  -0.00023   0.00009  -0.00015   1.66517
    A6        1.66536   0.00349  -0.00024   0.00003  -0.00021   1.66516
    A7        1.17085   0.00613  -0.00023  -0.00033  -0.00057   1.17029
    A8        1.17035   0.00613  -0.00016   0.00008  -0.00008   1.17027
    A9        1.17040   0.00612  -0.00017   0.00049   0.00031   1.17071
   A10        0.84756  -0.00442  -0.00009  -0.00011  -0.00020   0.84736
   A11        0.84787  -0.00442  -0.00010  -0.00010  -0.00020   0.84767
   A12        0.84730  -0.00439  -0.00009   0.00022   0.00014   0.84743
    D1       -1.40881   0.00585  -0.00039  -0.00018  -0.00057  -1.40939
    D2        1.40864  -0.00587   0.00041  -0.00040   0.00001   1.40865
    D3       -3.14149  -0.00001   0.00000  -0.00039  -0.00039   3.14131
    D4        1.40845  -0.00584   0.00045   0.00049   0.00094   1.40939
    D5       -1.40932   0.00588  -0.00036   0.00086   0.00049  -1.40883
    D6        3.14107   0.00002   0.00004   0.00073   0.00077  -3.14134
    D7       -1.40820   0.00585  -0.00046  -0.00027  -0.00073  -1.40893
    D8        1.40924  -0.00587   0.00036  -0.00050  -0.00013   1.40910
    D9       -3.14118  -0.00001  -0.00004  -0.00034  -0.00038  -3.14156
   D10        0.58086  -0.00067  -0.00002  -0.00002  -0.00004   0.58082
   D11       -0.57977   0.00060   0.00000  -0.00047  -0.00047  -0.58024
   D12       -0.58100   0.00067   0.00004   0.00018   0.00022  -0.58078
   D13        0.58079  -0.00065   0.00001  -0.00004  -0.00003   0.58076
   D14        0.58015  -0.00065  -0.00003   0.00006   0.00003   0.58018
   D15       -0.58102   0.00068  -0.00001   0.00030   0.00029  -0.58073
         Item               Value     Threshold  Converged?
 Maximum Force            0.000084     0.000450     YES
 RMS     Force            0.000029     0.000300     YES
 Maximum Displacement     0.000982     0.001800     YES
 RMS     Displacement     0.000321     0.001200     YES
 Predicted change in Energy=-1.496740D-07
 Optimization completed.
    -- Stationary point found.
                           ----------------------------
                           !   Optimized Parameters   !
                           ! (Angstroms and Degrees)  !
 --------------------------                            --------------------------
 ! Name  Definition              Value          Derivative Info.                !
 --------------------------------------------------------------------------------
 ! R1    R(1,2)                  1.0932         -DE/DX =   -0.0027              !
 ! R2    R(1,3)                  1.0932         -DE/DX =   -0.0027              !
 ! R3    R(1,4)                  1.0928         -DE/DX =   -0.0025              !
 ! R4    R(1,5)                  2.12           -DE/DX =    0.0249              !
 ! R5    R(1,6)                  1.5257         -DE/DX =    0.0001              !
 ! R6    R(2,5)                  2.2913         -DE/DX =    0.0142              !
 ! R7    R(3,5)                  2.2919         -DE/DX =    0.0142              !
 ! R8    R(4,5)                  2.2919         -DE/DX =    0.0143              !
 ! A1    A(2,1,3)              119.0843         -DE/DX =   -0.0011              !
 ! A2    A(2,1,4)              119.1862         -DE/DX =   -0.0012              !
 ! A3    A(2,1,6)               95.4107         -DE/DX =    0.0035              !
 ! A4    A(3,1,4)              119.0898         -DE/DX =   -0.0011              !
 ! A5    A(3,1,6)               95.416          -DE/DX =    0.0035              !
 ! A6    A(4,1,6)               95.4183         -DE/DX =    0.0035              !
 ! A7    A(1,2,5)               67.085          -DE/DX =    0.0061              !
 ! A8    A(1,3,5)               67.056          -DE/DX =    0.0061              !
 ! A9    A(1,4,5)               67.059          -DE/DX =    0.0061              !
 ! A10   A(2,5,3)               48.5617         -DE/DX =   -0.0044              !
 ! A11   A(2,5,4)               48.5792         -DE/DX =   -0.0044              !
 ! A12   A(3,5,4)               48.5464         -DE/DX =   -0.0044              !
 ! D1    D(3,1,2,5)            -80.7191         -DE/DX =    0.0059              !
 ! D2    D(4,1,2,5)             80.7091         -DE/DX =   -0.0059              !
 ! D3    D(6,1,2,5)            180.0059         -DE/DX =    0.0                 !
 ! D4    D(2,1,3,5)             80.6983         -DE/DX =   -0.0058              !
 ! D5    D(4,1,3,5)            -80.748          -DE/DX =    0.0059              !
 ! D6    D(6,1,3,5)           -180.0298         -DE/DX =    0.0                 !
 ! D7    D(2,1,4,5)            -80.6838         -DE/DX =    0.0059              !
 ! D8    D(3,1,4,5)             80.7434         -DE/DX =   -0.0059              !
 ! D9    D(6,1,4,5)           -179.9762         -DE/DX =    0.0                 !
 ! D10   D(1,2,5,3)             33.2806         -DE/DX =   -0.0007              !
 ! D11   D(1,2,5,4)            -33.2184         -DE/DX =    0.0006              !
 ! D12   D(1,3,5,2)            -33.2889         -DE/DX =    0.0007              !
 ! D13   D(1,3,5,4)             33.2767         -DE/DX =   -0.0006              !
 ! D14   D(1,4,5,2)             33.2399         -DE/DX =   -0.0006              !
 ! D15   D(1,4,5,3)            -33.2901         -DE/DX =    0.0007              !
 --------------------------------------------------------------------------------
 Iteration  1 RMS(Cart)=  0.01008463 RMS(Int)=  0.02531981
 Iteration  2 RMS(Cart)=  0.00011036 RMS(Int)=  0.02531950
 Iteration  3 RMS(Cart)=  0.00000093 RMS(Int)=  0.02531950
 Iteration  1 RMS(Cart)=  0.00636262 RMS(Int)=  0.01588796
 Iteration  2 RMS(Cart)=  0.00400561 RMS(Int)=  0.01764056
 Iteration  3 RMS(Cart)=  0.00251608 RMS(Int)=  0.02020748
 Iteration  4 RMS(Cart)=  0.00157813 RMS(Int)=  0.02220203
 Iteration  5 RMS(Cart)=  0.00098889 RMS(Int)=  0.02356290
 Iteration  6 RMS(Cart)=  0.00061929 RMS(Int)=  0.02445094
 Iteration  7 RMS(Cart)=  0.00038768 RMS(Int)=  0.02501927
 Iteration  8 RMS(Cart)=  0.00024264 RMS(Int)=  0.02537948
 Iteration  9 RMS(Cart)=  0.00015183 RMS(Int)=  0.02560657
 Iteration 10 RMS(Cart)=  0.00009500 RMS(Int)=  0.02574931
 Iteration 11 RMS(Cart)=  0.00005944 RMS(Int)=  0.02583886
 Iteration 12 RMS(Cart)=  0.00003719 RMS(Int)=  0.02589498
 Iteration 13 RMS(Cart)=  0.00002327 RMS(Int)=  0.02593013
 Iteration 14 RMS(Cart)=  0.00001456 RMS(Int)=  0.02595213
 Iteration 15 RMS(Cart)=  0.00000911 RMS(Int)=  0.02596591
 Iteration 16 RMS(Cart)=  0.00000570 RMS(Int)=  0.02597452
 Iteration 17 RMS(Cart)=  0.00000356 RMS(Int)=  0.02597992
 Iteration 18 RMS(Cart)=  0.00000223 RMS(Int)=  0.02598329
 Iteration 19 RMS(Cart)=  0.00000140 RMS(Int)=  0.02598540
 Iteration 20 RMS(Cart)=  0.00000087 RMS(Int)=  0.02598672
 GradGradGradGradGradGradGradGradGradGradGradGradGradGradGradGradGradGrad

                          Input orientation:                          
 ---------------------------------------------------------------------
 Center     Atomic      Atomic             Coordinates (Angstroms)
 Number     Number       Type             X           Y           Z
 ---------------------------------------------------------------------
      1          6           0        0.540241   -0.892815   -0.008247
      2          1           0        0.640959   -1.992567   -0.008541
      3          1           0        0.611081   -0.340176    0.945329
      4          1           0        0.594622   -0.340216   -0.962723
      5         17           0        2.559622   -0.845941   -0.026229
      6          9           0       -0.985397   -0.928053    0.004892
 ---------------------------------------------------------------------
                    Distance matrix (angstroms):
                    1          2          3          4          5
     1  C    0.000000
     2  H    1.104354   0.000000
     3  H    1.104416   1.908181   0.000000
     4  H    1.104240   1.908631   1.908123   0.000000
     5  Cl   2.020005   2.235248   2.235293   2.234726   0.000000
     6  F    1.526102   1.943812   1.943905   1.943783   3.546107
                    6
     6  F    0.000000
 Stoichiometry    CH3ClF(1-)
 Framework group  C1[X(CH3ClF)]
 Deg. of freedom    12
 Full point group                 C1      NOp   1
 Largest Abelian subgroup         C1      NOp   1
 Largest concise Abelian subgroup C1      NOp   1
                         Standard orientation:                         
 ---------------------------------------------------------------------
 Center     Atomic      Atomic             Coordinates (Angstroms)
 Number     Number       Type             X           Y           Z
 ---------------------------------------------------------------------
      1          6           0        0.595177    0.000137    0.000099
      2          1           0        0.519961    0.981858   -0.500065
      3          1           0        0.519951   -0.057116    1.100462
      4          1           0        0.519610   -0.924192   -0.599276
      5         17           0       -1.424829   -0.000030   -0.000042
      6          9           0        2.121278   -0.000096   -0.000112
 ---------------------------------------------------------------------
 Rotational constants (GHZ):    137.6998311      3.0933904      3.0933670
 Standard basis: VSTO-6G (5D, 7F)
 There are    21 symmetry adapted cartesian basis functions of A   symmetry.
 There are    20 symmetry adapted basis functions of A   symmetry.
    20 basis functions,   126 primitive gaussians,    21 cartesian basis functions
    11 alpha electrons       11 beta electrons
       nuclear repulsion energy        68.8094506991 Hartrees.
 Integral buffers will be    131072 words long.
 Regular integral format.
 Two-electron integral symmetry is turned off.
 Do NDO integrals.
 One-electron integrals computed using PRISM.
 NBasis=    20 RedAO= F EigKep=  0.00D+00  NBF=    20
 NBsUse=    20 1.00D-04 EigRej=  0.00D+00 NBFU=    20
 Initial guess from the checkpoint file:  "/scratch/1715567.1.multiway.q/Gau-186785.chk"
 B after Tr=     0.000000    0.000000    0.000000
         Rot=    0.998442    0.055791   -0.000001    0.000010 Ang=   6.40 deg.
 Overlap will be assumed to be unity.
 Keep J ints in memory in canonical form, NReq=1875445.
 Requested convergence on RMS density matrix=1.00D-08 within 128 cycles.
 Requested convergence on MAX density matrix=1.00D-06.
 Requested convergence on             energy=1.00D-06.
 No special actions if energy rises.
 SCF Done:  E(RPM6) = -0.135136585604     A.U. after   12 cycles
            NFock= 11  Conv=0.28D-08     -V/T= 0.9897
 Calling FoFJK, ICntrl=      2127 FMM=F ISym2X=0 I1Cent= 0 IOpClX= 0 NMat=1 NMatS=1 NMatT=0.
 ***** Axes restored to original set *****
 -------------------------------------------------------------------
 Center     Atomic                   Forces (Hartrees/Bohr)
 Number     Number              X              Y              Z
 -------------------------------------------------------------------
      1        6          -0.064651420   -0.001482904    0.000671596
      2        1          -0.002525084    0.003687777   -0.000010639
      3        1          -0.002431518   -0.001936235   -0.003229269
      4        1          -0.002392572   -0.001929897    0.003197954
      5       17           0.084938772    0.001961518   -0.000743669
      6        9          -0.012938178   -0.000300259    0.000114027
 -------------------------------------------------------------------
 Cartesian Forces:  Max     0.084938772 RMS     0.025417287

 GradGradGradGradGradGradGradGradGradGradGradGradGradGradGradGradGradGrad
 Berny optimization.
 FormGI is forming the generalized inverse of G from B-inverse, IUseBI=4.
 Internal  Forces:  Max     0.031634624 RMS     0.009082966
 Search for a local minimum.
 Step number   1 out of a maximum of   45 on scan point    16 out of    21
 All quantities printed in internal units (Hartrees-Bohrs-Radians)
 Mixed Optimization -- RFO/linear search
 Second derivative matrix not updated -- first step.
 ITU=  0
     Eigenvalues ---    0.00897   0.01538   0.02459   0.03833   0.08346
     Eigenvalues ---    0.08898   0.10137   0.17323   0.25314   0.25501
     Eigenvalues ---    0.306101000.000001000.000001000.000001000.00000
     Eigenvalues --- 1000.000001000.000001000.000001000.000001000.00000
     Eigenvalues --- 1000.000001000.000001000.000001000.000001000.00000
     Eigenvalues --- 1000.000001000.000001000.000001000.000001000.00000
     Eigenvalues --- 1000.000001000.000001000.000001000.000001000.00000
 RFO step:  Lambda=-2.82352521D-03 EMin= 8.96507372D-03
 Linear search not attempted -- first point.
 Iteration  1 RMS(Cart)=  0.02372402 RMS(Int)=  0.00165514
 Iteration  2 RMS(Cart)=  0.00079555 RMS(Int)=  0.00138158
 Iteration  3 RMS(Cart)=  0.00000032 RMS(Int)=  0.00138158
 Iteration  1 RMS(Cart)=  0.00007584 RMS(Int)=  0.00018764
 Iteration  2 RMS(Cart)=  0.00004763 RMS(Int)=  0.00020841
 Iteration  3 RMS(Cart)=  0.00002991 RMS(Int)=  0.00023876
 Iteration  4 RMS(Cart)=  0.00001878 RMS(Int)=  0.00026239
 Iteration  5 RMS(Cart)=  0.00001179 RMS(Int)=  0.00027855
 Iteration  6 RMS(Cart)=  0.00000741 RMS(Int)=  0.00028912
 Iteration  7 RMS(Cart)=  0.00000465 RMS(Int)=  0.00029592
 Iteration  8 RMS(Cart)=  0.00000292 RMS(Int)=  0.00030024
 Iteration  9 RMS(Cart)=  0.00000183 RMS(Int)=  0.00030297
 Iteration 10 RMS(Cart)=  0.00000115 RMS(Int)=  0.00030469
 Iteration 11 RMS(Cart)=  0.00000072 RMS(Int)=  0.00030578
 Variable       Old X    -DE/DX   Delta X   Delta X   Delta X     New X
                                 (Linear)    (Quad)   (Total)
    R1        2.08693  -0.00705   0.00000  -0.02434  -0.02381   2.06312
    R2        2.08704  -0.00706   0.00000  -0.02325  -0.02260   2.06444
    R3        2.08671  -0.00701   0.00000  -0.02277  -0.02197   2.06474
    R4        3.81726   0.03163   0.00000   0.00000   0.00000   3.81726
    R5        2.88391   0.01294   0.00000   0.14277   0.14277   3.02668
    R6        4.22401   0.01762   0.00000   0.07671   0.07549   4.29950
    R7        4.22409   0.01761   0.00000   0.08495   0.08355   4.30764
    R8        4.22302   0.01764   0.00000   0.09686   0.09522   4.31824
    A1        2.08597  -0.00084   0.00000   0.00951   0.00520   2.09117
    A2        2.08705  -0.00089   0.00000   0.01206   0.00757   2.09462
    A3        1.63903   0.00364   0.00000  -0.05033  -0.05036   1.58867
    A4        2.08604  -0.00084   0.00000   0.01446   0.00984   2.09588
    A5        1.63909   0.00364   0.00000  -0.05111  -0.05112   1.58797
    A6        1.63908   0.00365   0.00000  -0.05211  -0.05212   1.58696
    A7        1.12348   0.00806   0.00000  -0.03126  -0.03131   1.09217
    A8        1.12344   0.00806   0.00000  -0.03474  -0.03474   1.08869
    A9        1.12389   0.00805   0.00000  -0.03973  -0.03971   1.08418
   A10        0.88198  -0.00736   0.00000  -0.02621  -0.02628   0.85570
   A11        0.88232  -0.00737   0.00000  -0.02675  -0.02678   0.85554
   A12        0.88206  -0.00735   0.00000  -0.02675  -0.02675   0.85531
    D1       -1.45352   0.00621   0.00000  -0.08394  -0.08451  -1.53803
    D2        1.45280  -0.00621   0.00000   0.09089   0.09171   1.54451
    D3        3.14130   0.00000   0.00000   0.00301   0.00301  -3.13888
    D4        1.45351  -0.00621   0.00000   0.08155   0.08214   1.53565
    D5       -1.45295   0.00621   0.00000  -0.09285  -0.09390  -1.54685
    D6       -3.14135   0.00000   0.00000  -0.00495  -0.00494   3.13690
    D7       -1.45308   0.00621   0.00000  -0.08491  -0.08576  -1.53883
    D8        1.45324  -0.00621   0.00000   0.08925   0.09031   1.54355
    D9       -3.14155   0.00000   0.00000   0.00194   0.00193  -3.13962
   D10        0.58609  -0.00116   0.00000  -0.00343  -0.00321   0.58288
   D11       -0.58551   0.00113   0.00000   0.00525   0.00524  -0.58027
   D12       -0.58607   0.00116   0.00000   0.00267   0.00242  -0.58365
   D13        0.58604  -0.00116   0.00000  -0.00599  -0.00608   0.57996
   D14        0.58544  -0.00114   0.00000  -0.00307  -0.00294   0.58250
   D15       -0.58600   0.00117   0.00000   0.00457   0.00458  -0.58142
         Item               Value     Threshold  Converged?
 Maximum Force            0.012942     0.000450     NO 
 RMS     Force            0.002512     0.000300     NO 
 Maximum Displacement     0.077502     0.001800     NO 
 RMS     Displacement     0.023947     0.001200     NO 
 Predicted change in Energy=-1.458193D-03
 GradGradGradGradGradGradGradGradGradGradGradGradGradGradGradGradGradGrad

                          Input orientation:                          
 ---------------------------------------------------------------------
 Center     Atomic      Atomic             Coordinates (Angstroms)
 Number     Number       Type             X           Y           Z
 ---------------------------------------------------------------------
      1          6           0        0.581123   -0.890446   -0.009674
      2          1           0        0.627647   -1.981207   -0.008683
      3          1           0        0.595758   -0.345296    0.936931
      4          1           0        0.575926   -0.344508   -0.956104
      5         17           0        2.600635   -0.848243   -0.024139
      6          9           0       -1.019961   -0.930068    0.006150
 ---------------------------------------------------------------------
                    Distance matrix (angstroms):
                    1          2          3          4          5
     1  C    0.000000
     2  H    1.091754   0.000000
     3  H    1.092457   1.889816   0.000000
     4  H    1.092614   1.891842   1.893139   0.000000
     5  Cl   2.020004   2.275198   2.279505   2.285115   0.000000
     6  F    1.601652   1.954411   1.954190   1.953374   3.621646
                    6
     6  F    0.000000
 Stoichiometry    CH3ClF(1-)
 Framework group  C1[X(CH3ClF)]
 Deg. of freedom    12
 Full point group                 C1      NOp   1
 Largest Abelian subgroup         C1      NOp   1
 Largest concise Abelian subgroup C1      NOp   1
                         Standard orientation:                         
 ---------------------------------------------------------------------
 Center     Atomic      Atomic             Coordinates (Angstroms)
 Number     Number       Type             X           Y           Z
 ---------------------------------------------------------------------
      1          6           0        0.570890   -0.002432    0.001726
      2          1           0        0.548726    0.352061   -1.030635
      3          1           0        0.551830    0.717026    0.823602
      4          1           0        0.556170   -1.074547    0.211863
      5         17           0       -1.449111    0.000430   -0.000330
      6          9           0        2.172535    0.001416   -0.001065
 ---------------------------------------------------------------------
 Rotational constants (GHZ):    140.1373578      2.9776524      2.9775222
 Standard basis: VSTO-6G (5D, 7F)
 There are    21 symmetry adapted cartesian basis functions of A   symmetry.
 There are    20 symmetry adapted basis functions of A   symmetry.
    20 basis functions,   126 primitive gaussians,    21 cartesian basis functions
    11 alpha electrons       11 beta electrons
       nuclear repulsion energy        68.3562261722 Hartrees.
 Integral buffers will be    131072 words long.
 Regular integral format.
 Two-electron integral symmetry is turned off.
 Do NDO integrals.
 One-electron integrals computed using PRISM.
 NBasis=    20 RedAO= F EigKep=  0.00D+00  NBF=    20
 NBsUse=    20 1.00D-04 EigRej=  0.00D+00 NBFU=    20
 Initial guess from the checkpoint file:  "/scratch/1715567.1.multiway.q/Gau-186785.chk"
 B after Tr=     0.000000    0.000000    0.000000
         Rot=    0.926881    0.375356   -0.000019   -0.000085 Ang=  44.09 deg.
 Overlap will be assumed to be unity.
 Keep J ints in memory in canonical form, NReq=1875445.
 Requested convergence on RMS density matrix=1.00D-08 within 128 cycles.
 Requested convergence on MAX density matrix=1.00D-06.
 Requested convergence on             energy=1.00D-06.
 No special actions if energy rises.
 SCF Done:  E(RPM6) = -0.136919867228     A.U. after   12 cycles
            NFock= 11  Conv=0.23D-08     -V/T= 0.9895
 Calling FoFJK, ICntrl=      2127 FMM=F ISym2X=0 I1Cent= 0 IOpClX= 0 NMat=1 NMatS=1 NMatT=0.
 ***** Axes restored to original set *****
 -------------------------------------------------------------------
 Center     Atomic                   Forces (Hartrees/Bohr)
 Number     Number              X              Y              Z
 -------------------------------------------------------------------
      1        6          -0.061900468   -0.001324444    0.000681326
      2        1          -0.000461380   -0.000603731   -0.000151950
      3        1          -0.000213643    0.000296575    0.000050266
      4        1           0.000179631    0.000067790    0.000049201
      5       17           0.068705730    0.001702014   -0.000681281
      6        9          -0.006309870   -0.000138204    0.000052438
 -------------------------------------------------------------------
 Cartesian Forces:  Max     0.068705730 RMS     0.021856015

 GradGradGradGradGradGradGradGradGradGradGradGradGradGradGradGradGradGrad
 Berny optimization.
 Using GEDIIS/GDIIS optimizer.
 FormGI is forming the generalized inverse of G from B-inverse, IUseBI=4.
 Internal  Forces:  Max     0.025479018 RMS     0.007141483
 Search for a local minimum.
 Step number   2 out of a maximum of   45 on scan point    16 out of    21
 All quantities printed in internal units (Hartrees-Bohrs-Radians)
 Mixed Optimization -- RFO/linear search
 Update second derivatives using D2CorX and points    1    2
 DE= -1.78D-03 DEPred=-1.46D-03 R= 1.22D+00
 TightC=F SS=  1.41D+00  RLast= 3.23D-01 DXNew= 7.9640D-01 9.6931D-01
 Trust test= 1.22D+00 RLast= 3.23D-01 DXMaxT set to 7.96D-01
 ITU=  1  0
 Use linear search instead of GDIIS.
     Eigenvalues ---    0.00909   0.01267   0.02441   0.03605   0.08368
     Eigenvalues ---    0.08924   0.10364   0.14310   0.25126   0.25432
     Eigenvalues ---    0.302431000.000001000.000001000.000001000.00000
     Eigenvalues --- 1000.000001000.000001000.000001000.000001000.00000
     Eigenvalues --- 1000.000001000.000001000.000001000.000001000.00000
     Eigenvalues --- 1000.000001000.000001000.000001000.000001000.00000
     Eigenvalues --- 1000.000001000.000001000.000001000.000001000.00000
 RFO step:  Lambda=-3.80128070D-04 EMin= 9.09089656D-03
 Quartic linear search produced a step of  1.34428.
 Iteration  1 RMS(Cart)=  0.03486042 RMS(Int)=  0.00553045
 Iteration  2 RMS(Cart)=  0.00172792 RMS(Int)=  0.00516989
 Iteration  3 RMS(Cart)=  0.00000096 RMS(Int)=  0.00516989
 Iteration  1 RMS(Cart)=  0.00021121 RMS(Int)=  0.00051524
 Iteration  2 RMS(Cart)=  0.00013239 RMS(Int)=  0.00057233
 Iteration  3 RMS(Cart)=  0.00008298 RMS(Int)=  0.00065558
 Iteration  4 RMS(Cart)=  0.00005200 RMS(Int)=  0.00072023
 Iteration  5 RMS(Cart)=  0.00003259 RMS(Int)=  0.00076435
 Iteration  6 RMS(Cart)=  0.00002042 RMS(Int)=  0.00079316
 Iteration  7 RMS(Cart)=  0.00001280 RMS(Int)=  0.00081163
 Iteration  8 RMS(Cart)=  0.00000802 RMS(Int)=  0.00082335
 Iteration  9 RMS(Cart)=  0.00000503 RMS(Int)=  0.00083074
 Iteration 10 RMS(Cart)=  0.00000315 RMS(Int)=  0.00083540
 Iteration 11 RMS(Cart)=  0.00000197 RMS(Int)=  0.00083833
 Iteration 12 RMS(Cart)=  0.00000124 RMS(Int)=  0.00084017
 Iteration 13 RMS(Cart)=  0.00000077 RMS(Int)=  0.00084132
 Variable       Old X    -DE/DX   Delta X   Delta X   Delta X     New X
                                 (Linear)    (Quad)   (Total)
    R1        2.06312  -0.00330  -0.03201   0.01817  -0.01141   2.05170
    R2        2.06444  -0.00361  -0.03038   0.01479  -0.01335   2.05109
    R3        2.06474  -0.00376  -0.02954   0.01336  -0.01402   2.05072
    R4        3.81726   0.02548   0.00000   0.00000   0.00000   3.81726
    R5        3.02668   0.00631   0.19192   0.00870   0.20062   3.22731
    R6        4.29950   0.01482   0.10149   0.05655   0.15386   4.45336
    R7        4.30764   0.01460   0.11231   0.02964   0.13800   4.44564
    R8        4.31824   0.01438   0.12800   0.00048   0.12462   4.44287
    A1        2.09117  -0.00008   0.00699   0.00715  -0.00343   2.08774
    A2        2.09462  -0.00023   0.01018   0.00102  -0.00622   2.08841
    A3        1.58867   0.00333  -0.06770  -0.01465  -0.08260   1.50608
    A4        2.09588  -0.00029   0.01323  -0.00607  -0.00998   2.08591
    A5        1.58797   0.00333  -0.06872  -0.01172  -0.08072   1.50725
    A6        1.58696   0.00337  -0.07006  -0.00918  -0.07953   1.50743
    A7        1.09217   0.00608  -0.04209  -0.02425  -0.06617   1.02599
    A8        1.08869   0.00616  -0.04670  -0.01273  -0.05937   1.02932
    A9        1.08418   0.00625  -0.05339  -0.00028  -0.05367   1.03051
   A10        0.85570  -0.00467  -0.03533   0.00005  -0.03593   0.81977
   A11        0.85554  -0.00471  -0.03600   0.00126  -0.03542   0.82013
   A12        0.85531  -0.00477  -0.03595   0.00146  -0.03519   0.82012
    D1       -1.53803   0.00572  -0.11361  -0.02919  -0.14378  -1.68181
    D2        1.54451  -0.00584   0.12328   0.01154   0.13569   1.68020
    D3       -3.13888  -0.00003   0.00404  -0.00751  -0.00346   3.14085
    D4        1.53565  -0.00569   0.11042   0.03723   0.14860   1.68425
    D5       -1.54685   0.00587  -0.12622  -0.00377  -0.13060  -1.67745
    D6        3.13690   0.00006  -0.00664   0.01386   0.00720  -3.13909
    D7       -1.53883   0.00576  -0.11528  -0.02854  -0.14465  -1.68349
    D8        1.54355  -0.00582   0.12140   0.01274   0.13475   1.67830
    D9       -3.13962  -0.00002   0.00259  -0.00634  -0.00373   3.13984
   D10        0.58288  -0.00081  -0.00431  -0.00191  -0.00612   0.57676
   D11       -0.58027   0.00071   0.00704  -0.00326   0.00356  -0.57670
   D12       -0.58365   0.00076   0.00325   0.00474   0.00800  -0.57565
   D13        0.57996  -0.00064  -0.00817   0.00570  -0.00213   0.57782
   D14        0.58250  -0.00067  -0.00395  -0.00337  -0.00726   0.57524
   D15       -0.58142   0.00065   0.00615  -0.00189   0.00395  -0.57748
         Item               Value     Threshold  Converged?
 Maximum Force            0.006312     0.000450     NO 
 RMS     Force            0.001089     0.000300     NO 
 Maximum Displacement     0.116612     0.001800     NO 
 RMS     Displacement     0.034988     0.001200     NO 
 Predicted change in Energy=-5.296536D-04
 GradGradGradGradGradGradGradGradGradGradGradGradGradGradGradGradGradGrad

                          Input orientation:                          
 ---------------------------------------------------------------------
 Center     Atomic      Atomic             Coordinates (Angstroms)
 Number     Number       Type             X           Y           Z
 ---------------------------------------------------------------------
      1          6           0        0.642831   -0.891360   -0.008941
      2          1           0        0.596649   -1.976093   -0.008154
      3          1           0        0.569796   -0.350654    0.929343
      4          1           0        0.554219   -0.350822   -0.945753
      5         17           0        2.662139   -0.841624   -0.027447
      6          9           0       -1.064506   -0.929215    0.005433
 ---------------------------------------------------------------------
                    Distance matrix (angstroms):
                    1          2          3          4          5
     1  C    0.000000
     2  H    1.085716   0.000000
     3  H    1.085392   1.876612   0.000000
     4  H    1.085196   1.876805   1.875161   0.000000
     5  Cl   2.020005   2.356616   2.352530   2.351063   0.000000
     6  F    1.707818   1.963562   1.964507   1.964578   3.727820
                    6
     6  F    0.000000
 Stoichiometry    CH3ClF(1-)
 Framework group  C1[X(CH3ClF)]
 Deg. of freedom    12
 Full point group                 C1      NOp   1
 Largest Abelian subgroup         C1      NOp   1
 Largest concise Abelian subgroup C1      NOp   1
                         Standard orientation:                         
 ---------------------------------------------------------------------
 Center     Atomic      Atomic             Coordinates (Angstroms)
 Number     Number       Type             X           Y           Z
 ---------------------------------------------------------------------
      1          6           0        0.536053    0.001660    0.000378
      2          1           0        0.607902    1.083328   -0.059702
      3          1           0        0.604594   -0.487651    0.966790
      4          1           0        0.603528   -0.592104   -0.905459
      5         17           0       -1.483951   -0.000294   -0.000091
      6          9           0        2.243869   -0.000948   -0.000261
 ---------------------------------------------------------------------
 Rotational constants (GHZ):    142.4527650      2.8237446      2.8236821
 Standard basis: VSTO-6G (5D, 7F)
 There are    21 symmetry adapted cartesian basis functions of A   symmetry.
 There are    20 symmetry adapted basis functions of A   symmetry.
    20 basis functions,   126 primitive gaussians,    21 cartesian basis functions
    11 alpha electrons       11 beta electrons
       nuclear repulsion energy        67.7152926706 Hartrees.
 Integral buffers will be    131072 words long.
 Regular integral format.
 Two-electron integral symmetry is turned off.
 Do NDO integrals.
 One-electron integrals computed using PRISM.
 NBasis=    20 RedAO= F EigKep=  0.00D+00  NBF=    20
 NBsUse=    20 1.00D-04 EigRej=  0.00D+00 NBFU=    20
 Initial guess from the checkpoint file:  "/scratch/1715567.1.multiway.q/Gau-186785.chk"
 B after Tr=     0.000000    0.000000    0.000000
         Rot=    0.829415   -0.558632    0.000021    0.000132 Ang= -67.92 deg.
 Overlap will be assumed to be unity.
 Keep J ints in memory in canonical form, NReq=1875445.
 Requested convergence on RMS density matrix=1.00D-08 within 128 cycles.
 Requested convergence on MAX density matrix=1.00D-06.
 Requested convergence on             energy=1.00D-06.
 No special actions if energy rises.
 SCF Done:  E(RPM6) = -0.137172524571     A.U. after   12 cycles
            NFock= 11  Conv=0.25D-08     -V/T= 0.9895
 Calling FoFJK, ICntrl=      2127 FMM=F ISym2X=0 I1Cent= 0 IOpClX= 0 NMat=1 NMatS=1 NMatT=0.
 ***** Axes restored to original set *****
 -------------------------------------------------------------------
 Center     Atomic                   Forces (Hartrees/Bohr)
 Number     Number              X              Y              Z
 -------------------------------------------------------------------
      1        6          -0.048203021   -0.001087890    0.000488577
      2        1           0.004066886   -0.001684355   -0.000046788
      3        1           0.003713809    0.000996904    0.001751959
      4        1           0.003584238    0.001029051   -0.001899429
      5       17           0.043642915    0.000891585   -0.000354316
      6        9          -0.006804826   -0.000145294    0.000059998
 -------------------------------------------------------------------
 Cartesian Forces:  Max     0.048203021 RMS     0.015512819

 GradGradGradGradGradGradGradGradGradGradGradGradGradGradGradGradGradGrad
 Berny optimization.
 Using GEDIIS/GDIIS optimizer.
 FormGI is forming the generalized inverse of G from B-inverse, IUseBI=4.
 Internal  Forces:  Max     0.017103093 RMS     0.004959262
 Search for a local minimum.
 Step number   3 out of a maximum of   45 on scan point    16 out of    21
 All quantities printed in internal units (Hartrees-Bohrs-Radians)
 Mixed Optimization -- RFO/linear search
 Update second derivatives using D2CorX and points    2    3
 DE= -2.53D-04 DEPred=-5.30D-04 R= 4.77D-01
 Trust test= 4.77D-01 RLast= 5.01D-01 DXMaxT set to 7.96D-01
 ITU=  0  1  0
 Use linear search instead of GDIIS.
     Eigenvalues ---    0.00732   0.00930   0.02387   0.03151   0.08395
     Eigenvalues ---    0.08834   0.10407   0.13715   0.24735   0.24828
     Eigenvalues ---    0.296801000.000001000.000001000.000001000.00000
     Eigenvalues --- 1000.000001000.000001000.000001000.000001000.00000
     Eigenvalues --- 1000.000001000.000001000.000001000.000001000.00000
     Eigenvalues --- 1000.000001000.000001000.000001000.000001000.00000
     Eigenvalues --- 1000.000001000.000001000.000001000.000001000.00000
 RFO step:  Lambda=-3.42589516D-04 EMin= 7.31625991D-03
 Quartic linear search produced a step of -0.38066.
 Iteration  1 RMS(Cart)=  0.01188267 RMS(Int)=  0.00088411
 Iteration  2 RMS(Cart)=  0.00023465 RMS(Int)=  0.00084133
 Iteration  3 RMS(Cart)=  0.00000002 RMS(Int)=  0.00084133
 Iteration  1 RMS(Cart)=  0.00001653 RMS(Int)=  0.00004052
 Iteration  2 RMS(Cart)=  0.00001037 RMS(Int)=  0.00004501
 Iteration  3 RMS(Cart)=  0.00000650 RMS(Int)=  0.00005156
 Iteration  4 RMS(Cart)=  0.00000408 RMS(Int)=  0.00005665
 Iteration  5 RMS(Cart)=  0.00000256 RMS(Int)=  0.00006013
 Iteration  6 RMS(Cart)=  0.00000161 RMS(Int)=  0.00006240
 Iteration  7 RMS(Cart)=  0.00000101 RMS(Int)=  0.00006386
 Iteration  8 RMS(Cart)=  0.00000063 RMS(Int)=  0.00006479
 Variable       Old X    -DE/DX   Delta X   Delta X   Delta X     New X
                                 (Linear)    (Quad)   (Total)
    R1        2.05170  -0.00150   0.00434   0.00162   0.00559   2.05729
    R2        2.05109  -0.00133   0.00508   0.00168   0.00656   2.05765
    R3        2.05072  -0.00127   0.00534   0.00162   0.00678   2.05750
    R4        3.81726   0.01710   0.00000   0.00000  -0.00002   3.81724
    R5        3.22731   0.00681  -0.07637   0.05426  -0.02211   3.20520
    R6        4.45336   0.00887  -0.05857   0.01121  -0.04685   4.40651
    R7        4.44564   0.00905  -0.05253  -0.00394  -0.05617   4.38947
    R8        4.44287   0.00912  -0.04744   0.00248  -0.04472   4.39815
    A1        2.08774   0.00067   0.00130  -0.00015   0.00409   2.09183
    A2        2.08841   0.00064   0.00237  -0.00048   0.00479   2.09319
    A3        1.50608   0.00314   0.03144  -0.00176   0.02985   1.53592
    A4        2.08591   0.00074   0.00380  -0.00027   0.00615   2.09206
    A5        1.50725   0.00310   0.03073  -0.00024   0.03064   1.53789
    A6        1.50743   0.00309   0.03028  -0.00211   0.02832   1.53575
    A7        1.02599   0.00446   0.02519  -0.00481   0.02038   1.04637
    A8        1.02932   0.00439   0.02260   0.00176   0.02438   1.05370
    A9        1.03051   0.00436   0.02043  -0.00102   0.01946   1.04997
   A10        0.81977  -0.00218   0.01368  -0.00006   0.01384   0.83361
   A11        0.82013  -0.00218   0.01348  -0.00078   0.01293   0.83306
   A12        0.82012  -0.00214   0.01340   0.00077   0.01444   0.83456
    D1       -1.68181   0.00533   0.05473  -0.00024   0.05460  -1.62721
    D2        1.68020  -0.00531  -0.05165   0.00445  -0.04723   1.63297
    D3        3.14085   0.00001   0.00132   0.00104   0.00235  -3.13999
    D4        1.68425  -0.00536  -0.05657   0.00524  -0.05146   1.63279
    D5       -1.67745   0.00525   0.04971   0.00053   0.05012  -1.62732
    D6       -3.13909  -0.00002  -0.00274   0.00308   0.00034  -3.13875
    D7       -1.68349   0.00536   0.05506  -0.00732   0.04777  -1.63571
    D8        1.67830  -0.00526  -0.05129  -0.00265  -0.05381   1.62449
    D9        3.13984   0.00001   0.00142  -0.00411  -0.00268   3.13715
   D10        0.57676  -0.00029   0.00233   0.00118   0.00353   0.58029
   D11       -0.57670   0.00027  -0.00136  -0.00048  -0.00184  -0.57855
   D12       -0.57565   0.00030  -0.00305   0.00142  -0.00178  -0.57743
   D13        0.57782  -0.00034   0.00081  -0.00018   0.00048   0.57830
   D14        0.57524  -0.00029   0.00276  -0.00101   0.00188   0.57713
   D15       -0.57748   0.00035  -0.00150  -0.00093  -0.00227  -0.57974
         Item               Value     Threshold  Converged?
 Maximum Force            0.006807     0.000450     NO 
 RMS     Force            0.001508     0.000300     NO 
 Maximum Displacement     0.033930     0.001800     NO 
 RMS     Displacement     0.011815     0.001200     NO 
 Predicted change in Energy=-2.797398D-04
 GradGradGradGradGradGradGradGradGradGradGradGradGradGradGradGradGradGrad

                          Input orientation:                          
 ---------------------------------------------------------------------
 Center     Atomic      Atomic             Coordinates (Angstroms)
 Number     Number       Type             X           Y           Z
 ---------------------------------------------------------------------
      1          6           0        0.624903   -0.892211   -0.009623
      2          1           0        0.610125   -1.980783   -0.008759
      3          1           0        0.586189   -0.348872    0.933195
      4          1           0        0.566488   -0.348858   -0.951327
      5         17           0        2.644184   -0.840719   -0.025021
      6          9           0       -1.070760   -0.928326    0.006015
 ---------------------------------------------------------------------
                    Distance matrix (angstroms):
                    1          2          3          4          5
     1  C    0.000000
     2  H    1.088673   0.000000
     3  H    1.088863   1.884405   0.000000
     4  H    1.088784   1.885078   1.884625   0.000000
     5  Cl   2.019996   2.331825   2.322808   2.327400   0.000000
     6  F    1.696119   1.983245   1.985172   1.983146   3.716106
                    6
     6  F    0.000000
 Stoichiometry    CH3ClF(1-)
 Framework group  C1[X(CH3ClF)]
 Deg. of freedom    12
 Full point group                 C1      NOp   1
 Largest Abelian subgroup         C1      NOp   1
 Largest concise Abelian subgroup C1      NOp   1
                         Standard orientation:                         
 ---------------------------------------------------------------------
 Center     Atomic      Atomic             Coordinates (Angstroms)
 Number     Number       Type             X           Y           Z
 ---------------------------------------------------------------------
      1          6           0        0.541798    0.001518   -0.002516
      2          1           0        0.582555    0.861069   -0.669389
      3          1           0        0.575290    0.149931    1.075665
      4          1           0        0.579482   -1.006422   -0.412502
      5         17           0       -1.478195   -0.000333    0.000465
      6          9           0        2.237911   -0.000892    0.001491
 ---------------------------------------------------------------------
 Rotational constants (GHZ):    141.1648127      2.8412631      2.8412401
 Standard basis: VSTO-6G (5D, 7F)
 There are    21 symmetry adapted cartesian basis functions of A   symmetry.
 There are    20 symmetry adapted basis functions of A   symmetry.
    20 basis functions,   126 primitive gaussians,    21 cartesian basis functions
    11 alpha electrons       11 beta electrons
       nuclear repulsion energy        67.7588876860 Hartrees.
 Integral buffers will be    131072 words long.
 Regular integral format.
 Two-electron integral symmetry is turned off.
 Do NDO integrals.
 One-electron integrals computed using PRISM.
 NBasis=    20 RedAO= F EigKep=  0.00D+00  NBF=    20
 NBsUse=    20 1.00D-04 EigRej=  0.00D+00 NBFU=    20
 Initial guess from the checkpoint file:  "/scratch/1715567.1.multiway.q/Gau-186785.chk"
 B after Tr=     0.000000    0.000000    0.000000
         Rot=    0.954639    0.297767    0.000059   -0.000005 Ang=  34.65 deg.
 Overlap will be assumed to be unity.
 Keep J ints in memory in canonical form, NReq=1875445.
 Requested convergence on RMS density matrix=1.00D-08 within 128 cycles.
 Requested convergence on MAX density matrix=1.00D-06.
 Requested convergence on             energy=1.00D-06.
 No special actions if energy rises.
 SCF Done:  E(RPM6) = -0.137506069244     A.U. after   10 cycles
            NFock=  9  Conv=0.89D-08     -V/T= 0.9895
 Calling FoFJK, ICntrl=      2127 FMM=F ISym2X=0 I1Cent= 0 IOpClX= 0 NMat=1 NMatS=1 NMatT=0.
 ***** Axes restored to original set *****
 -------------------------------------------------------------------
 Center     Atomic                   Forces (Hartrees/Bohr)
 Number     Number              X              Y              Z
 -------------------------------------------------------------------
      1        6          -0.050155116   -0.000923330    0.000572695
      2        1           0.000982177   -0.000052192   -0.000074201
      3        1           0.000324956    0.000037166    0.000086072
      4        1           0.000721602   -0.000017679   -0.000115630
      5       17           0.050236699    0.001018386   -0.000532585
      6        9          -0.002110319   -0.000062351    0.000063648
 -------------------------------------------------------------------
 Cartesian Forces:  Max     0.050236699 RMS     0.016746220

 GradGradGradGradGradGradGradGradGradGradGradGradGradGradGradGradGradGrad
 Berny optimization.
 Using GEDIIS/GDIIS optimizer.
 FormGI is forming the generalized inverse of G from B-inverse, IUseBI=4.
 Internal  Forces:  Max     0.018920022 RMS     0.005252584
 Search for a local minimum.
 Step number   4 out of a maximum of   45 on scan point    16 out of    21
 All quantities printed in internal units (Hartrees-Bohrs-Radians)
 Mixed Optimization -- En-DIIS/RFO-DIIS
 Update second derivatives using D2CorX and points    2    3    4
 DE= -3.34D-04 DEPred=-2.80D-04 R= 1.19D+00
 TightC=F SS=  1.41D+00  RLast= 1.68D-01 DXNew= 1.3394D+00 5.0390D-01
 Trust test= 1.19D+00 RLast= 1.68D-01 DXMaxT set to 7.96D-01
 ITU=  1  0  1  0
 Use linear search instead of GDIIS.
     Eigenvalues ---    0.00715   0.00941   0.02443   0.03331   0.08383
     Eigenvalues ---    0.08875   0.10067   0.10500   0.23514   0.24941
     Eigenvalues ---    0.299081000.000001000.000001000.000001000.00000
     Eigenvalues --- 1000.000001000.000001000.000001000.000001000.00000
     Eigenvalues --- 1000.000001000.000001000.000001000.000001000.00000
     Eigenvalues --- 1000.000001000.000001000.000001000.000001000.00000
     Eigenvalues --- 1000.000001000.000001000.000001000.000001000.00000
 RFO step:  Lambda=-4.73292513D-05 EMin= 7.14840497D-03
 Quartic linear search produced a step of  0.16478.
 Iteration  1 RMS(Cart)=  0.00558534 RMS(Int)=  0.00008137
 Iteration  2 RMS(Cart)=  0.00001401 RMS(Int)=  0.00007993
 Iteration  3 RMS(Cart)=  0.00000000 RMS(Int)=  0.00007993
 Iteration  1 RMS(Cart)=  0.00000135 RMS(Int)=  0.00000332
 Iteration  2 RMS(Cart)=  0.00000085 RMS(Int)=  0.00000369
 Variable       Old X    -DE/DX   Delta X   Delta X   Delta X     New X
                                 (Linear)    (Quad)   (Total)
    R1        2.05729  -0.00310   0.00092  -0.00284  -0.00189   2.05540
    R2        2.05765  -0.00313   0.00108  -0.00240  -0.00129   2.05637
    R3        2.05750  -0.00312   0.00112  -0.00130  -0.00016   2.05735
    R4        3.81724   0.01892   0.00000   0.00000   0.00002   3.81726
    R5        3.20520   0.00211  -0.00364   0.03501   0.03137   3.23657
    R6        4.40651   0.01039  -0.00772  -0.00324  -0.01098   4.39553
    R7        4.38947   0.01072  -0.00926   0.02084   0.01154   4.40101
    R8        4.39815   0.01054  -0.00737   0.02078   0.01339   4.41154
    A1        2.09183   0.00033   0.00067   0.00059   0.00100   2.09284
    A2        2.09319   0.00029   0.00079  -0.00166  -0.00111   2.09208
    A3        1.53592   0.00262   0.00492  -0.00703  -0.00213   1.53379
    A4        2.09206   0.00031   0.00101  -0.00169  -0.00097   2.09109
    A5        1.53789   0.00251   0.00505  -0.00833  -0.00330   1.53459
    A6        1.53575   0.00265   0.00467  -0.00794  -0.00329   1.53246
    A7        1.04637   0.00468   0.00336   0.00134   0.00470   1.05107
    A8        1.05370   0.00455   0.00402  -0.00898  -0.00498   1.04873
    A9        1.04997   0.00462   0.00321  -0.00896  -0.00576   1.04421
   A10        0.83361  -0.00338   0.00228  -0.00272  -0.00048   0.83313
   A11        0.83306  -0.00337   0.00213  -0.00306  -0.00097   0.83209
   A12        0.83456  -0.00341   0.00238  -0.00543  -0.00307   0.83150
    D1       -1.62721   0.00440   0.00900  -0.01368  -0.00469  -1.63190
    D2        1.63297  -0.00454  -0.00778   0.01317   0.00538   1.63836
    D3       -3.13999   0.00002   0.00039   0.00004   0.00043  -3.13956
    D4        1.63279  -0.00452  -0.00848   0.00596  -0.00251   1.63028
    D5       -1.62732   0.00442   0.00826  -0.02086  -0.01259  -1.63991
    D6       -3.13875  -0.00007   0.00006  -0.00700  -0.00695   3.13748
    D7       -1.63571   0.00460   0.00787  -0.00565   0.00223  -1.63348
    D8        1.62449  -0.00435  -0.00887   0.02104   0.01216   1.63665
    D9        3.13715   0.00005  -0.00044   0.00695   0.00652  -3.13951
   D10        0.58029  -0.00054   0.00058  -0.00298  -0.00240   0.57789
   D11       -0.57855   0.00048  -0.00030   0.00159   0.00127  -0.57728
   D12       -0.57743   0.00046  -0.00029  -0.00073  -0.00103  -0.57847
   D13        0.57830  -0.00049   0.00008  -0.00042  -0.00037   0.57793
   D14        0.57713  -0.00044   0.00031   0.00178   0.00212   0.57924
   D15       -0.57974   0.00053  -0.00037   0.00076   0.00042  -0.57933
         Item               Value     Threshold  Converged?
 Maximum Force            0.002112     0.000450     NO 
 RMS     Force            0.000392     0.000300     NO 
 Maximum Displacement     0.023009     0.001800     NO 
 RMS     Displacement     0.005586     0.001200     NO 
 Predicted change in Energy=-3.224376D-05
 GradGradGradGradGradGradGradGradGradGradGradGradGradGradGradGradGradGrad

                          Input orientation:                          
 ---------------------------------------------------------------------
 Center     Atomic      Atomic             Coordinates (Angstroms)
 Number     Number       Type             X           Y           Z
 ---------------------------------------------------------------------
      1          6           0        0.629185   -0.889793   -0.009525
      2          1           0        0.615808   -1.977382   -0.009425
      3          1           0        0.585236   -0.346504    0.932306
      4          1           0        0.565151   -0.346882   -0.951022
      5         17           0        2.648684   -0.847108   -0.024473
      6          9           0       -1.082936   -0.932100    0.006621
 ---------------------------------------------------------------------
                    Distance matrix (angstroms):
                    1          2          3          4          5
     1  C    0.000000
     2  H    1.087672   0.000000
     3  H    1.088182   1.883496   0.000000
     4  H    1.088700   1.883534   1.883435   0.000000
     5  Cl   2.020005   2.326012   2.328916   2.334487   0.000000
     6  F    1.712720   1.994644   1.995648   1.993928   3.732717
                    6
     6  F    0.000000
 Stoichiometry    CH3ClF(1-)
 Framework group  C1[X(CH3ClF)]
 Deg. of freedom    12
 Full point group                 C1      NOp   1
 Largest Abelian subgroup         C1      NOp   1
 Largest concise Abelian subgroup C1      NOp   1
                         Standard orientation:                         
 ---------------------------------------------------------------------
 Center     Atomic      Atomic             Coordinates (Angstroms)
 Number     Number       Type             X           Y           Z
 ---------------------------------------------------------------------
      1          6           0        0.537264   -0.002545   -0.000645
      2          1           0        0.575131    1.046210   -0.286494
      3          1           0        0.576658   -0.280142    1.050796
      4          1           0        0.581366   -0.775144   -0.766421
      5         17           0       -1.482738    0.000569    0.000110
      6          9           0        2.249979    0.001631    0.000457
 ---------------------------------------------------------------------
 Rotational constants (GHZ):    141.3473111      2.8185348      2.8185291
 Standard basis: VSTO-6G (5D, 7F)
 There are    21 symmetry adapted cartesian basis functions of A   symmetry.
 There are    20 symmetry adapted basis functions of A   symmetry.
    20 basis functions,   126 primitive gaussians,    21 cartesian basis functions
    11 alpha electrons       11 beta electrons
       nuclear repulsion energy        67.6555550465 Hartrees.
 Integral buffers will be    131072 words long.
 Regular integral format.
 Two-electron integral symmetry is turned off.
 Do NDO integrals.
 One-electron integrals computed using PRISM.
 NBasis=    20 RedAO= F EigKep=  0.00D+00  NBF=    20
 NBsUse=    20 1.00D-04 EigRej=  0.00D+00 NBFU=    20
 Initial guess from the checkpoint file:  "/scratch/1715567.1.multiway.q/Gau-186785.chk"
 B after Tr=     0.000000    0.000000    0.000000
         Rot=    0.980618   -0.195930   -0.000047   -0.000103 Ang= -22.60 deg.
 Overlap will be assumed to be unity.
 Keep J ints in memory in canonical form, NReq=1875445.
 Requested convergence on RMS density matrix=1.00D-08 within 128 cycles.
 Requested convergence on MAX density matrix=1.00D-06.
 Requested convergence on             energy=1.00D-06.
 No special actions if energy rises.
 SCF Done:  E(RPM6) = -0.137543885661     A.U. after   11 cycles
            NFock= 10  Conv=0.22D-08     -V/T= 0.9895
 Calling FoFJK, ICntrl=      2127 FMM=F ISym2X=0 I1Cent= 0 IOpClX= 0 NMat=1 NMatS=1 NMatT=0.
 ***** Axes restored to original set *****
 -------------------------------------------------------------------
 Center     Atomic                   Forces (Hartrees/Bohr)
 Number     Number              X              Y              Z
 -------------------------------------------------------------------
      1        6          -0.047706265   -0.000846173    0.000266599
      2        1          -0.000172233   -0.000334487   -0.000003856
      3        1          -0.000052506    0.000029750    0.000055612
      4        1           0.000396999   -0.000095790    0.000165926
      5       17           0.048208394    0.001228913   -0.000528159
      6        9          -0.000674390    0.000017787    0.000043878
 -------------------------------------------------------------------
 Cartesian Forces:  Max     0.048208394 RMS     0.015991861

 GradGradGradGradGradGradGradGradGradGradGradGradGradGradGradGradGradGrad
 Berny optimization.
 Using GEDIIS/GDIIS optimizer.
 FormGI is forming the generalized inverse of G from B-inverse, IUseBI=4.
 Internal  Forces:  Max     0.017979809 RMS     0.004979907
 Search for a local minimum.
 Step number   5 out of a maximum of   45 on scan point    16 out of    21
 All quantities printed in internal units (Hartrees-Bohrs-Radians)
 Mixed Optimization -- En-DIIS/RFO-DIIS
 Swapping is turned off.
 Update second derivatives using D2CorX and points    2    3    4    5
 DE= -3.78D-05 DEPred=-3.22D-05 R= 1.17D+00
 TightC=F SS=  1.41D+00  RLast= 4.49D-02 DXNew= 1.3394D+00 1.3468D-01
 Trust test= 1.17D+00 RLast= 4.49D-02 DXMaxT set to 7.96D-01
 ITU=  1  1  0  1  0
     Eigenvalues ---    0.00610   0.01212   0.02430   0.03288   0.07370
     Eigenvalues ---    0.08402   0.08941   0.10449   0.22974   0.25228
     Eigenvalues ---    0.298661000.000001000.000001000.000001000.00000
     Eigenvalues --- 1000.000001000.000001000.000001000.000001000.00000
     Eigenvalues --- 1000.000001000.000001000.000001000.000001000.00000
     Eigenvalues --- 1000.000001000.000001000.000001000.000001000.00000
     Eigenvalues --- 1000.000001000.000001000.000001000.000001000.00000
 En-DIIS/RFO-DIIS IScMMF=        0 using points:     5    4
 RFO step:  Lambda=-3.13874032D-05.
 DidBck=F Rises=F RFO-DIIS coefs:    1.25433   -0.25433
 Iteration  1 RMS(Cart)=  0.00646774 RMS(Int)=  0.00004031
 Iteration  2 RMS(Cart)=  0.00002123 RMS(Int)=  0.00002840
 Iteration  3 RMS(Cart)=  0.00000000 RMS(Int)=  0.00002840
 Iteration  1 RMS(Cart)=  0.00000179 RMS(Int)=  0.00000437
 Iteration  2 RMS(Cart)=  0.00000112 RMS(Int)=  0.00000486
 Iteration  3 RMS(Cart)=  0.00000070 RMS(Int)=  0.00000556
 Variable       Old X    -DE/DX   Delta X   Delta X   Delta X     New X
                                 (Linear)    (Quad)   (Total)
    R1        2.05540  -0.00286  -0.00048   0.00046   0.00001   2.05541
    R2        2.05637  -0.00306  -0.00033  -0.00146  -0.00179   2.05458
    R3        2.05735  -0.00324  -0.00004  -0.00251  -0.00254   2.05481
    R4        3.81726   0.01798   0.00000   0.00000   0.00000   3.81725
    R5        3.23657   0.00067   0.00798   0.02832   0.03630   3.27287
    R6        4.39553   0.01038  -0.00279   0.02810   0.02528   4.42080
    R7        4.40101   0.01024   0.00294   0.00848   0.01139   4.41241
    R8        4.41154   0.00997   0.00341  -0.00897  -0.00559   4.40595
    A1        2.09284   0.00026   0.00025  -0.00334  -0.00320   2.08964
    A2        2.09208   0.00030  -0.00028  -0.00153  -0.00186   2.09022
    A3        1.53379   0.00236  -0.00054  -0.00605  -0.00662   1.52718
    A4        2.09109   0.00034  -0.00025   0.00276   0.00246   2.09355
    A5        1.53459   0.00228  -0.00084  -0.00609  -0.00693   1.52766
    A6        1.53246   0.00240  -0.00084  -0.00431  -0.00515   1.52731
    A7        1.05107   0.00424   0.00120  -0.01208  -0.01089   1.04018
    A8        1.04873   0.00429  -0.00127  -0.00366  -0.00494   1.04378
    A9        1.04421   0.00439  -0.00146   0.00382   0.00236   1.04657
   A10        0.83313  -0.00328  -0.00012  -0.00475  -0.00487   0.82827
   A11        0.83209  -0.00328  -0.00025  -0.00272  -0.00299   0.82910
   A12        0.83150  -0.00329  -0.00078  -0.00009  -0.00088   0.83062
    D1       -1.63190   0.00399  -0.00119  -0.01476  -0.01593  -1.64783
    D2        1.63836  -0.00410   0.00137   0.00389   0.00525   1.64361
    D3       -3.13956   0.00001   0.00011  -0.00447  -0.00436   3.13926
    D4        1.63028  -0.00397  -0.00064   0.02080   0.02015   1.65043
    D5       -1.63991   0.00411  -0.00320   0.00183  -0.00139  -1.64130
    D6        3.13748   0.00005  -0.00177   0.01052   0.00877  -3.13694
    D7       -1.63348   0.00403   0.00057  -0.01542  -0.01487  -1.64835
    D8        1.63665  -0.00405   0.00309   0.00367   0.00678   1.64343
    D9       -3.13951  -0.00006   0.00166  -0.00605  -0.00441   3.13927
   D10        0.57789  -0.00048  -0.00061   0.00176   0.00112   0.57902
   D11       -0.57728   0.00049   0.00032  -0.00254  -0.00226  -0.57954
   D12       -0.57847   0.00045  -0.00026   0.00077   0.00056  -0.57791
   D13        0.57793  -0.00048  -0.00009  -0.00036  -0.00044   0.57749
   D14        0.57924  -0.00045   0.00054  -0.00248  -0.00195   0.57730
   D15       -0.57933   0.00048   0.00011   0.00287   0.00296  -0.57637
         Item               Value     Threshold  Converged?
 Maximum Force            0.000674     0.000450     NO 
 RMS     Force            0.000138     0.000300     YES
 Maximum Displacement     0.024084     0.001800     NO 
 RMS     Displacement     0.006469     0.001200     NO 
 Predicted change in Energy=-1.604100D-05
 GradGradGradGradGradGradGradGradGradGradGradGradGradGradGradGradGradGrad

                          Input orientation:                          
 ---------------------------------------------------------------------
 Center     Atomic      Atomic             Coordinates (Angstroms)
 Number     Number       Type             X           Y           Z
 ---------------------------------------------------------------------
      1          6           0        0.635808   -0.891398   -0.008322
      2          1           0        0.611523   -1.978803   -0.007761
      3          1           0        0.584591   -0.350500    0.933427
      4          1           0        0.569823   -0.350531   -0.949307
      5         17           0        2.655064   -0.840274   -0.028465
      6          9           0       -1.095680   -0.928262    0.004908
 ---------------------------------------------------------------------
                    Distance matrix (angstroms):
                    1          2          3          4          5
     1  C    0.000000
     2  H    1.087676   0.000000
     3  H    1.087237   1.880938   0.000000
     4  H    1.087356   1.881360   1.882792   0.000000
     5  Cl   2.020004   2.339389   2.334946   2.331529   0.000000
     6  F    1.731931   2.004579   2.004811   2.004545   3.751925
                    6
     6  F    0.000000
 Stoichiometry    CH3ClF(1-)
 Framework group  C1[X(CH3ClF)]
 Deg. of freedom    12
 Full point group                 C1      NOp   1
 Largest Abelian subgroup         C1      NOp   1
 Largest concise Abelian subgroup C1      NOp   1
                         Standard orientation:                         
 ---------------------------------------------------------------------
 Center     Atomic      Atomic             Coordinates (Angstroms)
 Number     Number       Type             X           Y           Z
 ---------------------------------------------------------------------
      1          6           0        0.531746    0.001839   -0.002364
      2          1           0        0.581838    0.135044   -1.080689
      3          1           0        0.578625    0.869722    0.650832
      4          1           0        0.576361   -0.998927    0.420509
      5         17           0       -1.488255   -0.000412    0.000563
      6          9           0        2.263670   -0.001097    0.001552
 ---------------------------------------------------------------------
 Rotational constants (GHZ):    141.6141296      2.7924413      2.7923767
 Standard basis: VSTO-6G (5D, 7F)
 There are    21 symmetry adapted cartesian basis functions of A   symmetry.
 There are    20 symmetry adapted basis functions of A   symmetry.
    20 basis functions,   126 primitive gaussians,    21 cartesian basis functions
    11 alpha electrons       11 beta electrons
       nuclear repulsion energy        67.5389810293 Hartrees.
 Integral buffers will be    131072 words long.
 Regular integral format.
 Two-electron integral symmetry is turned off.
 Do NDO integrals.
 One-electron integrals computed using PRISM.
 NBasis=    20 RedAO= F EigKep=  0.00D+00  NBF=    20
 NBsUse=    20 1.00D-04 EigRej=  0.00D+00 NBFU=    20
 Initial guess from the checkpoint file:  "/scratch/1715567.1.multiway.q/Gau-186785.chk"
 B after Tr=     0.000000    0.000000    0.000000
         Rot=    0.830357    0.557231    0.000028    0.000123 Ang=  67.73 deg.
 Overlap will be assumed to be unity.
 Keep J ints in memory in canonical form, NReq=1875445.
 Requested convergence on RMS density matrix=1.00D-08 within 128 cycles.
 Requested convergence on MAX density matrix=1.00D-06.
 Requested convergence on             energy=1.00D-06.
 No special actions if energy rises.
 SCF Done:  E(RPM6) = -0.137554848824     A.U. after   11 cycles
            NFock= 10  Conv=0.27D-08     -V/T= 0.9895
 Calling FoFJK, ICntrl=      2127 FMM=F ISym2X=0 I1Cent= 0 IOpClX= 0 NMat=1 NMatS=1 NMatT=0.
 ***** Axes restored to original set *****
 -------------------------------------------------------------------
 Center     Atomic                   Forces (Hartrees/Bohr)
 Number     Number              X              Y              Z
 -------------------------------------------------------------------
      1        6          -0.044785565   -0.001207831    0.000280145
      2        1          -0.000004597   -0.000016666   -0.000001302
      3        1          -0.000302473    0.000170748    0.000132784
      4        1          -0.000498077    0.000156242   -0.000111202
      5       17           0.045334731    0.000920600   -0.000332390
      6        9           0.000255981   -0.000023092    0.000031966
 -------------------------------------------------------------------
 Cartesian Forces:  Max     0.045334731 RMS     0.015025849

 GradGradGradGradGradGradGradGradGradGradGradGradGradGradGradGradGradGrad
 Berny optimization.
 Using GEDIIS/GDIIS optimizer.
 FormGI is forming the generalized inverse of G from B-inverse, IUseBI=4.
 Internal  Forces:  Max     0.016799882 RMS     0.004651588
 Search for a local minimum.
 Step number   6 out of a maximum of   45 on scan point    16 out of    21
 All quantities printed in internal units (Hartrees-Bohrs-Radians)
 Mixed Optimization -- En-DIIS/RFO-DIIS
 Swapping is turned off.
 Update second derivatives using D2CorX and points    2    3    4    5    6
 DE= -1.10D-05 DEPred=-1.60D-05 R= 6.83D-01
 TightC=F SS=  1.41D+00  RLast= 5.95D-02 DXNew= 1.3394D+00 1.7847D-01
 Trust test= 6.83D-01 RLast= 5.95D-02 DXMaxT set to 7.96D-01
 ITU=  1  1  1  0  1  0
     Eigenvalues ---    0.00409   0.01742   0.02411   0.03330   0.08231
     Eigenvalues ---    0.08410   0.08973   0.10444   0.22689   0.25078
     Eigenvalues ---    0.298371000.000001000.000001000.000001000.00000
     Eigenvalues --- 1000.000001000.000001000.000001000.000001000.00000
     Eigenvalues --- 1000.000001000.000001000.000001000.000001000.00000
     Eigenvalues --- 1000.000001000.000001000.000001000.000001000.00000
     Eigenvalues --- 1000.000001000.000001000.000001000.000001000.00000
 En-DIIS/RFO-DIIS IScMMF=        0 using points:     6    5    4
 RFO step:  Lambda=-2.53735247D-05.
 DidBck=T Rises=F RFO-DIIS coefs:    0.70754    0.48238   -0.18992
 Iteration  1 RMS(Cart)=  0.00244601 RMS(Int)=  0.00001380
 Iteration  2 RMS(Cart)=  0.00000465 RMS(Int)=  0.00001192
 Iteration  3 RMS(Cart)=  0.00000000 RMS(Int)=  0.00001192
 Iteration  1 RMS(Cart)=  0.00000132 RMS(Int)=  0.00000323
 Iteration  2 RMS(Cart)=  0.00000083 RMS(Int)=  0.00000359
 Variable       Old X    -DE/DX   Delta X   Delta X   Delta X     New X
                                 (Linear)    (Quad)   (Total)
    R1        2.05541  -0.00295  -0.00036   0.00027  -0.00010   2.05531
    R2        2.05458  -0.00283   0.00028   0.00011   0.00039   2.05497
    R3        2.05481  -0.00286   0.00071  -0.00039   0.00033   2.05514
    R4        3.81725   0.01680   0.00000   0.00000   0.00000   3.81726
    R5        3.27287  -0.00026  -0.00466   0.01043   0.00577   3.27864
    R6        4.42080   0.00946  -0.00948   0.00634  -0.00315   4.41766
    R7        4.41241   0.00967  -0.00114   0.00722   0.00606   4.41847
    R8        4.40595   0.00978   0.00418   0.00824   0.01240   4.41836
    A1        2.08964   0.00039   0.00113  -0.00014   0.00100   2.09064
    A2        2.09022   0.00036   0.00033  -0.00024   0.00008   2.09030
    A3        1.52718   0.00214   0.00153  -0.00411  -0.00257   1.52461
    A4        2.09355   0.00021  -0.00090  -0.00146  -0.00239   2.09116
    A5        1.52766   0.00211   0.00140  -0.00450  -0.00311   1.52455
    A6        1.52731   0.00214   0.00088  -0.00365  -0.00278   1.52454
    A7        1.04018   0.00403   0.00408  -0.00272   0.00135   1.04154
    A8        1.04378   0.00396   0.00050  -0.00310  -0.00261   1.04118
    A9        1.04657   0.00391  -0.00178  -0.00355  -0.00534   1.04123
   A10        0.82827  -0.00304   0.00133  -0.00130   0.00003   0.82830
   A11        0.82910  -0.00307   0.00069  -0.00154  -0.00085   0.82826
   A12        0.83062  -0.00311  -0.00033  -0.00198  -0.00229   0.82832
    D1       -1.64783   0.00370   0.00377  -0.00665  -0.00290  -1.65073
    D2        1.64361  -0.00362  -0.00051   0.00746   0.00696   1.65057
    D3        3.13926   0.00006   0.00136   0.00090   0.00226   3.14152
    D4        1.65043  -0.00375  -0.00637   0.00634  -0.00002   1.65041
    D5       -1.64130   0.00359  -0.00198  -0.00769  -0.00967  -1.65097
    D6       -3.13694  -0.00009  -0.00388  -0.00098  -0.00487   3.14138
    D7       -1.64835   0.00371   0.00477  -0.00674  -0.00197  -1.65032
    D8        1.64343  -0.00364   0.00033   0.00729   0.00761   1.65104
    D9        3.13927   0.00003   0.00253   0.00008   0.00262  -3.14130
   D10        0.57902  -0.00047  -0.00078  -0.00054  -0.00131   0.57771
   D11       -0.57954   0.00048   0.00090   0.00069   0.00160  -0.57793
   D12       -0.57791   0.00046  -0.00036   0.00035  -0.00004  -0.57795
   D13        0.57749  -0.00041   0.00006   0.00003   0.00006   0.57756
   D14        0.57730  -0.00044   0.00097  -0.00018   0.00081   0.57810
   D15       -0.57637   0.00038  -0.00079  -0.00035  -0.00111  -0.57748
         Item               Value     Threshold  Converged?
 Maximum Force            0.000255     0.000450     YES
 RMS     Force            0.000091     0.000300     YES
 Maximum Displacement     0.006999     0.001800     NO 
 RMS     Displacement     0.002447     0.001200     NO 
 Predicted change in Energy=-4.668403D-06
 GradGradGradGradGradGradGradGradGradGradGradGradGradGradGradGradGradGrad

                          Input orientation:                          
 ---------------------------------------------------------------------
 Center     Atomic      Atomic             Coordinates (Angstroms)
 Number     Number       Type             X           Y           Z
 ---------------------------------------------------------------------
      1          6           0        0.637818   -0.890288   -0.008990
      2          1           0        0.612837   -1.977624   -0.008716
      3          1           0        0.583150   -0.348469    0.932276
      4          1           0        0.566742   -0.348843   -0.949475
      5         17           0        2.657214   -0.843977   -0.026735
      6          9           0       -1.096631   -0.930568    0.006120
 ---------------------------------------------------------------------
                    Distance matrix (angstroms):
                    1          2          3          4          5
     1  C    0.000000
     2  H    1.087623   0.000000
     3  H    1.087446   1.881619   0.000000
     4  H    1.087532   1.881510   1.881822   0.000000
     5  Cl   2.020005   2.337724   2.338156   2.338093   0.000000
     6  F    1.734982   2.004701   2.004562   2.004588   3.754987
                    6
     6  F    0.000000
 Stoichiometry    CH3ClF(1-)
 Framework group  C1[X(CH3ClF)]
 Deg. of freedom    12
 Full point group                 C1      NOp   1
 Largest Abelian subgroup         C1      NOp   1
 Largest concise Abelian subgroup C1      NOp   1
                         Standard orientation:                         
 ---------------------------------------------------------------------
 Center     Atomic      Atomic             Coordinates (Angstroms)
 Number     Number       Type             X           Y           Z
 ---------------------------------------------------------------------
      1          6           0        0.530699    0.000094    0.000197
      2          1           0        0.580731   -0.191074   -1.069324
      3          1           0        0.581103    1.021752    0.369267
      4          1           0        0.581044   -0.830760    0.700105
      5         17           0       -1.489306   -0.000011   -0.000028
      6          9           0        2.265681   -0.000032   -0.000084
 ---------------------------------------------------------------------
 Rotational constants (GHZ):    141.6296361      2.7881637      2.7881530
 Standard basis: VSTO-6G (5D, 7F)
 There are    21 symmetry adapted cartesian basis functions of A   symmetry.
 There are    20 symmetry adapted basis functions of A   symmetry.
    20 basis functions,   126 primitive gaussians,    21 cartesian basis functions
    11 alpha electrons       11 beta electrons
       nuclear repulsion energy        67.5199544416 Hartrees.
 Integral buffers will be    131072 words long.
 Regular integral format.
 Two-electron integral symmetry is turned off.
 Do NDO integrals.
 One-electron integrals computed using PRISM.
 NBasis=    20 RedAO= F EigKep=  0.00D+00  NBF=    20
 NBsUse=    20 1.00D-04 EigRej=  0.00D+00 NBFU=    20
 Initial guess from the checkpoint file:  "/scratch/1715567.1.multiway.q/Gau-186785.chk"
 B after Tr=     0.000000    0.000000    0.000000
         Rot=    0.988807    0.149203   -0.000058   -0.000022 Ang=  17.16 deg.
 Overlap will be assumed to be unity.
 Keep J ints in memory in canonical form, NReq=1875445.
 Requested convergence on RMS density matrix=1.00D-08 within 128 cycles.
 Requested convergence on MAX density matrix=1.00D-06.
 Requested convergence on             energy=1.00D-06.
 No special actions if energy rises.
 SCF Done:  E(RPM6) = -0.137559506323     A.U. after   10 cycles
            NFock=  9  Conv=0.51D-08     -V/T= 0.9895
 Calling FoFJK, ICntrl=      2127 FMM=F ISym2X=0 I1Cent= 0 IOpClX= 0 NMat=1 NMatS=1 NMatT=0.
 ***** Axes restored to original set *****
 -------------------------------------------------------------------
 Center     Atomic                   Forces (Hartrees/Bohr)
 Number     Number              X              Y              Z
 -------------------------------------------------------------------
      1        6          -0.044339044   -0.001124498    0.000339675
      2        1          -0.000091204   -0.000012522    0.000011928
      3        1          -0.000062035    0.000050057    0.000052019
      4        1          -0.000066007    0.000043666   -0.000017740
      5       17           0.044502198    0.001039881   -0.000386957
      6        9           0.000056091    0.000003416    0.000001075
 -------------------------------------------------------------------
 Cartesian Forces:  Max     0.044502198 RMS     0.014811847

 GradGradGradGradGradGradGradGradGradGradGradGradGradGradGradGradGradGrad
 Berny optimization.
 Using GEDIIS/GDIIS optimizer.
 FormGI is forming the generalized inverse of G from B-inverse, IUseBI=4.
 Internal  Forces:  Max     0.016573196 RMS     0.004587169
 Search for a local minimum.
 Step number   7 out of a maximum of   45 on scan point    16 out of    21
 All quantities printed in internal units (Hartrees-Bohrs-Radians)
 Mixed Optimization -- En-DIIS/RFO-DIIS
 Swapping is turned off.
 Update second derivatives using D2CorX and points    2    3    4    5    6
                                                      7
 DE= -4.66D-06 DEPred=-4.67D-06 R= 9.98D-01
 TightC=F SS=  1.41D+00  RLast= 2.37D-02 DXNew= 1.3394D+00 7.1115D-02
 Trust test= 9.98D-01 RLast= 2.37D-02 DXMaxT set to 7.96D-01
 ITU=  1  1  1  1  0  1  0
     Eigenvalues ---    0.00384   0.01988   0.02389   0.03478   0.08113
     Eigenvalues ---    0.08403   0.08898   0.10425   0.22986   0.25103
     Eigenvalues ---    0.297721000.000001000.000001000.000001000.00000
     Eigenvalues --- 1000.000001000.000001000.000001000.000001000.00000
     Eigenvalues --- 1000.000001000.000001000.000001000.000001000.00000
     Eigenvalues --- 1000.000001000.000001000.000001000.000001000.00000
     Eigenvalues --- 1000.000001000.000001000.000001000.000001000.00000
 En-DIIS/RFO-DIIS IScMMF=        0 using points:     7    6    5    4
 RFO step:  Lambda=-2.33518173D-05.
 DidBck=F Rises=F RFO-DIIS coefs:    1.34631   -0.21110   -0.21613    0.08093
 Iteration  1 RMS(Cart)=  0.00073316 RMS(Int)=  0.00000658
 Iteration  2 RMS(Cart)=  0.00000073 RMS(Int)=  0.00000653
 Iteration  1 RMS(Cart)=  0.00000104 RMS(Int)=  0.00000254
 Iteration  2 RMS(Cart)=  0.00000065 RMS(Int)=  0.00000282
 Variable       Old X    -DE/DX   Delta X   Delta X   Delta X     New X
                                 (Linear)    (Quad)   (Total)
    R1        2.05531  -0.00294   0.00012  -0.00025  -0.00013   2.05518
    R2        2.05497  -0.00289   0.00000   0.00011   0.00011   2.05508
    R3        2.05514  -0.00291  -0.00022   0.00018  -0.00003   2.05511
    R4        3.81726   0.01657   0.00000   0.00000   0.00000   3.81725
    R5        3.27864  -0.00006   0.00437   0.00009   0.00445   3.28309
    R6        4.41766   0.00942   0.00322   0.00019   0.00339   4.42105
    R7        4.41847   0.00942   0.00271  -0.00013   0.00257   4.42104
    R8        4.41836   0.00942   0.00246   0.00007   0.00252   4.42087
    A1        2.09064   0.00034  -0.00017   0.00018  -0.00001   2.09063
    A2        2.09030   0.00036  -0.00013   0.00016   0.00001   2.09031
    A3        1.52461   0.00213  -0.00161  -0.00003  -0.00164   1.52296
    A4        2.09116   0.00032  -0.00042  -0.00034  -0.00077   2.09039
    A5        1.52455   0.00213  -0.00175   0.00010  -0.00164   1.52291
    A6        1.52454   0.00213  -0.00139  -0.00011  -0.00151   1.52303
    A7        1.04154   0.00394  -0.00138  -0.00008  -0.00147   1.04007
    A8        1.04118   0.00394  -0.00117   0.00007  -0.00111   1.04007
    A9        1.04123   0.00394  -0.00106  -0.00002  -0.00109   1.04014
   A10        0.82830  -0.00303  -0.00061   0.00001  -0.00060   0.82770
   A11        0.82826  -0.00303  -0.00062   0.00000  -0.00062   0.82764
   A12        0.82832  -0.00303  -0.00067  -0.00002  -0.00068   0.82764
    D1       -1.65073   0.00367  -0.00278   0.00002  -0.00277  -1.65350
    D2        1.65057  -0.00366   0.00268   0.00009   0.00278   1.65335
    D3        3.14152   0.00000   0.00016  -0.00007   0.00008  -3.14158
    D4        1.65041  -0.00366   0.00292   0.00015   0.00307   1.65349
    D5       -1.65097   0.00368  -0.00252   0.00012  -0.00240  -1.65337
    D6        3.14138   0.00000   0.00006   0.00016   0.00022  -3.14158
    D7       -1.65032   0.00365  -0.00287  -0.00020  -0.00308  -1.65340
    D8        1.65104  -0.00368   0.00257  -0.00017   0.00239   1.65343
    D9       -3.14130  -0.00001  -0.00022  -0.00009  -0.00031   3.14157
   D10        0.57771  -0.00043  -0.00011  -0.00002  -0.00013   0.57758
   D11       -0.57793   0.00044   0.00015   0.00002   0.00016  -0.57777
   D12       -0.57795   0.00044   0.00014   0.00019   0.00034  -0.57761
   D13        0.57756  -0.00043  -0.00001   0.00019   0.00019   0.57774
   D14        0.57810  -0.00045  -0.00015  -0.00018  -0.00034   0.57777
   D15       -0.57748   0.00042  -0.00002  -0.00020  -0.00023  -0.57771
         Item               Value     Threshold  Converged?
 Maximum Force            0.000056     0.000450     YES
 RMS     Force            0.000021     0.000300     YES
 Maximum Displacement     0.002391     0.001800     NO 
 RMS     Displacement     0.000732     0.001200     YES
 Predicted change in Energy=-1.086414D-07
 GradGradGradGradGradGradGradGradGradGradGradGradGradGradGradGradGradGrad

                          Input orientation:                          
 ---------------------------------------------------------------------
 Center     Atomic      Atomic             Coordinates (Angstroms)
 Number     Number       Type             X           Y           Z
 ---------------------------------------------------------------------
      1          6           0        0.639083   -0.890455   -0.009039
      2          1           0        0.612178   -1.977678   -0.008742
      3          1           0        0.582739   -0.348440    0.932082
      4          1           0        0.566384   -0.348844   -0.949285
      5         17           0        2.658470   -0.843781   -0.026721
      6          9           0       -1.097726   -0.930571    0.006186
 ---------------------------------------------------------------------
                    Distance matrix (angstroms):
                    1          2          3          4          5
     1  C    0.000000
     2  H    1.087555   0.000000
     3  H    1.087503   1.881603   0.000000
     4  H    1.087516   1.881440   1.881438   0.000000
     5  Cl   2.020004   2.339520   2.339514   2.339425   0.000000
     6  F    1.737338   2.005100   2.005024   2.005141   3.757342
                    6
     6  F    0.000000
 Stoichiometry    CH3ClF(1-)
 Framework group  C1[X(CH3ClF)]
 Deg. of freedom    12
 Full point group                 C1      NOp   1
 Largest Abelian subgroup         C1      NOp   1
 Largest concise Abelian subgroup C1      NOp   1
                         Standard orientation:                         
 ---------------------------------------------------------------------
 Center     Atomic      Atomic             Coordinates (Angstroms)
 Number     Number       Type             X           Y           Z
 ---------------------------------------------------------------------
      1          6           0        0.529944   -0.000010   -0.000005
      2          1           0        0.581957   -0.944740   -0.536248
      3          1           0        0.581992    0.936815   -0.549836
      4          1           0        0.581875    0.007806    1.086242
      5         17           0       -1.490060    0.000005   -0.000005
      6          9           0        2.267282    0.000010   -0.000005
 ---------------------------------------------------------------------
 Rotational constants (GHZ):    141.6532355      2.7849363      2.7849299
 Standard basis: VSTO-6G (5D, 7F)
 There are    21 symmetry adapted cartesian basis functions of A   symmetry.
 There are    20 symmetry adapted basis functions of A   symmetry.
    20 basis functions,   126 primitive gaussians,    21 cartesian basis functions
    11 alpha electrons       11 beta electrons
       nuclear repulsion energy        67.5056404222 Hartrees.
 Integral buffers will be    131072 words long.
 Regular integral format.
 Two-electron integral symmetry is turned off.
 Do NDO integrals.
 One-electron integrals computed using PRISM.
 NBasis=    20 RedAO= F EigKep=  0.00D+00  NBF=    20
 NBsUse=    20 1.00D-04 EigRej=  0.00D+00 NBFU=    20
 Initial guess from the checkpoint file:  "/scratch/1715567.1.multiway.q/Gau-186785.chk"
 B after Tr=     0.000000    0.000000    0.000000
         Rot=    0.905249    0.424881    0.000004   -0.000002 Ang=  50.29 deg.
 Overlap will be assumed to be unity.
 Keep J ints in memory in canonical form, NReq=1875445.
 Requested convergence on RMS density matrix=1.00D-08 within 128 cycles.
 Requested convergence on MAX density matrix=1.00D-06.
 Requested convergence on             energy=1.00D-06.
 No special actions if energy rises.
 SCF Done:  E(RPM6) = -0.137559648305     A.U. after    9 cycles
            NFock=  8  Conv=0.36D-08     -V/T= 0.9895
 Calling FoFJK, ICntrl=      2127 FMM=F ISym2X=0 I1Cent= 0 IOpClX= 0 NMat=1 NMatS=1 NMatT=0.
 ***** Axes restored to original set *****
 -------------------------------------------------------------------
 Center     Atomic                   Forces (Hartrees/Bohr)
 Number     Number              X              Y              Z
 -------------------------------------------------------------------
      1        6          -0.043989603   -0.001031310    0.000367816
      2        1           0.000002188    0.000002872    0.000011183
      3        1           0.000005014    0.000002213    0.000022637
      4        1          -0.000006845    0.000011707   -0.000017135
      5       17           0.043983368    0.001014958   -0.000381759
      6        9           0.000005879   -0.000000441   -0.000002743
 -------------------------------------------------------------------
 Cartesian Forces:  Max     0.043989603 RMS     0.014666662

 GradGradGradGradGradGradGradGradGradGradGradGradGradGradGradGradGradGrad
 Berny optimization.
 Using GEDIIS/GDIIS optimizer.
 FormGI is forming the generalized inverse of G from B-inverse, IUseBI=4.
 Internal  Forces:  Max     0.016409649 RMS     0.004541459
 Search for a local minimum.
 Step number   8 out of a maximum of   45 on scan point    16 out of    21
 All quantities printed in internal units (Hartrees-Bohrs-Radians)
 Mixed Optimization -- En-DIIS/RFO-DIIS
 Swapping is turned off.
 Update second derivatives using D2CorX and points    2    3    4    5    6
                                                      7    8
 DE= -1.42D-07 DEPred=-1.09D-07 R= 1.31D+00
 Trust test= 1.31D+00 RLast= 1.02D-02 DXMaxT set to 7.96D-01
 ITU=  0  1  1  1  1  0  1  0
     Eigenvalues ---    0.00353   0.01963   0.02351   0.03601   0.08172
     Eigenvalues ---    0.08404   0.08937   0.10359   0.22977   0.24962
     Eigenvalues ---    0.296281000.000001000.000001000.000001000.00000
     Eigenvalues --- 1000.000001000.000001000.000001000.000001000.00000
     Eigenvalues --- 1000.000001000.000001000.000001000.000001000.00000
     Eigenvalues --- 1000.000001000.000001000.000001000.000001000.00000
     Eigenvalues --- 1000.000001000.000001000.000001000.000001000.00000
 En-DIIS/RFO-DIIS IScMMF=        0 using points:     8    7    6    5    4
 RFO step:  Lambda=-2.28302410D-05.
 DidBck=F Rises=F RFO-DIIS coefs:    0.97584    0.01479   -0.00077    0.00906    0.00107
 Iteration  1 RMS(Cart)=  0.00010731 RMS(Int)=  0.00000225
 Iteration  2 RMS(Cart)=  0.00000001 RMS(Int)=  0.00000225
 Iteration  1 RMS(Cart)=  0.00000096 RMS(Int)=  0.00000235
 Variable       Old X    -DE/DX   Delta X   Delta X   Delta X     New X
                                 (Linear)    (Quad)   (Total)
    R1        2.05518  -0.00292   0.00001   0.00002   0.00003   2.05521
    R2        2.05508  -0.00290   0.00001   0.00007   0.00009   2.05517
    R3        2.05511  -0.00290   0.00002   0.00005   0.00008   2.05519
    R4        3.81725   0.01641   0.00000   0.00000   0.00000   3.81726
    R5        3.28309  -0.00001  -0.00056  -0.00012  -0.00068   3.28241
    R6        4.42105   0.00929  -0.00030  -0.00003  -0.00034   4.42072
    R7        4.42104   0.00930  -0.00025  -0.00007  -0.00032   4.42072
    R8        4.42087   0.00930  -0.00013   0.00002  -0.00012   4.42075
    A1        2.09063   0.00034   0.00002  -0.00014  -0.00012   2.09051
    A2        2.09031   0.00036   0.00002   0.00005   0.00007   2.09038
    A3        1.52296   0.00212   0.00013   0.00004   0.00017   1.52314
    A4        2.09039   0.00035   0.00002   0.00011   0.00013   2.09052
    A5        1.52291   0.00213   0.00014   0.00006   0.00021   1.52311
    A6        1.52303   0.00212   0.00012   0.00000   0.00012   1.52315
    A7        1.04007   0.00392   0.00013   0.00002   0.00015   1.04021
    A8        1.04007   0.00391   0.00011   0.00004   0.00014   1.04021
    A9        1.04014   0.00391   0.00006   0.00000   0.00005   1.04020
   A10        0.82770  -0.00300   0.00006  -0.00001   0.00006   0.82776
   A11        0.82764  -0.00300   0.00005   0.00003   0.00009   0.82772
   A12        0.82764  -0.00300   0.00005   0.00006   0.00011   0.82775
    D1       -1.65350   0.00365   0.00026   0.00011   0.00037  -1.65313
    D2        1.65335  -0.00365  -0.00019  -0.00003  -0.00022   1.65314
    D3       -3.14158   0.00000   0.00002   0.00000   0.00002  -3.14156
    D4        1.65349  -0.00365  -0.00028  -0.00009  -0.00036   1.65312
    D5       -1.65337   0.00365   0.00018   0.00004   0.00021  -1.65316
    D6       -3.14158   0.00000  -0.00004   0.00001  -0.00003   3.14157
    D7       -1.65340   0.00365   0.00024   0.00004   0.00028  -1.65312
    D8        1.65343  -0.00365  -0.00021  -0.00007  -0.00028   1.65315
    D9        3.14157   0.00000   0.00002  -0.00001   0.00001   3.14159
   D10        0.57758  -0.00042   0.00001   0.00010   0.00010   0.57768
   D11       -0.57777   0.00043   0.00000   0.00002   0.00002  -0.57775
   D12       -0.57761   0.00043  -0.00001  -0.00007  -0.00009  -0.57770
   D13        0.57774  -0.00043   0.00000  -0.00006  -0.00006   0.57768
   D14        0.57777  -0.00043   0.00002  -0.00002   0.00000   0.57777
   D15       -0.57771   0.00043  -0.00001   0.00004   0.00003  -0.57768
         Item               Value     Threshold  Converged?
 Maximum Force            0.000017     0.000450     YES
 RMS     Force            0.000005     0.000300     YES
 Maximum Displacement     0.000400     0.001800     YES
 RMS     Displacement     0.000108     0.001200     YES
 Predicted change in Energy=-1.637435D-07
 Optimization completed.
    -- Stationary point found.
                           ----------------------------
                           !   Optimized Parameters   !
                           ! (Angstroms and Degrees)  !
 --------------------------                            --------------------------
 ! Name  Definition              Value          Derivative Info.                !
 --------------------------------------------------------------------------------
 ! R1    R(1,2)                  1.0876         -DE/DX =   -0.0029              !
 ! R2    R(1,3)                  1.0875         -DE/DX =   -0.0029              !
 ! R3    R(1,4)                  1.0875         -DE/DX =   -0.0029              !
 ! R4    R(1,5)                  2.02           -DE/DX =    0.0164              !
 ! R5    R(1,6)                  1.7373         -DE/DX =    0.0                 !
 ! R6    R(2,5)                  2.3395         -DE/DX =    0.0093              !
 ! R7    R(3,5)                  2.3395         -DE/DX =    0.0093              !
 ! R8    R(4,5)                  2.3394         -DE/DX =    0.0093              !
 ! A1    A(2,1,3)              119.7841         -DE/DX =    0.0003              !
 ! A2    A(2,1,4)              119.7658         -DE/DX =    0.0004              !
 ! A3    A(2,1,6)               87.2593         -DE/DX =    0.0021              !
 ! A4    A(3,1,4)              119.7703         -DE/DX =    0.0004              !
 ! A5    A(3,1,6)               87.2562         -DE/DX =    0.0021              !
 ! A6    A(4,1,6)               87.263          -DE/DX =    0.0021              !
 ! A7    A(1,2,5)               59.5915         -DE/DX =    0.0039              !
 ! A8    A(1,3,5)               59.5916         -DE/DX =    0.0039              !
 ! A9    A(1,4,5)               59.5958         -DE/DX =    0.0039              !
 ! A10   A(2,5,3)               47.4234         -DE/DX =   -0.003               !
 ! A11   A(2,5,4)               47.42           -DE/DX =   -0.003               !
 ! A12   A(3,5,4)               47.42           -DE/DX =   -0.003               !
 ! D1    D(3,1,2,5)            -94.7385         -DE/DX =    0.0037              !
 ! D2    D(4,1,2,5)             94.73           -DE/DX =   -0.0036              !
 ! D3    D(6,1,2,5)           -179.9995         -DE/DX =    0.0                 !
 ! D4    D(2,1,3,5)             94.7378         -DE/DX =   -0.0036              !
 ! D5    D(4,1,3,5)            -94.7311         -DE/DX =    0.0036              !
 ! D6    D(6,1,3,5)            180.0005         -DE/DX =    0.0                 !
 ! D7    D(2,1,4,5)            -94.7327         -DE/DX =    0.0036              !
 ! D8    D(3,1,4,5)             94.7345         -DE/DX =   -0.0036              !
 ! D9    D(6,1,4,5)            179.9989         -DE/DX =    0.0                 !
 ! D10   D(1,2,5,3)             33.0929         -DE/DX =   -0.0004              !
 ! D11   D(1,2,5,4)            -33.104          -DE/DX =    0.0004              !
 ! D12   D(1,3,5,2)            -33.0946         -DE/DX =    0.0004              !
 ! D13   D(1,3,5,4)             33.1023         -DE/DX =   -0.0004              !
 ! D14   D(1,4,5,2)             33.1037         -DE/DX =   -0.0004              !
 ! D15   D(1,4,5,3)            -33.1003         -DE/DX =    0.0004              !
 --------------------------------------------------------------------------------
 Iteration  1 RMS(Cart)=  0.01034351 RMS(Int)=  0.02527145
 Iteration  2 RMS(Cart)=  0.00010023 RMS(Int)=  0.02527111
 Iteration  3 RMS(Cart)=  0.00000131 RMS(Int)=  0.02527111
 Iteration  4 RMS(Cart)=  0.00000002 RMS(Int)=  0.02527111
 Iteration  1 RMS(Cart)=  0.00651065 RMS(Int)=  0.01577973
 Iteration  2 RMS(Cart)=  0.00408404 RMS(Int)=  0.01752002
 Iteration  3 RMS(Cart)=  0.00255222 RMS(Int)=  0.02006021
 Iteration  4 RMS(Cart)=  0.00159115 RMS(Int)=  0.02202095
 Iteration  5 RMS(Cart)=  0.00099049 RMS(Int)=  0.02334929
 Iteration  6 RMS(Cart)=  0.00061601 RMS(Int)=  0.02420976
 Iteration  7 RMS(Cart)=  0.00038288 RMS(Int)=  0.02475638
 Iteration  8 RMS(Cart)=  0.00023790 RMS(Int)=  0.02510023
 Iteration  9 RMS(Cart)=  0.00014778 RMS(Int)=  0.02531539
 Iteration 10 RMS(Cart)=  0.00009179 RMS(Int)=  0.02544960
 Iteration 11 RMS(Cart)=  0.00005700 RMS(Int)=  0.02553318
 Iteration 12 RMS(Cart)=  0.00003540 RMS(Int)=  0.02558517
 Iteration 13 RMS(Cart)=  0.00002198 RMS(Int)=  0.02561749
 Iteration 14 RMS(Cart)=  0.00001365 RMS(Int)=  0.02563757
 Iteration 15 RMS(Cart)=  0.00000848 RMS(Int)=  0.02565004
 Iteration 16 RMS(Cart)=  0.00000526 RMS(Int)=  0.02565779
 Iteration 17 RMS(Cart)=  0.00000327 RMS(Int)=  0.02566260
 Iteration 18 RMS(Cart)=  0.00000203 RMS(Int)=  0.02566559
 Iteration 19 RMS(Cart)=  0.00000126 RMS(Int)=  0.02566744
 Iteration 20 RMS(Cart)=  0.00000078 RMS(Int)=  0.02566860
 GradGradGradGradGradGradGradGradGradGradGradGradGradGradGradGradGradGrad

                          Input orientation:                          
 ---------------------------------------------------------------------
 Center     Atomic      Atomic             Coordinates (Angstroms)
 Number     Number       Type             X           Y           Z
 ---------------------------------------------------------------------
      1          6           0        0.669408   -0.889735   -0.009330
      2          1           0        0.615461   -1.994361   -0.008724
      3          1           0        0.585586   -0.340030    0.946632
      4          1           0        0.568885   -0.340385   -0.963892
      5         17           0        2.588827   -0.845401   -0.026094
      6          9           0       -1.067038   -0.929857    0.005889
 ---------------------------------------------------------------------
                    Distance matrix (angstroms):
                    1          2          3          4          5
     1  C    0.000000
     2  H    1.105942   0.000000
     3  H    1.105922   1.910604   0.000000
     4  H    1.105928   1.910536   1.910596   0.000000
     5  Cl   1.920005   2.283546   2.283544   2.283565   0.000000
     6  F    1.736976   1.991026   1.990995   1.991029   3.656980
                    6
     6  F    0.000000
 Stoichiometry    CH3ClF(1-)
 Framework group  C1[X(CH3ClF)]
 Deg. of freedom    12
 Full point group                 C1      NOp   1
 Largest Abelian subgroup         C1      NOp   1
 Largest concise Abelian subgroup C1      NOp   1
                         Standard orientation:                         
 ---------------------------------------------------------------------
 Center     Atomic      Atomic             Coordinates (Angstroms)
 Number     Number       Type             X           Y           Z
 ---------------------------------------------------------------------
      1          6           0        0.479112   -0.000010    0.000016
      2          1           0        0.558558   -0.600282   -0.925441
      3          1           0        0.558572    1.101576   -0.057060
      4          1           0        0.558571   -0.501426    0.982536
      5         17           0       -1.440892    0.000005   -0.000003
      6          9           0        2.216088    0.000011   -0.000008
 ---------------------------------------------------------------------
 Rotational constants (GHZ):    137.3732347      2.9480158      2.9480130
 Standard basis: VSTO-6G (5D, 7F)
 There are    21 symmetry adapted cartesian basis functions of A   symmetry.
 There are    20 symmetry adapted basis functions of A   symmetry.
    20 basis functions,   126 primitive gaussians,    21 cartesian basis functions
    11 alpha electrons       11 beta electrons
       nuclear repulsion energy        67.9800802243 Hartrees.
 Integral buffers will be    131072 words long.
 Regular integral format.
 Two-electron integral symmetry is turned off.
 Do NDO integrals.
 One-electron integrals computed using PRISM.
 NBasis=    20 RedAO= F EigKep=  0.00D+00  NBF=    20
 NBsUse=    20 1.00D-04 EigRej=  0.00D+00 NBFU=    20
 Initial guess from the checkpoint file:  "/scratch/1715567.1.multiway.q/Gau-186785.chk"
 B after Tr=     0.000000    0.000000    0.000000
         Rot=    0.971450   -0.237245   -0.000001    0.000000 Ang= -27.45 deg.
 Overlap will be assumed to be unity.
 Keep J ints in memory in canonical form, NReq=1875445.
 Requested convergence on RMS density matrix=1.00D-08 within 128 cycles.
 Requested convergence on MAX density matrix=1.00D-06.
 Requested convergence on             energy=1.00D-06.
 No special actions if energy rises.
 SCF Done:  E(RPM6) = -0.127281855894     A.U. after   11 cycles
            NFock= 10  Conv=0.52D-08     -V/T= 0.9903
 Calling FoFJK, ICntrl=      2127 FMM=F ISym2X=0 I1Cent= 0 IOpClX= 0 NMat=1 NMatS=1 NMatT=0.
 ***** Axes restored to original set *****
 -------------------------------------------------------------------
 Center     Atomic                   Forces (Hartrees/Bohr)
 Number     Number              X              Y              Z
 -------------------------------------------------------------------
      1        6          -0.043908622   -0.001025418    0.000376971
      2        1          -0.002785415    0.007312875    0.000027622
      3        1          -0.002585118   -0.003744584   -0.006358647
      4        1          -0.002473396   -0.003739054    0.006407166
      5       17           0.064405831    0.001488551   -0.000563069
      6        9          -0.012653281   -0.000292370    0.000109956
 -------------------------------------------------------------------
 Cartesian Forces:  Max     0.064405831 RMS     0.018890815

 GradGradGradGradGradGradGradGradGradGradGradGradGradGradGradGradGradGrad
 Berny optimization.
 FormGI is forming the generalized inverse of G from B-inverse, IUseBI=4.
 Internal  Forces:  Max     0.024995685 RMS     0.007469928
 Search for a local minimum.
 Step number   1 out of a maximum of   45 on scan point    17 out of    21
 All quantities printed in internal units (Hartrees-Bohrs-Radians)
 Mixed Optimization -- RFO/linear search
 Second derivative matrix not updated -- first step.
 ITU=  0
     Eigenvalues ---    0.00384   0.01955   0.02270   0.03480   0.08124
     Eigenvalues ---    0.08390   0.08897   0.10310   0.22633   0.24751
     Eigenvalues ---    0.292831000.000001000.000001000.000001000.00000
     Eigenvalues --- 1000.000001000.000001000.000001000.000001000.00000
     Eigenvalues --- 1000.000001000.000001000.000001000.000001000.00000
     Eigenvalues --- 1000.000001000.000001000.000001000.000001000.00000
     Eigenvalues --- 1000.000001000.000001000.000001000.000001000.00000
 RFO step:  Lambda=-9.28227421D-03 EMin= 3.84328410D-03
 Linear search not attempted -- first point.
 Iteration  1 RMS(Cart)=  0.04572897 RMS(Int)=  0.05015084
 Iteration  2 RMS(Cart)=  0.03131112 RMS(Int)=  0.01699301
 Iteration  3 RMS(Cart)=  0.01443433 RMS(Int)=  0.00622475
 Iteration  4 RMS(Cart)=  0.00000007 RMS(Int)=  0.00622475
 Iteration  1 RMS(Cart)=  0.00016891 RMS(Int)=  0.00039752
 Iteration  2 RMS(Cart)=  0.00010437 RMS(Int)=  0.00044195
 Iteration  3 RMS(Cart)=  0.00006449 RMS(Int)=  0.00050563
 Iteration  4 RMS(Cart)=  0.00003984 RMS(Int)=  0.00055423
 Iteration  5 RMS(Cart)=  0.00002461 RMS(Int)=  0.00058688
 Iteration  6 RMS(Cart)=  0.00001520 RMS(Int)=  0.00060788
 Iteration  7 RMS(Cart)=  0.00000939 RMS(Int)=  0.00062114
 Iteration  8 RMS(Cart)=  0.00000580 RMS(Int)=  0.00062943
 Iteration  9 RMS(Cart)=  0.00000358 RMS(Int)=  0.00063458
 Iteration 10 RMS(Cart)=  0.00000221 RMS(Int)=  0.00063778
 Iteration 11 RMS(Cart)=  0.00000137 RMS(Int)=  0.00063976
 Iteration 12 RMS(Cart)=  0.00000084 RMS(Int)=  0.00064099
 Variable       Old X    -DE/DX   Delta X   Delta X   Delta X     New X
                                 (Linear)    (Quad)   (Total)
    R1        2.08993  -0.01038   0.00000  -0.04217  -0.04048   2.04945
    R2        2.08989  -0.01038   0.00000  -0.04042  -0.03866   2.05123
    R3        2.08990  -0.01038   0.00000  -0.04475  -0.04269   2.04722
    R4        3.62828   0.02500   0.00000   0.00000   0.00000   3.62828
    R5        3.28241   0.01266   0.00000   0.49355   0.49355   3.77596
    R6        4.31528   0.01261   0.00000   0.16695   0.16428   4.47956
    R7        4.31527   0.01261   0.00000   0.16847   0.16571   4.48098
    R8        4.31531   0.01261   0.00000   0.16258   0.15916   4.47448
    A1        2.08552   0.00051   0.00000  -0.03288  -0.05287   2.03265
    A2        2.08539   0.00051   0.00000  -0.02447  -0.04485   2.04054
    A3        1.49889   0.00207   0.00000  -0.10625  -0.10857   1.39032
    A4        2.08553   0.00051   0.00000  -0.02260  -0.04312   2.04241
    A5        1.49887   0.00207   0.00000  -0.11127  -0.11349   1.38538
    A6        1.49890   0.00207   0.00000  -0.10619  -0.10819   1.39072
    A7        0.99476   0.00634   0.00000  -0.07158  -0.07330   0.92146
    A8        0.99476   0.00634   0.00000  -0.07216  -0.07377   0.92099
    A9        0.99474   0.00634   0.00000  -0.06983  -0.07123   0.92352
   A10        0.86324  -0.00713   0.00000  -0.06283  -0.06399   0.79925
   A11        0.86320  -0.00713   0.00000  -0.06090  -0.06211   0.80109
   A12        0.86323  -0.00713   0.00000  -0.06017  -0.06142   0.80181
    D1       -1.69459   0.00352   0.00000  -0.18386  -0.17938  -1.87398
    D2        1.69460  -0.00352   0.00000   0.18270   0.17922   1.87381
    D3       -3.14156   0.00000   0.00000   0.00177   0.00164  -3.13992
    D4        1.69459  -0.00352   0.00000   0.18367   0.17926   1.87385
    D5       -1.69462   0.00352   0.00000  -0.18318  -0.17998  -1.87460
    D6        3.14157   0.00000   0.00000   0.00095   0.00115  -3.14047
    D7       -1.69458   0.00352   0.00000  -0.18367  -0.18057  -1.87515
    D8        1.69461  -0.00352   0.00000   0.18435   0.18145   1.87606
    D9        3.14159   0.00000   0.00000  -0.00272  -0.00277   3.13881
   D10        0.58292  -0.00108   0.00000  -0.00588  -0.00580   0.57712
   D11       -0.58298   0.00108   0.00000   0.01048   0.00989  -0.57309
   D12       -0.58293   0.00108   0.00000   0.00618   0.00614  -0.57679
   D13        0.58291  -0.00108   0.00000  -0.01163  -0.01104   0.57187
   D14        0.58300  -0.00109   0.00000  -0.01042  -0.01021   0.57279
   D15       -0.58292   0.00108   0.00000   0.01126   0.01101  -0.57190
         Item               Value     Threshold  Converged?
 Maximum Force            0.012657     0.000450     NO 
 RMS     Force            0.002993     0.000300     NO 
 Maximum Displacement     0.300910     0.001800     NO 
 RMS     Displacement     0.072024     0.001200     NO 
 Predicted change in Energy=-7.214354D-03
 GradGradGradGradGradGradGradGradGradGradGradGradGradGradGradGradGradGrad

                          Input orientation:                          
 ---------------------------------------------------------------------
 Center     Atomic      Atomic             Coordinates (Angstroms)
 Number     Number       Type             X           Y           Z
 ---------------------------------------------------------------------
      1          6           0        0.771302   -0.887440   -0.011640
      2          1           0        0.599981   -1.958337   -0.007322
      3          1           0        0.568989   -0.361490    0.916086
      4          1           0        0.556444   -0.360164   -0.933292
      5         17           0        2.690685   -0.841325   -0.027794
      6          9           0       -1.226273   -0.931013    0.008442
 ---------------------------------------------------------------------
                    Distance matrix (angstroms):
                    1          2          3          4          5
     1  C    0.000000
     2  H    1.084523   0.000000
     3  H    1.085463   1.844875   0.000000
     4  H    1.083340   1.847558   1.849421   0.000000
     5  Cl   1.920005   2.370481   2.371233   2.367790   0.000000
     6  F    1.998151   2.095434   2.090726   2.095426   3.918152
                    6
     6  F    0.000000
 Stoichiometry    CH3ClF(1-)
 Framework group  C1[X(CH3ClF)]
 Deg. of freedom    12
 Full point group                 C1      NOp   1
 Largest Abelian subgroup         C1      NOp   1
 Largest concise Abelian subgroup C1      NOp   1
                         Standard orientation:                         
 ---------------------------------------------------------------------
 Center     Atomic      Atomic             Coordinates (Angstroms)
 Number     Number       Type             X           Y           Z
 ---------------------------------------------------------------------
      1          6           0        0.401940   -0.000824   -0.001783
      2          1           0        0.597890    0.331022   -1.015524
      3          1           0        0.600674    0.715983    0.788738
      4          1           0        0.596072   -1.043501    0.219043
      5         17           0       -1.518063    0.000112    0.000557
      6          9           0        2.400089   -0.000051    0.000996
 ---------------------------------------------------------------------
 Rotational constants (GHZ):    146.9443498      2.5950141      2.5948843
 Standard basis: VSTO-6G (5D, 7F)
 There are    21 symmetry adapted cartesian basis functions of A   symmetry.
 There are    20 symmetry adapted basis functions of A   symmetry.
    20 basis functions,   126 primitive gaussians,    21 cartesian basis functions
    11 alpha electrons       11 beta electrons
       nuclear repulsion energy        66.5955785014 Hartrees.
 Integral buffers will be    131072 words long.
 Regular integral format.
 Two-electron integral symmetry is turned off.
 Do NDO integrals.
 One-electron integrals computed using PRISM.
 NBasis=    20 RedAO= F EigKep=  0.00D+00  NBF=    20
 NBsUse=    20 1.00D-04 EigRej=  0.00D+00 NBFU=    20
 Initial guess from the checkpoint file:  "/scratch/1715567.1.multiway.q/Gau-186785.chk"
 B after Tr=     0.000000    0.000000    0.000000
         Rot=    0.902754   -0.430157   -0.000006    0.000054 Ang= -50.96 deg.
 Overlap will be assumed to be unity.
 Keep J ints in memory in canonical form, NReq=1875445.
 Requested convergence on RMS density matrix=1.00D-08 within 128 cycles.
 Requested convergence on MAX density matrix=1.00D-06.
 Requested convergence on             energy=1.00D-06.
 No special actions if energy rises.
 SCF Done:  E(RPM6) = -0.134329709878     A.U. after   12 cycles
            NFock= 11  Conv=0.79D-08     -V/T= 0.9898
 Calling FoFJK, ICntrl=      2127 FMM=F ISym2X=0 I1Cent= 0 IOpClX= 0 NMat=1 NMatS=1 NMatT=0.
 ***** Axes restored to original set *****
 -------------------------------------------------------------------
 Center     Atomic                   Forces (Hartrees/Bohr)
 Number     Number              X              Y              Z
 -------------------------------------------------------------------
      1        6          -0.009172832   -0.000472069    0.001110729
      2        1          -0.001673705   -0.001599718   -0.000232573
      3        1          -0.001526188    0.000815145    0.000828625
      4        1          -0.002059916    0.000977049   -0.001597227
      5       17           0.021822129    0.000482799   -0.000117365
      6        9          -0.007389488   -0.000203206    0.000007811
 -------------------------------------------------------------------
 Cartesian Forces:  Max     0.021822129 RMS     0.005932674

 GradGradGradGradGradGradGradGradGradGradGradGradGradGradGradGradGradGrad
 Berny optimization.
 Using GEDIIS/GDIIS optimizer.
 FormGI is forming the generalized inverse of G from B-inverse, IUseBI=4.
 Internal  Forces:  Max     0.007422000 RMS     0.002431502
 Search for a local minimum.
 Step number   2 out of a maximum of   45 on scan point    17 out of    21
 All quantities printed in internal units (Hartrees-Bohrs-Radians)
 Mixed Optimization -- RFO/linear search
 Update second derivatives using D2CorX and points    1    2
 DE= -7.05D-03 DEPred=-7.21D-03 R= 9.77D-01
 TightC=F SS=  1.41D+00  RLast= 7.71D-01 DXNew= 1.3394D+00 2.3119D+00
 Trust test= 9.77D-01 RLast= 7.71D-01 DXMaxT set to 1.34D+00
 ITU=  1  0
 Use linear search instead of GDIIS.
     Eigenvalues ---    0.00678   0.01881   0.02216   0.02929   0.06805
     Eigenvalues ---    0.08299   0.08465   0.09988   0.23390   0.24243
     Eigenvalues ---    0.284861000.000001000.000001000.000001000.00000
     Eigenvalues --- 1000.000001000.000001000.000001000.000001000.00000
     Eigenvalues --- 1000.000001000.000001000.000001000.000001000.00000
     Eigenvalues --- 1000.000001000.000001000.000001000.000001000.00000
     Eigenvalues --- 1000.000001000.000001000.000001000.000001000.00000
 RFO step:  Lambda=-5.16736413D-04 EMin= 6.78030587D-03
 Quartic linear search produced a step of  0.61192.
 Iteration  1 RMS(Cart)=  0.03454307 RMS(Int)=  0.02860350
 Iteration  2 RMS(Cart)=  0.02527834 RMS(Int)=  0.00712357
 Iteration  3 RMS(Cart)=  0.00000563 RMS(Int)=  0.00712356
 Iteration  4 RMS(Cart)=  0.00000007 RMS(Int)=  0.00712356
 Iteration  1 RMS(Cart)=  0.00011497 RMS(Int)=  0.00026576
 Iteration  2 RMS(Cart)=  0.00007039 RMS(Int)=  0.00029563
 Iteration  3 RMS(Cart)=  0.00004309 RMS(Int)=  0.00033795
 Iteration  4 RMS(Cart)=  0.00002638 RMS(Int)=  0.00036990
 Iteration  5 RMS(Cart)=  0.00001615 RMS(Int)=  0.00039115
 Iteration  6 RMS(Cart)=  0.00000989 RMS(Int)=  0.00040468
 Iteration  7 RMS(Cart)=  0.00000605 RMS(Int)=  0.00041314
 Iteration  8 RMS(Cart)=  0.00000370 RMS(Int)=  0.00041838
 Iteration  9 RMS(Cart)=  0.00000227 RMS(Int)=  0.00042161
 Iteration 10 RMS(Cart)=  0.00000139 RMS(Int)=  0.00042360
 Iteration 11 RMS(Cart)=  0.00000085 RMS(Int)=  0.00042481
 Variable       Old X    -DE/DX   Delta X   Delta X   Delta X     New X
                                 (Linear)    (Quad)   (Total)
    R1        2.04945  -0.00058  -0.02477   0.01795  -0.00506   2.04439
    R2        2.05123  -0.00091  -0.02366   0.01705  -0.00505   2.04617
    R3        2.04722  -0.00035  -0.02612   0.02043  -0.00413   2.04308
    R4        3.62828   0.00742   0.00000   0.00000   0.00000   3.62828
    R5        3.77596   0.00739   0.30201   0.06150   0.36351   4.13947
    R6        4.47956   0.00496   0.10053   0.02124   0.11946   4.59902
    R7        4.48098   0.00483   0.10140   0.02174   0.12122   4.60220
    R8        4.47448   0.00522   0.09739   0.02647   0.12186   4.59634
    A1        2.03265   0.00068  -0.03235   0.00595  -0.04833   1.98432
    A2        2.04054   0.00040  -0.02744  -0.00360  -0.05300   1.98754
    A3        1.39032   0.00073  -0.06644  -0.00934  -0.07855   1.31177
    A4        2.04241   0.00029  -0.02638  -0.01554  -0.06343   1.97898
    A5        1.38538   0.00086  -0.06945  -0.00515  -0.07751   1.30787
    A6        1.39072   0.00070  -0.06620  -0.00757  -0.07667   1.31405
    A7        0.92146   0.00143  -0.04485  -0.00780  -0.05428   0.86718
    A8        0.92099   0.00146  -0.04514  -0.00809  -0.05504   0.86596
    A9        0.92352   0.00134  -0.04359  -0.00992  -0.05528   0.86823
   A10        0.79925  -0.00105  -0.03915   0.00472  -0.03650   0.76275
   A11        0.80109  -0.00105  -0.03800   0.00249  -0.03760   0.76349
   A12        0.80181  -0.00114  -0.03758  -0.00084  -0.04049   0.76132
    D1       -1.87398   0.00112  -0.10977  -0.01396  -0.11695  -1.99093
    D2        1.87381  -0.00120   0.10967   0.01268   0.11572   1.98953
    D3       -3.13992  -0.00008   0.00100  -0.00045   0.00054  -3.13938
    D4        1.87385  -0.00114   0.10970   0.01359   0.11630   1.99015
    D5       -1.87460   0.00121  -0.11013  -0.00885  -0.11156  -1.98616
    D6       -3.14047  -0.00003   0.00070  -0.00242  -0.00179   3.14093
    D7       -1.87515   0.00124  -0.11050  -0.01133  -0.11508  -1.99023
    D8        1.87606  -0.00122   0.11103   0.00790   0.11159   1.98765
    D9        3.13881   0.00010  -0.00170   0.00284   0.00122   3.14004
   D10        0.57712  -0.00032  -0.00355  -0.00551  -0.00903   0.56809
   D11       -0.57309   0.00009   0.00605   0.00031   0.00616  -0.56693
   D12       -0.57679   0.00023   0.00376   0.00506   0.00859  -0.56820
   D13        0.57187   0.00000  -0.00676   0.00646  -0.00013   0.57174
   D14        0.57279  -0.00012  -0.00624  -0.00008  -0.00602   0.56677
   D15       -0.57190   0.00012   0.00674  -0.00625   0.00043  -0.57147
         Item               Value     Threshold  Converged?
 Maximum Force            0.007392     0.000450     NO 
 RMS     Force            0.001359     0.000300     NO 
 Maximum Displacement     0.225786     0.001800     NO 
 RMS     Displacement     0.051975     0.001200     NO 
 Predicted change in Energy=-2.087331D-03
 GradGradGradGradGradGradGradGradGradGradGradGradGradGradGradGradGradGrad

                          Input orientation:                          
 ---------------------------------------------------------------------
 Center     Atomic      Atomic             Coordinates (Angstroms)
 Number     Number       Type             X           Y           Z
 ---------------------------------------------------------------------
      1          6           0        0.844073   -0.886664   -0.011895
      2          1           0        0.590899   -1.938463   -0.008774
      3          1           0        0.560147   -0.368098    0.895248
      4          1           0        0.548272   -0.368005   -0.913220
      5         17           0        2.763492   -0.841944   -0.027693
      6          9           0       -1.345753   -0.936595    0.010814
 ---------------------------------------------------------------------
                    Distance matrix (angstroms):
                    1          2          3          4          5
     1  C    0.000000
     2  H    1.081845   0.000000
     3  H    1.082789   1.812249   0.000000
     4  H    1.081153   1.812782   1.808506   0.000000
     5  Cl   1.920005   2.433695   2.435381   2.432278   0.000000
     6  F    2.190513   2.180538   2.176664   2.182765   4.110516
                    6
     6  F    0.000000
 Stoichiometry    CH3ClF(1-)
 Framework group  C1[X(CH3ClF)]
 Deg. of freedom    12
 Full point group                 C1      NOp   1
 Largest Abelian subgroup         C1      NOp   1
 Largest concise Abelian subgroup C1      NOp   1
                         Standard orientation:                         
 ---------------------------------------------------------------------
 Center     Atomic      Atomic             Coordinates (Angstroms)
 Number     Number       Type             X           Y           Z
 ---------------------------------------------------------------------
      1          6           0        0.345497    0.000419   -0.001674
      2          1           0        0.622827    1.044420   -0.061148
      3          1           0        0.625870   -0.471771    0.931525
      4          1           0        0.620858   -0.575916   -0.873973
      5         17           0       -1.574507    0.000006    0.000478
      6          9           0        2.536009    0.000072    0.000612
 ---------------------------------------------------------------------
 Rotational constants (GHZ):    152.8631990      2.3713374      2.3712285
 Standard basis: VSTO-6G (5D, 7F)
 There are    21 symmetry adapted cartesian basis functions of A   symmetry.
 There are    20 symmetry adapted basis functions of A   symmetry.
    20 basis functions,   126 primitive gaussians,    21 cartesian basis functions
    11 alpha electrons       11 beta electrons
       nuclear repulsion energy        65.6390194358 Hartrees.
 Integral buffers will be    131072 words long.
 Regular integral format.
 Two-electron integral symmetry is turned off.
 Do NDO integrals.
 One-electron integrals computed using PRISM.
 NBasis=    20 RedAO= F EigKep=  0.00D+00  NBF=    20
 NBsUse=    20 1.00D-04 EigRej=  0.00D+00 NBFU=    20
 Initial guess from the checkpoint file:  "/scratch/1715567.1.multiway.q/Gau-186785.chk"
 B after Tr=     0.000000    0.000000    0.000000
         Rot=    0.825514   -0.564382   -0.000012    0.000001 Ang= -68.72 deg.
 Overlap will be assumed to be unity.
 Keep J ints in memory in canonical form, NReq=1875445.
 Requested convergence on RMS density matrix=1.00D-08 within 128 cycles.
 Requested convergence on MAX density matrix=1.00D-06.
 Requested convergence on             energy=1.00D-06.
 No special actions if energy rises.
 SCF Done:  E(RPM6) = -0.136339759858     A.U. after   12 cycles
            NFock= 11  Conv=0.41D-08     -V/T= 0.9896
 Calling FoFJK, ICntrl=      2127 FMM=F ISym2X=0 I1Cent= 0 IOpClX= 0 NMat=1 NMatS=1 NMatT=0.
 ***** Axes restored to original set *****
 -------------------------------------------------------------------
 Center     Atomic                   Forces (Hartrees/Bohr)
 Number     Number              X              Y              Z
 -------------------------------------------------------------------
      1        6           0.004299180    0.000443359    0.000569344
      2        1           0.001665710   -0.003841785   -0.000088009
      3        1           0.001833542    0.001692716    0.003284426
      4        1           0.001351955    0.001933562   -0.003893983
      5       17          -0.003956689   -0.000106257    0.000105540
      6        9          -0.005193697   -0.000121596    0.000022683
 -------------------------------------------------------------------
 Cartesian Forces:  Max     0.005193697 RMS     0.002549042

 GradGradGradGradGradGradGradGradGradGradGradGradGradGradGradGradGradGrad
 Berny optimization.
 Using GEDIIS/GDIIS optimizer.
 FormGI is forming the generalized inverse of G from B-inverse, IUseBI=4.
 Internal  Forces:  Max     0.005195075 RMS     0.001498402
 Search for a local minimum.
 Step number   3 out of a maximum of   45 on scan point    17 out of    21
 All quantities printed in internal units (Hartrees-Bohrs-Radians)
 Mixed Optimization -- RFO/linear search
 Update second derivatives using D2CorX and points    2    3
 DE= -2.01D-03 DEPred=-2.09D-03 R= 9.63D-01
 TightC=F SS=  1.41D+00  RLast= 5.44D-01 DXNew= 2.2526D+00 1.6312D+00
 Trust test= 9.63D-01 RLast= 5.44D-01 DXMaxT set to 1.63D+00
 ITU=  1  1  0
 Use linear search instead of GDIIS.
     Eigenvalues ---    0.00914   0.01805   0.02141   0.02640   0.06725
     Eigenvalues ---    0.07853   0.08345   0.09770   0.22526   0.23757
     Eigenvalues ---    0.278551000.000001000.000001000.000001000.00000
     Eigenvalues --- 1000.000001000.000001000.000001000.000001000.00000
     Eigenvalues --- 1000.000001000.000001000.000001000.000001000.00000
     Eigenvalues --- 1000.000001000.000001000.000001000.000001000.00000
     Eigenvalues --- 1000.000001000.000001000.000001000.000001000.00000
 RFO step:  Lambda=-6.25606055D-04 EMin= 9.14470354D-03
 Quartic linear search produced a step of  0.18984.
 Iteration  1 RMS(Cart)=  0.02245932 RMS(Int)=  0.00067176
 Iteration  2 RMS(Cart)=  0.00003866 RMS(Int)=  0.00066989
 Iteration  3 RMS(Cart)=  0.00000003 RMS(Int)=  0.00066989
 Iteration  1 RMS(Cart)=  0.00000157 RMS(Int)=  0.00000360
 Iteration  2 RMS(Cart)=  0.00000096 RMS(Int)=  0.00000401
 Variable       Old X    -DE/DX   Delta X   Delta X   Delta X     New X
                                 (Linear)    (Quad)   (Total)
    R1        2.04439   0.00321  -0.00096   0.01034   0.00949   2.05388
    R2        2.04617   0.00308  -0.00096   0.00781   0.00693   2.05310
    R3        2.04308   0.00354  -0.00078   0.01008   0.00933   2.05241
    R4        3.62828  -0.00174   0.00000   0.00000  -0.00002   3.62826
    R5        4.13947   0.00520   0.06901   0.08681   0.15582   4.29529
    R6        4.59902  -0.00050   0.02268   0.00188   0.02448   4.62350
    R7        4.60220  -0.00069   0.02301  -0.00548   0.01752   4.61972
    R8        4.59634  -0.00038   0.02314  -0.00315   0.02003   4.61637
    A1        1.98432   0.00050  -0.00918   0.00453  -0.00665   1.97766
    A2        1.98754   0.00042  -0.01006   0.00176  -0.01023   1.97730
    A3        1.31177   0.00066  -0.01491   0.00510  -0.01011   1.30166
    A4        1.97898   0.00076  -0.01204   0.00673  -0.00714   1.97184
    A5        1.30787   0.00074  -0.01471   0.00553  -0.00951   1.29836
    A6        1.31405   0.00067  -0.01455   0.00540  -0.00951   1.30454
    A7        0.86718  -0.00023  -0.01031   0.00049  -0.00993   0.85724
    A8        0.86596  -0.00016  -0.01045   0.00352  -0.00709   0.85887
    A9        0.86823  -0.00024  -0.01049   0.00274  -0.00793   0.86030
   A10        0.76275   0.00147  -0.00693   0.00506  -0.00219   0.76056
   A11        0.76349   0.00151  -0.00714   0.00458  -0.00287   0.76062
   A12        0.76132   0.00159  -0.00769   0.00602  -0.00197   0.75936
    D1       -1.99093   0.00100  -0.02220   0.00773  -0.01381  -2.00473
    D2        1.98953  -0.00103   0.02197  -0.00842   0.01278   2.00232
    D3       -3.13938  -0.00004   0.00010   0.00026   0.00037  -3.13900
    D4        1.99015  -0.00095   0.02208  -0.00554   0.01584   2.00599
    D5       -1.98616   0.00090  -0.02118   0.00813  -0.01217  -1.99833
    D6        3.14093   0.00004  -0.00034   0.00168   0.00130  -3.14096
    D7       -1.99023   0.00099  -0.02185   0.00657  -0.01446  -2.00469
    D8        1.98765  -0.00091   0.02118  -0.00847   0.01180   1.99945
    D9        3.14004   0.00000   0.00023  -0.00193  -0.00168   3.13836
   D10        0.56809   0.00022  -0.00171   0.00075  -0.00097   0.56712
   D11       -0.56693  -0.00032   0.00117  -0.00242  -0.00121  -0.56814
   D12       -0.56820  -0.00022   0.00163   0.00011   0.00172  -0.56648
   D13        0.57174   0.00014  -0.00002  -0.00002  -0.00008   0.57166
   D14        0.56677   0.00022  -0.00114   0.00128   0.00015   0.56692
   D15       -0.57147  -0.00004   0.00008   0.00030   0.00039  -0.57108
         Item               Value     Threshold  Converged?
 Maximum Force            0.005195     0.000450     NO 
 RMS     Force            0.001443     0.000300     NO 
 Maximum Displacement     0.119107     0.001800     NO 
 RMS     Displacement     0.022453     0.001200     NO 
 Predicted change in Energy=-3.881885D-04
 GradGradGradGradGradGradGradGradGradGradGradGradGradGradGradGradGradGrad

                          Input orientation:                          
 ---------------------------------------------------------------------
 Center     Atomic      Atomic             Coordinates (Angstroms)
 Number     Number       Type             X           Y           Z
 ---------------------------------------------------------------------
      1          6           0        0.863499   -0.886667   -0.011685
      2          1           0        0.597863   -1.940572   -0.009856
      3          1           0        0.569065   -0.367486    0.896137
      4          1           0        0.556622   -0.368013   -0.915244
      5         17           0        2.782862   -0.839855   -0.027054
      6          9           0       -1.408782   -0.937176    0.012182
 ---------------------------------------------------------------------
                    Distance matrix (angstroms):
                    1          2          3          4          5
     1  C    0.000000
     2  H    1.086868   0.000000
     3  H    1.086454   1.815558   0.000000
     4  H    1.086091   1.815039   1.811424   0.000000
     5  Cl   1.919995   2.446649   2.444649   2.442879   0.000000
     6  F    2.272968   2.243638   2.240045   2.246526   4.192957
                    6
     6  F    0.000000
 Stoichiometry    CH3ClF(1-)
 Framework group  C1[X(CH3ClF)]
 Deg. of freedom    12
 Full point group                 C1      NOp   1
 Largest Abelian subgroup         C1      NOp   1
 Largest concise Abelian subgroup C1      NOp   1
                         Standard orientation:                         
 ---------------------------------------------------------------------
 Center     Atomic      Atomic             Coordinates (Angstroms)
 Number     Number       Type             X           Y           Z
 ---------------------------------------------------------------------
      1          6           0        0.323316    0.001873   -0.001738
      2          1           0        0.613425    1.047370    0.061926
      3          1           0        0.614004   -0.578788    0.869305
      4          1           0        0.609627   -0.466956   -0.938658
      5         17           0       -1.596676   -0.000383    0.000596
      6          9           0        2.596281   -0.000705    0.000858
 ---------------------------------------------------------------------
 Rotational constants (GHZ):    152.3832257      2.2842646      2.2841666
 Standard basis: VSTO-6G (5D, 7F)
 There are    21 symmetry adapted cartesian basis functions of A   symmetry.
 There are    20 symmetry adapted basis functions of A   symmetry.
    20 basis functions,   126 primitive gaussians,    21 cartesian basis functions
    11 alpha electrons       11 beta electrons
       nuclear repulsion energy        65.2116050569 Hartrees.
 Integral buffers will be    131072 words long.
 Regular integral format.
 Two-electron integral symmetry is turned off.
 Do NDO integrals.
 One-electron integrals computed using PRISM.
 NBasis=    20 RedAO= F EigKep=  0.00D+00  NBF=    20
 NBsUse=    20 1.00D-04 EigRej=  0.00D+00 NBFU=    20
 Initial guess from the checkpoint file:  "/scratch/1715567.1.multiway.q/Gau-186785.chk"
 B after Tr=     0.000000    0.000000    0.000000
         Rot=    0.998228   -0.059497    0.000001    0.000019 Ang=  -6.82 deg.
 Overlap will be assumed to be unity.
 Keep J ints in memory in canonical form, NReq=1875445.
 Requested convergence on RMS density matrix=1.00D-08 within 128 cycles.
 Requested convergence on MAX density matrix=1.00D-06.
 Requested convergence on             energy=1.00D-06.
 No special actions if energy rises.
 SCF Done:  E(RPM6) = -0.136930234187     A.U. after   11 cycles
            NFock= 10  Conv=0.34D-08     -V/T= 0.9896
 Calling FoFJK, ICntrl=      2127 FMM=F ISym2X=0 I1Cent= 0 IOpClX= 0 NMat=1 NMatS=1 NMatT=0.
 ***** Axes restored to original set *****
 -------------------------------------------------------------------
 Center     Atomic                   Forces (Hartrees/Bohr)
 Number     Number              X              Y              Z
 -------------------------------------------------------------------
      1        6           0.007457586    0.000321063   -0.000036069
      2        1           0.002073613   -0.001220875    0.000020680
      3        1           0.001890484    0.000634916    0.001521879
      4        1           0.001678298    0.000725500   -0.001641523
      5       17          -0.009501878   -0.000371655    0.000124153
      6        9          -0.003598103   -0.000088950    0.000010880
 -------------------------------------------------------------------
 Cartesian Forces:  Max     0.009501878 RMS     0.003137897

 GradGradGradGradGradGradGradGradGradGradGradGradGradGradGradGradGradGrad
 Berny optimization.
 Using GEDIIS/GDIIS optimizer.
 FormGI is forming the generalized inverse of G from B-inverse, IUseBI=4.
 Internal  Forces:  Max     0.003599107 RMS     0.001230768
 Search for a local minimum.
 Step number   4 out of a maximum of   45 on scan point    17 out of    21
 All quantities printed in internal units (Hartrees-Bohrs-Radians)
 Mixed Optimization -- En-DIIS/RFO-DIIS
 Update second derivatives using D2CorX and points    3    4
 DE= -5.90D-04 DEPred=-3.88D-04 R= 1.52D+00
 TightC=F SS=  1.41D+00  RLast= 1.66D-01 DXNew= 2.7433D+00 4.9871D-01
 Trust test= 1.52D+00 RLast= 1.66D-01 DXMaxT set to 1.63D+00
 ITU=  1  1  1  0
 Use linear search instead of GDIIS.
     Eigenvalues ---    0.00737   0.01798   0.02129   0.02596   0.03646
     Eigenvalues ---    0.07740   0.08325   0.09747   0.21563   0.23673
     Eigenvalues ---    0.278571000.000001000.000001000.000001000.00000
     Eigenvalues --- 1000.000001000.000001000.000001000.000001000.00000
     Eigenvalues --- 1000.000001000.000001000.000001000.000001000.00000
     Eigenvalues --- 1000.000001000.000001000.000001000.000001000.00000
     Eigenvalues --- 1000.000001000.000001000.000001000.000001000.00000
 RFO step:  Lambda=-2.31361122D-04 EMin= 7.36753321D-03
 Quartic linear search produced a step of  2.00000.
 Iteration  1 RMS(Cart)=  0.02874177 RMS(Int)=  0.02619839
 Iteration  2 RMS(Cart)=  0.02390181 RMS(Int)=  0.00020588
 Iteration  3 RMS(Cart)=  0.00000024 RMS(Int)=  0.00020588
 Iteration  1 RMS(Cart)=  0.00001017 RMS(Int)=  0.00002330
 Iteration  2 RMS(Cart)=  0.00000619 RMS(Int)=  0.00002592
 Iteration  3 RMS(Cart)=  0.00000377 RMS(Int)=  0.00002962
 Iteration  4 RMS(Cart)=  0.00000230 RMS(Int)=  0.00003239
 Iteration  5 RMS(Cart)=  0.00000140 RMS(Int)=  0.00003423
 Iteration  6 RMS(Cart)=  0.00000085 RMS(Int)=  0.00003539
 Variable       Old X    -DE/DX   Delta X   Delta X   Delta X     New X
                                 (Linear)    (Quad)   (Total)
    R1        2.05388   0.00171   0.01898  -0.01258   0.00637   2.06026
    R2        2.05310   0.00198   0.01385  -0.00979   0.00406   2.05716
    R3        2.05241   0.00207   0.01866  -0.01045   0.00817   2.06059
    R4        3.62826  -0.00329  -0.00004   0.00000   0.00000   3.62827
    R5        4.29529   0.00360   0.31163   0.04335   0.35499   4.65027
    R6        4.62350  -0.00216   0.04896  -0.02669   0.02241   4.64590
    R7        4.61972  -0.00203   0.03503  -0.01185   0.02323   4.64295
    R8        4.61637  -0.00193   0.04007  -0.01024   0.02997   4.64634
    A1        1.97766   0.00008  -0.01331   0.00462  -0.00926   1.96840
    A2        1.97730   0.00011  -0.02047   0.00449  -0.01644   1.96087
    A3        1.30166   0.00019  -0.02022   0.00708  -0.01322   1.28844
    A4        1.97184   0.00034  -0.01428   0.00564  -0.00921   1.96263
    A5        1.29836   0.00026  -0.01903   0.00549  -0.01359   1.28477
    A6        1.30454   0.00018  -0.01902   0.00505  -0.01406   1.29049
    A7        0.85724  -0.00044  -0.01987   0.01049  -0.00936   0.84789
    A8        0.85887  -0.00047  -0.01418   0.00409  -0.01006   0.84880
    A9        0.86030  -0.00050  -0.01587   0.00328  -0.01257   0.84773
   A10        0.76056   0.00110  -0.00437   0.00020  -0.00434   0.75622
   A11        0.76062   0.00112  -0.00575  -0.00010  -0.00603   0.75459
   A12        0.75936   0.00122  -0.00393  -0.00054  -0.00464   0.75472
    D1       -2.00473   0.00035  -0.02761   0.00905  -0.01831  -2.02304
    D2        2.00232  -0.00031   0.02557  -0.00753   0.01766   2.01997
    D3       -3.13900  -0.00003   0.00075   0.00052   0.00128  -3.13772
    D4        2.00599  -0.00033   0.03168  -0.01405   0.01741   2.02340
    D5       -1.99833   0.00021  -0.02434   0.00190  -0.02221  -2.02054
    D6       -3.14096   0.00001   0.00261  -0.00457  -0.00197   3.14026
    D7       -2.00469   0.00031  -0.02891   0.01332  -0.01520  -2.01989
    D8        1.99945  -0.00022   0.02360  -0.00269   0.02065   2.02010
    D9        3.13836   0.00002  -0.00336   0.00406   0.00069   3.13904
   D10        0.56712   0.00024  -0.00193  -0.00013  -0.00204   0.56509
   D11       -0.56814  -0.00022  -0.00242   0.00079  -0.00158  -0.56973
   D12       -0.56648  -0.00017   0.00344  -0.00254   0.00095  -0.56553
   D13        0.57166   0.00006  -0.00016  -0.00247  -0.00266   0.56900
   D14        0.56692   0.00014   0.00029   0.00254   0.00279   0.56971
   D15       -0.57108  -0.00005   0.00077   0.00180   0.00254  -0.56854
         Item               Value     Threshold  Converged?
 Maximum Force            0.003599     0.000450     NO 
 RMS     Force            0.000862     0.000300     NO 
 Maximum Displacement     0.281380     0.001800     NO 
 RMS     Displacement     0.052416     0.001200     NO 
 Predicted change in Energy=-4.130429D-04
 GradGradGradGradGradGradGradGradGradGradGradGradGradGradGradGradGradGrad

                          Input orientation:                          
 ---------------------------------------------------------------------
 Center     Atomic      Atomic             Coordinates (Angstroms)
 Number     Number       Type             X           Y           Z
 ---------------------------------------------------------------------
      1          6           0        0.902355   -0.884713   -0.011575
      2          1           0        0.622430   -1.938404   -0.012331
      3          1           0        0.593255   -0.367108    0.894848
      4          1           0        0.578995   -0.369143   -0.916358
      5         17           0        2.821775   -0.839785   -0.025390
      6          9           0       -1.557682   -0.940617    0.015287
 ---------------------------------------------------------------------
                    Distance matrix (angstroms):
                    1          2          3          4          5
     1  C    0.000000
     2  H    1.090240   0.000000
     3  H    1.088605   1.814607   0.000000
     4  H    1.090416   1.811555   1.811263   0.000000
     5  Cl   1.919995   2.458506   2.456942   2.458738   0.000000
     6  F    2.460819   2.397755   2.393547   2.399987   4.380807
                    6
     6  F    0.000000
 Stoichiometry    CH3ClF(1-)
 Framework group  C1[X(CH3ClF)]
 Deg. of freedom    12
 Full point group                 C1      NOp   1
 Largest Abelian subgroup         C1      NOp   1
 Largest concise Abelian subgroup C1      NOp   1
                         Standard orientation:                         
 ---------------------------------------------------------------------
 Center     Atomic      Atomic             Coordinates (Angstroms)
 Number     Number       Type             X           Y           Z
 ---------------------------------------------------------------------
      1          6           0        0.273712    0.001783   -0.002136
      2          1           0        0.577816    0.925045    0.491555
      3          1           0        0.579086   -0.888792    0.544383
      4          1           0        0.576821   -0.027809   -1.049159
      5         17           0       -1.646279   -0.000613    0.000830
      6          9           0        2.734527   -0.000969    0.001326
 ---------------------------------------------------------------------
 Rotational constants (GHZ):    152.6349645      2.1023076      2.1022399
 Standard basis: VSTO-6G (5D, 7F)
 There are    21 symmetry adapted cartesian basis functions of A   symmetry.
 There are    20 symmetry adapted basis functions of A   symmetry.
    20 basis functions,   126 primitive gaussians,    21 cartesian basis functions
    11 alpha electrons       11 beta electrons
       nuclear repulsion energy        64.3331842280 Hartrees.
 Integral buffers will be    131072 words long.
 Regular integral format.
 Two-electron integral symmetry is turned off.
 Do NDO integrals.
 One-electron integrals computed using PRISM.
 NBasis=    20 RedAO= F EigKep=  0.00D+00  NBF=    20
 NBsUse=    20 1.00D-04 EigRej=  0.00D+00 NBFU=    20
 Initial guess from the checkpoint file:  "/scratch/1715567.1.multiway.q/Gau-186785.chk"
 B after Tr=     0.000000    0.000000    0.000000
         Rot=    0.976680   -0.214698    0.000006   -0.000022 Ang= -24.80 deg.
 Overlap will be assumed to be unity.
 Keep J ints in memory in canonical form, NReq=1875445.
 Requested convergence on RMS density matrix=1.00D-08 within 128 cycles.
 Requested convergence on MAX density matrix=1.00D-06.
 Requested convergence on             energy=1.00D-06.
 No special actions if energy rises.
 SCF Done:  E(RPM6) = -0.137596910279     A.U. after   11 cycles
            NFock= 10  Conv=0.79D-08     -V/T= 0.9895
 Calling FoFJK, ICntrl=      2127 FMM=F ISym2X=0 I1Cent= 0 IOpClX= 0 NMat=1 NMatS=1 NMatT=0.
 ***** Axes restored to original set *****
 -------------------------------------------------------------------
 Center     Atomic                   Forces (Hartrees/Bohr)
 Number     Number              X              Y              Z
 -------------------------------------------------------------------
      1        6           0.013962766    0.000123255   -0.001029334
      2        1           0.001813954    0.000434003    0.000258726
      3        1           0.001553948    0.000009498    0.000393067
      4        1           0.001891756   -0.000090770    0.000310516
      5       17          -0.018046760   -0.000445863    0.000085052
      6        9          -0.001175664   -0.000030123   -0.000018027
 -------------------------------------------------------------------
 Cartesian Forces:  Max     0.018046760 RMS     0.005442155

 GradGradGradGradGradGradGradGradGradGradGradGradGradGradGradGradGradGrad
 Berny optimization.
 Using GEDIIS/GDIIS optimizer.
 FormGI is forming the generalized inverse of G from B-inverse, IUseBI=4.
 Internal  Forces:  Max     0.006331274 RMS     0.001759992
 Search for a local minimum.
 Step number   5 out of a maximum of   45 on scan point    17 out of    21
 All quantities printed in internal units (Hartrees-Bohrs-Radians)
 Mixed Optimization -- En-DIIS/RFO-DIIS
 Swapping is turned off.
 Update second derivatives using D2CorX and points    3    4    5
 DE= -6.67D-04 DEPred=-4.13D-04 R= 1.61D+00
 TightC=F SS=  1.41D+00  RLast= 3.63D-01 DXNew= 2.7433D+00 1.0885D+00
 Trust test= 1.61D+00 RLast= 3.63D-01 DXMaxT set to 1.63D+00
 ITU=  1  1  1  1  0
     Eigenvalues ---    0.00573   0.01777   0.02113   0.02534   0.02934
     Eigenvalues ---    0.07657   0.08288   0.09732   0.22155   0.23593
     Eigenvalues ---    0.278531000.000001000.000001000.000001000.00000
     Eigenvalues --- 1000.000001000.000001000.000001000.000001000.00000
     Eigenvalues --- 1000.000001000.000001000.000001000.000001000.00000
     Eigenvalues --- 1000.000001000.000001000.000001000.000001000.00000
     Eigenvalues --- 1000.000001000.000001000.000001000.000001000.00000
 En-DIIS/RFO-DIIS IScMMF=        0 using points:     5    4
 RFO step:  Lambda=-3.71065196D-05.
 DidBck=F Rises=F RFO-DIIS coefs:    1.31137   -0.31137
 Iteration  1 RMS(Cart)=  0.01690977 RMS(Int)=  0.00008832
 Iteration  2 RMS(Cart)=  0.00003118 RMS(Int)=  0.00008081
 Iteration  3 RMS(Cart)=  0.00000000 RMS(Int)=  0.00008081
 Iteration  1 RMS(Cart)=  0.00000177 RMS(Int)=  0.00000407
 Iteration  2 RMS(Cart)=  0.00000108 RMS(Int)=  0.00000453
 Iteration  3 RMS(Cart)=  0.00000066 RMS(Int)=  0.00000517
 Variable       Old X    -DE/DX   Delta X   Delta X   Delta X     New X
                                 (Linear)    (Quad)   (Total)
    R1        2.06026   0.00132   0.00198  -0.00201  -0.00003   2.06023
    R2        2.05716   0.00186   0.00127  -0.00084   0.00043   2.05760
    R3        2.06059   0.00136   0.00255  -0.00266  -0.00011   2.06048
    R4        3.62827  -0.00633   0.00000   0.00000   0.00000   3.62827
    R5        4.65027   0.00118   0.11053  -0.01548   0.09506   4.74533
    R6        4.64590  -0.00406   0.00698  -0.02110  -0.01411   4.63180
    R7        4.64295  -0.00381   0.00723  -0.02189  -0.01465   4.62830
    R8        4.64634  -0.00411   0.00933  -0.02541  -0.01606   4.63028
    A1        1.96840  -0.00058  -0.00288   0.01039   0.00728   1.97568
    A2        1.96087  -0.00032  -0.00512   0.01330   0.00797   1.96884
    A3        1.28844  -0.00050  -0.00412   0.01385   0.00970   1.29813
    A4        1.96263  -0.00033  -0.00287   0.01280   0.00970   1.97233
    A5        1.28477  -0.00042  -0.00423   0.01439   0.01012   1.29490
    A6        1.29049  -0.00050  -0.00438   0.01365   0.00923   1.29971
    A7        0.84789  -0.00116  -0.00291   0.00937   0.00644   0.85432
    A8        0.84880  -0.00120  -0.00313   0.00990   0.00676   0.85556
    A9        0.84773  -0.00113  -0.00391   0.01124   0.00731   0.85505
   A10        0.75622   0.00113  -0.00135   0.00587   0.00447   0.76069
   A11        0.75459   0.00113  -0.00188   0.00660   0.00467   0.75927
   A12        0.75472   0.00121  -0.00144   0.00676   0.00527   0.75998
    D1       -2.02304  -0.00054  -0.00570   0.01896   0.01335  -2.00969
    D2        2.01997   0.00069   0.00550  -0.01907  -0.01369   2.00629
    D3       -3.13772  -0.00004   0.00040  -0.00136  -0.00095  -3.13867
    D4        2.02340   0.00058   0.00542  -0.01836  -0.01302   2.01037
    D5       -2.02054  -0.00065  -0.00692   0.01998   0.01317  -2.00737
    D6        3.14026   0.00003  -0.00061   0.00164   0.00103   3.14129
    D7       -2.01989  -0.00072  -0.00473   0.01756   0.01295  -2.00694
    D8        2.02010   0.00064   0.00643  -0.01908  -0.01276   2.00733
    D9        3.13904   0.00001   0.00021  -0.00028  -0.00007   3.13897
   D10        0.56509   0.00032  -0.00063   0.00186   0.00123   0.56632
   D11       -0.56973  -0.00009  -0.00049  -0.00057  -0.00104  -0.57077
   D12       -0.56553  -0.00018   0.00029  -0.00121  -0.00092  -0.56645
   D13        0.56900   0.00006  -0.00083   0.00086   0.00002   0.56902
   D14        0.56971   0.00006   0.00087  -0.00029   0.00058   0.57029
   D15       -0.56854  -0.00017   0.00079  -0.00066   0.00013  -0.56841
         Item               Value     Threshold  Converged?
 Maximum Force            0.001176     0.000450     NO 
 RMS     Force            0.000416     0.000300     NO 
 Maximum Displacement     0.088802     0.001800     NO 
 RMS     Displacement     0.016910     0.001200     NO 
 Predicted change in Energy=-1.059330D-04
 GradGradGradGradGradGradGradGradGradGradGradGradGradGradGradGradGradGrad

                          Input orientation:                          
 ---------------------------------------------------------------------
 Center     Atomic      Atomic             Coordinates (Angstroms)
 Number     Number       Type             X           Y           Z
 ---------------------------------------------------------------------
      1          6           0        0.905674   -0.884664   -0.011431
      2          1           0        0.635742   -1.940943   -0.011932
      3          1           0        0.606878   -0.366053    0.898142
      4          1           0        0.592439   -0.367966   -0.919060
      5         17           0        2.825070   -0.839016   -0.026228
      6          9           0       -1.604674   -0.941126    0.014990
 ---------------------------------------------------------------------
                    Distance matrix (angstroms):
                    1          2          3          4          5
     1  C    0.000000
     2  H    1.090224   0.000000
     3  H    1.088834   1.819161   0.000000
     4  H    1.090359   1.816318   1.817261   0.000000
     5  Cl   1.919996   2.451041   2.449190   2.450240   0.000000
     6  F    2.511122   2.453533   2.449822   2.455253   4.431113
                    6
     6  F    0.000000
 Stoichiometry    CH3ClF(1-)
 Framework group  C1[X(CH3ClF)]
 Deg. of freedom    12
 Full point group                 C1      NOp   1
 Largest Abelian subgroup         C1      NOp   1
 Largest concise Abelian subgroup C1      NOp   1
                         Standard orientation:                         
 ---------------------------------------------------------------------
 Center     Atomic      Atomic             Coordinates (Angstroms)
 Number     Number       Type             X           Y           Z
 ---------------------------------------------------------------------
      1          6           0        0.261647    0.002097   -0.000925
      2          1           0        0.555877    0.808704    0.670939
      3          1           0        0.556747   -0.983101    0.356649
      4          1           0        0.554502    0.185437   -1.035094
      5         17           0       -1.658347   -0.000759    0.000429
      6          9           0        2.772766   -0.001191    0.000641
 ---------------------------------------------------------------------
 Rotational constants (GHZ):    151.7824816      2.0573482      2.0572961
 Standard basis: VSTO-6G (5D, 7F)
 There are    21 symmetry adapted cartesian basis functions of A   symmetry.
 There are    20 symmetry adapted basis functions of A   symmetry.
    20 basis functions,   126 primitive gaussians,    21 cartesian basis functions
    11 alpha electrons       11 beta electrons
       nuclear repulsion energy        64.1086729047 Hartrees.
 Integral buffers will be    131072 words long.
 Regular integral format.
 Two-electron integral symmetry is turned off.
 Do NDO integrals.
 One-electron integrals computed using PRISM.
 NBasis=    20 RedAO= F EigKep=  0.00D+00  NBF=    20
 NBsUse=    20 1.00D-04 EigRej=  0.00D+00 NBFU=    20
 Initial guess from the checkpoint file:  "/scratch/1715567.1.multiway.q/Gau-186785.chk"
 B after Tr=     0.000000    0.000000    0.000000
         Rot=    0.994845   -0.101403   -0.000007   -0.000002 Ang= -11.64 deg.
 Overlap will be assumed to be unity.
 Keep J ints in memory in canonical form, NReq=1875445.
 Requested convergence on RMS density matrix=1.00D-08 within 128 cycles.
 Requested convergence on MAX density matrix=1.00D-06.
 Requested convergence on             energy=1.00D-06.
 No special actions if energy rises.
 SCF Done:  E(RPM6) = -0.137719750662     A.U. after   10 cycles
            NFock=  9  Conv=0.29D-08     -V/T= 0.9895
 Calling FoFJK, ICntrl=      2127 FMM=F ISym2X=0 I1Cent= 0 IOpClX= 0 NMat=1 NMatS=1 NMatT=0.
 ***** Axes restored to original set *****
 -------------------------------------------------------------------
 Center     Atomic                   Forces (Hartrees/Bohr)
 Number     Number              X              Y              Z
 -------------------------------------------------------------------
      1        6           0.016656732    0.000180708   -0.000954187
      2        1           0.000454648    0.000876471    0.000246881
      3        1           0.000195835   -0.000257043   -0.000184535
      4        1           0.000451265   -0.000317698    0.000794647
      5       17          -0.017487900   -0.000469400    0.000118369
      6        9          -0.000270580   -0.000013038   -0.000021175
 -------------------------------------------------------------------
 Cartesian Forces:  Max     0.017487900 RMS     0.005708838

 GradGradGradGradGradGradGradGradGradGradGradGradGradGradGradGradGradGrad
 Berny optimization.
 Using GEDIIS/GDIIS optimizer.
 FormGI is forming the generalized inverse of G from B-inverse, IUseBI=4.
 Internal  Forces:  Max     0.006544294 RMS     0.001782037
 Search for a local minimum.
 Step number   6 out of a maximum of   45 on scan point    17 out of    21
 All quantities printed in internal units (Hartrees-Bohrs-Radians)
 Mixed Optimization -- En-DIIS/RFO-DIIS
 Swapping is turned off.
 Update second derivatives using D2CorX and points    4    5    6
 DE= -1.23D-04 DEPred=-1.06D-04 R= 1.16D+00
 TightC=F SS=  1.41D+00  RLast= 1.07D-01 DXNew= 2.7433D+00 3.2108D-01
 Trust test= 1.16D+00 RLast= 1.07D-01 DXMaxT set to 1.63D+00
 ITU=  1  1  1  1  1  0
     Eigenvalues ---    0.00490   0.01796   0.02124   0.02539   0.02747
     Eigenvalues ---    0.07710   0.08299   0.09740   0.22909   0.23653
     Eigenvalues ---    0.278961000.000001000.000001000.000001000.00000
     Eigenvalues --- 1000.000001000.000001000.000001000.000001000.00000
     Eigenvalues --- 1000.000001000.000001000.000001000.000001000.00000
     Eigenvalues --- 1000.000001000.000001000.000001000.000001000.00000
     Eigenvalues --- 1000.000001000.000001000.000001000.000001000.00000
 En-DIIS/RFO-DIIS IScMMF=        0 using points:     6    5    4
 RFO step:  Lambda=-7.44821992D-06.
 DidBck=F Rises=F RFO-DIIS coefs:    1.10363   -0.03502   -0.06860
 Iteration  1 RMS(Cart)=  0.00632257 RMS(Int)=  0.00000290
 Iteration  2 RMS(Cart)=  0.00000111 RMS(Int)=  0.00000258
 Iteration  3 RMS(Cart)=  0.00000000 RMS(Int)=  0.00000258
 Iteration  1 RMS(Cart)=  0.00000063 RMS(Int)=  0.00000144
 Variable       Old X    -DE/DX   Delta X   Delta X   Delta X     New X
                                 (Linear)    (Quad)   (Total)
    R1        2.06023   0.00107   0.00043  -0.00307  -0.00264   2.05759
    R2        2.05760   0.00149   0.00032  -0.00158  -0.00126   2.05634
    R3        2.06048   0.00108   0.00055  -0.00329  -0.00274   2.05774
    R4        3.62827  -0.00654   0.00000   0.00000   0.00000   3.62827
    R5        4.74533   0.00027   0.03420   0.00648   0.04069   4.78602
    R6        4.63180  -0.00381   0.00008  -0.00220  -0.00212   4.62968
    R7        4.62830  -0.00357   0.00008   0.00030   0.00038   4.62867
    R8        4.63028  -0.00380   0.00039  -0.00078  -0.00038   4.62990
    A1        1.97568  -0.00089   0.00012  -0.00279  -0.00268   1.97300
    A2        1.96884  -0.00064  -0.00030   0.00107   0.00076   1.96960
    A3        1.29813  -0.00091   0.00010  -0.00038  -0.00028   1.29785
    A4        1.97233  -0.00075   0.00037   0.00034   0.00070   1.97303
    A5        1.29490  -0.00085   0.00012  -0.00026  -0.00014   1.29476
    A6        1.29971  -0.00092  -0.00001  -0.00101  -0.00102   1.29870
    A7        0.85432  -0.00142   0.00002   0.00058   0.00061   0.85493
    A8        0.85556  -0.00147   0.00001  -0.00035  -0.00034   0.85522
    A9        0.85505  -0.00142  -0.00010  -0.00010  -0.00020   0.85485
   A10        0.76069   0.00090   0.00017  -0.00147  -0.00131   0.75938
   A11        0.75927   0.00090   0.00007  -0.00069  -0.00062   0.75864
   A12        0.75998   0.00094   0.00023  -0.00081  -0.00059   0.75939
    D1       -2.00969  -0.00115   0.00013   0.00046   0.00059  -2.00911
    D2        2.00629   0.00129  -0.00021   0.00154   0.00133   2.00761
    D3       -3.13867  -0.00003  -0.00001  -0.00043  -0.00044  -3.13912
    D4        2.01037   0.00116  -0.00016  -0.00104  -0.00120   2.00918
    D5       -2.00737  -0.00123  -0.00016  -0.00176  -0.00191  -2.00928
    D6        3.14129   0.00001  -0.00003  -0.00022  -0.00025   3.14104
    D7       -2.00694  -0.00129   0.00030  -0.00093  -0.00063  -2.00757
    D8        2.00733   0.00122   0.00009   0.00174   0.00183   2.00916
    D9        3.13897   0.00002   0.00004   0.00066   0.00070   3.13967
   D10        0.56632   0.00025  -0.00001   0.00135   0.00134   0.56766
   D11       -0.57077  -0.00004  -0.00022   0.00120   0.00098  -0.56979
   D12       -0.56645  -0.00015  -0.00003  -0.00141  -0.00144  -0.56789
   D13        0.56902   0.00006  -0.00018  -0.00098  -0.00116   0.56786
   D14        0.57029   0.00004   0.00025  -0.00075  -0.00050   0.56979
   D15       -0.56841  -0.00017   0.00019   0.00059   0.00078  -0.56763
         Item               Value     Threshold  Converged?
 Maximum Force            0.000639     0.000450     NO 
 RMS     Force            0.000203     0.000300     YES
 Maximum Displacement     0.033736     0.001800     NO 
 RMS     Displacement     0.006323     0.001200     NO 
 Predicted change in Energy=-9.586272D-06
 GradGradGradGradGradGradGradGradGradGradGradGradGradGradGradGradGradGrad

                          Input orientation:                          
 ---------------------------------------------------------------------
 Center     Atomic      Atomic             Coordinates (Angstroms)
 Number     Number       Type             X           Y           Z
 ---------------------------------------------------------------------
      1          6           0        0.909343   -0.884208   -0.011805
      2          1           0        0.639631   -1.939101   -0.010844
      3          1           0        0.610342   -0.367268    0.897854
      4          1           0        0.595587   -0.368370   -0.918004
      5         17           0        2.828753   -0.839288   -0.026999
      6          9           0       -1.622527   -0.941533    0.014279
 ---------------------------------------------------------------------
                    Distance matrix (angstroms):
                    1          2          3          4          5
     1  C    0.000000
     2  H    1.088827   0.000000
     3  H    1.088167   1.815833   0.000000
     4  H    1.088911   1.814407   1.815918   0.000000
     5  Cl   1.919996   2.449920   2.449389   2.450038   0.000000
     6  F    2.532652   2.472474   2.469046   2.473397   4.452645
                    6
     6  F    0.000000
 Stoichiometry    CH3ClF(1-)
 Framework group  C1[X(CH3ClF)]
 Deg. of freedom    12
 Full point group                 C1      NOp   1
 Largest Abelian subgroup         C1      NOp   1
 Largest concise Abelian subgroup C1      NOp   1
                         Standard orientation:                         
 ---------------------------------------------------------------------
 Center     Atomic      Atomic             Coordinates (Angstroms)
 Number     Number       Type             X           Y           Z
 ---------------------------------------------------------------------
      1          6           0        0.256095    0.001857   -0.000369
      2          1           0        0.549983    0.501782    0.921178
      3          1           0        0.551486   -1.045033   -0.029932
      4          1           0        0.549561    0.552941   -0.892508
      5         17           0       -1.663900   -0.000683    0.000116
      6          9           0        2.788745   -0.001024    0.000168
 ---------------------------------------------------------------------
 Rotational constants (GHZ):    152.1527648      2.0384392      2.0384088
 Standard basis: VSTO-6G (5D, 7F)
 There are    21 symmetry adapted cartesian basis functions of A   symmetry.
 There are    20 symmetry adapted basis functions of A   symmetry.
    20 basis functions,   126 primitive gaussians,    21 cartesian basis functions
    11 alpha electrons       11 beta electrons
       nuclear repulsion energy        64.0233184874 Hartrees.
 Integral buffers will be    131072 words long.
 Regular integral format.
 Two-electron integral symmetry is turned off.
 Do NDO integrals.
 One-electron integrals computed using PRISM.
 NBasis=    20 RedAO= F EigKep=  0.00D+00  NBF=    20
 NBsUse=    20 1.00D-04 EigRej=  0.00D+00 NBFU=    20
 Initial guess from the checkpoint file:  "/scratch/1715567.1.multiway.q/Gau-186785.chk"
 B after Tr=     0.000000    0.000000    0.000000
         Rot=    0.982208   -0.187795    0.000006   -0.000004 Ang= -21.65 deg.
 Overlap will be assumed to be unity.
 Keep J ints in memory in canonical form, NReq=1875445.
 Requested convergence on RMS density matrix=1.00D-08 within 128 cycles.
 Requested convergence on MAX density matrix=1.00D-06.
 Requested convergence on             energy=1.00D-06.
 No special actions if energy rises.
 SCF Done:  E(RPM6) = -0.137728998463     A.U. after   10 cycles
            NFock=  9  Conv=0.15D-08     -V/T= 0.9895
 Calling FoFJK, ICntrl=      2127 FMM=F ISym2X=0 I1Cent= 0 IOpClX= 0 NMat=1 NMatS=1 NMatT=0.
 ***** Axes restored to original set *****
 -------------------------------------------------------------------
 Center     Atomic                   Forces (Hartrees/Bohr)
 Number     Number              X              Y              Z
 -------------------------------------------------------------------
      1        6           0.017659086    0.000212924   -0.000546442
      2        1           0.000139844    0.000143268    0.000126341
      3        1           0.000024607    0.000052275    0.000087784
      4        1           0.000160196    0.000022255    0.000223249
      5       17          -0.017978645   -0.000424314    0.000125112
      6        9          -0.000005088   -0.000006408   -0.000016043
 -------------------------------------------------------------------
 Cartesian Forces:  Max     0.017978645 RMS     0.005943054

 GradGradGradGradGradGradGradGradGradGradGradGradGradGradGradGradGradGrad
 Berny optimization.
 Using GEDIIS/GDIIS optimizer.
 FormGI is forming the generalized inverse of G from B-inverse, IUseBI=4.
 Internal  Forces:  Max     0.006957324 RMS     0.001883552
 Search for a local minimum.
 Step number   7 out of a maximum of   45 on scan point    17 out of    21
 All quantities printed in internal units (Hartrees-Bohrs-Radians)
 Mixed Optimization -- En-DIIS/RFO-DIIS
 Swapping is turned off.
 Update second derivatives using D2CorX and points    4    5    6    7
 DE= -9.25D-06 DEPred=-9.59D-06 R= 9.65D-01
 TightC=F SS=  1.41D+00  RLast= 4.13D-02 DXNew= 2.7433D+00 1.2396D-01
 Trust test= 9.65D-01 RLast= 4.13D-02 DXMaxT set to 1.63D+00
 ITU=  1  1  1  1  1  1  0
     Eigenvalues ---    0.00588   0.01815   0.02125   0.02349   0.02690
     Eigenvalues ---    0.07530   0.08298   0.09619   0.22182   0.23643
     Eigenvalues ---    0.273901000.000001000.000001000.000001000.00000
     Eigenvalues --- 1000.000001000.000001000.000001000.000001000.00000
     Eigenvalues --- 1000.000001000.000001000.000001000.000001000.00000
     Eigenvalues --- 1000.000001000.000001000.000001000.000001000.00000
     Eigenvalues --- 1000.000001000.000001000.000001000.000001000.00000
 En-DIIS/RFO-DIIS IScMMF=        0 using points:     7    6    5    4
 RFO step:  Lambda=-4.22308168D-06.
 DidBck=F Rises=F RFO-DIIS coefs:    1.13818   -0.06998   -0.10448    0.03628
 Iteration  1 RMS(Cart)=  0.00068678 RMS(Int)=  0.00000520
 Iteration  2 RMS(Cart)=  0.00000061 RMS(Int)=  0.00000515
 Iteration  1 RMS(Cart)=  0.00000069 RMS(Int)=  0.00000158
 Variable       Old X    -DE/DX   Delta X   Delta X   Delta X     New X
                                 (Linear)    (Quad)   (Total)
    R1        2.05759   0.00171  -0.00060  -0.00014  -0.00074   2.05684
    R2        2.05634   0.00188  -0.00029   0.00048   0.00018   2.05652
    R3        2.05774   0.00168  -0.00068  -0.00013  -0.00081   2.05693
    R4        3.62827  -0.00696   0.00000   0.00000   0.00000   3.62827
    R5        4.78602   0.00001  -0.00077   0.00031  -0.00046   4.78556
    R6        4.62968  -0.00374  -0.00207  -0.00023  -0.00229   4.62739
    R7        4.62867  -0.00363  -0.00179   0.00051  -0.00128   4.62739
    R8        4.62990  -0.00375  -0.00224  -0.00009  -0.00232   4.62759
    A1        1.97300  -0.00082   0.00046   0.00017   0.00062   1.97362
    A2        1.96960  -0.00069   0.00125   0.00114   0.00238   1.97197
    A3        1.29785  -0.00093   0.00110  -0.00022   0.00088   1.29873
    A4        1.97303  -0.00082   0.00109  -0.00135  -0.00027   1.97275
    A5        1.29476  -0.00089   0.00116   0.00032   0.00148   1.29624
    A6        1.29870  -0.00094   0.00100  -0.00015   0.00084   1.29954
    A7        0.85493  -0.00157   0.00086   0.00008   0.00094   0.85587
    A8        0.85522  -0.00160   0.00078  -0.00017   0.00061   0.85582
    A9        0.85485  -0.00157   0.00093   0.00002   0.00095   0.85579
   A10        0.75938   0.00112   0.00028   0.00009   0.00036   0.75974
   A11        0.75864   0.00112   0.00045   0.00028   0.00072   0.75937
   A12        0.75939   0.00111   0.00045  -0.00033   0.00012   0.75951
    D1       -2.00911  -0.00124   0.00166  -0.00019   0.00147  -2.00764
    D2        2.00761   0.00130  -0.00139   0.00053  -0.00087   2.00675
    D3       -3.13912  -0.00002  -0.00017  -0.00036  -0.00053  -3.13964
    D4        2.00918   0.00124  -0.00168   0.00007  -0.00162   2.00755
    D5       -2.00928  -0.00124   0.00144   0.00061   0.00206  -2.00722
    D6        3.14104   0.00000   0.00011  -0.00009   0.00002   3.14105
    D7       -2.00757  -0.00130   0.00135  -0.00048   0.00087  -2.00669
    D8        2.00916   0.00124  -0.00137  -0.00053  -0.00191   2.00726
    D9        3.13967   0.00002   0.00007   0.00044   0.00051   3.14018
   D10        0.56766   0.00019   0.00034  -0.00008   0.00026   0.56792
   D11       -0.56979  -0.00008   0.00012   0.00068   0.00080  -0.56899
   D12       -0.56789  -0.00015  -0.00030   0.00014  -0.00016  -0.56805
   D13        0.56786   0.00014  -0.00006   0.00074   0.00068   0.56854
   D14        0.56979   0.00009  -0.00013  -0.00065  -0.00078   0.56900
   D15       -0.56763  -0.00019   0.00003  -0.00082  -0.00080  -0.56843
         Item               Value     Threshold  Converged?
 Maximum Force            0.000137     0.000450     YES
 RMS     Force            0.000051     0.000300     YES
 Maximum Displacement     0.001419     0.001800     YES
 RMS     Displacement     0.000687     0.001200     YES
 Predicted change in Energy=-6.371799D-07
 Optimization completed.
    -- Stationary point found.
                           ----------------------------
                           !   Optimized Parameters   !
                           ! (Angstroms and Degrees)  !
 --------------------------                            --------------------------
 ! Name  Definition              Value          Derivative Info.                !
 --------------------------------------------------------------------------------
 ! R1    R(1,2)                  1.0888         -DE/DX =    0.0017              !
 ! R2    R(1,3)                  1.0882         -DE/DX =    0.0019              !
 ! R3    R(1,4)                  1.0889         -DE/DX =    0.0017              !
 ! R4    R(1,5)                  1.92           -DE/DX =   -0.007               !
 ! R5    R(1,6)                  2.5327         -DE/DX =    0.0                 !
 ! R6    R(2,5)                  2.4499         -DE/DX =   -0.0037              !
 ! R7    R(3,5)                  2.4494         -DE/DX =   -0.0036              !
 ! R8    R(4,5)                  2.45           -DE/DX =   -0.0038              !
 ! A1    A(2,1,3)              113.0446         -DE/DX =   -0.0008              !
 ! A2    A(2,1,4)              112.8497         -DE/DX =   -0.0007              !
 ! A3    A(2,1,6)               74.3613         -DE/DX =   -0.0009              !
 ! A4    A(3,1,4)              113.0461         -DE/DX =   -0.0008              !
 ! A5    A(3,1,6)               74.1842         -DE/DX =   -0.0009              !
 ! A6    A(4,1,6)               74.4098         -DE/DX =   -0.0009              !
 ! A7    A(1,2,5)               48.9838         -DE/DX =   -0.0016              !
 ! A8    A(1,3,5)               49.0003         -DE/DX =   -0.0016              !
 ! A9    A(1,4,5)               48.9792         -DE/DX =   -0.0016              !
 ! A10   A(2,5,3)               43.509          -DE/DX =    0.0011              !
 ! A11   A(2,5,4)               43.467          -DE/DX =    0.0011              !
 ! A12   A(3,5,4)               43.5101         -DE/DX =    0.0011              !
 ! D1    D(3,1,2,5)           -115.1132         -DE/DX =   -0.0012              !
 ! D2    D(4,1,2,5)            115.0277         -DE/DX =    0.0013              !
 ! D3    D(6,1,2,5)           -179.8581         -DE/DX =    0.0                 !
 ! D4    D(2,1,3,5)            115.1173         -DE/DX =    0.0012              !
 ! D5    D(4,1,3,5)           -115.1234         -DE/DX =   -0.0012              !
 ! D6    D(6,1,3,5)            179.9682         -DE/DX =    0.0                 !
 ! D7    D(2,1,4,5)           -115.025          -DE/DX =   -0.0013              !
 ! D8    D(3,1,4,5)            115.1167         -DE/DX =    0.0012              !
 ! D9    D(6,1,4,5)            179.89           -DE/DX =    0.0                 !
 ! D10   D(1,2,5,3)             32.5247         -DE/DX =    0.0002              !
 ! D11   D(1,2,5,4)            -32.6466         -DE/DX =   -0.0001              !
 ! D12   D(1,3,5,2)            -32.5377         -DE/DX =   -0.0001              !
 ! D13   D(1,3,5,4)             32.5358         -DE/DX =    0.0001              !
 ! D14   D(1,4,5,2)             32.6464         -DE/DX =    0.0001              !
 ! D15   D(1,4,5,3)            -32.5226         -DE/DX =   -0.0002              !
 --------------------------------------------------------------------------------
 Iteration  1 RMS(Cart)=  0.01086042 RMS(Int)=  0.02491774
 Iteration  2 RMS(Cart)=  0.00008930 RMS(Int)=  0.02491723
 Iteration  3 RMS(Cart)=  0.00000139 RMS(Int)=  0.02491723
 Iteration  4 RMS(Cart)=  0.00000001 RMS(Int)=  0.02491723
 Iteration  1 RMS(Cart)=  0.00664223 RMS(Int)=  0.01511554
 Iteration  2 RMS(Cart)=  0.00404725 RMS(Int)=  0.01680762
 Iteration  3 RMS(Cart)=  0.00245525 RMS(Int)=  0.01919493
 Iteration  4 RMS(Cart)=  0.00148550 RMS(Int)=  0.02097425
 Iteration  5 RMS(Cart)=  0.00089732 RMS(Int)=  0.02214043
 Iteration  6 RMS(Cart)=  0.00054150 RMS(Int)=  0.02287201
 Iteration  7 RMS(Cart)=  0.00032658 RMS(Int)=  0.02332232
 Iteration  8 RMS(Cart)=  0.00019689 RMS(Int)=  0.02359690
 Iteration  9 RMS(Cart)=  0.00011868 RMS(Int)=  0.02376350
 Iteration 10 RMS(Cart)=  0.00007153 RMS(Int)=  0.02386428
 Iteration 11 RMS(Cart)=  0.00004311 RMS(Int)=  0.02392516
 Iteration 12 RMS(Cart)=  0.00002598 RMS(Int)=  0.02396190
 Iteration 13 RMS(Cart)=  0.00001565 RMS(Int)=  0.02398405
 Iteration 14 RMS(Cart)=  0.00000943 RMS(Int)=  0.02399740
 Iteration 15 RMS(Cart)=  0.00000568 RMS(Int)=  0.02400546
 Iteration 16 RMS(Cart)=  0.00000342 RMS(Int)=  0.02401031
 Iteration 17 RMS(Cart)=  0.00000206 RMS(Int)=  0.02401323
 Iteration 18 RMS(Cart)=  0.00000124 RMS(Int)=  0.02401499
 Iteration 19 RMS(Cart)=  0.00000075 RMS(Int)=  0.02401605
 GradGradGradGradGradGradGradGradGradGradGradGradGradGradGradGradGradGrad

                          Input orientation:                          
 ---------------------------------------------------------------------
 Center     Atomic      Atomic             Coordinates (Angstroms)
 Number     Number       Type             X           Y           Z
 ---------------------------------------------------------------------
      1          6           0        0.942466   -0.883585   -0.012162
      2          1           0        0.640146   -1.956666   -0.010198
      3          1           0        0.610431   -0.358125    0.913144
      4          1           0        0.595326   -0.358891   -0.932595
      5         17           0        2.761917   -0.841271   -0.027026
      6          9           0       -1.589157   -0.941231    0.013317
 ---------------------------------------------------------------------
                    Distance matrix (angstroms):
                    1          2          3          4          5
     1  C    0.000000
     2  H    1.114856   0.000000
     3  H    1.114696   1.846287   0.000000
     4  H    1.114902   1.845457   1.845801   0.000000
     5  Cl   1.820004   2.397144   2.397132   2.397261   0.000000
     6  F    2.532407   2.449787   2.447016   2.450681   4.352409
                    6
     6  F    0.000000
 Stoichiometry    CH3ClF(1-)
 Framework group  C1[X(CH3ClF)]
 Deg. of freedom    12
 Full point group                 C1      NOp   1
 Largest Abelian subgroup         C1      NOp   1
 Largest concise Abelian subgroup C1      NOp   1
                         Standard orientation:                         
 ---------------------------------------------------------------------
 Center     Atomic      Atomic             Coordinates (Angstroms)
 Number     Number       Type             X           Y           Z
 ---------------------------------------------------------------------
      1          6           0        0.204760    0.001232   -0.000790
      2          1           0        0.531660    0.784924    0.721614
      3          1           0        0.533155   -1.016063    0.315143
      4          1           0        0.531248    0.236613   -1.040505
      5         17           0       -1.615243   -0.000438    0.000286
      6          9           0        2.737167   -0.000602    0.000403
 ---------------------------------------------------------------------
 Rotational constants (GHZ):    147.1745910      2.1356083      2.1355919
 Standard basis: VSTO-6G (5D, 7F)
 There are    21 symmetry adapted cartesian basis functions of A   symmetry.
 There are    20 symmetry adapted basis functions of A   symmetry.
    20 basis functions,   126 primitive gaussians,    21 cartesian basis functions
    11 alpha electrons       11 beta electrons
       nuclear repulsion energy        64.4427435489 Hartrees.
 Integral buffers will be    131072 words long.
 Regular integral format.
 Two-electron integral symmetry is turned off.
 Do NDO integrals.
 One-electron integrals computed using PRISM.
 NBasis=    20 RedAO= F EigKep=  0.00D+00  NBF=    20
 NBsUse=    20 1.00D-04 EigRej=  0.00D+00 NBFU=    20
 Initial guess from the checkpoint file:  "/scratch/1715567.1.multiway.q/Gau-186785.chk"
 B after Tr=     0.000000    0.000000    0.000000
         Rot=    0.986444    0.164100   -0.000002   -0.000006 Ang=  18.89 deg.
 Overlap will be assumed to be unity.
 Keep J ints in memory in canonical form, NReq=1875445.
 Requested convergence on RMS density matrix=1.00D-08 within 128 cycles.
 Requested convergence on MAX density matrix=1.00D-06.
 Requested convergence on             energy=1.00D-06.
 No special actions if energy rises.
 SCF Done:  E(RPM6) = -0.138162312964     A.U. after   12 cycles
            NFock= 11  Conv=0.23D-08     -V/T= 0.9895
 Calling FoFJK, ICntrl=      2127 FMM=F ISym2X=0 I1Cent= 0 IOpClX= 0 NMat=1 NMatS=1 NMatT=0.
 ***** Axes restored to original set *****
 -------------------------------------------------------------------
 Center     Atomic                   Forces (Hartrees/Bohr)
 Number     Number              X              Y              Z
 -------------------------------------------------------------------
      1        6          -0.006961522   -0.000194458   -0.000107731
      2        1          -0.000009357    0.011706519    0.000070580
      3        1           0.000293177   -0.005842926   -0.010059912
      4        1           0.000502917   -0.005813965    0.010156895
      5       17           0.008834881    0.000207445   -0.000077053
      6        9          -0.002660095   -0.000062615    0.000017221
 -------------------------------------------------------------------
 Cartesian Forces:  Max     0.011706519 RMS     0.005494388

 GradGradGradGradGradGradGradGradGradGradGradGradGradGradGradGradGradGrad
 Berny optimization.
 FormGI is forming the generalized inverse of G from B-inverse, IUseBI=4.
 Internal  Forces:  Max     0.009915586 RMS     0.003439277
 Search for a local minimum.
 Step number   1 out of a maximum of   45 on scan point    18 out of    21
 All quantities printed in internal units (Hartrees-Bohrs-Radians)
 Mixed Optimization -- RFO/linear search
 Second derivative matrix not updated -- first step.
 ITU=  0
     Eigenvalues ---    0.00597   0.01783   0.02034   0.02367   0.02657
     Eigenvalues ---    0.07347   0.08249   0.09561   0.21950   0.23432
     Eigenvalues ---    0.270651000.000001000.000001000.000001000.00000
     Eigenvalues --- 1000.000001000.000001000.000001000.000001000.00000
     Eigenvalues --- 1000.000001000.000001000.000001000.000001000.00000
     Eigenvalues --- 1000.000001000.000001000.000001000.000001000.00000
     Eigenvalues --- 1000.000001000.000001000.000001000.000001000.00000
 RFO step:  Lambda=-2.97992756D-03 EMin= 5.96960791D-03
 Linear search not attempted -- first point.
 Iteration  1 RMS(Cart)=  0.03261178 RMS(Int)=  0.02827915
 Iteration  2 RMS(Cart)=  0.02590015 RMS(Int)=  0.00083112
 Iteration  3 RMS(Cart)=  0.00000055 RMS(Int)=  0.00083112
 Iteration  1 RMS(Cart)=  0.00003060 RMS(Int)=  0.00006896
 Iteration  2 RMS(Cart)=  0.00001846 RMS(Int)=  0.00007677
 Iteration  3 RMS(Cart)=  0.00001113 RMS(Int)=  0.00008764
 Iteration  4 RMS(Cart)=  0.00000671 RMS(Int)=  0.00009570
 Iteration  5 RMS(Cart)=  0.00000405 RMS(Int)=  0.00010097
 Iteration  6 RMS(Cart)=  0.00000244 RMS(Int)=  0.00010428
 Iteration  7 RMS(Cart)=  0.00000147 RMS(Int)=  0.00010631
 Iteration  8 RMS(Cart)=  0.00000089 RMS(Int)=  0.00010755
 Variable       Old X    -DE/DX   Delta X   Delta X   Delta X     New X
                                 (Linear)    (Quad)   (Total)
    R1        2.10677  -0.00991   0.00000  -0.03721  -0.03685   2.06992
    R2        2.10647  -0.00986   0.00000  -0.03407  -0.03385   2.07262
    R3        2.10686  -0.00992   0.00000  -0.03648  -0.03631   2.07055
    R4        3.43931   0.00601   0.00000   0.00000   0.00000   3.43931
    R5        4.78556   0.00266   0.00000   0.36707   0.36707   5.15262
    R6        4.52995   0.00009   0.00000   0.03481   0.03420   4.56415
    R7        4.52992   0.00011   0.00000   0.03879   0.03840   4.56833
    R8        4.53017   0.00007   0.00000   0.03286   0.03253   4.56269
    A1        1.95141  -0.00094   0.00000  -0.03167  -0.03411   1.91730
    A2        1.94981  -0.00087   0.00000  -0.02987  -0.03229   1.91752
    A3        1.27342  -0.00100   0.00000  -0.04018  -0.04062   1.23280
    A4        1.95057  -0.00090   0.00000  -0.04553  -0.04752   1.90305
    A5        1.27092  -0.00098   0.00000  -0.03834  -0.03892   1.23200
    A6        1.27422  -0.00100   0.00000  -0.03960  -0.04013   1.23409
    A7        0.81220   0.00150   0.00000  -0.02090  -0.02132   0.79089
    A8        0.81217   0.00149   0.00000  -0.02222  -0.02276   0.78941
    A9        0.81212   0.00151   0.00000  -0.01993  -0.02045   0.79167
   A10        0.79064  -0.00420   0.00000  -0.02984  -0.02995   0.76069
   A11        0.79024  -0.00418   0.00000  -0.02927  -0.02940   0.76084
   A12        0.79040  -0.00419   0.00000  -0.03344  -0.03348   0.75691
    D1       -2.04164  -0.00129   0.00000  -0.05574  -0.05490  -2.09654
    D2        2.04074   0.00132   0.00000   0.05324   0.05244   2.09318
    D3       -3.13961  -0.00002   0.00000  -0.00242  -0.00244   3.14113
    D4        2.04157   0.00129   0.00000   0.05502   0.05403   2.09560
    D5       -2.04123  -0.00130   0.00000  -0.04544  -0.04411  -2.08535
    D6        3.14104   0.00001   0.00000   0.00060   0.00055  -3.14159
    D7       -2.04068  -0.00133   0.00000  -0.05420  -0.05329  -2.09397
    D8        2.04124   0.00130   0.00000   0.04713   0.04586   2.08711
    D9        3.14016   0.00001   0.00000   0.00181   0.00189  -3.14113
   D10        0.57198  -0.00054   0.00000  -0.00702  -0.00702   0.56496
   D11       -0.57302   0.00058   0.00000   0.00692   0.00684  -0.56618
   D12       -0.57209   0.00055   0.00000   0.00718   0.00704  -0.56506
   D13        0.57257  -0.00057   0.00000   0.00232   0.00242   0.57499
   D14        0.57305  -0.00059   0.00000  -0.00774  -0.00755   0.56550
   D15       -0.57248   0.00056   0.00000  -0.00166  -0.00171  -0.57419
         Item               Value     Threshold  Converged?
 Maximum Force            0.008318     0.000450     NO 
 RMS     Force            0.003083     0.000300     NO 
 Maximum Displacement     0.271723     0.001800     NO 
 RMS     Displacement     0.054849     0.001200     NO 
 Predicted change in Energy=-1.748062D-03
 GradGradGradGradGradGradGradGradGradGradGradGradGradGradGradGradGradGrad

                          Input orientation:                          
 ---------------------------------------------------------------------
 Center     Atomic      Atomic             Coordinates (Angstroms)
 Number     Number       Type             X           Y           Z
 ---------------------------------------------------------------------
      1          6           0        0.992858   -0.884092   -0.012133
      2          1           0        0.653671   -1.925603   -0.009176
      3          1           0        0.624566   -0.369866    0.883896
      4          1           0        0.610679   -0.370573   -0.901388
      5         17           0        2.812301   -0.842417   -0.029663
      6          9           0       -1.732947   -0.947217    0.012944
 ---------------------------------------------------------------------
                    Distance matrix (angstroms):
                    1          2          3          4          5
     1  C    0.000000
     2  H    1.095355   0.000000
     3  H    1.096785   1.794086   0.000000
     4  H    1.095690   1.793324   1.785338   0.000000
     5  Cl   1.820005   2.415242   2.417454   2.414474   0.000000
     6  F    2.726651   2.579472   2.578713   2.580911   4.546656
                    6
     6  F    0.000000
 Stoichiometry    CH3ClF(1-)
 Framework group  C1[X(CH3ClF)]
 Deg. of freedom    12
 Full point group                 C1      NOp   1
 Largest Abelian subgroup         C1      NOp   1
 Largest concise Abelian subgroup C1      NOp   1
                         Standard orientation:                         
 ---------------------------------------------------------------------
 Center     Atomic      Atomic             Coordinates (Angstroms)
 Number     Number       Type             X           Y           Z
 ---------------------------------------------------------------------
      1          6           0        0.151728    0.000114    0.000367
      2          1           0        0.514787    1.032762    0.040707
      3          1           0        0.516505   -0.557275    0.871683
      4          1           0        0.513623   -0.486412   -0.912246
      5         17           0       -1.668276    0.000305   -0.000049
      6          9           0        2.878379    0.000562   -0.000168
 ---------------------------------------------------------------------
 Rotational constants (GHZ):    156.3411862      1.9633259      1.9631716
 Standard basis: VSTO-6G (5D, 7F)
 There are    21 symmetry adapted cartesian basis functions of A   symmetry.
 There are    20 symmetry adapted basis functions of A   symmetry.
    20 basis functions,   126 primitive gaussians,    21 cartesian basis functions
    11 alpha electrons       11 beta electrons
       nuclear repulsion energy        63.7644302430 Hartrees.
 Integral buffers will be    131072 words long.
 Regular integral format.
 Two-electron integral symmetry is turned off.
 Do NDO integrals.
 One-electron integrals computed using PRISM.
 NBasis=    20 RedAO= F EigKep=  0.00D+00  NBF=    20
 NBsUse=    20 1.00D-04 EigRej=  0.00D+00 NBFU=    20
 Initial guess from the checkpoint file:  "/scratch/1715567.1.multiway.q/Gau-186785.chk"
 B after Tr=     0.000000    0.000000    0.000000
         Rot=    0.938300    0.345823   -0.000011    0.000000 Ang=  40.46 deg.
 Overlap will be assumed to be unity.
 Keep J ints in memory in canonical form, NReq=1875445.
 Requested convergence on RMS density matrix=1.00D-08 within 128 cycles.
 Requested convergence on MAX density matrix=1.00D-06.
 Requested convergence on             energy=1.00D-06.
 No special actions if energy rises.
 SCF Done:  E(RPM6) = -0.139622938025     A.U. after   11 cycles
            NFock= 10  Conv=0.34D-08     -V/T= 0.9894
 Calling FoFJK, ICntrl=      2127 FMM=F ISym2X=0 I1Cent= 0 IOpClX= 0 NMat=1 NMatS=1 NMatT=0.
 ***** Axes restored to original set *****
 -------------------------------------------------------------------
 Center     Atomic                   Forces (Hartrees/Bohr)
 Number     Number              X              Y              Z
 -------------------------------------------------------------------
      1        6          -0.001762389    0.000950486    0.000255549
      2        1           0.000618694    0.000545934    0.000024186
      3        1           0.001066769   -0.000868403   -0.000407315
      4        1           0.000693685   -0.000615346    0.000003465
      5       17          -0.000664978   -0.000038440    0.000121340
      6        9           0.000048220    0.000025768    0.000002775
 -------------------------------------------------------------------
 Cartesian Forces:  Max     0.001762389 RMS     0.000672286

 GradGradGradGradGradGradGradGradGradGradGradGradGradGradGradGradGradGrad
 Berny optimization.
 Using GEDIIS/GDIIS optimizer.
 FormGI is forming the generalized inverse of G from B-inverse, IUseBI=4.
 Internal  Forces:  Max     0.000654684 RMS     0.000239982
 Search for a local minimum.
 Step number   2 out of a maximum of   45 on scan point    18 out of    21
 All quantities printed in internal units (Hartrees-Bohrs-Radians)
 Mixed Optimization -- En-DIIS/RFO-DIIS
 Update second derivatives using D2CorX and points    1    2
 DE= -1.46D-03 DEPred=-1.75D-03 R= 8.36D-01
 TightC=F SS=  1.41D+00  RLast= 4.14D-01 DXNew= 2.7433D+00 1.2426D+00
 Trust test= 8.36D-01 RLast= 4.14D-01 DXMaxT set to 1.63D+00
 ITU=  1  0
 Use linear search instead of GDIIS.
     Eigenvalues ---    0.00814   0.01732   0.02005   0.02371   0.02752
     Eigenvalues ---    0.07024   0.08238   0.09522   0.18936   0.23150
     Eigenvalues ---    0.266321000.000001000.000001000.000001000.00000
     Eigenvalues --- 1000.000001000.000001000.000001000.000001000.00000
     Eigenvalues --- 1000.000001000.000001000.000001000.000001000.00000
     Eigenvalues --- 1000.000001000.000001000.000001000.000001000.00000
     Eigenvalues --- 1000.000001000.000001000.000001000.000001000.00000
 RFO step:  Lambda=-4.19837895D-05 EMin= 8.13645808D-03
 Quartic linear search produced a step of -0.02818.
 Iteration  1 RMS(Cart)=  0.00455576 RMS(Int)=  0.00003779
 Iteration  2 RMS(Cart)=  0.00002268 RMS(Int)=  0.00002537
 Iteration  3 RMS(Cart)=  0.00000000 RMS(Int)=  0.00002537
 Iteration  1 RMS(Cart)=  0.00000008 RMS(Int)=  0.00000019
 Variable       Old X    -DE/DX   Delta X   Delta X   Delta X     New X
                                 (Linear)    (Quad)   (Total)
    R1        2.06992  -0.00049   0.00104  -0.00310  -0.00204   2.06788
    R2        2.07262  -0.00065   0.00095  -0.00460  -0.00363   2.06899
    R3        2.07055  -0.00031   0.00102  -0.00450  -0.00349   2.06707
    R4        3.43931   0.00018   0.00000   0.00000  -0.00001   3.43930
    R5        5.15262  -0.00005  -0.01035  -0.00447  -0.01482   5.13781
    R6        4.56415  -0.00023  -0.00096  -0.00713  -0.00811   4.55603
    R7        4.56833  -0.00054  -0.00108  -0.01157  -0.01267   4.55566
    R8        4.56269  -0.00027  -0.00092  -0.00834  -0.00923   4.55346
    A1        1.91730  -0.00008   0.00096  -0.00550  -0.00455   1.91275
    A2        1.91752  -0.00007   0.00091   0.00118   0.00213   1.91965
    A3        1.23280   0.00011   0.00114   0.00563   0.00681   1.23960
    A4        1.90305   0.00050   0.00134   0.01687   0.01827   1.92132
    A5        1.23200   0.00012   0.00110   0.00380   0.00493   1.23694
    A6        1.23409   0.00012   0.00113   0.00309   0.00425   1.23834
    A7        0.79089   0.00012   0.00060   0.00277   0.00340   0.79429
    A8        0.78941   0.00023   0.00064   0.00457   0.00524   0.79465
    A9        0.79167   0.00017   0.00058   0.00310   0.00368   0.79534
   A10        0.76069  -0.00018   0.00084  -0.00139  -0.00056   0.76013
   A11        0.76084  -0.00013   0.00083   0.00022   0.00105   0.76189
   A12        0.75691   0.00003   0.00094   0.00477   0.00569   0.76261
    D1       -2.09654   0.00027   0.00155   0.01243   0.01392  -2.08262
    D2        2.09318  -0.00025  -0.00148  -0.00568  -0.00713   2.08605
    D3        3.14113   0.00001   0.00007   0.00089   0.00097  -3.14108
    D4        2.09560  -0.00020  -0.00152  -0.01105  -0.01250   2.08310
    D5       -2.08535  -0.00002   0.00124  -0.00248  -0.00124  -2.08658
    D6       -3.14159   0.00007  -0.00002   0.00162   0.00161  -3.13998
    D7       -2.09397   0.00018   0.00150   0.00558   0.00708  -2.08688
    D8        2.08711   0.00001  -0.00129   0.00111  -0.00017   2.08693
    D9       -3.14113  -0.00008  -0.00005  -0.00252  -0.00257   3.13948
   D10        0.56496   0.00011   0.00020   0.00696   0.00715   0.57210
   D11       -0.56618  -0.00013  -0.00019  -0.00144  -0.00162  -0.56780
   D12       -0.56506  -0.00009  -0.00020  -0.00628  -0.00647  -0.57153
   D13        0.57499  -0.00019  -0.00007  -0.00818  -0.00825   0.56674
   D14        0.56550   0.00005   0.00021   0.00167   0.00189   0.56739
   D15       -0.57419   0.00026   0.00005   0.00724   0.00729  -0.56690
         Item               Value     Threshold  Converged?
 Maximum Force            0.000630     0.000450     NO 
 RMS     Force            0.000238     0.000300     YES
 Maximum Displacement     0.012547     0.001800     NO 
 RMS     Displacement     0.004550     0.001200     NO 
 Predicted change in Energy=-2.240571D-05
 GradGradGradGradGradGradGradGradGradGradGradGradGradGradGradGradGradGrad

                          Input orientation:                          
 ---------------------------------------------------------------------
 Center     Atomic      Atomic             Coordinates (Angstroms)
 Number     Number       Type             X           Y           Z
 ---------------------------------------------------------------------
      1          6           0        0.988482   -0.882446   -0.013209
      2          1           0        0.655752   -1.924890   -0.007278
      3          1           0        0.626864   -0.376506    0.887891
      4          1           0        0.611694   -0.374774   -0.905845
      5         17           0        2.807875   -0.838359   -0.029496
      6          9           0       -1.729538   -0.942794    0.012419
 ---------------------------------------------------------------------
                    Distance matrix (angstroms):
                    1          2          3          4          5
     1  C    0.000000
     2  H    1.094273   0.000000
     3  H    1.094863   1.788758   0.000000
     4  H    1.093846   1.792268   1.793801   0.000000
     5  Cl   1.820000   2.410949   2.410751   2.409587   0.000000
     6  F    2.718810   2.579633   2.576774   2.578221   4.538808
                    6
     6  F    0.000000
 Stoichiometry    CH3ClF(1-)
 Framework group  C1[X(CH3ClF)]
 Deg. of freedom    12
 Full point group                 C1      NOp   1
 Largest Abelian subgroup         C1      NOp   1
 Largest concise Abelian subgroup C1      NOp   1
                         Standard orientation:                         
 ---------------------------------------------------------------------
 Center     Atomic      Atomic             Coordinates (Angstroms)
 Number     Number       Type             X           Y           Z
 ---------------------------------------------------------------------
      1          6           0        0.154260    0.000072   -0.001598
      2          1           0        0.510986    0.381208   -0.963324
      3          1           0        0.512436    0.647369    0.805521
      4          1           0        0.510961   -1.022685    0.150817
      5         17           0       -1.665739   -0.000183    0.000567
      6          9           0        2.873069   -0.000357    0.000771
 ---------------------------------------------------------------------
 Rotational constants (GHZ):    156.2190919      1.9699964      1.9699140
 Standard basis: VSTO-6G (5D, 7F)
 There are    21 symmetry adapted cartesian basis functions of A   symmetry.
 There are    20 symmetry adapted basis functions of A   symmetry.
    20 basis functions,   126 primitive gaussians,    21 cartesian basis functions
    11 alpha electrons       11 beta electrons
       nuclear repulsion energy        63.8008907195 Hartrees.
 Integral buffers will be    131072 words long.
 Regular integral format.
 Two-electron integral symmetry is turned off.
 Do NDO integrals.
 One-electron integrals computed using PRISM.
 NBasis=    20 RedAO= F EigKep=  0.00D+00  NBF=    20
 NBsUse=    20 1.00D-04 EigRej=  0.00D+00 NBFU=    20
 Initial guess from the checkpoint file:  "/scratch/1715567.1.multiway.q/Gau-186785.chk"
 B after Tr=     0.000000    0.000000    0.000000
         Rot=    0.815180    0.579207    0.000007   -0.000008 Ang=  70.79 deg.
 Overlap will be assumed to be unity.
 Keep J ints in memory in canonical form, NReq=1875445.
 Requested convergence on RMS density matrix=1.00D-08 within 128 cycles.
 Requested convergence on MAX density matrix=1.00D-06.
 Requested convergence on             energy=1.00D-06.
 No special actions if energy rises.
 SCF Done:  E(RPM6) = -0.139640915372     A.U. after    9 cycles
            NFock=  8  Conv=0.62D-08     -V/T= 0.9894
 Calling FoFJK, ICntrl=      2127 FMM=F ISym2X=0 I1Cent= 0 IOpClX= 0 NMat=1 NMatS=1 NMatT=0.
 ***** Axes restored to original set *****
 -------------------------------------------------------------------
 Center     Atomic                   Forces (Hartrees/Bohr)
 Number     Number              X              Y              Z
 -------------------------------------------------------------------
      1        6          -0.000558901   -0.000176475    0.000586088
      2        1           0.000058106   -0.000114196   -0.000249001
      3        1           0.000069787    0.000205354   -0.000309734
      4        1          -0.000164754    0.000117533   -0.000045665
      5       17           0.000598750   -0.000019688    0.000008415
      6        9          -0.000002988   -0.000012527    0.000009897
 -------------------------------------------------------------------
 Cartesian Forces:  Max     0.000598750 RMS     0.000269843

 GradGradGradGradGradGradGradGradGradGradGradGradGradGradGradGradGradGrad
 Berny optimization.
 Using GEDIIS/GDIIS optimizer.
 FormGI is forming the generalized inverse of G from B-inverse, IUseBI=4.
 Internal  Forces:  Max     0.000235930 RMS     0.000097679
 Search for a local minimum.
 Step number   3 out of a maximum of   45 on scan point    18 out of    21
 All quantities printed in internal units (Hartrees-Bohrs-Radians)
 Mixed Optimization -- En-DIIS/RFO-DIIS
 Swapping is turned off.
 Update second derivatives using D2CorX and points    1    2    3
 DE= -1.80D-05 DEPred=-2.24D-05 R= 8.02D-01
 TightC=F SS=  1.41D+00  RLast= 4.22D-02 DXNew= 2.7433D+00 1.2649D-01
 Trust test= 8.02D-01 RLast= 4.22D-02 DXMaxT set to 1.63D+00
 ITU=  1  1  0
     Eigenvalues ---    0.00809   0.01808   0.02010   0.02211   0.03601
     Eigenvalues ---    0.06970   0.08218   0.09481   0.18554   0.23238
     Eigenvalues ---    0.266141000.000001000.000001000.000001000.00000
     Eigenvalues --- 1000.000001000.000001000.000001000.000001000.00000
     Eigenvalues --- 1000.000001000.000001000.000001000.000001000.00000
     Eigenvalues --- 1000.000001000.000001000.000001000.000001000.00000
     Eigenvalues --- 1000.000001000.000001000.000001000.000001000.00000
 En-DIIS/RFO-DIIS IScMMF=        0 using points:     3    2
 RFO step:  Lambda=-8.99075728D-07.
 DidBck=F Rises=F RFO-DIIS coefs:    0.83762    0.16238
 Iteration  1 RMS(Cart)=  0.00185733 RMS(Int)=  0.00000639
 Iteration  2 RMS(Cart)=  0.00000275 RMS(Int)=  0.00000452
 Iteration  3 RMS(Cart)=  0.00000000 RMS(Int)=  0.00000452
 Iteration  1 RMS(Cart)=  0.00000014 RMS(Int)=  0.00000032
 Variable       Old X    -DE/DX   Delta X   Delta X   Delta X     New X
                                 (Linear)    (Quad)   (Total)
    R1        2.06788   0.00003   0.00033  -0.00076  -0.00043   2.06744
    R2        2.06899  -0.00019   0.00059  -0.00135  -0.00076   2.06823
    R3        2.06707   0.00000   0.00057  -0.00009   0.00047   2.06754
    R4        3.43930   0.00023   0.00000   0.00000   0.00000   3.43930
    R5        5.13781   0.00000   0.00241  -0.00337  -0.00096   5.13685
    R6        4.55603   0.00009   0.00132  -0.00414  -0.00282   4.55322
    R7        4.55566   0.00005   0.00206  -0.00278  -0.00072   4.55494
    R8        4.55346   0.00024   0.00150  -0.00046   0.00104   4.55450
    A1        1.91275   0.00024   0.00074   0.00498   0.00574   1.91848
    A2        1.91965  -0.00001  -0.00035   0.00058   0.00024   1.91989
    A3        1.23960   0.00005  -0.00111   0.00113   0.00002   1.23963
    A4        1.92132  -0.00013  -0.00297  -0.00167  -0.00464   1.91668
    A5        1.23694   0.00002  -0.00080   0.00126   0.00046   1.23740
    A6        1.23834   0.00003  -0.00069   0.00155   0.00086   1.23920
    A7        0.79429   0.00008  -0.00055   0.00178   0.00123   0.79552
    A8        0.79465   0.00006  -0.00085   0.00106   0.00021   0.79486
    A9        0.79534   0.00001  -0.00060   0.00020  -0.00040   0.79495
   A10        0.76013   0.00002   0.00009   0.00160   0.00169   0.76182
   A11        0.76189  -0.00003  -0.00017   0.00040   0.00023   0.76212
   A12        0.76261  -0.00010  -0.00092  -0.00046  -0.00139   0.76122
    D1       -2.08262  -0.00006  -0.00226   0.00001  -0.00225  -2.08486
    D2        2.08605  -0.00004   0.00116  -0.00147  -0.00032   2.08574
    D3       -3.14108   0.00003  -0.00016   0.00076   0.00060  -3.14048
    D4        2.08310   0.00001   0.00203  -0.00075   0.00128   2.08438
    D5       -2.08658   0.00007   0.00020   0.00210   0.00229  -2.08429
    D6       -3.13998  -0.00006  -0.00026  -0.00159  -0.00185   3.14135
    D7       -2.08688   0.00011  -0.00115   0.00280   0.00164  -2.08524
    D8        2.08693  -0.00009   0.00003  -0.00269  -0.00266   2.08428
    D9        3.13948   0.00003   0.00042   0.00082   0.00123   3.14071
   D10        0.57210  -0.00016  -0.00116  -0.00225  -0.00341   0.56870
   D11       -0.56780   0.00000   0.00026  -0.00017   0.00010  -0.56770
   D12       -0.57153   0.00008   0.00105   0.00161   0.00266  -0.56887
   D13        0.56674   0.00009   0.00134   0.00149   0.00283   0.56957
   D14        0.56739   0.00006  -0.00031   0.00095   0.00064   0.56803
   D15       -0.56690  -0.00006  -0.00118  -0.00164  -0.00283  -0.56973
         Item               Value     Threshold  Converged?
 Maximum Force            0.000206     0.000450     YES
 RMS     Force            0.000077     0.000300     YES
 Maximum Displacement     0.006204     0.001800     NO 
 RMS     Displacement     0.001857     0.001200     NO 
 Predicted change in Energy=-2.235216D-06
 GradGradGradGradGradGradGradGradGradGradGradGradGradGradGradGradGradGrad

                          Input orientation:                          
 ---------------------------------------------------------------------
 Center     Atomic      Atomic             Coordinates (Angstroms)
 Number     Number       Type             X           Y           Z
 ---------------------------------------------------------------------
      1          6           0        0.988155   -0.882767   -0.012746
      2          1           0        0.656137   -1.925207   -0.009127
      3          1           0        0.626918   -0.373223    0.885981
      4          1           0        0.611632   -0.373185   -0.904713
      5         17           0        2.807601   -0.840620   -0.028369
      6          9           0       -1.729314   -0.944767    0.013454
 ---------------------------------------------------------------------
                    Distance matrix (angstroms):
                    1          2          3          4          5
     1  C    0.000000
     2  H    1.094043   0.000000
     3  H    1.094458   1.791850   0.000000
     4  H    1.094097   1.792436   1.790759   0.000000
     5  Cl   1.820001   2.409459   2.410368   2.410136   0.000000
     6  F    2.718302   2.579176   2.576780   2.578713   4.538302
                    6
     6  F    0.000000
 Stoichiometry    CH3ClF(1-)
 Framework group  C1[X(CH3ClF)]
 Deg. of freedom    12
 Full point group                 C1      NOp   1
 Largest Abelian subgroup         C1      NOp   1
 Largest concise Abelian subgroup C1      NOp   1
                         Standard orientation:                         
 ---------------------------------------------------------------------
 Center     Atomic      Atomic             Coordinates (Angstroms)
 Number     Number       Type             X           Y           Z
 ---------------------------------------------------------------------
      1          6           0        0.154434    0.000163   -0.000909
      2          1           0        0.510298    1.018830   -0.181486
      3          1           0        0.512144   -0.352963    0.971297
      4          1           0        0.510944   -0.666502   -0.791799
      5         17           0       -1.665566   -0.000029    0.000270
      6          9           0        2.872736    0.000017    0.000318
 ---------------------------------------------------------------------
 Rotational constants (GHZ):    156.2097786      1.9704048      1.9703777
 Standard basis: VSTO-6G (5D, 7F)
 There are    21 symmetry adapted cartesian basis functions of A   symmetry.
 There are    20 symmetry adapted basis functions of A   symmetry.
    20 basis functions,   126 primitive gaussians,    21 cartesian basis functions
    11 alpha electrons       11 beta electrons
       nuclear repulsion energy        63.8033204020 Hartrees.
 Integral buffers will be    131072 words long.
 Regular integral format.
 Two-electron integral symmetry is turned off.
 Do NDO integrals.
 One-electron integrals computed using PRISM.
 NBasis=    20 RedAO= F EigKep=  0.00D+00  NBF=    20
 NBsUse=    20 1.00D-04 EigRej=  0.00D+00 NBFU=    20
 Initial guess from the checkpoint file:  "/scratch/1715567.1.multiway.q/Gau-186785.chk"
 B after Tr=     0.000000    0.000000    0.000000
         Rot=    0.872685   -0.488283   -0.000001   -0.000005 Ang= -58.46 deg.
 Overlap will be assumed to be unity.
 Keep J ints in memory in canonical form, NReq=1875445.
 Requested convergence on RMS density matrix=1.00D-08 within 128 cycles.
 Requested convergence on MAX density matrix=1.00D-06.
 Requested convergence on             energy=1.00D-06.
 No special actions if energy rises.
 SCF Done:  E(RPM6) = -0.139642630273     A.U. after    9 cycles
            NFock=  8  Conv=0.40D-08     -V/T= 0.9894
 Calling FoFJK, ICntrl=      2127 FMM=F ISym2X=0 I1Cent= 0 IOpClX= 0 NMat=1 NMatS=1 NMatT=0.
 ***** Axes restored to original set *****
 -------------------------------------------------------------------
 Center     Atomic                   Forces (Hartrees/Bohr)
 Number     Number              X              Y              Z
 -------------------------------------------------------------------
      1        6          -0.000474206    0.000142486    0.000169558
      2        1          -0.000143207   -0.000085325   -0.000042413
      3        1          -0.000009260   -0.000060383    0.000027358
      4        1          -0.000069314   -0.000043881   -0.000144850
      5       17           0.000701346    0.000044186   -0.000009496
      6        9          -0.000005359    0.000002917   -0.000000157
 -------------------------------------------------------------------
 Cartesian Forces:  Max     0.000701346 RMS     0.000214692

 GradGradGradGradGradGradGradGradGradGradGradGradGradGradGradGradGradGrad
 Berny optimization.
 Using GEDIIS/GDIIS optimizer.
 FormGI is forming the generalized inverse of G from B-inverse, IUseBI=4.
 Internal  Forces:  Max     0.000234450 RMS     0.000071034
 Search for a local minimum.
 Step number   4 out of a maximum of   45 on scan point    18 out of    21
 All quantities printed in internal units (Hartrees-Bohrs-Radians)
 Mixed Optimization -- En-DIIS/RFO-DIIS
 Swapping is turned off.
 Update second derivatives using D2CorX and points    1    2    3    4
 DE= -1.71D-06 DEPred=-2.24D-06 R= 7.67D-01
 TightC=F SS=  1.41D+00  RLast= 1.16D-02 DXNew= 2.7433D+00 3.4948D-02
 Trust test= 7.67D-01 RLast= 1.16D-02 DXMaxT set to 1.63D+00
 ITU=  1  1  1  0
     Eigenvalues ---    0.00821   0.01803   0.02010   0.02788   0.04187
     Eigenvalues ---    0.06348   0.08272   0.09201   0.18992   0.23280
     Eigenvalues ---    0.260111000.000001000.000001000.000001000.00000
     Eigenvalues --- 1000.000001000.000001000.000001000.000001000.00000
     Eigenvalues --- 1000.000001000.000001000.000001000.000001000.00000
     Eigenvalues --- 1000.000001000.000001000.000001000.000001000.00000
     Eigenvalues --- 1000.000001000.000001000.000001000.000001000.00000
 En-DIIS/RFO-DIIS IScMMF=        0 using points:     4    3    2
 RFO step:  Lambda=-1.44269515D-07.
 DidBck=T Rises=F RFO-DIIS coefs:    0.73609    0.21647    0.04744
 Iteration  1 RMS(Cart)=  0.00045833 RMS(Int)=  0.00000097
 Iteration  2 RMS(Cart)=  0.00000019 RMS(Int)=  0.00000094
 Iteration  1 RMS(Cart)=  0.00000009 RMS(Int)=  0.00000021
 Variable       Old X    -DE/DX   Delta X   Delta X   Delta X     New X
                                 (Linear)    (Quad)   (Total)
    R1        2.06744  -0.00001   0.00021   0.00025   0.00046   2.06791
    R2        2.06823  -0.00007   0.00037  -0.00034   0.00003   2.06826
    R3        2.06754   0.00002   0.00004   0.00031   0.00035   2.06789
    R4        3.43930   0.00023   0.00000   0.00000   0.00000   3.43930
    R5        5.13685   0.00001   0.00096  -0.00008   0.00088   5.13773
    R6        4.55322   0.00021   0.00113   0.00058   0.00171   4.55493
    R7        4.55494   0.00012   0.00079  -0.00028   0.00051   4.55545
    R8        4.55450   0.00016   0.00016   0.00030   0.00047   4.55496
    A1        1.91848   0.00001  -0.00130   0.00037  -0.00093   1.91756
    A2        1.91989  -0.00003  -0.00016  -0.00107  -0.00124   1.91865
    A3        1.23963   0.00002  -0.00033  -0.00011  -0.00044   1.23919
    A4        1.91668   0.00009   0.00036   0.00040   0.00076   1.91744
    A5        1.23740   0.00003  -0.00036  -0.00017  -0.00052   1.23688
    A6        1.23920   0.00003  -0.00043  -0.00003  -0.00046   1.23874
    A7        0.79552   0.00002  -0.00049  -0.00023  -0.00071   0.79481
    A8        0.79486   0.00006  -0.00030   0.00007  -0.00023   0.79462
    A9        0.79495   0.00005  -0.00007  -0.00009  -0.00016   0.79479
   A10        0.76182  -0.00004  -0.00042   0.00006  -0.00036   0.76146
   A11        0.76212  -0.00004  -0.00011  -0.00027  -0.00038   0.76174
   A12        0.76122  -0.00001   0.00010   0.00010   0.00020   0.76142
    D1       -2.08486   0.00004  -0.00007  -0.00035  -0.00042  -2.08528
    D2        2.08574  -0.00007   0.00042  -0.00040   0.00002   2.08576
    D3       -3.14048   0.00000  -0.00021   0.00014  -0.00007  -3.14055
    D4        2.08438  -0.00001   0.00026   0.00054   0.00079   2.08517
    D5       -2.08429   0.00001  -0.00055  -0.00030  -0.00085  -2.08514
    D6        3.14135   0.00002   0.00041   0.00008   0.00049  -3.14134
    D7       -2.08524   0.00004  -0.00077   0.00027  -0.00050  -2.08574
    D8        2.08428  -0.00001   0.00071   0.00025   0.00096   2.08523
    D9        3.14071  -0.00001  -0.00020  -0.00022  -0.00042   3.14029
   D10        0.56870   0.00000   0.00056  -0.00032   0.00024   0.56894
   D11       -0.56770  -0.00004   0.00005  -0.00063  -0.00058  -0.56828
   D12       -0.56887   0.00000  -0.00040   0.00032  -0.00007  -0.56894
   D13        0.56957  -0.00003  -0.00036  -0.00022  -0.00058   0.56900
   D14        0.56803   0.00002  -0.00026   0.00052   0.00026   0.56830
   D15       -0.56973   0.00005   0.00040   0.00032   0.00072  -0.56901
         Item               Value     Threshold  Converged?
 Maximum Force            0.000089     0.000450     YES
 RMS     Force            0.000033     0.000300     YES
 Maximum Displacement     0.001247     0.001800     YES
 RMS     Displacement     0.000458     0.001200     YES
 Predicted change in Energy=-2.927696D-07
 Optimization completed.
    -- Stationary point found.
                           ----------------------------
                           !   Optimized Parameters   !
                           ! (Angstroms and Degrees)  !
 --------------------------                            --------------------------
 ! Name  Definition              Value          Derivative Info.                !
 --------------------------------------------------------------------------------
 ! R1    R(1,2)                  1.094          -DE/DX =    0.0                 !
 ! R2    R(1,3)                  1.0945         -DE/DX =   -0.0001              !
 ! R3    R(1,4)                  1.0941         -DE/DX =    0.0                 !
 ! R4    R(1,5)                  1.82           -DE/DX =    0.0002              !
 ! R5    R(1,6)                  2.7183         -DE/DX =    0.0                 !
 ! R6    R(2,5)                  2.4095         -DE/DX =    0.0002              !
 ! R7    R(3,5)                  2.4104         -DE/DX =    0.0001              !
 ! R8    R(4,5)                  2.4101         -DE/DX =    0.0002              !
 ! A1    A(2,1,3)              109.9211         -DE/DX =    0.0                 !
 ! A2    A(2,1,4)              110.0015         -DE/DX =    0.0                 !
 ! A3    A(2,1,6)               71.0254         -DE/DX =    0.0                 !
 ! A4    A(3,1,4)              109.8176         -DE/DX =    0.0001              !
 ! A5    A(3,1,6)               70.8978         -DE/DX =    0.0                 !
 ! A6    A(4,1,6)               71.0008         -DE/DX =    0.0                 !
 ! A7    A(1,2,5)               45.5799         -DE/DX =    0.0                 !
 ! A8    A(1,3,5)               45.5419         -DE/DX =    0.0001              !
 ! A9    A(1,4,5)               45.547          -DE/DX =    0.0                 !
 ! A10   A(2,5,3)               43.6492         -DE/DX =    0.0                 !
 ! A11   A(2,5,4)               43.6664         -DE/DX =    0.0                 !
 ! A12   A(3,5,4)               43.6148         -DE/DX =    0.0                 !
 ! D1    D(3,1,2,5)           -119.4538         -DE/DX =    0.0                 !
 ! D2    D(4,1,2,5)            119.504          -DE/DX =   -0.0001              !
 ! D3    D(6,1,2,5)           -179.9361         -DE/DX =    0.0                 !
 ! D4    D(2,1,3,5)            119.4261         -DE/DX =    0.0                 !
 ! D5    D(4,1,3,5)           -119.4212         -DE/DX =    0.0                 !
 ! D6    D(6,1,3,5)           -180.0137         -DE/DX =    0.0                 !
 ! D7    D(2,1,4,5)           -119.4754         -DE/DX =    0.0                 !
 ! D8    D(3,1,4,5)            119.4203         -DE/DX =    0.0                 !
 ! D9    D(6,1,4,5)            179.9497         -DE/DX =    0.0                 !
 ! D10   D(1,2,5,3)             32.5838         -DE/DX =    0.0                 !
 ! D11   D(1,2,5,4)            -32.527          -DE/DX =    0.0                 !
 ! D12   D(1,3,5,2)            -32.5938         -DE/DX =    0.0                 !
 ! D13   D(1,3,5,4)             32.634          -DE/DX =    0.0                 !
 ! D14   D(1,4,5,2)             32.5458         -DE/DX =    0.0                 !
 ! D15   D(1,4,5,3)            -32.6429         -DE/DX =    0.0                 !
 --------------------------------------------------------------------------------
 Iteration  1 RMS(Cart)=  0.01099729 RMS(Int)=  0.02478974
 Iteration  2 RMS(Cart)=  0.00008475 RMS(Int)=  0.02478925
 Iteration  3 RMS(Cart)=  0.00000125 RMS(Int)=  0.02478925
 Iteration  4 RMS(Cart)=  0.00000001 RMS(Int)=  0.02478925
 Iteration  1 RMS(Cart)=  0.00665321 RMS(Int)=  0.01488319
 Iteration  2 RMS(Cart)=  0.00401080 RMS(Int)=  0.01655852
 Iteration  3 RMS(Cart)=  0.00240768 RMS(Int)=  0.01889208
 Iteration  4 RMS(Cart)=  0.00144169 RMS(Int)=  0.02061014
 Iteration  5 RMS(Cart)=  0.00086196 RMS(Int)=  0.02172348
 Iteration  6 RMS(Cart)=  0.00051489 RMS(Int)=  0.02241434
 Iteration  7 RMS(Cart)=  0.00030740 RMS(Int)=  0.02283510
 Iteration  8 RMS(Cart)=  0.00018346 RMS(Int)=  0.02308900
 Iteration  9 RMS(Cart)=  0.00010948 RMS(Int)=  0.02324146
 Iteration 10 RMS(Cart)=  0.00006532 RMS(Int)=  0.02333275
 Iteration 11 RMS(Cart)=  0.00003897 RMS(Int)=  0.02338734
 Iteration 12 RMS(Cart)=  0.00002325 RMS(Int)=  0.02341995
 Iteration 13 RMS(Cart)=  0.00001387 RMS(Int)=  0.02343941
 Iteration 14 RMS(Cart)=  0.00000827 RMS(Int)=  0.02345103
 Iteration 15 RMS(Cart)=  0.00000494 RMS(Int)=  0.02345796
 Iteration 16 RMS(Cart)=  0.00000294 RMS(Int)=  0.02346210
 Iteration 17 RMS(Cart)=  0.00000176 RMS(Int)=  0.02346457
 Iteration 18 RMS(Cart)=  0.00000105 RMS(Int)=  0.02346604
 Iteration 19 RMS(Cart)=  0.00000063 RMS(Int)=  0.02346692
 GradGradGradGradGradGradGradGradGradGradGradGradGradGradGradGradGradGrad

                          Input orientation:                          
 ---------------------------------------------------------------------
 Center     Atomic      Atomic             Coordinates (Angstroms)
 Number     Number       Type             X           Y           Z
 ---------------------------------------------------------------------
      1          6           0        1.023213   -0.881891   -0.012952
      2          1           0        0.654794   -1.942050   -0.009172
      3          1           0        0.625324   -0.365437    0.900868
      4          1           0        0.609852   -0.365434   -0.919635
      5         17           0        2.742677   -0.841484   -0.027796
      6          9           0       -1.694732   -0.943474    0.013168
 ---------------------------------------------------------------------
                    Distance matrix (angstroms):
                    1          2          3          4          5
     1  C    0.000000
     2  H    1.122357   0.000000
     3  H    1.122545   1.820646   0.000000
     4  H    1.122350   1.821176   1.820569   0.000000
     5  Cl   1.720003   2.360265   2.360555   2.360285   0.000000
     6  F    2.718767   2.553022   2.550451   2.552520   4.438770
                    6
     6  F    0.000000
 Stoichiometry    CH3ClF(1-)
 Framework group  C1[X(CH3ClF)]
 Deg. of freedom    12
 Full point group                 C1      NOp   1
 Largest Abelian subgroup         C1      NOp   1
 Largest concise Abelian subgroup C1      NOp   1
                         Standard orientation:                         
 ---------------------------------------------------------------------
 Center     Atomic      Atomic             Coordinates (Angstroms)
 Number     Number       Type             X           Y           Z
 ---------------------------------------------------------------------
      1          6           0        0.102603    0.000243   -0.000976
      2          1           0        0.495312    0.940964   -0.470561
      3          1           0        0.496925   -0.063214    1.048115
      4          1           0        0.495606   -0.876890   -0.580505
      5         17           0       -1.617400   -0.000084    0.000322
      6          9           0        2.821370   -0.000099    0.000370
 ---------------------------------------------------------------------
 Rotational constants (GHZ):    151.2537963      2.0606954      2.0606838
 Standard basis: VSTO-6G (5D, 7F)
 There are    21 symmetry adapted cartesian basis functions of A   symmetry.
 There are    20 symmetry adapted basis functions of A   symmetry.
    20 basis functions,   126 primitive gaussians,    21 cartesian basis functions
    11 alpha electrons       11 beta electrons
       nuclear repulsion energy        64.2366420948 Hartrees.
 Integral buffers will be    131072 words long.
 Regular integral format.
 Two-electron integral symmetry is turned off.
 Do NDO integrals.
 One-electron integrals computed using PRISM.
 NBasis=    20 RedAO= F EigKep=  0.00D+00  NBF=    20
 NBsUse=    20 1.00D-04 EigRej=  0.00D+00 NBFU=    20
 Initial guess from the checkpoint file:  "/scratch/1715567.1.multiway.q/Gau-186785.chk"
 B after Tr=     0.000000    0.000000    0.000000
         Rot=    0.989696    0.143187   -0.000003    0.000002 Ang=  16.46 deg.
 Overlap will be assumed to be unity.
 Keep J ints in memory in canonical form, NReq=1875445.
 Requested convergence on RMS density matrix=1.00D-08 within 128 cycles.
 Requested convergence on MAX density matrix=1.00D-06.
 Requested convergence on             energy=1.00D-06.
 No special actions if energy rises.
 SCF Done:  E(RPM6) = -0.135243412996     A.U. after   12 cycles
            NFock= 11  Conv=0.15D-08     -V/T= 0.9897
 Calling FoFJK, ICntrl=      2127 FMM=F ISym2X=0 I1Cent= 0 IOpClX= 0 NMat=1 NMatS=1 NMatT=0.
 ***** Axes restored to original set *****
 -------------------------------------------------------------------
 Center     Atomic                   Forces (Hartrees/Bohr)
 Number     Number              X              Y              Z
 -------------------------------------------------------------------
      1        6          -0.042771835   -0.000961174    0.000452160
      2        1           0.000549350    0.011810435   -0.000041043
      3        1           0.000922934   -0.005895459   -0.010247914
      4        1           0.001054098   -0.005902132    0.010179980
      5       17           0.041940970    0.000987296   -0.000359335
      6        9          -0.001695518   -0.000038965    0.000016152
 -------------------------------------------------------------------
 Cartesian Forces:  Max     0.042771835 RMS     0.014932403

 GradGradGradGradGradGradGradGradGradGradGradGradGradGradGradGradGradGrad
 Berny optimization.
 FormGI is forming the generalized inverse of G from B-inverse, IUseBI=4.
 Internal  Forces:  Max     0.019640413 RMS     0.006047414
 Search for a local minimum.
 Step number   1 out of a maximum of   45 on scan point    19 out of    21
 All quantities printed in internal units (Hartrees-Bohrs-Radians)
 Mixed Optimization -- RFO/linear search
 Second derivative matrix not updated -- first step.
 ITU=  0
     Eigenvalues ---    0.00826   0.01776   0.01923   0.02793   0.04186
     Eigenvalues ---    0.06189   0.08201   0.09167   0.18829   0.23026
     Eigenvalues ---    0.257071000.000001000.000001000.000001000.00000
     Eigenvalues --- 1000.000001000.000001000.000001000.000001000.00000
     Eigenvalues --- 1000.000001000.000001000.000001000.000001000.00000
     Eigenvalues --- 1000.000001000.000001000.000001000.000001000.00000
     Eigenvalues --- 1000.000001000.000001000.000001000.000001000.00000
 RFO step:  Lambda=-2.31707711D-03 EMin= 8.25542928D-03
 Linear search not attempted -- first point.
 Iteration  1 RMS(Cart)=  0.03047842 RMS(Int)=  0.00065645
 Iteration  2 RMS(Cart)=  0.00028363 RMS(Int)=  0.00049374
 Iteration  3 RMS(Cart)=  0.00000019 RMS(Int)=  0.00049374
 Iteration  1 RMS(Cart)=  0.00002539 RMS(Int)=  0.00005650
 Iteration  2 RMS(Cart)=  0.00001519 RMS(Int)=  0.00006293
 Iteration  3 RMS(Cart)=  0.00000909 RMS(Int)=  0.00007178
 Iteration  4 RMS(Cart)=  0.00000544 RMS(Int)=  0.00007829
 Iteration  5 RMS(Cart)=  0.00000325 RMS(Int)=  0.00008251
 Iteration  6 RMS(Cart)=  0.00000195 RMS(Int)=  0.00008513
 Iteration  7 RMS(Cart)=  0.00000117 RMS(Int)=  0.00008673
 Iteration  8 RMS(Cart)=  0.00000070 RMS(Int)=  0.00008770
 Variable       Old X    -DE/DX   Delta X   Delta X   Delta X     New X
                                 (Linear)    (Quad)   (Total)
    R1        2.12095  -0.01373   0.00000  -0.03946  -0.03928   2.08167
    R2        2.12130  -0.01375   0.00000  -0.04016  -0.03996   2.08134
    R3        2.12093  -0.01372   0.00000  -0.03952  -0.03931   2.08162
    R4        3.25034   0.01964   0.00000   0.00000   0.00000   3.25034
    R5        5.13773   0.00170   0.00000   0.17946   0.17946   5.31718
    R6        4.46025   0.00657   0.00000   0.01533   0.01500   4.47526
    R7        4.46080   0.00653   0.00000   0.01545   0.01510   4.47590
    R8        4.46029   0.00657   0.00000   0.01682   0.01646   4.47675
    A1        1.89177   0.00072   0.00000  -0.03219  -0.03348   1.85828
    A2        1.89281   0.00069   0.00000  -0.03246  -0.03376   1.85905
    A3        1.21367   0.00068   0.00000  -0.03027  -0.03060   1.18307
    A4        1.89166   0.00072   0.00000  -0.03190  -0.03323   1.85843
    A5        1.21136   0.00069   0.00000  -0.03176  -0.03207   1.17929
    A6        1.21322   0.00068   0.00000  -0.03101  -0.03134   1.18188
    A7        0.75123   0.00451   0.00000  -0.01387  -0.01422   0.73701
    A8        0.75105   0.00451   0.00000  -0.01405  -0.01440   0.73665
    A9        0.75121   0.00451   0.00000  -0.01455  -0.01491   0.73631
   A10        0.79185  -0.00643   0.00000  -0.02828  -0.02828   0.76357
   A11        0.79214  -0.00644   0.00000  -0.02837  -0.02836   0.76378
   A12        0.79181  -0.00642   0.00000  -0.02834  -0.02834   0.76348
    D1       -2.11624   0.00081   0.00000  -0.03637  -0.03570  -2.15194
    D2        2.11670  -0.00082   0.00000   0.03700   0.03634   2.15304
    D3       -3.14055   0.00000   0.00000   0.00085   0.00086  -3.13969
    D4        2.11612  -0.00080   0.00000   0.03610   0.03543   2.15155
    D5       -2.11609   0.00080   0.00000  -0.03758  -0.03692  -2.15301
    D6       -3.14134   0.00000   0.00000  -0.00019  -0.00019  -3.14153
    D7       -2.11668   0.00082   0.00000  -0.03635  -0.03568  -2.15236
    D8        2.11619  -0.00081   0.00000   0.03720   0.03653   2.15273
    D9        3.14029   0.00000   0.00000  -0.00066  -0.00067   3.13963
   D10        0.57292  -0.00087   0.00000  -0.00377  -0.00367   0.56925
   D11       -0.57229   0.00085   0.00000   0.00391   0.00382  -0.56847
   D12       -0.57294   0.00087   0.00000   0.00343   0.00333  -0.56960
   D13        0.57299  -0.00087   0.00000  -0.00427  -0.00419   0.56880
   D14        0.57230  -0.00086   0.00000  -0.00342  -0.00333   0.56898
   D15       -0.57298   0.00087   0.00000   0.00412   0.00403  -0.56896
         Item               Value     Threshold  Converged?
 Maximum Force            0.008213     0.000450     NO 
 RMS     Force            0.003086     0.000300     NO 
 Maximum Displacement     0.126084     0.001800     NO 
 RMS     Displacement     0.030626     0.001200     NO 
 Predicted change in Energy=-1.207827D-03
 GradGradGradGradGradGradGradGradGradGradGradGradGradGradGradGradGradGrad

                          Input orientation:                          
 ---------------------------------------------------------------------
 Center     Atomic      Atomic             Coordinates (Angstroms)
 Number     Number       Type             X           Y           Z
 ---------------------------------------------------------------------
      1          6           0        1.051431   -0.881141   -0.013381
      2          1           0        0.657996   -1.910050   -0.009572
      3          1           0        0.628565   -0.381819    0.872589
      4          1           0        0.613688   -0.381748   -0.892241
      5         17           0        2.770901   -0.840607   -0.027364
      6          9           0       -1.761452   -0.944404    0.014450
 ---------------------------------------------------------------------
                    Distance matrix (angstroms):
                    1          2          3          4          5
     1  C    0.000000
     2  H    1.101571   0.000000
     3  H    1.101400   1.764813   0.000000
     4  H    1.101548   1.765438   1.764893   0.000000
     5  Cl   1.720004   2.368204   2.368545   2.368994   0.000000
     6  F    2.813733   2.605145   2.600978   2.603836   4.533734
                    6
     6  F    0.000000
 Stoichiometry    CH3ClF(1-)
 Framework group  C1[X(CH3ClF)]
 Deg. of freedom    12
 Full point group                 C1      NOp   1
 Largest Abelian subgroup         C1      NOp   1
 Largest concise Abelian subgroup C1      NOp   1
                         Standard orientation:                         
 ---------------------------------------------------------------------
 Center     Atomic      Atomic             Coordinates (Angstroms)
 Number     Number       Type             X           Y           Z
 ---------------------------------------------------------------------
      1          6           0        0.076057   -0.000076   -0.001598
      2          1           0        0.492973    0.851241   -0.562756
      3          1           0        0.495510    0.060515    1.014999
      4          1           0        0.494144   -0.911107   -0.458363
      5         17           0       -1.643945   -0.000015    0.000567
      6          9           0        2.889789    0.000008    0.000675
 ---------------------------------------------------------------------
 Rotational constants (GHZ):    160.9572890      1.9777264      1.9777161
 Standard basis: VSTO-6G (5D, 7F)
 There are    21 symmetry adapted cartesian basis functions of A   symmetry.
 There are    20 symmetry adapted basis functions of A   symmetry.
    20 basis functions,   126 primitive gaussians,    21 cartesian basis functions
    11 alpha electrons       11 beta electrons
       nuclear repulsion energy        63.9901206823 Hartrees.
 Integral buffers will be    131072 words long.
 Regular integral format.
 Two-electron integral symmetry is turned off.
 Do NDO integrals.
 One-electron integrals computed using PRISM.
 NBasis=    20 RedAO= F EigKep=  0.00D+00  NBF=    20
 NBsUse=    20 1.00D-04 EigRej=  0.00D+00 NBFU=    20
 Initial guess from the checkpoint file:  "/scratch/1715567.1.multiway.q/Gau-186785.chk"
 B after Tr=     0.000000    0.000000    0.000000
         Rot=    0.998212    0.059776   -0.000007   -0.000007 Ang=   6.85 deg.
 Overlap will be assumed to be unity.
 Keep J ints in memory in canonical form, NReq=1875445.
 Requested convergence on RMS density matrix=1.00D-08 within 128 cycles.
 Requested convergence on MAX density matrix=1.00D-06.
 Requested convergence on             energy=1.00D-06.
 No special actions if energy rises.
 SCF Done:  E(RPM6) = -0.136403385755     A.U. after   11 cycles
            NFock= 10  Conv=0.24D-08     -V/T= 0.9896
 Calling FoFJK, ICntrl=      2127 FMM=F ISym2X=0 I1Cent= 0 IOpClX= 0 NMat=1 NMatS=1 NMatT=0.
 ***** Axes restored to original set *****
 -------------------------------------------------------------------
 Center     Atomic                   Forces (Hartrees/Bohr)
 Number     Number              X              Y              Z
 -------------------------------------------------------------------
      1        6          -0.036901174   -0.000973065    0.000277925
      2        1           0.000179501   -0.000206263   -0.000027586
      3        1           0.000171973    0.000182780    0.000275601
      4        1           0.000239019    0.000109194   -0.000201069
      5       17           0.036633748    0.000897076   -0.000325308
      6        9          -0.000323067   -0.000009722    0.000000437
 -------------------------------------------------------------------
 Cartesian Forces:  Max     0.036901174 RMS     0.012261256

 GradGradGradGradGradGradGradGradGradGradGradGradGradGradGradGradGradGrad
 Berny optimization.
 Using GEDIIS/GDIIS optimizer.
 FormGI is forming the generalized inverse of G from B-inverse, IUseBI=4.
 Internal  Forces:  Max     0.014757770 RMS     0.003937317
 Search for a local minimum.
 Step number   2 out of a maximum of   45 on scan point    19 out of    21
 All quantities printed in internal units (Hartrees-Bohrs-Radians)
 Mixed Optimization -- En-DIIS/RFO-DIIS
 Update second derivatives using D2CorX and points    1    2
 DE= -1.16D-03 DEPred=-1.21D-03 R= 9.60D-01
 TightC=F SS=  1.41D+00  RLast= 2.34D-01 DXNew= 2.7433D+00 7.0274D-01
 Trust test= 9.60D-01 RLast= 2.34D-01 DXMaxT set to 1.63D+00
 ITU=  1  0
 Use linear search instead of GDIIS.
     Eigenvalues ---    0.00840   0.01760   0.01902   0.02904   0.04178
     Eigenvalues ---    0.06000   0.08163   0.09167   0.18731   0.22790
     Eigenvalues ---    0.253751000.000001000.000001000.000001000.00000
     Eigenvalues --- 1000.000001000.000001000.000001000.000001000.00000
     Eigenvalues --- 1000.000001000.000001000.000001000.000001000.00000
     Eigenvalues --- 1000.000001000.000001000.000001000.000001000.00000
     Eigenvalues --- 1000.000001000.000001000.000001000.000001000.00000
 RFO step:  Lambda=-1.91505375D-05 EMin= 8.40137471D-03
 Quartic linear search produced a step of -0.00024.
 Iteration  1 RMS(Cart)=  0.00690513 RMS(Int)=  0.00000229
 Iteration  2 RMS(Cart)=  0.00000195 RMS(Int)=  0.00000160
 Iteration  3 RMS(Cart)=  0.00000000 RMS(Int)=  0.00000160
 Iteration  1 RMS(Cart)=  0.00000045 RMS(Int)=  0.00000100
 Variable       Old X    -DE/DX   Delta X   Delta X   Delta X     New X
                                 (Linear)    (Quad)   (Total)
    R1        2.08167  -0.00419   0.00001   0.00029   0.00030   2.08196
    R2        2.08134  -0.00410   0.00001   0.00101   0.00102   2.08237
    R3        2.08162  -0.00418   0.00001   0.00028   0.00029   2.08191
    R4        3.25034   0.01476   0.00000   0.00000   0.00000   3.25033
    R5        5.31718   0.00032  -0.00004   0.04237   0.04232   5.35951
    R6        4.47526   0.00731   0.00000  -0.00150  -0.00151   4.47375
    R7        4.47590   0.00733   0.00000  -0.00136  -0.00136   4.47454
    R8        4.47675   0.00728   0.00000  -0.00359  -0.00359   4.47316
    A1        1.85828   0.00231   0.00001   0.00198   0.00198   1.86026
    A2        1.85905   0.00229   0.00001   0.00237   0.00238   1.86143
    A3        1.18307   0.00208   0.00001   0.00153   0.00154   1.18460
    A4        1.85843   0.00232   0.00001   0.00164   0.00164   1.86007
    A5        1.17929   0.00211   0.00001   0.00226   0.00227   1.18155
    A6        1.18188   0.00210   0.00001   0.00166   0.00166   1.18354
    A7        0.73701   0.00341   0.00000   0.00076   0.00076   0.73778
    A8        0.73665   0.00342   0.00000   0.00084   0.00084   0.73749
    A9        0.73631   0.00343   0.00000   0.00174   0.00174   0.73805
   A10        0.76357  -0.00222   0.00001   0.00110   0.00111   0.76468
   A11        0.76378  -0.00224   0.00001   0.00128   0.00128   0.76506
   A12        0.76348  -0.00221   0.00001   0.00118   0.00119   0.76467
    D1       -2.15194   0.00235   0.00001   0.00129   0.00130  -2.15064
    D2        2.15304  -0.00236  -0.00001  -0.00252  -0.00253   2.15051
    D3       -3.13969   0.00000   0.00000  -0.00113  -0.00113  -3.14082
    D4        2.15155  -0.00233  -0.00001  -0.00111  -0.00112   2.15043
    D5       -2.15301   0.00236   0.00001   0.00321   0.00322  -2.14980
    D6       -3.14153   0.00001   0.00000   0.00085   0.00085  -3.14068
    D7       -2.15236   0.00234   0.00001   0.00159   0.00161  -2.15076
    D8        2.15273  -0.00236  -0.00001  -0.00245  -0.00247   2.15026
    D9        3.13963   0.00000   0.00000   0.00028   0.00028   3.13991
   D10        0.56925  -0.00028   0.00000  -0.00006  -0.00006   0.56919
   D11       -0.56847   0.00027   0.00000  -0.00036  -0.00036  -0.56882
   D12       -0.56960   0.00031   0.00000   0.00034   0.00034  -0.56927
   D13        0.56880  -0.00029   0.00000   0.00085   0.00085   0.56965
   D14        0.56898  -0.00029   0.00000  -0.00033  -0.00033   0.56865
   D15       -0.56896   0.00027   0.00000  -0.00044  -0.00044  -0.56939
         Item               Value     Threshold  Converged?
 Maximum Force            0.000323     0.000450     YES
 RMS     Force            0.000103     0.000300     YES
 Maximum Displacement     0.036921     0.001800     NO 
 RMS     Displacement     0.006905     0.001200     NO 
 Predicted change in Energy=-7.623711D-06
 GradGradGradGradGradGradGradGradGradGradGradGradGradGradGradGradGradGrad

                          Input orientation:                          
 ---------------------------------------------------------------------
 Center     Atomic      Atomic             Coordinates (Angstroms)
 Number     Number       Type             X           Y           Z
 ---------------------------------------------------------------------
      1          6           0        1.054298   -0.881347   -0.013141
      2          1           0        0.662327   -1.910981   -0.009173
      3          1           0        0.633245   -0.381076    0.873831
      4          1           0        0.618504   -0.381031   -0.892637
      5         17           0        2.773745   -0.840389   -0.028317
      6          9           0       -1.780990   -0.944945    0.013919
 ---------------------------------------------------------------------
                    Distance matrix (angstroms):
                    1          2          3          4          5
     1  C    0.000000
     2  H    1.101727   0.000000
     3  H    1.101942   1.766678   0.000000
     4  H    1.101701   1.767251   1.766530   0.000000
     5  Cl   1.720002   2.367408   2.367822   2.367092   0.000000
     6  F    2.836130   2.627462   2.624105   2.626293   4.556131
                    6
     6  F    0.000000
 Stoichiometry    CH3ClF(1-)
 Framework group  C1[X(CH3ClF)]
 Deg. of freedom    12
 Full point group                 C1      NOp   1
 Largest Abelian subgroup         C1      NOp   1
 Largest concise Abelian subgroup C1      NOp   1
                         Standard orientation:                         
 ---------------------------------------------------------------------
 Center     Atomic      Atomic             Coordinates (Angstroms)
 Number     Number       Type             X           Y           Z
 ---------------------------------------------------------------------
      1          6           0        0.070447    0.000766   -0.000963
      2          1           0        0.485977    0.932511   -0.416884
      3          1           0        0.488106   -0.104664    1.013296
      4          1           0        0.486467   -0.825271   -0.599574
      5         17           0       -1.649554   -0.000257    0.000334
      6          9           0        2.906577   -0.000312    0.000362
 ---------------------------------------------------------------------
 Rotational constants (GHZ):    160.6361764      1.9588218      1.9588099
 Standard basis: VSTO-6G (5D, 7F)
 There are    21 symmetry adapted cartesian basis functions of A   symmetry.
 There are    20 symmetry adapted basis functions of A   symmetry.
    20 basis functions,   126 primitive gaussians,    21 cartesian basis functions
    11 alpha electrons       11 beta electrons
       nuclear repulsion energy        63.9020978258 Hartrees.
 Integral buffers will be    131072 words long.
 Regular integral format.
 Two-electron integral symmetry is turned off.
 Do NDO integrals.
 One-electron integrals computed using PRISM.
 NBasis=    20 RedAO= F EigKep=  0.00D+00  NBF=    20
 NBsUse=    20 1.00D-04 EigRej=  0.00D+00 NBFU=    20
 Initial guess from the checkpoint file:  "/scratch/1715567.1.multiway.q/Gau-186785.chk"
 B after Tr=     0.000000    0.000000    0.000000
         Rot=    0.996689   -0.081313    0.000000    0.000005 Ang=  -9.33 deg.
 Overlap will be assumed to be unity.
 Keep J ints in memory in canonical form, NReq=1875445.
 Requested convergence on RMS density matrix=1.00D-08 within 128 cycles.
 Requested convergence on MAX density matrix=1.00D-06.
 Requested convergence on             energy=1.00D-06.
 No special actions if energy rises.
 SCF Done:  E(RPM6) = -0.136411040033     A.U. after    9 cycles
            NFock=  8  Conv=0.47D-08     -V/T= 0.9896
 Calling FoFJK, ICntrl=      2127 FMM=F ISym2X=0 I1Cent= 0 IOpClX= 0 NMat=1 NMatS=1 NMatT=0.
 ***** Axes restored to original set *****
 -------------------------------------------------------------------
 Center     Atomic                   Forces (Hartrees/Bohr)
 Number     Number              X              Y              Z
 -------------------------------------------------------------------
      1        6          -0.036802284   -0.000826813    0.000395193
      2        1           0.000002609    0.000005722   -0.000031155
      3        1           0.000060575   -0.000023828   -0.000031487
      4        1          -0.000034971   -0.000023516   -0.000035437
      5       17           0.036737842    0.000868710   -0.000297577
      6        9           0.000036229   -0.000000274    0.000000464
 -------------------------------------------------------------------
 Cartesian Forces:  Max     0.036802284 RMS     0.012260530

 GradGradGradGradGradGradGradGradGradGradGradGradGradGradGradGradGradGrad
 Berny optimization.
 Using GEDIIS/GDIIS optimizer.
 FormGI is forming the generalized inverse of G from B-inverse, IUseBI=4.
 Internal  Forces:  Max     0.014765131 RMS     0.003938204
 Search for a local minimum.
 Step number   3 out of a maximum of   45 on scan point    19 out of    21
 All quantities printed in internal units (Hartrees-Bohrs-Radians)
 Mixed Optimization -- En-DIIS/RFO-DIIS
 Swapping is turned off.
 Update second derivatives using D2CorX and points    1    2    3
 DE= -7.65D-06 DEPred=-7.62D-06 R= 1.00D+00
 TightC=F SS=  1.41D+00  RLast= 4.33D-02 DXNew= 2.7433D+00 1.2982D-01
 Trust test= 1.00D+00 RLast= 4.33D-02 DXMaxT set to 1.63D+00
 ITU=  1  1  0
     Eigenvalues ---    0.00793   0.01773   0.01904   0.02973   0.04181
     Eigenvalues ---    0.06022   0.08169   0.09177   0.18851   0.22803
     Eigenvalues ---    0.254131000.000001000.000001000.000001000.00000
     Eigenvalues --- 1000.000001000.000001000.000001000.000001000.00000
     Eigenvalues --- 1000.000001000.000001000.000001000.000001000.00000
     Eigenvalues --- 1000.000001000.000001000.000001000.000001000.00000
     Eigenvalues --- 1000.000001000.000001000.000001000.000001000.00000
 En-DIIS/RFO-DIIS IScMMF=        0 using points:     3    2
 RFO step:  Lambda=-1.72020664D-05.
 DidBck=F Rises=F RFO-DIIS coefs:    0.91358    0.08642
 Iteration  1 RMS(Cart)=  0.00073220 RMS(Int)=  0.00000193
 Iteration  2 RMS(Cart)=  0.00000006 RMS(Int)=  0.00000193
 Iteration  1 RMS(Cart)=  0.00000080 RMS(Int)=  0.00000178
 Variable       Old X    -DE/DX   Delta X   Delta X   Delta X     New X
                                 (Linear)    (Quad)   (Total)
    R1        2.08196  -0.00431  -0.00003   0.00000  -0.00002   2.08194
    R2        2.08237  -0.00434  -0.00009  -0.00015  -0.00023   2.08214
    R3        2.08191  -0.00429  -0.00002   0.00007   0.00005   2.08196
    R4        3.25033   0.01477   0.00000   0.00000   0.00000   3.25034
    R5        5.35951  -0.00004  -0.00366  -0.00099  -0.00465   5.35486
    R6        4.47375   0.00733   0.00013  -0.00047  -0.00035   4.47340
    R7        4.47454   0.00729   0.00012  -0.00090  -0.00078   4.47375
    R8        4.47316   0.00736   0.00031   0.00016   0.00046   4.47362
    A1        1.86026   0.00221  -0.00017   0.00050   0.00033   1.86059
    A2        1.86143   0.00217  -0.00021  -0.00009  -0.00030   1.86113
    A3        1.18460   0.00200  -0.00013   0.00029   0.00015   1.18476
    A4        1.86007   0.00220  -0.00014   0.00053   0.00038   1.86045
    A5        1.18155   0.00201  -0.00020   0.00030   0.00010   1.18165
    A6        1.18354   0.00200  -0.00014   0.00027   0.00013   1.18367
    A7        0.73778   0.00338  -0.00007   0.00023   0.00016   0.73794
    A8        0.73749   0.00339  -0.00007   0.00040   0.00032   0.73781
    A9        0.73805   0.00337  -0.00015  -0.00005  -0.00021   0.73784
   A10        0.76468  -0.00232  -0.00010   0.00025   0.00015   0.76483
   A11        0.76506  -0.00233  -0.00011   0.00002  -0.00009   0.76497
   A12        0.76467  -0.00232  -0.00010   0.00021   0.00011   0.76477
    D1       -2.15064   0.00225  -0.00011   0.00059   0.00048  -2.15017
    D2        2.15051  -0.00225   0.00022  -0.00020   0.00002   2.15053
    D3       -3.14082   0.00001   0.00010   0.00038   0.00048  -3.14034
    D4        2.15043  -0.00224   0.00010  -0.00045  -0.00035   2.15007
    D5       -2.14980   0.00223  -0.00028  -0.00009  -0.00037  -2.15016
    D6       -3.14068   0.00000  -0.00007  -0.00025  -0.00032  -3.14101
    D7       -2.15076   0.00226  -0.00014   0.00046   0.00032  -2.15044
    D8        2.15026  -0.00225   0.00021  -0.00031  -0.00010   2.15016
    D9        3.13991   0.00000  -0.00002  -0.00013  -0.00016   3.13975
   D10        0.56919  -0.00030   0.00001   0.00007   0.00008   0.56927
   D11       -0.56882   0.00029   0.00003  -0.00009  -0.00006  -0.56888
   D12       -0.56927   0.00031  -0.00003   0.00000  -0.00003  -0.56929
   D13        0.56965  -0.00031  -0.00007  -0.00028  -0.00035   0.56930
   D14        0.56865  -0.00029   0.00003   0.00027   0.00030   0.56894
   D15       -0.56939   0.00031   0.00004   0.00003   0.00006  -0.56933
         Item               Value     Threshold  Converged?
 Maximum Force            0.000039     0.000450     YES
 RMS     Force            0.000014     0.000300     YES
 Maximum Displacement     0.003745     0.001800     NO 
 RMS     Displacement     0.000733     0.001200     YES
 Predicted change in Energy=-2.627306D-07
 GradGradGradGradGradGradGradGradGradGradGradGradGradGradGradGradGradGrad

                          Input orientation:                          
 ---------------------------------------------------------------------
 Center     Atomic      Atomic             Coordinates (Angstroms)
 Number     Number       Type             X           Y           Z
 ---------------------------------------------------------------------
      1          6           0        1.053813   -0.881264   -0.013224
      2          1           0        0.662025   -1.910958   -0.009483
      3          1           0        0.633015   -0.381060    0.873754
      4          1           0        0.618014   -0.381191   -0.892888
      5         17           0        2.773270   -0.840419   -0.027863
      6          9           0       -1.779008   -0.944876    0.014186
 ---------------------------------------------------------------------
                    Distance matrix (angstroms):
                    1          2          3          4          5
     1  C    0.000000
     2  H    1.101718   0.000000
     3  H    1.101819   1.766787   0.000000
     4  H    1.101727   1.767068   1.766705   0.000000
     5  Cl   1.720004   2.367224   2.367407   2.367337   0.000000
     6  F    2.833668   2.625361   2.621946   2.624165   4.553671
                    6
     6  F    0.000000
 Stoichiometry    CH3ClF(1-)
 Framework group  C1[X(CH3ClF)]
 Deg. of freedom    12
 Full point group                 C1      NOp   1
 Largest Abelian subgroup         C1      NOp   1
 Largest concise Abelian subgroup C1      NOp   1
                         Standard orientation:                         
 ---------------------------------------------------------------------
 Center     Atomic      Atomic             Coordinates (Angstroms)
 Number     Number       Type             X           Y           Z
 ---------------------------------------------------------------------
      1          6           0        0.071093    0.000572   -0.001232
      2          1           0        0.486430    0.939265   -0.401399
      3          1           0        0.488463   -0.122080    1.011074
      4          1           0        0.487169   -0.814955   -0.614093
      5         17           0       -1.648910   -0.000206    0.000429
      6          9           0        2.904761   -0.000240    0.000501
 ---------------------------------------------------------------------
 Rotational constants (GHZ):    160.6294587      1.9608872      1.9608814
 Standard basis: VSTO-6G (5D, 7F)
 There are    21 symmetry adapted cartesian basis functions of A   symmetry.
 There are    20 symmetry adapted basis functions of A   symmetry.
    20 basis functions,   126 primitive gaussians,    21 cartesian basis functions
    11 alpha electrons       11 beta electrons
       nuclear repulsion energy        63.9115525812 Hartrees.
 Integral buffers will be    131072 words long.
 Regular integral format.
 Two-electron integral symmetry is turned off.
 Do NDO integrals.
 One-electron integrals computed using PRISM.
 NBasis=    20 RedAO= F EigKep=  0.00D+00  NBF=    20
 NBsUse=    20 1.00D-04 EigRej=  0.00D+00 NBFU=    20
 Initial guess from the checkpoint file:  "/scratch/1715567.1.multiway.q/Gau-186785.chk"
 B after Tr=     0.000000    0.000000    0.000000
         Rot=    0.999964   -0.008537    0.000002   -0.000002 Ang=  -0.98 deg.
 Overlap will be assumed to be unity.
 Keep J ints in memory in canonical form, NReq=1875445.
 Requested convergence on RMS density matrix=1.00D-08 within 128 cycles.
 Requested convergence on MAX density matrix=1.00D-06.
 Requested convergence on             energy=1.00D-06.
 No special actions if energy rises.
 SCF Done:  E(RPM6) = -0.136411307092     A.U. after    8 cycles
            NFock=  7  Conv=0.54D-08     -V/T= 0.9896
 Calling FoFJK, ICntrl=      2127 FMM=F ISym2X=0 I1Cent= 0 IOpClX= 0 NMat=1 NMatS=1 NMatT=0.
 ***** Axes restored to original set *****
 -------------------------------------------------------------------
 Center     Atomic                   Forces (Hartrees/Bohr)
 Number     Number              X              Y              Z
 -------------------------------------------------------------------
      1        6          -0.036777208   -0.000865628    0.000345138
      2        1          -0.000013206   -0.000001347   -0.000012358
      3        1           0.000004734   -0.000000863   -0.000000939
      4        1          -0.000005427   -0.000006918   -0.000013927
      5       17           0.036790735    0.000876500   -0.000316666
      6        9           0.000000371   -0.000001743   -0.000001249
 -------------------------------------------------------------------
 Cartesian Forces:  Max     0.036790735 RMS     0.012265260

 GradGradGradGradGradGradGradGradGradGradGradGradGradGradGradGradGradGrad
 Berny optimization.
 Using GEDIIS/GDIIS optimizer.
 FormGI is forming the generalized inverse of G from B-inverse, IUseBI=4.
 Internal  Forces:  Max     0.014777581 RMS     0.003941559
 Search for a local minimum.
 Step number   4 out of a maximum of   45 on scan point    19 out of    21
 All quantities printed in internal units (Hartrees-Bohrs-Radians)
 Mixed Optimization -- En-DIIS/RFO-DIIS
 Swapping is turned off.
 Update second derivatives using D2CorX and points    1    2    3    4
 DE= -2.67D-07 DEPred=-2.63D-07 R= 1.02D+00
 Trust test= 1.02D+00 RLast= 4.94D-03 DXMaxT set to 1.63D+00
 ITU=  0  1  1  0
     Eigenvalues ---    0.00790   0.01823   0.01936   0.03041   0.04201
     Eigenvalues ---    0.05612   0.08175   0.08908   0.18882   0.22771
     Eigenvalues ---    0.254021000.000001000.000001000.000001000.00000
     Eigenvalues --- 1000.000001000.000001000.000001000.000001000.00000
     Eigenvalues --- 1000.000001000.000001000.000001000.000001000.00000
     Eigenvalues --- 1000.000001000.000001000.000001000.000001000.00000
     Eigenvalues --- 1000.000001000.000001000.000001000.000001000.00000
 En-DIIS/RFO-DIIS IScMMF=        0 using points:     4    3    2
 RFO step:  Lambda=-1.71967957D-05.
 DidBck=F Rises=F RFO-DIIS coefs:    1.00266   -0.00678    0.00412
 Iteration  1 RMS(Cart)=  0.00004685 RMS(Int)=  0.00000193
 Iteration  2 RMS(Cart)=  0.00000000 RMS(Int)=  0.00000193
 Iteration  1 RMS(Cart)=  0.00000100 RMS(Int)=  0.00000222
 Variable       Old X    -DE/DX   Delta X   Delta X   Delta X     New X
                                 (Linear)    (Quad)   (Total)
    R1        2.08194  -0.00431   0.00000   0.00002   0.00002   2.08197
    R2        2.08214  -0.00431   0.00000  -0.00002  -0.00003   2.08211
    R3        2.08196  -0.00431   0.00000   0.00004   0.00004   2.08200
    R4        3.25034   0.01478   0.00000   0.00000   0.00000   3.25034
    R5        5.35486   0.00000  -0.00019   0.00004  -0.00014   5.35471
    R6        4.47340   0.00735   0.00001   0.00012   0.00012   4.47353
    R7        4.47375   0.00734   0.00000   0.00004   0.00004   4.47379
    R8        4.47362   0.00734   0.00002  -0.00004  -0.00003   4.47359
    A1        1.86059   0.00219  -0.00001   0.00005   0.00004   1.86063
    A2        1.86113   0.00219  -0.00001  -0.00016  -0.00017   1.86096
    A3        1.18476   0.00200  -0.00001  -0.00006  -0.00007   1.18469
    A4        1.86045   0.00220  -0.00001   0.00006   0.00006   1.86051
    A5        1.18165   0.00201  -0.00001   0.00003   0.00002   1.18167
    A6        1.18367   0.00200  -0.00001   0.00000  -0.00001   1.18366
    A7        0.73794   0.00338   0.00000  -0.00005  -0.00005   0.73789
    A8        0.73781   0.00339   0.00000  -0.00002  -0.00002   0.73779
    A9        0.73784   0.00338  -0.00001   0.00004   0.00002   0.73787
   A10        0.76483  -0.00233   0.00000   0.00000   0.00000   0.76483
   A11        0.76497  -0.00233  -0.00001  -0.00004  -0.00005   0.76492
   A12        0.76477  -0.00233   0.00000   0.00002   0.00002   0.76479
    D1       -2.15017   0.00225   0.00000  -0.00012  -0.00012  -2.15029
    D2        2.15053  -0.00225   0.00001  -0.00014  -0.00013   2.15040
    D3       -3.14034   0.00000   0.00001  -0.00008  -0.00007  -3.14041
    D4        2.15007  -0.00224   0.00000   0.00014   0.00015   2.15022
    D5       -2.15016   0.00225  -0.00001   0.00001   0.00000  -2.15017
    D6       -3.14101   0.00000   0.00000   0.00004   0.00004  -3.14096
    D7       -2.15044   0.00225  -0.00001   0.00006   0.00006  -2.15039
    D8        2.15016  -0.00225   0.00001   0.00005   0.00006   2.15022
    D9        3.13975   0.00000   0.00000   0.00003   0.00003   3.13978
   D10        0.56927  -0.00030   0.00000  -0.00007  -0.00007   0.56919
   D11       -0.56888   0.00029   0.00000  -0.00014  -0.00014  -0.56902
   D12       -0.56929   0.00030   0.00000   0.00008   0.00008  -0.56922
   D13        0.56930  -0.00030   0.00000   0.00000  -0.00001   0.56929
   D14        0.56894  -0.00030   0.00000   0.00007   0.00008   0.56902
   D15       -0.56933   0.00030   0.00000   0.00006   0.00006  -0.56927
         Item               Value     Threshold  Converged?
 Maximum Force            0.000009     0.000450     YES
 RMS     Force            0.000004     0.000300     YES
 Maximum Displacement     0.000142     0.001800     YES
 RMS     Displacement     0.000047     0.001200     YES
 Predicted change in Energy=-7.859014D-08
 Optimization completed.
    -- Stationary point found.
                           ----------------------------
                           !   Optimized Parameters   !
                           ! (Angstroms and Degrees)  !
 --------------------------                            --------------------------
 ! Name  Definition              Value          Derivative Info.                !
 --------------------------------------------------------------------------------
 ! R1    R(1,2)                  1.1017         -DE/DX =   -0.0043              !
 ! R2    R(1,3)                  1.1018         -DE/DX =   -0.0043              !
 ! R3    R(1,4)                  1.1017         -DE/DX =   -0.0043              !
 ! R4    R(1,5)                  1.72           -DE/DX =    0.0148              !
 ! R5    R(1,6)                  2.8337         -DE/DX =    0.0                 !
 ! R6    R(2,5)                  2.3672         -DE/DX =    0.0073              !
 ! R7    R(3,5)                  2.3674         -DE/DX =    0.0073              !
 ! R8    R(4,5)                  2.3673         -DE/DX =    0.0073              !
 ! A1    A(2,1,3)              106.6039         -DE/DX =    0.0022              !
 ! A2    A(2,1,4)              106.6348         -DE/DX =    0.0022              !
 ! A3    A(2,1,6)               67.8815         -DE/DX =    0.002               !
 ! A4    A(3,1,4)              106.5961         -DE/DX =    0.0022              !
 ! A5    A(3,1,6)               67.7038         -DE/DX =    0.002               !
 ! A6    A(4,1,6)               67.8193         -DE/DX =    0.002               !
 ! A7    A(1,2,5)               42.2807         -DE/DX =    0.0034              !
 ! A8    A(1,3,5)               42.2736         -DE/DX =    0.0034              !
 ! A9    A(1,4,5)               42.2752         -DE/DX =    0.0034              !
 ! A10   A(2,5,3)               43.8216         -DE/DX =   -0.0023              !
 ! A11   A(2,5,4)               43.8296         -DE/DX =   -0.0023              !
 ! A12   A(3,5,4)               43.8183         -DE/DX =   -0.0023              !
 ! D1    D(3,1,2,5)           -123.1954         -DE/DX =    0.0022              !
 ! D2    D(4,1,2,5)            123.2163         -DE/DX =   -0.0023              !
 ! D3    D(6,1,2,5)           -179.9281         -DE/DX =    0.0                 !
 ! D4    D(2,1,3,5)            123.1902         -DE/DX =   -0.0022              !
 ! D5    D(4,1,3,5)           -123.1952         -DE/DX =    0.0022              !
 ! D6    D(6,1,3,5)           -179.9663         -DE/DX =    0.0                 !
 ! D7    D(2,1,4,5)           -123.2112         -DE/DX =    0.0023              !
 ! D8    D(3,1,4,5)            123.1952         -DE/DX =   -0.0022              !
 ! D9    D(6,1,4,5)            179.8945         -DE/DX =    0.0                 !
 ! D10   D(1,2,5,3)             32.6165         -DE/DX =   -0.0003              !
 ! D11   D(1,2,5,4)            -32.5945         -DE/DX =    0.0003              !
 ! D12   D(1,3,5,2)            -32.6181         -DE/DX =    0.0003              !
 ! D13   D(1,3,5,4)             32.6183         -DE/DX =   -0.0003              !
 ! D14   D(1,4,5,2)             32.5981         -DE/DX =   -0.0003              !
 ! D15   D(1,4,5,3)            -32.6202         -DE/DX =    0.0003              !
 --------------------------------------------------------------------------------
 Iteration  1 RMS(Cart)=  0.01110346 RMS(Int)=  0.02468201
 Iteration  2 RMS(Cart)=  0.00007951 RMS(Int)=  0.02468158
 Iteration  3 RMS(Cart)=  0.00000111 RMS(Int)=  0.02468158
 Iteration  4 RMS(Cart)=  0.00000001 RMS(Int)=  0.02468158
 Iteration  1 RMS(Cart)=  0.00665583 RMS(Int)=  0.01469124
 Iteration  2 RMS(Cart)=  0.00397638 RMS(Int)=  0.01635251
 Iteration  3 RMS(Cart)=  0.00236621 RMS(Int)=  0.01864154
 Iteration  4 RMS(Cart)=  0.00140475 RMS(Int)=  0.02030978
 Iteration  5 RMS(Cart)=  0.00083281 RMS(Int)=  0.02138078
 Iteration  6 RMS(Cart)=  0.00049332 RMS(Int)=  0.02203944
 Iteration  7 RMS(Cart)=  0.00029208 RMS(Int)=  0.02243711
 Iteration  8 RMS(Cart)=  0.00017289 RMS(Int)=  0.02267503
 Iteration  9 RMS(Cart)=  0.00010231 RMS(Int)=  0.02281670
 Iteration 10 RMS(Cart)=  0.00006054 RMS(Int)=  0.02290082
 Iteration 11 RMS(Cart)=  0.00003582 RMS(Int)=  0.02295070
 Iteration 12 RMS(Cart)=  0.00002120 RMS(Int)=  0.02298024
 Iteration 13 RMS(Cart)=  0.00001254 RMS(Int)=  0.02299774
 Iteration 14 RMS(Cart)=  0.00000742 RMS(Int)=  0.02300809
 Iteration 15 RMS(Cart)=  0.00000439 RMS(Int)=  0.02301422
 Iteration 16 RMS(Cart)=  0.00000260 RMS(Int)=  0.02301785
 Iteration 17 RMS(Cart)=  0.00000154 RMS(Int)=  0.02301999
 Iteration 18 RMS(Cart)=  0.00000091 RMS(Int)=  0.02302126
 GradGradGradGradGradGradGradGradGradGradGradGradGradGradGradGradGradGrad

                          Input orientation:                          
 ---------------------------------------------------------------------
 Center     Atomic      Atomic             Coordinates (Angstroms)
 Number     Number       Type             X           Y           Z
 ---------------------------------------------------------------------
      1          6           0        1.089333   -0.880405   -0.013469
      2          1           0        0.660152   -1.927057   -0.009511
      3          1           0        0.630729   -0.373067    0.887729
      4          1           0        0.615508   -0.373272   -0.906800
      5         17           0        2.708821   -0.841905   -0.027316
      6          9           0       -1.743413   -0.944063    0.013848
 ---------------------------------------------------------------------
                    Distance matrix (angstroms):
                    1          2          3          4          5
     1  C    0.000000
     2  H    1.131234   0.000000
     3  H    1.131312   1.794656   0.000000
     4  H    1.131253   1.794817   1.794594   0.000000
     5  Cl   1.620005   2.318386   2.318530   2.318419   0.000000
     6  F    2.833593   2.596911   2.593503   2.595747   4.453596
                    6
     6  F    0.000000
 Stoichiometry    CH3ClF(1-)
 Framework group  C1[X(CH3ClF)]
 Deg. of freedom    12
 Full point group                 C1      NOp   1
 Largest Abelian subgroup         C1      NOp   1
 Largest concise Abelian subgroup C1      NOp   1
                         Standard orientation:                         
 ---------------------------------------------------------------------
 Center     Atomic      Atomic             Coordinates (Angstroms)
 Number     Number       Type             X           Y           Z
 ---------------------------------------------------------------------
      1          6           0        0.019306    0.000612   -0.001108
      2          1           0        0.472410    0.967973   -0.373397
      3          1           0        0.474450   -0.160607    1.021985
      4          1           0        0.473097   -0.804939   -0.652947
      5         17           0       -1.600698   -0.000225    0.000407
      6          9           0        2.852898   -0.000252    0.000453
 ---------------------------------------------------------------------
 Rotational constants (GHZ):    155.6856990      2.0499579      2.0499541
 Standard basis: VSTO-6G (5D, 7F)
 There are    21 symmetry adapted cartesian basis functions of A   symmetry.
 There are    20 symmetry adapted basis functions of A   symmetry.
    20 basis functions,   126 primitive gaussians,    21 cartesian basis functions
    11 alpha electrons       11 beta electrons
       nuclear repulsion energy        64.3741648757 Hartrees.
 Integral buffers will be    131072 words long.
 Regular integral format.
 Two-electron integral symmetry is turned off.
 Do NDO integrals.
 One-electron integrals computed using PRISM.
 NBasis=    20 RedAO= F EigKep=  0.00D+00  NBF=    20
 NBsUse=    20 1.00D-04 EigRej=  0.00D+00 NBFU=    20
 Initial guess from the checkpoint file:  "/scratch/1715567.1.multiway.q/Gau-186785.chk"
 B after Tr=     0.000000    0.000000    0.000000
         Rot=    0.999840   -0.017862   -0.000005   -0.000002 Ang=  -2.05 deg.
 Overlap will be assumed to be unity.
 Keep J ints in memory in canonical form, NReq=1875445.
 Requested convergence on RMS density matrix=1.00D-08 within 128 cycles.
 Requested convergence on MAX density matrix=1.00D-06.
 Requested convergence on             energy=1.00D-06.
 No special actions if energy rises.
 SCF Done:  E(RPM6) = -0.123286979366     A.U. after   12 cycles
            NFock= 11  Conv=0.25D-08     -V/T= 0.9906
 Calling FoFJK, ICntrl=      2127 FMM=F ISym2X=0 I1Cent= 0 IOpClX= 0 NMat=1 NMatS=1 NMatT=0.
 ***** Axes restored to original set *****
 -------------------------------------------------------------------
 Center     Atomic                   Forces (Hartrees/Bohr)
 Number     Number              X              Y              Z
 -------------------------------------------------------------------
      1        6          -0.101564780   -0.002414739    0.000872465
      2        1           0.000974366    0.011665878   -0.000013626
      3        1           0.001312245   -0.005788475   -0.010088040
      4        1           0.001475690   -0.005788019    0.010064134
      5       17           0.099008012    0.002353795   -0.000845539
      6        9          -0.001205534   -0.000028440    0.000010607
 -------------------------------------------------------------------
 Cartesian Forces:  Max     0.101564780 RMS     0.033783048

 GradGradGradGradGradGradGradGradGradGradGradGradGradGradGradGradGradGrad
 Berny optimization.
 FormGI is forming the generalized inverse of G from B-inverse, IUseBI=4.
 Internal  Forces:  Max     0.043249650 RMS     0.011825405
 Search for a local minimum.
 Step number   1 out of a maximum of   45 on scan point    20 out of    21
 All quantities printed in internal units (Hartrees-Bohrs-Radians)
 Mixed Optimization -- RFO/linear search
 Second derivative matrix not updated -- first step.
 ITU=  0
     Eigenvalues ---    0.00791   0.01810   0.01833   0.03090   0.04200
     Eigenvalues ---    0.05494   0.08101   0.08870   0.18721   0.22502
     Eigenvalues ---    0.250811000.000001000.000001000.000001000.00000
     Eigenvalues --- 1000.000001000.000001000.000001000.000001000.00000
     Eigenvalues --- 1000.000001000.000001000.000001000.000001000.00000
     Eigenvalues --- 1000.000001000.000001000.000001000.000001000.00000
     Eigenvalues --- 1000.000001000.000001000.000001000.000001000.00000
 RFO step:  Lambda=-2.07892332D-03 EMin= 7.90812031D-03
 Linear search not attempted -- first point.
 Iteration  1 RMS(Cart)=  0.02579279 RMS(Int)=  0.00054154
 Iteration  2 RMS(Cart)=  0.00023984 RMS(Int)=  0.00038545
 Iteration  3 RMS(Cart)=  0.00000015 RMS(Int)=  0.00038545
 Iteration  1 RMS(Cart)=  0.00002286 RMS(Int)=  0.00005029
 Iteration  2 RMS(Cart)=  0.00001357 RMS(Int)=  0.00005603
 Iteration  3 RMS(Cart)=  0.00000806 RMS(Int)=  0.00006386
 Iteration  4 RMS(Cart)=  0.00000479 RMS(Int)=  0.00006957
 Iteration  5 RMS(Cart)=  0.00000284 RMS(Int)=  0.00007324
 Iteration  6 RMS(Cart)=  0.00000169 RMS(Int)=  0.00007550
 Iteration  7 RMS(Cart)=  0.00000100 RMS(Int)=  0.00007687
 Iteration  8 RMS(Cart)=  0.00000060 RMS(Int)=  0.00007769
 Variable       Old X    -DE/DX   Delta X   Delta X   Delta X     New X
                                 (Linear)    (Quad)   (Total)
    R1        2.13772  -0.02072   0.00000  -0.03815  -0.03795   2.09977
    R2        2.13787  -0.02072   0.00000  -0.03771  -0.03755   2.10032
    R3        2.13776  -0.02072   0.00000  -0.03844  -0.03824   2.09952
    R4        3.06137   0.04325   0.00000   0.00000   0.00000   3.06136
    R5        5.35471   0.00121   0.00000   0.13859   0.13859   5.49330
    R6        4.38111   0.01766   0.00000   0.00887   0.00856   4.38967
    R7        4.38139   0.01765   0.00000   0.00928   0.00900   4.39039
    R8        4.38118   0.01766   0.00000   0.00960   0.00928   4.39046
    A1        1.83210   0.00426   0.00000  -0.03283  -0.03378   1.79832
    A2        1.83240   0.00426   0.00000  -0.02989  -0.03091   1.80149
    A3        1.15917   0.00373   0.00000  -0.02684  -0.02708   1.13209
    A4        1.83199   0.00426   0.00000  -0.03371  -0.03465   1.79733
    A5        1.15616   0.00374   0.00000  -0.02976  -0.03000   1.12616
    A6        1.15814   0.00373   0.00000  -0.02788  -0.02812   1.13002
    A7        0.69454   0.00977   0.00000  -0.01187  -0.01214   0.68240
    A8        0.69445   0.00977   0.00000  -0.01197  -0.01226   0.68219
    A9        0.69452   0.00977   0.00000  -0.01227  -0.01255   0.68198
   A10        0.79483  -0.01015   0.00000  -0.02721  -0.02719   0.76764
   A11        0.79493  -0.01015   0.00000  -0.02644  -0.02643   0.76850
   A12        0.79480  -0.01015   0.00000  -0.02763  -0.02759   0.76721
    D1       -2.17826   0.00400   0.00000  -0.02921  -0.02866  -2.20691
    D2        2.17836  -0.00399   0.00000   0.03216   0.03163   2.20999
    D3       -3.14040   0.00000   0.00000   0.00161   0.00161  -3.13879
    D4        2.17818  -0.00399   0.00000   0.02918   0.02859   2.20678
    D5       -2.17813   0.00400   0.00000  -0.02943  -0.02884  -2.20697
    D6       -3.14096   0.00000   0.00000   0.00022   0.00022  -3.14074
    D7       -2.17834   0.00399   0.00000  -0.03172  -0.03118  -2.20952
    D8        2.17819  -0.00400   0.00000   0.02902   0.02845   2.20664
    D9        3.13977   0.00000   0.00000  -0.00183  -0.00183   3.13794
   D10        0.57315  -0.00137   0.00000  -0.00296  -0.00288   0.57027
   D11       -0.57299   0.00137   0.00000   0.00554   0.00547  -0.56752
   D12       -0.57318   0.00138   0.00000   0.00301   0.00290  -0.57028
   D13        0.57324  -0.00137   0.00000  -0.00291  -0.00282   0.57043
   D14        0.57299  -0.00138   0.00000  -0.00515  -0.00506   0.56793
   D15       -0.57322   0.00137   0.00000   0.00246   0.00238  -0.57084
         Item               Value     Threshold  Converged?
 Maximum Force            0.007903     0.000450     NO 
 RMS     Force            0.003037     0.000300     NO 
 Maximum Displacement     0.095946     0.001800     NO 
 RMS     Displacement     0.025914     0.001200     NO 
 Predicted change in Energy=-1.042956D-03
 GradGradGradGradGradGradGradGradGradGradGradGradGradGradGradGradGradGrad

                          Input orientation:                          
 ---------------------------------------------------------------------
 Center     Atomic      Atomic             Coordinates (Angstroms)
 Number     Number       Type             X           Y           Z
 ---------------------------------------------------------------------
      1          6           0        1.111889   -0.880376   -0.014434
      2          1           0        0.662183   -1.896442   -0.009238
      3          1           0        0.631781   -0.389251    0.859406
      4          1           0        0.618097   -0.388441   -0.879609
      5         17           0        2.731364   -0.840927   -0.026839
      6          9           0       -1.794186   -0.944332    0.015195
 ---------------------------------------------------------------------
                    Distance matrix (angstroms):
                    1          2          3          4          5
     1  C    0.000000
     2  H    1.111150   0.000000
     3  H    1.111442   1.739854   0.000000
     4  H    1.111017   1.741711   1.739068   0.000000
     5  Cl   1.620003   2.322915   2.323293   2.323329   0.000000
     6  F    2.906930   2.634551   2.627950   2.632261   4.526927
                    6
     6  F    0.000000
 Stoichiometry    CH3ClF(1-)
 Framework group  C1[X(CH3ClF)]
 Deg. of freedom    12
 Full point group                 C1      NOp   1
 Largest Abelian subgroup         C1      NOp   1
 Largest concise Abelian subgroup C1      NOp   1
                         Standard orientation:                         
 ---------------------------------------------------------------------
 Center     Atomic      Atomic             Coordinates (Angstroms)
 Number     Number       Type             X           Y           Z
 ---------------------------------------------------------------------
      1          6           0       -0.001326    0.000961   -0.002497
      2          1           0        0.471508    0.938042   -0.367134
      3          1           0        0.475519   -0.150746    0.989928
      4          1           0        0.473051   -0.783741   -0.629847
      5         17           0       -1.621325   -0.000354    0.000828
      6          9           0        2.905601   -0.000367    0.000884
 ---------------------------------------------------------------------
 Rotational constants (GHZ):    165.5799636      1.9856341      1.9855921
 Standard basis: VSTO-6G (5D, 7F)
 There are    21 symmetry adapted cartesian basis functions of A   symmetry.
 There are    20 symmetry adapted basis functions of A   symmetry.
    20 basis functions,   126 primitive gaussians,    21 cartesian basis functions
    11 alpha electrons       11 beta electrons
       nuclear repulsion energy        64.2154922766 Hartrees.
 Integral buffers will be    131072 words long.
 Regular integral format.
 Two-electron integral symmetry is turned off.
 Do NDO integrals.
 One-electron integrals computed using PRISM.
 NBasis=    20 RedAO= F EigKep=  0.00D+00  NBF=    20
 NBsUse=    20 1.00D-04 EigRej=  0.00D+00 NBFU=    20
 Initial guess from the checkpoint file:  "/scratch/1715567.1.multiway.q/Gau-186785.chk"
 B after Tr=     0.000000    0.000000    0.000000
         Rot=    0.999997    0.002369   -0.000015   -0.000009 Ang=   0.27 deg.
 Overlap will be assumed to be unity.
 Keep J ints in memory in canonical form, NReq=1875445.
 Requested convergence on RMS density matrix=1.00D-08 within 128 cycles.
 Requested convergence on MAX density matrix=1.00D-06.
 Requested convergence on             energy=1.00D-06.
 No special actions if energy rises.
 SCF Done:  E(RPM6) = -0.124345933220     A.U. after   11 cycles
            NFock= 10  Conv=0.26D-08     -V/T= 0.9906
 Calling FoFJK, ICntrl=      2127 FMM=F ISym2X=0 I1Cent= 0 IOpClX= 0 NMat=1 NMatS=1 NMatT=0.
 ***** Axes restored to original set *****
 -------------------------------------------------------------------
 Center     Atomic                   Forces (Hartrees/Bohr)
 Number     Number              X              Y              Z
 -------------------------------------------------------------------
      1        6          -0.095225237   -0.002252467    0.000976843
      2        1           0.000061344    0.000136193   -0.000109577
      3        1           0.000125419   -0.000069011   -0.000069521
      4        1           0.000087800   -0.000134896   -0.000037571
      5       17           0.095083342    0.002321491   -0.000764513
      6        9          -0.000132668   -0.000001310    0.000004339
 -------------------------------------------------------------------
 Cartesian Forces:  Max     0.095225237 RMS     0.031728706

 GradGradGradGradGradGradGradGradGradGradGradGradGradGradGradGradGradGrad
 Berny optimization.
 Using GEDIIS/GDIIS optimizer.
 FormGI is forming the generalized inverse of G from B-inverse, IUseBI=4.
 Internal  Forces:  Max     0.038696053 RMS     0.010262756
 Search for a local minimum.
 Step number   2 out of a maximum of   45 on scan point    20 out of    21
 All quantities printed in internal units (Hartrees-Bohrs-Radians)
 Mixed Optimization -- En-DIIS/RFO-DIIS
 Update second derivatives using D2CorX and points    1    2
 DE= -1.06D-03 DEPred=-1.04D-03 R= 1.02D+00
 TightC=F SS=  1.41D+00  RLast= 1.94D-01 DXNew= 2.7433D+00 5.8079D-01
 Trust test= 1.02D+00 RLast= 1.94D-01 DXMaxT set to 1.63D+00
 ITU=  1  0
 Use linear search instead of GDIIS.
     Eigenvalues ---    0.00812   0.01788   0.01808   0.03103   0.04187
     Eigenvalues ---    0.05343   0.08065   0.08852   0.18195   0.22274
     Eigenvalues ---    0.247591000.000001000.000001000.000001000.00000
     Eigenvalues --- 1000.000001000.000001000.000001000.000001000.00000
     Eigenvalues --- 1000.000001000.000001000.000001000.000001000.00000
     Eigenvalues --- 1000.000001000.000001000.000001000.000001000.00000
     Eigenvalues --- 1000.000001000.000001000.000001000.000001000.00000
 RFO step:  Lambda=-6.88894744D-06 EMin= 8.11685140D-03
 Quartic linear search produced a step of  0.02888.
 Iteration  1 RMS(Cart)=  0.00469509 RMS(Int)=  0.00001119
 Iteration  2 RMS(Cart)=  0.00000029 RMS(Int)=  0.00001118
 Iteration  1 RMS(Cart)=  0.00000100 RMS(Int)=  0.00000221
 Iteration  2 RMS(Cart)=  0.00000060 RMS(Int)=  0.00000246
 Variable       Old X    -DE/DX   Delta X   Delta X   Delta X     New X
                                 (Linear)    (Quad)   (Total)
    R1        2.09977  -0.01193  -0.00110   0.00041  -0.00068   2.09909
    R2        2.10032  -0.01190  -0.00108   0.00056  -0.00052   2.09980
    R3        2.09952  -0.01187  -0.00110   0.00078  -0.00032   2.09920
    R4        3.06136   0.03870   0.00000   0.00000   0.00000   3.06136
    R5        5.49330   0.00013   0.00400   0.02663   0.03063   5.52393
    R6        4.38967   0.01876   0.00025  -0.00030  -0.00006   4.38961
    R7        4.39039   0.01872   0.00026   0.00015   0.00041   4.39079
    R8        4.39046   0.01876   0.00027  -0.00025   0.00001   4.39046
    A1        1.79832   0.00621  -0.00098   0.00072  -0.00028   1.79804
    A2        1.80149   0.00615  -0.00089  -0.00034  -0.00126   1.80022
    A3        1.13209   0.00521  -0.00078   0.00060  -0.00019   1.13190
    A4        1.79733   0.00625  -0.00100   0.00120   0.00017   1.79750
    A5        1.12616   0.00522  -0.00087   0.00035  -0.00052   1.12563
    A6        1.13002   0.00523  -0.00081   0.00038  -0.00044   1.12958
    A7        0.68240   0.00879  -0.00035   0.00023  -0.00012   0.68228
    A8        0.68219   0.00881  -0.00035   0.00005  -0.00031   0.68188
    A9        0.68198   0.00880  -0.00036   0.00029  -0.00008   0.68190
   A10        0.76764  -0.00604  -0.00079   0.00043  -0.00035   0.76729
   A11        0.76850  -0.00607  -0.00076   0.00017  -0.00059   0.76791
   A12        0.76721  -0.00601  -0.00080   0.00065  -0.00014   0.76706
    D1       -2.20691   0.00528  -0.00083   0.00002  -0.00079  -2.20771
    D2        2.20999  -0.00533   0.00091  -0.00139  -0.00049   2.20950
    D3       -3.13879   0.00001   0.00005  -0.00026  -0.00022  -3.13901
    D4        2.20678  -0.00524   0.00083  -0.00018   0.00063   2.20740
    D5       -2.20697   0.00526  -0.00083   0.00005  -0.00076  -2.20773
    D6       -3.14074   0.00001   0.00001   0.00026   0.00027  -3.14047
    D7       -2.20952   0.00530  -0.00090   0.00127   0.00039  -2.20913
    D8        2.20664  -0.00527   0.00082   0.00022   0.00103   2.20767
    D9        3.13794  -0.00002  -0.00005   0.00000  -0.00005   3.13789
   D10        0.57027  -0.00078  -0.00008  -0.00024  -0.00032   0.56996
   D11       -0.56752   0.00072   0.00016  -0.00087  -0.00071  -0.56824
   D12       -0.57028   0.00081   0.00008   0.00014   0.00022  -0.57005
   D13        0.57043  -0.00081  -0.00008  -0.00031  -0.00039   0.57004
   D14        0.56793  -0.00076  -0.00015   0.00071   0.00057   0.56850
   D15       -0.57084   0.00081   0.00007   0.00057   0.00063  -0.57021
         Item               Value     Threshold  Converged?
 Maximum Force            0.000133     0.000450     YES
 RMS     Force            0.000046     0.000300     YES
 Maximum Displacement     0.025275     0.001800     NO 
 RMS     Displacement     0.004694     0.001200     NO 
 Predicted change in Energy=-1.758565D-07
 GradGradGradGradGradGradGradGradGradGradGradGradGradGradGradGradGradGrad

                          Input orientation:                          
 ---------------------------------------------------------------------
 Center     Atomic      Atomic             Coordinates (Angstroms)
 Number     Number       Type             X           Y           Z
 ---------------------------------------------------------------------
      1          6           0        1.114726   -0.880242   -0.014248
      2          1           0        0.664894   -1.895860   -0.009552
      3          1           0        0.634212   -0.389579    0.859280
      4          1           0        0.620661   -0.389111   -0.879507
      5         17           0        2.734196   -0.840648   -0.026888
      6          9           0       -1.807561   -0.944329    0.015396
 ---------------------------------------------------------------------
                    Distance matrix (angstroms):
                    1          2          3          4          5
     1  C    0.000000
     2  H    1.110789   0.000000
     3  H    1.111169   1.739165   0.000000
     4  H    1.110848   1.740423   1.738840   0.000000
     5  Cl   1.620003   2.322883   2.323508   2.323333   0.000000
     6  F    2.923140   2.649353   2.642375   2.646768   4.543137
                    6
     6  F    0.000000
 Stoichiometry    CH3ClF(1-)
 Framework group  C1[X(CH3ClF)]
 Deg. of freedom    12
 Full point group                 C1      NOp   1
 Largest Abelian subgroup         C1      NOp   1
 Largest concise Abelian subgroup C1      NOp   1
                         Standard orientation:                         
 ---------------------------------------------------------------------
 Center     Atomic      Atomic             Coordinates (Angstroms)
 Number     Number       Type             X           Y           Z
 ---------------------------------------------------------------------
      1          6           0       -0.005518    0.001018   -0.002422
      2          1           0        0.467408    0.920216   -0.408952
      3          1           0        0.471769   -0.105797    0.995317
      4          1           0        0.469140   -0.810296   -0.594412
      5         17           0       -1.625517   -0.000386    0.000848
      6          9           0        2.917620   -0.000407    0.000907
 ---------------------------------------------------------------------
 Rotational constants (GHZ):    165.7196126      1.9717319      1.9717066
 Standard basis: VSTO-6G (5D, 7F)
 There are    21 symmetry adapted cartesian basis functions of A   symmetry.
 There are    20 symmetry adapted basis functions of A   symmetry.
    20 basis functions,   126 primitive gaussians,    21 cartesian basis functions
    11 alpha electrons       11 beta electrons
       nuclear repulsion energy        64.1565448455 Hartrees.
 Integral buffers will be    131072 words long.
 Regular integral format.
 Two-electron integral symmetry is turned off.
 Do NDO integrals.
 One-electron integrals computed using PRISM.
 NBasis=    20 RedAO= F EigKep=  0.00D+00  NBF=    20
 NBsUse=    20 1.00D-04 EigRej=  0.00D+00 NBFU=    20
 Initial guess from the checkpoint file:  "/scratch/1715567.1.multiway.q/Gau-186785.chk"
 B after Tr=     0.000000    0.000000    0.000000
         Rot=    0.999749    0.022399   -0.000003   -0.000002 Ang=   2.57 deg.
 Overlap will be assumed to be unity.
 Keep J ints in memory in canonical form, NReq=1875445.
 Requested convergence on RMS density matrix=1.00D-08 within 128 cycles.
 Requested convergence on MAX density matrix=1.00D-06.
 Requested convergence on             energy=1.00D-06.
 No special actions if energy rises.
 SCF Done:  E(RPM6) = -0.124346565636     A.U. after    9 cycles
            NFock=  8  Conv=0.27D-08     -V/T= 0.9906
 Calling FoFJK, ICntrl=      2127 FMM=F ISym2X=0 I1Cent= 0 IOpClX= 0 NMat=1 NMatS=1 NMatT=0.
 ***** Axes restored to original set *****
 -------------------------------------------------------------------
 Center     Atomic                   Forces (Hartrees/Bohr)
 Number     Number              X              Y              Z
 -------------------------------------------------------------------
      1        6          -0.095171752   -0.002259403    0.000893923
      2        1           0.000010623   -0.000081643   -0.000067263
      3        1           0.000095603    0.000020422    0.000043839
      4        1           0.000051657   -0.000017754   -0.000115145
      5       17           0.094914562    0.002336293   -0.000755501
      6        9           0.000099307    0.000002086    0.000000147
 -------------------------------------------------------------------
 Cartesian Forces:  Max     0.095171752 RMS     0.031691585

 GradGradGradGradGradGradGradGradGradGradGradGradGradGradGradGradGradGrad
 Berny optimization.
 Using GEDIIS/GDIIS optimizer.
 FormGI is forming the generalized inverse of G from B-inverse, IUseBI=4.
 Internal  Forces:  Max     0.038575779 RMS     0.010231172
 Search for a local minimum.
 Step number   3 out of a maximum of   45 on scan point    20 out of    21
 All quantities printed in internal units (Hartrees-Bohrs-Radians)
 Mixed Optimization -- En-DIIS/RFO-DIIS
 Swapping is turned off.
 Update second derivatives using D2CorX and points    1    2    3
 DE= -6.32D-07 DEPred=-1.76D-07 R= 3.60D+00
 Trust test= 3.60D+00 RLast= 3.08D-02 DXMaxT set to 1.63D+00
 ITU=  0  1  0
     Eigenvalues ---    0.00758   0.01761   0.01804   0.03106   0.04176
     Eigenvalues ---    0.05141   0.08056   0.08843   0.18447   0.22265
     Eigenvalues ---    0.247731000.000001000.000001000.000001000.00000
     Eigenvalues --- 1000.000001000.000001000.000001000.000001000.00000
     Eigenvalues --- 1000.000001000.000001000.000001000.000001000.00000
     Eigenvalues --- 1000.000001000.000001000.000001000.000001000.00000
     Eigenvalues --- 1000.000001000.000001000.000001000.000001000.00000
 En-DIIS/RFO-DIIS IScMMF=        0 using points:     3    2
 RFO step:  Lambda=-1.16093023D-04.
 DidBck=T Rises=F RFO-DIIS coefs:    0.58646    0.41354
 Iteration  1 RMS(Cart)=  0.00195241 RMS(Int)=  0.00000508
 Iteration  2 RMS(Cart)=  0.00000026 RMS(Int)=  0.00000506
 Iteration  1 RMS(Cart)=  0.00000172 RMS(Int)=  0.00000378
 Iteration  2 RMS(Cart)=  0.00000102 RMS(Int)=  0.00000421
 Iteration  3 RMS(Cart)=  0.00000061 RMS(Int)=  0.00000480
 Variable       Old X    -DE/DX   Delta X   Delta X   Delta X     New X
                                 (Linear)    (Quad)   (Total)
    R1        2.09909  -0.01174   0.00028  -0.00013   0.00016   2.09925
    R2        2.09980  -0.01177   0.00021  -0.00043  -0.00021   2.09959
    R3        2.09920  -0.01175   0.00013  -0.00004   0.00011   2.09931
    R4        3.06136   0.03858   0.00000   0.00000   0.00000   3.06136
    R5        5.52393  -0.00010  -0.01267  -0.00059  -0.01326   5.51067
    R6        4.38961   0.01877   0.00003  -0.00053  -0.00052   4.38909
    R7        4.39079   0.01871  -0.00017  -0.00097  -0.00115   4.38964
    R8        4.39046   0.01875   0.00000  -0.00144  -0.00146   4.38901
    A1        1.79804   0.00623   0.00012   0.00113   0.00124   1.79928
    A2        1.80022   0.00619   0.00052  -0.00041   0.00011   1.80033
    A3        1.13190   0.00522   0.00008   0.00061   0.00068   1.13259
    A4        1.79750   0.00624  -0.00007   0.00158   0.00151   1.79901
    A5        1.12563   0.00523   0.00022   0.00060   0.00081   1.12644
    A6        1.12958   0.00523   0.00018   0.00074   0.00092   1.13049
    A7        0.68228   0.00876   0.00005   0.00024   0.00029   0.68257
    A8        0.68188   0.00878   0.00013   0.00038   0.00050   0.68238
    A9        0.68190   0.00877   0.00003   0.00069   0.00072   0.68262
   A10        0.76729  -0.00597   0.00015   0.00039   0.00054   0.76784
   A11        0.76791  -0.00599   0.00025   0.00002   0.00027   0.76818
   A12        0.76706  -0.00596   0.00006   0.00064   0.00070   0.76777
    D1       -2.20771   0.00528   0.00033   0.00000   0.00032  -2.20738
    D2        2.20950  -0.00531   0.00020  -0.00193  -0.00172   2.20778
    D3       -3.13901   0.00000   0.00009  -0.00029  -0.00020  -3.13921
    D4        2.20740  -0.00526  -0.00026   0.00010  -0.00016   2.20725
    D5       -2.20773   0.00527   0.00032   0.00051   0.00082  -2.20691
    D6       -3.14047   0.00000  -0.00011   0.00039   0.00028  -3.14019
    D7       -2.20913   0.00530  -0.00016   0.00146   0.00129  -2.20784
    D8        2.20767  -0.00528  -0.00043  -0.00013  -0.00055   2.20711
    D9        3.13789   0.00000   0.00002  -0.00010  -0.00008   3.13781
   D10        0.56996  -0.00078   0.00013  -0.00042  -0.00029   0.56967
   D11       -0.56824   0.00075   0.00030  -0.00116  -0.00087  -0.56910
   D12       -0.57005   0.00079  -0.00009   0.00044   0.00034  -0.56971
   D13        0.57004  -0.00078   0.00016  -0.00022  -0.00006   0.56998
   D14        0.56850  -0.00076  -0.00023   0.00078   0.00054   0.56904
   D15       -0.57021   0.00078  -0.00026   0.00059   0.00033  -0.56988
         Item               Value     Threshold  Converged?
 Maximum Force            0.000099     0.000450     YES
 RMS     Force            0.000034     0.000300     YES
 Maximum Displacement     0.010289     0.001800     NO 
 RMS     Displacement     0.001954     0.001200     NO 
 Predicted change in Energy=-9.508986D-07
 GradGradGradGradGradGradGradGradGradGradGradGradGradGradGradGradGradGrad

                          Input orientation:                          
 ---------------------------------------------------------------------
 Center     Atomic      Atomic             Coordinates (Angstroms)
 Number     Number       Type             X           Y           Z
 ---------------------------------------------------------------------
      1          6           0        1.113158   -0.880246   -0.013997
      2          1           0        0.663943   -1.896233   -0.009879
      3          1           0        0.633480   -0.389454    0.859777
      4          1           0        0.620044   -0.389360   -0.880010
      5         17           0        2.732620   -0.840400   -0.026854
      6          9           0       -1.802117   -0.944076    0.015444
 ---------------------------------------------------------------------
                    Distance matrix (angstroms):
                    1          2          3          4          5
     1  C    0.000000
     2  H    1.110874   0.000000
     3  H    1.111058   1.740004   0.000000
     4  H    1.110905   1.740610   1.739839   0.000000
     5  Cl   1.620003   2.322605   2.322898   2.322562   0.000000
     6  F    2.916122   2.643614   2.636785   2.641289   4.536119
                    6
     6  F    0.000000
 Stoichiometry    CH3ClF(1-)
 Framework group  C1[X(CH3ClF)]
 Deg. of freedom    12
 Full point group                 C1      NOp   1
 Largest Abelian subgroup         C1      NOp   1
 Largest concise Abelian subgroup C1      NOp   1
                         Standard orientation:                         
 ---------------------------------------------------------------------
 Center     Atomic      Atomic             Coordinates (Angstroms)
 Number     Number       Type             X           Y           Z
 ---------------------------------------------------------------------
      1          6           0       -0.003645    0.001252   -0.002296
      2          1           0        0.468709    0.928133   -0.391928
      3          1           0        0.472800   -0.124562    0.993506
      4          1           0        0.470026   -0.798709   -0.610414
      5         17           0       -1.623644   -0.000458    0.000843
      6          9           0        2.912475   -0.000509    0.000920
 ---------------------------------------------------------------------
 Rotational constants (GHZ):    165.5905778      1.9777338      1.9777217
 Standard basis: VSTO-6G (5D, 7F)
 There are    21 symmetry adapted cartesian basis functions of A   symmetry.
 There are    20 symmetry adapted basis functions of A   symmetry.
    20 basis functions,   126 primitive gaussians,    21 cartesian basis functions
    11 alpha electrons       11 beta electrons
       nuclear repulsion energy        64.1821532877 Hartrees.
 Integral buffers will be    131072 words long.
 Regular integral format.
 Two-electron integral symmetry is turned off.
 Do NDO integrals.
 One-electron integrals computed using PRISM.
 NBasis=    20 RedAO= F EigKep=  0.00D+00  NBF=    20
 NBsUse=    20 1.00D-04 EigRej=  0.00D+00 NBFU=    20
 Initial guess from the checkpoint file:  "/scratch/1715567.1.multiway.q/Gau-186785.chk"
 B after Tr=     0.000000    0.000000    0.000000
         Rot=    0.999955   -0.009520    0.000001    0.000003 Ang=  -1.09 deg.
 Overlap will be assumed to be unity.
 Keep J ints in memory in canonical form, NReq=1875445.
 Requested convergence on RMS density matrix=1.00D-08 within 128 cycles.
 Requested convergence on MAX density matrix=1.00D-06.
 Requested convergence on             energy=1.00D-06.
 No special actions if energy rises.
 SCF Done:  E(RPM6) = -0.124347544318     A.U. after    8 cycles
            NFock=  7  Conv=0.73D-08     -V/T= 0.9906
 Calling FoFJK, ICntrl=      2127 FMM=F ISym2X=0 I1Cent= 0 IOpClX= 0 NMat=1 NMatS=1 NMatT=0.
 ***** Axes restored to original set *****
 -------------------------------------------------------------------
 Center     Atomic                   Forces (Hartrees/Bohr)
 Number     Number              X              Y              Z
 -------------------------------------------------------------------
      1        6          -0.095081173   -0.002320567    0.000782740
      2        1          -0.000021014   -0.000005160   -0.000020221
      3        1           0.000000364    0.000004717    0.000012267
      4        1          -0.000033468   -0.000012387   -0.000024600
      5       17           0.095132540    0.002335719   -0.000748912
      6        9           0.000002752   -0.000002322   -0.000001274
 -------------------------------------------------------------------
 Cartesian Forces:  Max     0.095132540 RMS     0.031712814

 GradGradGradGradGradGradGradGradGradGradGradGradGradGradGradGradGradGrad
 Berny optimization.
 Using GEDIIS/GDIIS optimizer.
 FormGI is forming the generalized inverse of G from B-inverse, IUseBI=4.
 Internal  Forces:  Max     0.038640543 RMS     0.010248606
 Search for a local minimum.
 Step number   4 out of a maximum of   45 on scan point    20 out of    21
 All quantities printed in internal units (Hartrees-Bohrs-Radians)
 Mixed Optimization -- En-DIIS/RFO-DIIS
 Swapping is turned off.
 Update second derivatives using D2CorX and points    1    2    3    4
 DE= -9.79D-07 DEPred=-9.51D-07 R= 1.03D+00
 Trust test= 1.03D+00 RLast= 1.39D-02 DXMaxT set to 1.63D+00
 ITU=  0  0  1  0
     Eigenvalues ---    0.00743   0.01689   0.01811   0.03438   0.04214
     Eigenvalues ---    0.04736   0.08044   0.08782   0.18017   0.22225
     Eigenvalues ---    0.247841000.000001000.000001000.000001000.00000
     Eigenvalues --- 1000.000001000.000001000.000001000.000001000.00000
     Eigenvalues --- 1000.000001000.000001000.000001000.000001000.00000
     Eigenvalues --- 1000.000001000.000001000.000001000.000001000.00000
     Eigenvalues --- 1000.000001000.000001000.000001000.000001000.00000
 En-DIIS/RFO-DIIS IScMMF=        0 using points:     4    3    2
 RFO step:  Lambda=-1.16258505D-04.
 DidBck=F Rises=F RFO-DIIS coefs:    0.98293    0.00255    0.01452
 Iteration  1 RMS(Cart)=  0.00012161 RMS(Int)=  0.00000503
 Iteration  2 RMS(Cart)=  0.00000001 RMS(Int)=  0.00000503
 Iteration  1 RMS(Cart)=  0.00000172 RMS(Int)=  0.00000378
 Iteration  2 RMS(Cart)=  0.00000102 RMS(Int)=  0.00000421
 Iteration  3 RMS(Cart)=  0.00000061 RMS(Int)=  0.00000480
 Variable       Old X    -DE/DX   Delta X   Delta X   Delta X     New X
                                 (Linear)    (Quad)   (Total)
    R1        2.09925  -0.01180   0.00001   0.00004   0.00006   2.09931
    R2        2.09959  -0.01180   0.00001   0.00000   0.00002   2.09961
    R3        2.09931  -0.01179   0.00000   0.00010   0.00011   2.09942
    R4        3.06136   0.03864   0.00000   0.00000   0.00000   3.06136
    R5        5.51067   0.00000  -0.00022  -0.00014  -0.00036   5.51031
    R6        4.38909   0.01880   0.00001   0.00008   0.00007   4.38916
    R7        4.38964   0.01878   0.00001   0.00003   0.00003   4.38967
    R8        4.38901   0.01880   0.00002   0.00036   0.00037   4.38938
    A1        1.79928   0.00619  -0.00002   0.00006   0.00004   1.79932
    A2        1.80033   0.00618   0.00002  -0.00040  -0.00039   1.79994
    A3        1.13259   0.00520  -0.00001  -0.00010  -0.00012   1.13247
    A4        1.79901   0.00619  -0.00003   0.00010   0.00006   1.79907
    A5        1.12644   0.00521  -0.00001  -0.00002  -0.00003   1.12641
    A6        1.13049   0.00520  -0.00001  -0.00008  -0.00009   1.13040
    A7        0.68257   0.00877   0.00000  -0.00001  -0.00002   0.68254
    A8        0.68238   0.00878   0.00000   0.00000  -0.00001   0.68237
    A9        0.68262   0.00877  -0.00001  -0.00013  -0.00015   0.68247
   A10        0.76784  -0.00601   0.00000   0.00002   0.00002   0.76786
   A11        0.76818  -0.00602   0.00000  -0.00014  -0.00013   0.76804
   A12        0.76777  -0.00601  -0.00001   0.00001   0.00001   0.76778
    D1       -2.20738   0.00527   0.00001  -0.00006  -0.00006  -2.20744
    D2        2.20778  -0.00527   0.00004  -0.00006  -0.00001   2.20777
    D3       -3.13921   0.00000   0.00001   0.00008   0.00009  -3.13911
    D4        2.20725  -0.00526  -0.00001   0.00006   0.00006   2.20731
    D5       -2.20691   0.00526   0.00000  -0.00032  -0.00033  -2.20724
    D6       -3.14019  -0.00001  -0.00001  -0.00013  -0.00014  -3.14033
    D7       -2.20784   0.00527  -0.00003   0.00017   0.00014  -2.20771
    D8        2.20711  -0.00527  -0.00001   0.00020   0.00020   2.20731
    D9        3.13781   0.00001   0.00000   0.00005   0.00005   3.13785
   D10        0.56967  -0.00078   0.00001  -0.00005  -0.00004   0.56963
   D11       -0.56910   0.00077   0.00003  -0.00016  -0.00013  -0.56924
   D12       -0.56971   0.00079  -0.00001   0.00005   0.00004  -0.56967
   D13        0.56998  -0.00078   0.00001  -0.00020  -0.00019   0.56979
   D14        0.56904  -0.00078  -0.00002   0.00024   0.00022   0.56926
   D15       -0.56988   0.00078  -0.00001   0.00012   0.00011  -0.56978
         Item               Value     Threshold  Converged?
 Maximum Force            0.000019     0.000450     YES
 RMS     Force            0.000007     0.000300     YES
 Maximum Displacement     0.000394     0.001800     YES
 RMS     Displacement     0.000122     0.001200     YES
 Predicted change in Energy=-1.592114D-08
 Optimization completed.
    -- Stationary point found.
                           ----------------------------
                           !   Optimized Parameters   !
                           ! (Angstroms and Degrees)  !
 --------------------------                            --------------------------
 ! Name  Definition              Value          Derivative Info.                !
 --------------------------------------------------------------------------------
 ! R1    R(1,2)                  1.1109         -DE/DX =   -0.0118              !
 ! R2    R(1,3)                  1.1111         -DE/DX =   -0.0118              !
 ! R3    R(1,4)                  1.1109         -DE/DX =   -0.0118              !
 ! R4    R(1,5)                  1.62           -DE/DX =    0.0386              !
 ! R5    R(1,6)                  2.9161         -DE/DX =    0.0                 !
 ! R6    R(2,5)                  2.3226         -DE/DX =    0.0188              !
 ! R7    R(3,5)                  2.3229         -DE/DX =    0.0188              !
 ! R8    R(4,5)                  2.3226         -DE/DX =    0.0188              !
 ! A1    A(2,1,3)              103.0913         -DE/DX =    0.0062              !
 ! A2    A(2,1,4)              103.1515         -DE/DX =    0.0062              !
 ! A3    A(2,1,6)               64.8925         -DE/DX =    0.0052              !
 ! A4    A(3,1,4)              103.0757         -DE/DX =    0.0062              !
 ! A5    A(3,1,6)               64.5403         -DE/DX =    0.0052              !
 ! A6    A(4,1,6)               64.7725         -DE/DX =    0.0052              !
 ! A7    A(1,2,5)               39.1082         -DE/DX =    0.0088              !
 ! A8    A(1,3,5)               39.0975         -DE/DX =    0.0088              !
 ! A9    A(1,4,5)               39.1111         -DE/DX =    0.0088              !
 ! A10   A(2,5,3)               43.9938         -DE/DX =   -0.006               !
 ! A11   A(2,5,4)               44.0133         -DE/DX =   -0.006               !
 ! A12   A(3,5,4)               43.9899         -DE/DX =   -0.006               !
 ! D1    D(3,1,2,5)           -126.4737         -DE/DX =    0.0053              !
 ! D2    D(4,1,2,5)            126.4966         -DE/DX =   -0.0053              !
 ! D3    D(6,1,2,5)           -179.8633         -DE/DX =    0.0                 !
 ! D4    D(2,1,3,5)            126.4658         -DE/DX =   -0.0053              !
 ! D5    D(4,1,3,5)           -126.4469         -DE/DX =    0.0053              !
 ! D6    D(6,1,3,5)           -179.9198         -DE/DX =    0.0                 !
 ! D7    D(2,1,4,5)           -126.5001         -DE/DX =    0.0053              !
 ! D8    D(3,1,4,5)            126.4583         -DE/DX =   -0.0053              !
 ! D9    D(6,1,4,5)            179.7831         -DE/DX =    0.0                 !
 ! D10   D(1,2,5,3)             32.6396         -DE/DX =   -0.0008              !
 ! D11   D(1,2,5,4)            -32.6072         -DE/DX =    0.0008              !
 ! D12   D(1,3,5,2)            -32.6419         -DE/DX =    0.0008              !
 ! D13   D(1,3,5,4)             32.6575         -DE/DX =   -0.0008              !
 ! D14   D(1,4,5,2)             32.6038         -DE/DX =   -0.0008              !
 ! D15   D(1,4,5,3)            -32.6519         -DE/DX =    0.0008              !
 --------------------------------------------------------------------------------
 Iteration  1 RMS(Cart)=  0.01118747 RMS(Int)=  0.02458926
 Iteration  2 RMS(Cart)=  0.00007355 RMS(Int)=  0.02458890
 Iteration  3 RMS(Cart)=  0.00000096 RMS(Int)=  0.02458890
 Iteration  1 RMS(Cart)=  0.00665306 RMS(Int)=  0.01452903
 Iteration  2 RMS(Cart)=  0.00394431 RMS(Int)=  0.01617825
 Iteration  3 RMS(Cart)=  0.00232986 RMS(Int)=  0.01842969
 Iteration  4 RMS(Cart)=  0.00137327 RMS(Int)=  0.02005662
 Iteration  5 RMS(Cart)=  0.00080842 RMS(Int)=  0.02109296
 Iteration  6 RMS(Cart)=  0.00047555 RMS(Int)=  0.02172558
 Iteration  7 RMS(Cart)=  0.00027962 RMS(Int)=  0.02210477
 Iteration  8 RMS(Cart)=  0.00016437 RMS(Int)=  0.02233003
 Iteration  9 RMS(Cart)=  0.00009661 RMS(Int)=  0.02246320
 Iteration 10 RMS(Cart)=  0.00005678 RMS(Int)=  0.02254174
 Iteration 11 RMS(Cart)=  0.00003337 RMS(Int)=  0.02258798
 Iteration 12 RMS(Cart)=  0.00001961 RMS(Int)=  0.02261519
 Iteration 13 RMS(Cart)=  0.00001152 RMS(Int)=  0.02263119
 Iteration 14 RMS(Cart)=  0.00000677 RMS(Int)=  0.02264059
 Iteration 15 RMS(Cart)=  0.00000398 RMS(Int)=  0.02264612
 Iteration 16 RMS(Cart)=  0.00000234 RMS(Int)=  0.02264937
 Iteration 17 RMS(Cart)=  0.00000137 RMS(Int)=  0.02265128
 Iteration 18 RMS(Cart)=  0.00000081 RMS(Int)=  0.02265240
 GradGradGradGradGradGradGradGradGradGradGradGradGradGradGradGradGradGrad

                          Input orientation:                          
 ---------------------------------------------------------------------
 Center     Atomic      Atomic             Coordinates (Angstroms)
 Number     Number       Type             X           Y           Z
 ---------------------------------------------------------------------
      1          6           0        1.149401   -0.879276   -0.014250
      2          1           0        0.661349   -1.911476   -0.010018
      3          1           0        0.630436   -0.381859    0.873038
      4          1           0        0.616720   -0.381927   -0.893275
      5         17           0        2.668901   -0.841963   -0.026191
      6          9           0       -1.765679   -0.943267    0.015177
 ---------------------------------------------------------------------
                    Distance matrix (angstroms):
                    1          2          3          4          5
     1  C    0.000000
     2  H    1.141775   0.000000
     3  H    1.141941   1.766487   0.000000
     4  H    1.141836   1.766821   1.766367   0.000000
     5  Cl   1.520004   2.274727   2.275005   2.274844   0.000000
     6  F    2.915931   2.613145   2.606237   2.610787   4.435929
                    6
     6  F    0.000000
 Stoichiometry    CH3ClF(1-)
 Framework group  C1[X(CH3ClF)]
 Deg. of freedom    12
 Full point group                 C1      NOp   1
 Largest Abelian subgroup         C1      NOp   1
 Largest concise Abelian subgroup C1      NOp   1
                         Standard orientation:                         
 ---------------------------------------------------------------------
 Center     Atomic      Atomic             Coordinates (Angstroms)
 Number     Number       Type             X           Y           Z
 ---------------------------------------------------------------------
      1          6           0       -0.055530    0.001190   -0.002157
      2          1           0        0.455993    0.957712   -0.358614
      3          1           0        0.460183   -0.168252    1.002512
      4          1           0        0.457436   -0.784429   -0.652895
      5         17           0       -1.575530   -0.000461    0.000831
      6          9           0        2.860399   -0.000482    0.000869
 ---------------------------------------------------------------------
 Rotational constants (GHZ):    160.6777975      2.0670848      2.0670772
 Standard basis: VSTO-6G (5D, 7F)
 There are    21 symmetry adapted cartesian basis functions of A   symmetry.
 There are    20 symmetry adapted basis functions of A   symmetry.
    20 basis functions,   126 primitive gaussians,    21 cartesian basis functions
    11 alpha electrons       11 beta electrons
       nuclear repulsion energy        64.6782905617 Hartrees.
 Integral buffers will be    131072 words long.
 Regular integral format.
 Two-electron integral symmetry is turned off.
 Do NDO integrals.
 One-electron integrals computed using PRISM.
 NBasis=    20 RedAO= F EigKep=  0.00D+00  NBF=    20
 NBsUse=    20 1.00D-04 EigRej=  0.00D+00 NBFU=    20
 Initial guess from the checkpoint file:  "/scratch/1715567.1.multiway.q/Gau-186785.chk"
 B after Tr=     0.000000    0.000000    0.000000
         Rot=    0.999785   -0.020733   -0.000009   -0.000006 Ang=  -2.38 deg.
 Overlap will be assumed to be unity.
 Keep J ints in memory in canonical form, NReq=1875445.
 Requested convergence on RMS density matrix=1.00D-08 within 128 cycles.
 Requested convergence on MAX density matrix=1.00D-06.
 Requested convergence on             energy=1.00D-06.
 No special actions if energy rises.
 SCF Done:  E(RPM6) = -0.976064186647E-01 A.U. after   12 cycles
            NFock= 11  Conv=0.29D-08     -V/T= 0.9926
 Calling FoFJK, ICntrl=      2127 FMM=F ISym2X=0 I1Cent= 0 IOpClX= 0 NMat=1 NMatS=1 NMatT=0.
 ***** Axes restored to original set *****
 -------------------------------------------------------------------
 Center     Atomic                   Forces (Hartrees/Bohr)
 Number     Number              X              Y              Z
 -------------------------------------------------------------------
      1        6          -0.190108673   -0.004673446    0.001493278
      2        1           0.001281917    0.011240025   -0.000015571
      3        1           0.001630146   -0.005559401   -0.009711456
      4        1           0.001777914   -0.005563442    0.009690582
      5       17           0.186277064    0.004576825   -0.001464146
      6        9          -0.000858370   -0.000020561    0.000007314
 -------------------------------------------------------------------
 Cartesian Forces:  Max     0.190108673 RMS     0.062925101

 GradGradGradGradGradGradGradGradGradGradGradGradGradGradGradGradGradGrad
 Berny optimization.
 FormGI is forming the generalized inverse of G from B-inverse, IUseBI=4.
 Internal  Forces:  Max     0.079648887 RMS     0.021162638
 Search for a local minimum.
 Step number   1 out of a maximum of   45 on scan point    21 out of    21
 All quantities printed in internal units (Hartrees-Bohrs-Radians)
 Mixed Optimization -- RFO/linear search
 Second derivative matrix not updated -- first step.
 ITU=  0
     Eigenvalues ---    0.00743   0.01602   0.01797   0.03505   0.04218
     Eigenvalues ---    0.04667   0.07961   0.08733   0.17870   0.21938
     Eigenvalues ---    0.244391000.000001000.000001000.000001000.00000
     Eigenvalues --- 1000.000001000.000001000.000001000.000001000.00000
     Eigenvalues --- 1000.000001000.000001000.000001000.000001000.00000
     Eigenvalues --- 1000.000001000.000001000.000001000.000001000.00000
     Eigenvalues --- 1000.000001000.000001000.000001000.000001000.00000
 RFO step:  Lambda=-1.95949900D-03 EMin= 7.42644612D-03
 Linear search not attempted -- first point.
 Iteration  1 RMS(Cart)=  0.02232947 RMS(Int)=  0.00053664
 Iteration  2 RMS(Cart)=  0.00024478 RMS(Int)=  0.00036479
 Iteration  3 RMS(Cart)=  0.00000014 RMS(Int)=  0.00036479
 Iteration  1 RMS(Cart)=  0.00002371 RMS(Int)=  0.00005171
 Iteration  2 RMS(Cart)=  0.00001399 RMS(Int)=  0.00005763
 Iteration  3 RMS(Cart)=  0.00000826 RMS(Int)=  0.00006565
 Iteration  4 RMS(Cart)=  0.00000487 RMS(Int)=  0.00007144
 Iteration  5 RMS(Cart)=  0.00000287 RMS(Int)=  0.00007514
 Iteration  6 RMS(Cart)=  0.00000170 RMS(Int)=  0.00007741
 Iteration  7 RMS(Cart)=  0.00000100 RMS(Int)=  0.00007877
 Iteration  8 RMS(Cart)=  0.00000059 RMS(Int)=  0.00007958
 Variable       Old X    -DE/DX   Delta X   Delta X   Delta X     New X
                                 (Linear)    (Quad)   (Total)
    R1        2.15764  -0.03212   0.00000  -0.03709  -0.03685   2.12079
    R2        2.15796  -0.03212   0.00000  -0.03721  -0.03703   2.12093
    R3        2.15776  -0.03213   0.00000  -0.03856  -0.03838   2.11938
    R4        2.87239   0.07965   0.00000   0.00000   0.00000   2.87239
    R5        5.51031   0.00086   0.00000   0.09634   0.09634   5.60665
    R6        4.29861   0.03452   0.00000   0.00873   0.00837   4.30698
    R7        4.29914   0.03451   0.00000   0.00664   0.00636   4.30550
    R8        4.29883   0.03451   0.00000   0.00359   0.00330   4.30213
    A1        1.76873   0.01041   0.00000  -0.03704  -0.03789   1.73085
    A2        1.76931   0.01042   0.00000  -0.03146  -0.03240   1.73691
    A3        1.10716   0.00847   0.00000  -0.02668  -0.02691   1.08025
    A4        1.76850   0.01040   0.00000  -0.03600  -0.03681   1.73169
    A5        1.10111   0.00847   0.00000  -0.03104  -0.03125   1.06985
    A6        1.10510   0.00847   0.00000  -0.02732  -0.02752   1.07757
    A7        0.63962   0.01783   0.00000  -0.01270  -0.01296   0.62666
    A8        0.63945   0.01783   0.00000  -0.01176  -0.01204   0.62741
    A9        0.63955   0.01783   0.00000  -0.01066  -0.01090   0.62865
   A10        0.79749  -0.01572   0.00000  -0.02880  -0.02874   0.76875
   A11        0.79768  -0.01572   0.00000  -0.02684  -0.02682   0.77086
   A12        0.79741  -0.01572   0.00000  -0.02822  -0.02818   0.76923
    D1       -2.23244   0.00816   0.00000  -0.02653  -0.02594  -2.25838
    D2        2.23275  -0.00815   0.00000   0.02901   0.02847   2.26121
    D3       -3.13909  -0.00001   0.00000   0.00146   0.00146  -3.13763
    D4        2.23230  -0.00816   0.00000   0.02753   0.02692   2.25922
    D5       -2.23225   0.00816   0.00000  -0.02438  -0.02377  -2.25602
    D6       -3.14032  -0.00001   0.00000   0.00242   0.00244  -3.13788
    D7       -2.23268   0.00815   0.00000  -0.03099  -0.03047  -2.26316
    D8        2.23232  -0.00816   0.00000   0.02537   0.02482   2.25714
    D9        3.13782   0.00002   0.00000  -0.00387  -0.00388   3.13394
   D10        0.57355  -0.00213   0.00000  -0.00252  -0.00245   0.57110
   D11       -0.57319   0.00214   0.00000   0.00567   0.00558  -0.56761
   D12       -0.57360   0.00214   0.00000   0.00330   0.00321  -0.57039
   D13        0.57371  -0.00214   0.00000  -0.00189  -0.00174   0.57197
   D14        0.57322  -0.00215   0.00000  -0.00700  -0.00693   0.56629
   D15       -0.57369   0.00213   0.00000   0.00244   0.00234  -0.57134
         Item               Value     Threshold  Converged?
 Maximum Force            0.007438     0.000450     NO 
 RMS     Force            0.002926     0.000300     NO 
 Maximum Displacement     0.061880     0.001800     NO 
 RMS     Displacement     0.022442     0.001200     NO 
 Predicted change in Energy=-9.357082D-04
 GradGradGradGradGradGradGradGradGradGradGradGradGradGradGradGradGradGrad

                          Input orientation:                          
 ---------------------------------------------------------------------
 Center     Atomic      Atomic             Coordinates (Angstroms)
 Number     Number       Type             X           Y           Z
 ---------------------------------------------------------------------
      1          6           0        1.167666   -0.879893   -0.015220
      2          1           0        0.659827   -1.880673   -0.009001
      3          1           0        0.627658   -0.399954    0.843680
      4          1           0        0.617315   -0.397949   -0.865319
      5         17           0        2.687087   -0.839298   -0.026208
      6          9           0       -1.798424   -0.942002    0.016549
 ---------------------------------------------------------------------
                    Distance matrix (angstroms):
                    1          2          3          4          5
     1  C    0.000000
     2  H    1.122275   0.000000
     3  H    1.122346   1.708985   0.000000
     4  H    1.121528   1.712763   1.709032   0.000000
     5  Cl   1.520003   2.279154   2.278372   2.276588   0.000000
     6  F    2.966911   2.631492   2.619893   2.628589   4.486891
                    6
     6  F    0.000000
 Stoichiometry    CH3ClF(1-)
 Framework group  C1[X(CH3ClF)]
 Deg. of freedom    12
 Full point group                 C1      NOp   1
 Largest Abelian subgroup         C1      NOp   1
 Largest concise Abelian subgroup C1      NOp   1
                         Standard orientation:                         
 ---------------------------------------------------------------------
 Center     Atomic      Atomic             Coordinates (Angstroms)
 Number     Number       Type             X           Y           Z
 ---------------------------------------------------------------------
      1          6           0       -0.070316    0.002433   -0.004340
      2          1           0        0.460362    0.864912   -0.488086
      3          1           0        0.466723   -0.008021    0.981124
      4          1           0        0.460708   -0.847743   -0.507372
      5         17           0       -1.590304   -0.000864    0.001550
      6          9           0        2.896586   -0.001005    0.001558
 ---------------------------------------------------------------------
 Rotational constants (GHZ):    171.4068033      2.0213896      2.0213219
 Standard basis: VSTO-6G (5D, 7F)
 There are    21 symmetry adapted cartesian basis functions of A   symmetry.
 There are    20 symmetry adapted basis functions of A   symmetry.
    20 basis functions,   126 primitive gaussians,    21 cartesian basis functions
    11 alpha electrons       11 beta electrons
       nuclear repulsion energy        64.6075668955 Hartrees.
 Integral buffers will be    131072 words long.
 Regular integral format.
 Two-electron integral symmetry is turned off.
 Do NDO integrals.
 One-electron integrals computed using PRISM.
 NBasis=    20 RedAO= F EigKep=  0.00D+00  NBF=    20
 NBsUse=    20 1.00D-04 EigRej=  0.00D+00 NBFU=    20
 Initial guess from the checkpoint file:  "/scratch/1715567.1.multiway.q/Gau-186785.chk"
 B after Tr=     0.000000    0.000000    0.000000
         Rot=    0.996955    0.077982   -0.000026    0.000004 Ang=   8.95 deg.
 Overlap will be assumed to be unity.
 Keep J ints in memory in canonical form, NReq=1875445.
 Requested convergence on RMS density matrix=1.00D-08 within 128 cycles.
 Requested convergence on MAX density matrix=1.00D-06.
 Requested convergence on             energy=1.00D-06.
 No special actions if energy rises.
 SCF Done:  E(RPM6) = -0.985713694045E-01 A.U. after   11 cycles
            NFock= 10  Conv=0.23D-08     -V/T= 0.9926
 Calling FoFJK, ICntrl=      2127 FMM=F ISym2X=0 I1Cent= 0 IOpClX= 0 NMat=1 NMatS=1 NMatT=0.
 ***** Axes restored to original set *****
 -------------------------------------------------------------------
 Center     Atomic                   Forces (Hartrees/Bohr)
 Number     Number              X              Y              Z
 -------------------------------------------------------------------
      1        6          -0.183223204   -0.004854569    0.001620224
      2        1           0.000227784   -0.000080139   -0.000184386
      3        1           0.000084536    0.000156602    0.000244045
      4        1          -0.000189241    0.000037407   -0.000413562
      5       17           0.183171701    0.004745850   -0.001276479
      6        9          -0.000071577   -0.000005151    0.000010159
 -------------------------------------------------------------------
 Cartesian Forces:  Max     0.183223204 RMS     0.061088895

 GradGradGradGradGradGradGradGradGradGradGradGradGradGradGradGradGradGrad
 Berny optimization.
 Using GEDIIS/GDIIS optimizer.
 FormGI is forming the generalized inverse of G from B-inverse, IUseBI=4.
 Internal  Forces:  Max     0.075096328 RMS     0.019825133
 Search for a local minimum.
 Step number   2 out of a maximum of   45 on scan point    21 out of    21
 All quantities printed in internal units (Hartrees-Bohrs-Radians)
 Mixed Optimization -- En-DIIS/RFO-DIIS
 Update second derivatives using D2CorX and points    1    2
 DE= -9.65D-04 DEPred=-9.36D-04 R= 1.03D+00
 TightC=F SS=  1.41D+00  RLast= 1.65D-01 DXNew= 2.7433D+00 4.9403D-01
 Trust test= 1.03D+00 RLast= 1.65D-01 DXMaxT set to 1.63D+00
 ITU=  1  0
 Use linear search instead of GDIIS.
     Eigenvalues ---    0.00752   0.01580   0.01779   0.03447   0.04196
     Eigenvalues ---    0.04562   0.07912   0.08707   0.17765   0.21703
     Eigenvalues ---    0.241011000.000001000.000001000.000001000.00000
     Eigenvalues --- 1000.000001000.000001000.000001000.000001000.00000
     Eigenvalues --- 1000.000001000.000001000.000001000.000001000.00000
     Eigenvalues --- 1000.000001000.000001000.000001000.000001000.00000
     Eigenvalues --- 1000.000001000.000001000.000001000.000001000.00000
 RFO step:  Lambda=-1.59388779D-05 EMin= 7.52311036D-03
 Quartic linear search produced a step of  0.01283.
 Iteration  1 RMS(Cart)=  0.00661048 RMS(Int)=  0.00000494
 Iteration  2 RMS(Cart)=  0.00000133 RMS(Int)=  0.00000476
 Iteration  3 RMS(Cart)=  0.00000000 RMS(Int)=  0.00000476
 Iteration  1 RMS(Cart)=  0.00000069 RMS(Int)=  0.00000150
 Variable       Old X    -DE/DX   Delta X   Delta X   Delta X     New X
                                 (Linear)    (Quad)   (Total)
    R1        2.12079  -0.02399  -0.00047   0.00015  -0.00032   2.12047
    R2        2.12093  -0.02380  -0.00048   0.00083   0.00035   2.12128
    R3        2.11938  -0.02369  -0.00049   0.00186   0.00137   2.12075
    R4        2.87239   0.07510   0.00000   0.00000   0.00000   2.87239
    R5        5.60665   0.00007   0.00124   0.04158   0.04281   5.64946
    R6        4.30698   0.03578   0.00011  -0.00231  -0.00220   4.30477
    R7        4.30550   0.03584   0.00008   0.00071   0.00079   4.30629
    R8        4.30213   0.03604   0.00004   0.00377   0.00381   4.30593
    A1        1.73085   0.01282  -0.00049   0.00171   0.00121   1.73206
    A2        1.73691   0.01271  -0.00042  -0.00212  -0.00255   1.73436
    A3        1.08025   0.01004  -0.00035   0.00067   0.00033   1.08057
    A4        1.73169   0.01274  -0.00047   0.00055   0.00007   1.73176
    A5        1.06985   0.01004  -0.00040  -0.00032  -0.00073   1.06913
    A6        1.07757   0.01004  -0.00035  -0.00023  -0.00058   1.07699
    A7        0.62666   0.01685  -0.00017   0.00115   0.00098   0.62765
    A8        0.62741   0.01687  -0.00015  -0.00013  -0.00029   0.62712
    A9        0.62865   0.01682  -0.00014  -0.00135  -0.00149   0.62716
   A10        0.76875  -0.01143  -0.00037   0.00093   0.00056   0.76931
   A11        0.77086  -0.01153  -0.00034  -0.00048  -0.00083   0.77003
   A12        0.76923  -0.01144  -0.00036   0.00028  -0.00008   0.76915
    D1       -2.25838   0.00912  -0.00033  -0.00019  -0.00052  -2.25889
    D2        2.26121  -0.00915   0.00037  -0.00069  -0.00033   2.26089
    D3       -3.13763   0.00004   0.00002   0.00121   0.00123  -3.13641
    D4        2.25922  -0.00908   0.00035  -0.00112  -0.00078   2.25844
    D5       -2.25602   0.00908  -0.00030  -0.00286  -0.00316  -2.25917
    D6       -3.13788  -0.00004   0.00003  -0.00188  -0.00185  -3.13972
    D7       -2.26316   0.00918  -0.00039   0.00314   0.00276  -2.26039
    D8        2.25714  -0.00916   0.00032   0.00168   0.00200   2.25914
    D9        3.13394   0.00000  -0.00005   0.00065   0.00060   3.13454
   D10        0.57110  -0.00148  -0.00003  -0.00075  -0.00078   0.57032
   D11       -0.56761   0.00144   0.00007  -0.00091  -0.00083  -0.56844
   D12       -0.57039   0.00154   0.00004  -0.00019  -0.00015  -0.57054
   D13        0.57197  -0.00153  -0.00002  -0.00175  -0.00177   0.57020
   D14        0.56629  -0.00144  -0.00009   0.00258   0.00250   0.56879
   D15       -0.57134   0.00148   0.00003   0.00099   0.00102  -0.57033
         Item               Value     Threshold  Converged?
 Maximum Force            0.000257     0.000450     YES
 RMS     Force            0.000092     0.000300     YES
 Maximum Displacement     0.035230     0.001800     NO 
 RMS     Displacement     0.006610     0.001200     NO 
 Predicted change in Energy=-2.667181D-06
 GradGradGradGradGradGradGradGradGradGradGradGradGradGradGradGradGradGrad

                          Input orientation:                          
 ---------------------------------------------------------------------
 Center     Atomic      Atomic             Coordinates (Angstroms)
 Number     Number       Type             X           Y           Z
 ---------------------------------------------------------------------
      1          6           0        1.171650   -0.879197   -0.015136
      2          1           0        0.664410   -1.880102   -0.010633
      3          1           0        0.630965   -0.399260    0.843585
      4          1           0        0.620050   -0.398619   -0.866157
      5         17           0        2.691121   -0.840165   -0.024888
      6          9           0       -1.817067   -0.942425    0.017709
 ---------------------------------------------------------------------
                    Distance matrix (angstroms):
                    1          2          3          4          5
     1  C    0.000000
     2  H    1.122106   0.000000
     3  H    1.122533   1.709883   0.000000
     4  H    1.122254   1.711338   1.709777   0.000000
     5  Cl   1.520004   2.277988   2.278790   2.278602   0.000000
     6  F    2.989566   2.652879   2.640069   2.648865   4.509549
                    6
     6  F    0.000000
 Stoichiometry    CH3ClF(1-)
 Framework group  C1[X(CH3ClF)]
 Deg. of freedom    12
 Full point group                 C1      NOp   1
 Largest Abelian subgroup         C1      NOp   1
 Largest concise Abelian subgroup C1      NOp   1
                         Standard orientation:                         
 ---------------------------------------------------------------------
 Center     Atomic      Atomic             Coordinates (Angstroms)
 Number     Number       Type             X           Y           Z
 ---------------------------------------------------------------------
      1          6           0       -0.076179    0.001421   -0.004455
      2          1           0        0.453654    0.884510   -0.450047
      3          1           0        0.461559   -0.053822    0.979347
      4          1           0        0.456321   -0.824072   -0.547095
      5         17           0       -1.596169   -0.000579    0.001695
      6          9           0        2.913379   -0.000589    0.001745
 ---------------------------------------------------------------------
 Rotational constants (GHZ):    171.3934021      2.0013364      2.0013122
 Standard basis: VSTO-6G (5D, 7F)
 There are    21 symmetry adapted cartesian basis functions of A   symmetry.
 There are    20 symmetry adapted basis functions of A   symmetry.
    20 basis functions,   126 primitive gaussians,    21 cartesian basis functions
    11 alpha electrons       11 beta electrons
       nuclear repulsion energy        64.5225139517 Hartrees.
 Integral buffers will be    131072 words long.
 Regular integral format.
 Two-electron integral symmetry is turned off.
 Do NDO integrals.
 One-electron integrals computed using PRISM.
 NBasis=    20 RedAO= F EigKep=  0.00D+00  NBF=    20
 NBsUse=    20 1.00D-04 EigRej=  0.00D+00 NBFU=    20
 Initial guess from the checkpoint file:  "/scratch/1715567.1.multiway.q/Gau-186785.chk"
 B after Tr=     0.000000    0.000000    0.000000
         Rot=    0.999741   -0.022748   -0.000005   -0.000018 Ang=  -2.61 deg.
 Overlap will be assumed to be unity.
 Keep J ints in memory in canonical form, NReq=1875445.
 Requested convergence on RMS density matrix=1.00D-08 within 128 cycles.
 Requested convergence on MAX density matrix=1.00D-06.
 Requested convergence on             energy=1.00D-06.
 No special actions if energy rises.
 SCF Done:  E(RPM6) = -0.985688963849E-01 A.U. after    9 cycles
            NFock=  8  Conv=0.48D-08     -V/T= 0.9926
 Calling FoFJK, ICntrl=      2127 FMM=F ISym2X=0 I1Cent= 0 IOpClX= 0 NMat=1 NMatS=1 NMatT=0.
 ***** Axes restored to original set *****
 -------------------------------------------------------------------
 Center     Atomic                   Forces (Hartrees/Bohr)
 Number     Number              X              Y              Z
 -------------------------------------------------------------------
      1        6          -0.183547869   -0.004706581    0.001261157
      2        1           0.000084344   -0.000179773   -0.000051666
      3        1           0.000147624    0.000105557    0.000146614
      4        1           0.000140758    0.000052024   -0.000158471
      5       17           0.182934493    0.004726223   -0.001193942
      6        9           0.000240650    0.000002551   -0.000003692
 -------------------------------------------------------------------
 Cartesian Forces:  Max     0.183547869 RMS     0.061102171

 GradGradGradGradGradGradGradGradGradGradGradGradGradGradGradGradGradGrad
 Berny optimization.
 Using GEDIIS/GDIIS optimizer.
 FormGI is forming the generalized inverse of G from B-inverse, IUseBI=4.
 Internal  Forces:  Max     0.075060377 RMS     0.019814563
 Search for a local minimum.
 Step number   3 out of a maximum of   45 on scan point    21 out of    21
 All quantities printed in internal units (Hartrees-Bohrs-Radians)
 Mixed Optimization -- En-DIIS/RFO-DIIS
 Swapping is turned off.
 Update second derivatives using D2CorX and points    1    2    3
 DE=  2.47D-06 DEPred=-2.67D-06 R=-9.27D-01
 Trust test=-9.27D-01 RLast= 4.37D-02 DXMaxT set to 8.16D-01
 ITU= -1  1  0
     Eigenvalues ---    0.00726   0.01571   0.01781   0.03451   0.04243
     Eigenvalues ---    0.04482   0.07934   0.08705   0.17779   0.21885
     Eigenvalues ---    0.241001000.000001000.000001000.000001000.00000
     Eigenvalues --- 1000.000001000.000001000.000001000.000001000.00000
     Eigenvalues --- 1000.000001000.000001000.000001000.000001000.00000
     Eigenvalues --- 1000.000001000.000001000.000001000.000001000.00000
     Eigenvalues --- 1000.000001000.000001000.000001000.000001000.00000
 En-DIIS/RFO-DIIS IScMMF=        0 using points:     3    2
 RFO step:  Lambda=-4.35708539D-04.
 DidBck=T Rises=F RFO-DIIS coefs:    0.32790    0.67210
 Iteration  1 RMS(Cart)=  0.00485542 RMS(Int)=  0.00001001
 Iteration  2 RMS(Cart)=  0.00000099 RMS(Int)=  0.00000994
 Iteration  1 RMS(Cart)=  0.00000302 RMS(Int)=  0.00000657
 Iteration  2 RMS(Cart)=  0.00000178 RMS(Int)=  0.00000733
 Iteration  3 RMS(Cart)=  0.00000105 RMS(Int)=  0.00000835
 Iteration  4 RMS(Cart)=  0.00000062 RMS(Int)=  0.00000908
 Variable       Old X    -DE/DX   Delta X   Delta X   Delta X     New X
                                 (Linear)    (Quad)   (Total)
    R1        2.12047  -0.02386   0.00021  -0.00006   0.00018   2.12065
    R2        2.12128  -0.02388  -0.00024   0.00031   0.00010   2.12138
    R3        2.12075  -0.02390  -0.00092   0.00127   0.00038   2.12113
    R4        2.87239   0.07506   0.00000   0.00000   0.00000   2.87239
    R5        5.64946  -0.00024  -0.02877  -0.00415  -0.03292   5.61654
    R6        4.30477   0.03584   0.00148  -0.00308  -0.00164   4.30313
    R7        4.30629   0.03579  -0.00053  -0.00171  -0.00228   4.30401
    R8        4.30593   0.03581  -0.00256   0.00041  -0.00219   4.30375
    A1        1.73206   0.01276  -0.00082   0.00354   0.00271   1.73477
    A2        1.73436   0.01276   0.00171   0.00011   0.00181   1.73616
    A3        1.08057   0.01003  -0.00022   0.00162   0.00139   1.08197
    A4        1.73176   0.01275  -0.00005   0.00230   0.00224   1.73400
    A5        1.06913   0.01004   0.00049   0.00154   0.00202   1.07114
    A6        1.07699   0.01004   0.00039   0.00154   0.00192   1.07891
    A7        0.62765   0.01684  -0.00066   0.00151   0.00084   0.62849
    A8        0.62712   0.01685   0.00020   0.00095   0.00112   0.62825
    A9        0.62716   0.01684   0.00100   0.00017   0.00115   0.62831
   A10        0.76931  -0.01146  -0.00037   0.00172   0.00136   0.77067
   A11        0.77003  -0.01148   0.00055   0.00052   0.00109   0.77112
   A12        0.76915  -0.01146   0.00005   0.00122   0.00128   0.77043
    D1       -2.25889   0.00912   0.00035   0.00082   0.00116  -2.25773
    D2        2.26089  -0.00912   0.00022  -0.00229  -0.00206   2.25883
    D3       -3.13641  -0.00001  -0.00082   0.00069  -0.00014  -3.13655
    D4        2.25844  -0.00910   0.00052  -0.00139  -0.00086   2.25758
    D5       -2.25917   0.00912   0.00212  -0.00012   0.00199  -2.25718
    D6       -3.13972  -0.00001   0.00124  -0.00122   0.00002  -3.13970
    D7       -2.26039   0.00911  -0.00186   0.00355   0.00169  -2.25871
    D8        2.25914  -0.00913  -0.00134  -0.00059  -0.00192   2.25721
    D9        3.13454   0.00002  -0.00040   0.00052   0.00011   3.13465
   D10        0.57032  -0.00148   0.00052  -0.00072  -0.00020   0.57012
   D11       -0.56844   0.00148   0.00056  -0.00117  -0.00062  -0.56906
   D12       -0.57054   0.00151   0.00010   0.00034   0.00043  -0.57011
   D13        0.57020  -0.00149   0.00119  -0.00079   0.00041   0.57060
   D14        0.56879  -0.00149  -0.00168   0.00196   0.00028   0.56907
   D15       -0.57033   0.00147  -0.00068   0.00039  -0.00030  -0.57062
         Item               Value     Threshold  Converged?
 Maximum Force            0.000241     0.000450     YES
 RMS     Force            0.000073     0.000300     YES
 Maximum Displacement     0.025833     0.001800     NO 
 RMS     Displacement     0.004859     0.001200     NO 
 Predicted change in Energy=-4.880307D-06
 GradGradGradGradGradGradGradGradGradGradGradGradGradGradGradGradGradGrad

                          Input orientation:                          
 ---------------------------------------------------------------------
 Center     Atomic      Atomic             Coordinates (Angstroms)
 Number     Number       Type             X           Y           Z
 ---------------------------------------------------------------------
      1          6           0        1.167901   -0.879350   -0.014934
      2          1           0        0.662065   -1.881074   -0.010871
      3          1           0        0.629103   -0.398497    0.844527
      4          1           0        0.618087   -0.398176   -0.867036
      5         17           0        2.687370   -0.840294   -0.024805
      6          9           0       -1.803397   -0.942378    0.017600
 ---------------------------------------------------------------------
                    Distance matrix (angstroms):
                    1          2          3          4          5
     1  C    0.000000
     2  H    1.122202   0.000000
     3  H    1.122585   1.711966   0.000000
     4  H    1.122453   1.712874   1.711598   0.000000
     5  Cl   1.520003   2.277121   2.277583   2.277445   0.000000
     6  F    2.972144   2.638268   2.626152   2.634828   4.492127
                    6
     6  F    0.000000
 Stoichiometry    CH3ClF(1-)
 Framework group  C1[X(CH3ClF)]
 Deg. of freedom    12
 Full point group                 C1      NOp   1
 Largest Abelian subgroup         C1      NOp   1
 Largest concise Abelian subgroup C1      NOp   1
                         Standard orientation:                         
 ---------------------------------------------------------------------
 Center     Atomic      Atomic             Coordinates (Angstroms)
 Number     Number       Type             X           Y           Z
 ---------------------------------------------------------------------
      1          6           0       -0.071554    0.002005   -0.004120
      2          1           0        0.456942    0.935872   -0.332634
      3          1           0        0.464250   -0.180395    0.965334
      4          1           0        0.459121   -0.747417   -0.649605
      5         17           0       -1.591544   -0.000765    0.001577
      6          9           0        2.900584   -0.000788    0.001646
 ---------------------------------------------------------------------
 Rotational constants (GHZ):    171.0315479      2.0167147      2.0166962
 Standard basis: VSTO-6G (5D, 7F)
 There are    21 symmetry adapted cartesian basis functions of A   symmetry.
 There are    20 symmetry adapted basis functions of A   symmetry.
    20 basis functions,   126 primitive gaussians,    21 cartesian basis functions
    11 alpha electrons       11 beta electrons
       nuclear repulsion energy        64.5851759355 Hartrees.
 Integral buffers will be    131072 words long.
 Regular integral format.
 Two-electron integral symmetry is turned off.
 Do NDO integrals.
 One-electron integrals computed using PRISM.
 NBasis=    20 RedAO= F EigKep=  0.00D+00  NBF=    20
 NBsUse=    20 1.00D-04 EigRej=  0.00D+00 NBFU=    20
 Initial guess from the checkpoint file:  "/scratch/1715567.1.multiway.q/Gau-186785.chk"
 B after Tr=     0.000000    0.000000    0.000000
         Rot=    0.997905   -0.064692    0.000004    0.000005 Ang=  -7.42 deg.
 Overlap will be assumed to be unity.
 Keep J ints in memory in canonical form, NReq=1875445.
 Requested convergence on RMS density matrix=1.00D-08 within 128 cycles.
 Requested convergence on MAX density matrix=1.00D-06.
 Requested convergence on             energy=1.00D-06.
 No special actions if energy rises.
 SCF Done:  E(RPM6) = -0.985737883248E-01 A.U. after    9 cycles
            NFock=  8  Conv=0.35D-08     -V/T= 0.9926
 Calling FoFJK, ICntrl=      2127 FMM=F ISym2X=0 I1Cent= 0 IOpClX= 0 NMat=1 NMatS=1 NMatT=0.
 ***** Axes restored to original set *****
 -------------------------------------------------------------------
 Center     Atomic                   Forces (Hartrees/Bohr)
 Number     Number              X              Y              Z
 -------------------------------------------------------------------
      1        6          -0.183341069   -0.004649712    0.001186176
      2        1          -0.000042355    0.000014310   -0.000015732
      3        1          -0.000013069   -0.000018780   -0.000010390
      4        1           0.000009395   -0.000057342    0.000046110
      5       17           0.183384945    0.004713614   -0.001202806
      6        9           0.000002153   -0.000002089   -0.000003359
 -------------------------------------------------------------------
 Cartesian Forces:  Max     0.183384945 RMS     0.061142223

 GradGradGradGradGradGradGradGradGradGradGradGradGradGradGradGradGradGrad
 Berny optimization.
 Using GEDIIS/GDIIS optimizer.
 FormGI is forming the generalized inverse of G from B-inverse, IUseBI=4.
 Internal  Forces:  Max     0.075211386 RMS     0.019854612
 Search for a local minimum.
 Step number   4 out of a maximum of   45 on scan point    21 out of    21
 All quantities printed in internal units (Hartrees-Bohrs-Radians)
 Mixed Optimization -- En-DIIS/RFO-DIIS
 Swapping is turned off.
 Update second derivatives using D2CorX and points    1    2    3    4
 DE= -4.89D-06 DEPred=-4.88D-06 R= 1.00D+00
 TightC=F SS=  1.41D+00  RLast= 3.39D-02 DXNew= 1.3716D+00 1.0164D-01
 Trust test= 1.00D+00 RLast= 3.39D-02 DXMaxT set to 8.16D-01
 ITU=  1 -1  1  0
     Eigenvalues ---    0.00724   0.01515   0.01820   0.03635   0.04312
     Eigenvalues ---    0.04398   0.07999   0.08683   0.17652   0.22040
     Eigenvalues ---    0.241181000.000001000.000001000.000001000.00000
     Eigenvalues --- 1000.000001000.000001000.000001000.000001000.00000
     Eigenvalues --- 1000.000001000.000001000.000001000.000001000.00000
     Eigenvalues --- 1000.000001000.000001000.000001000.000001000.00000
     Eigenvalues --- 1000.000001000.000001000.000001000.000001000.00000
 En-DIIS/RFO-DIIS IScMMF=        0 using points:     4    3    2
 RFO step:  Lambda=-4.36326189D-04.
 DidBck=F Rises=F RFO-DIIS coefs:    0.89821    0.03073    0.07106
 Iteration  1 RMS(Cart)=  0.00015560 RMS(Int)=  0.00000975
 Iteration  2 RMS(Cart)=  0.00000002 RMS(Int)=  0.00000975
 Iteration  1 RMS(Cart)=  0.00000300 RMS(Int)=  0.00000655
 Iteration  2 RMS(Cart)=  0.00000177 RMS(Int)=  0.00000730
 Iteration  3 RMS(Cart)=  0.00000105 RMS(Int)=  0.00000831
 Iteration  4 RMS(Cart)=  0.00000062 RMS(Int)=  0.00000904
 Variable       Old X    -DE/DX   Delta X   Delta X   Delta X     New X
                                 (Linear)    (Quad)   (Total)
    R1        2.12065  -0.02399   0.00000  -0.00001   0.00002   2.12068
    R2        2.12138  -0.02399  -0.00004  -0.00006  -0.00007   2.12130
    R3        2.12113  -0.02403  -0.00014  -0.00005  -0.00017   2.12096
    R4        2.87239   0.07521   0.00000   0.00000   0.00000   2.87239
    R5        5.61654   0.00000   0.00031  -0.00045  -0.00014   5.61640
    R6        4.30313   0.03592   0.00032   0.00005   0.00034   4.30347
    R7        4.30401   0.03589   0.00018   0.00019   0.00033   4.30434
    R8        4.30375   0.03588  -0.00005   0.00009   0.00001   4.30375
    A1        1.73477   0.01265  -0.00036   0.00007  -0.00031   1.73446
    A2        1.73616   0.01267   0.00000  -0.00053  -0.00054   1.73562
    A3        1.08197   0.00997  -0.00016  -0.00010  -0.00027   1.08170
    A4        1.73400   0.01264  -0.00023   0.00023  -0.00001   1.73399
    A5        1.07114   0.00998  -0.00015  -0.00001  -0.00017   1.07097
    A6        1.07891   0.00997  -0.00015  -0.00007  -0.00023   1.07867
    A7        0.62849   0.01686  -0.00016   0.00002  -0.00016   0.62833
    A8        0.62825   0.01687  -0.00009  -0.00007  -0.00018   0.62807
    A9        0.62831   0.01686  -0.00001  -0.00002  -0.00005   0.62826
   A10        0.77067  -0.01159  -0.00018  -0.00001  -0.00018   0.77049
   A11        0.77112  -0.01161  -0.00005  -0.00021  -0.00025   0.77087
   A12        0.77043  -0.01159  -0.00013   0.00003  -0.00008   0.77035
    D1       -2.25773   0.00910  -0.00008  -0.00023  -0.00032  -2.25805
    D2        2.25883  -0.00909   0.00023  -0.00038  -0.00013   2.25869
    D3       -3.13655  -0.00002  -0.00007  -0.00010  -0.00017  -3.13671
    D4        2.25758  -0.00909   0.00014   0.00013   0.00028   2.25786
    D5       -2.25718   0.00909   0.00002  -0.00035  -0.00034  -2.25752
    D6       -3.13970  -0.00001   0.00013  -0.00006   0.00007  -3.13963
    D7       -2.25871   0.00908  -0.00037   0.00042   0.00004  -2.25866
    D8        2.25721  -0.00910   0.00005   0.00041   0.00047   2.25768
    D9        3.13465   0.00003  -0.00005   0.00015   0.00010   3.13475
   D10        0.57012  -0.00150   0.00008  -0.00017  -0.00009   0.57003
   D11       -0.56906   0.00151   0.00012  -0.00036  -0.00024  -0.56930
   D12       -0.57011   0.00151  -0.00003   0.00008   0.00004  -0.57007
   D13        0.57060  -0.00151   0.00008  -0.00026  -0.00018   0.57043
   D14        0.56907  -0.00151  -0.00021   0.00040   0.00020   0.56927
   D15       -0.57062   0.00150  -0.00004   0.00031   0.00026  -0.57036
         Item               Value     Threshold  Converged?
 Maximum Force            0.000045     0.000450     YES
 RMS     Force            0.000014     0.000300     YES
 Maximum Displacement     0.000450     0.001800     YES
 RMS     Displacement     0.000155     0.001200     YES
 Predicted change in Energy=-3.044308D-08
 Optimization completed.
    -- Stationary point found.
                           ----------------------------
                           !   Optimized Parameters   !
                           ! (Angstroms and Degrees)  !
 --------------------------                            --------------------------
 ! Name  Definition              Value          Derivative Info.                !
 --------------------------------------------------------------------------------
 ! R1    R(1,2)                  1.1222         -DE/DX =   -0.024               !
 ! R2    R(1,3)                  1.1226         -DE/DX =   -0.024               !
 ! R3    R(1,4)                  1.1225         -DE/DX =   -0.024               !
 ! R4    R(1,5)                  1.52           -DE/DX =    0.0752              !
 ! R5    R(1,6)                  2.9721         -DE/DX =    0.0                 !
 ! R6    R(2,5)                  2.2771         -DE/DX =    0.0359              !
 ! R7    R(3,5)                  2.2776         -DE/DX =    0.0359              !
 ! R8    R(4,5)                  2.2774         -DE/DX =    0.0359              !
 ! A1    A(2,1,3)               99.3951         -DE/DX =    0.0126              !
 ! A2    A(2,1,4)               99.4748         -DE/DX =    0.0127              !
 ! A3    A(2,1,6)               61.992          -DE/DX =    0.01                !
 ! A4    A(3,1,4)               99.351          -DE/DX =    0.0126              !
 ! A5    A(3,1,6)               61.3719         -DE/DX =    0.01                !
 ! A6    A(4,1,6)               61.8168         -DE/DX =    0.01                !
 ! A7    A(1,2,5)               36.0095         -DE/DX =    0.0169              !
 ! A8    A(1,3,5)               35.9959         -DE/DX =    0.0169              !
 ! A9    A(1,4,5)               35.9995         -DE/DX =    0.0169              !
 ! A10   A(2,5,3)               44.1559         -DE/DX =   -0.0116              !
 ! A11   A(2,5,4)               44.182          -DE/DX =   -0.0116              !
 ! A12   A(3,5,4)               44.1426         -DE/DX =   -0.0116              !
 ! D1    D(3,1,2,5)           -129.3585         -DE/DX =    0.0091              !
 ! D2    D(4,1,2,5)            129.4211         -DE/DX =   -0.0091              !
 ! D3    D(6,1,2,5)           -179.7108         -DE/DX =    0.0                 !
 ! D4    D(2,1,3,5)            129.3498         -DE/DX =   -0.0091              !
 ! D5    D(4,1,3,5)           -129.3269         -DE/DX =    0.0091              !
 ! D6    D(6,1,3,5)           -179.8917         -DE/DX =    0.0                 !
 ! D7    D(2,1,4,5)           -129.4143         -DE/DX =    0.0091              !
 ! D8    D(3,1,4,5)            129.3287         -DE/DX =   -0.0091              !
 ! D9    D(6,1,4,5)            179.6025         -DE/DX =    0.0                 !
 ! D10   D(1,2,5,3)             32.6653         -DE/DX =   -0.0015              !
 ! D11   D(1,2,5,4)            -32.6045         -DE/DX =    0.0015              !
 ! D12   D(1,3,5,2)            -32.6647         -DE/DX =    0.0015              !
 ! D13   D(1,3,5,4)             32.6932         -DE/DX =   -0.0015              !
 ! D14   D(1,4,5,2)             32.6052         -DE/DX =   -0.0015              !
 ! D15   D(1,4,5,3)            -32.6943         -DE/DX =    0.0015              !
 --------------------------------------------------------------------------------
 GradGradGradGradGradGradGradGradGradGradGradGradGradGradGradGradGradGrad

 Summary of Optimized Potential Surface Scan
                           1         2         3         4         5
     Eigenvalues --    -0.19247  -0.19309  -0.19380  -0.19457  -0.19534
           R1           1.09619   1.09605   1.09579   1.09582   1.09569
           R2           1.09678   1.09651   1.09649   1.09629   1.09627
           R3           1.09714   1.09677   1.09689   1.09652   1.09655
           R4           3.52000   3.42000   3.32000   3.22001   3.12000
           R5           1.37500   1.37556   1.37609   1.37676   1.37759
           R6           3.36664   3.26646   3.16995   3.07500   2.97848
           R7           3.32052   3.22475   3.12903   3.03397   2.94095
           R8           3.29447   3.20228   3.10783   3.01358   2.92350
           A1         109.98566 109.89674 109.90074 109.79170 109.86902
           A2         109.89096 109.82673 109.78804 109.74621 109.78958
           A3         109.02304 109.08518 109.13165 109.16288 109.12331
           A4         109.70982 109.68420 109.56818 109.63077 109.61318
           A5         109.08690 109.14755 109.19972 109.22969 109.19666
           A6         109.12232 109.18076 109.23457 109.26256 109.23102
           A7          88.87065  88.60217  88.12801  87.55077  87.03636
           A8          91.27175  90.77036  90.24448  89.66960  88.96409
           A9          92.64177  91.94931  91.35015  90.73206  89.86711
           A10         31.15312  32.09613  33.10031  34.13462  35.27906
           A11         31.25043  32.18913  33.18726  34.23580  35.36534
           A12         31.46783  32.39890  33.39262  34.47471  35.58310
           D1         -61.23014 -61.06142 -60.92709 -60.91164 -60.83759
           D2          59.64867  59.68802  59.65672  59.65435  59.78283
           D3         179.20241 179.31248 179.35202 179.37769 179.46961
           D4          62.72057  62.40886  62.24752  62.23865  62.04873
           D5         -58.26707 -58.42647 -58.46898 -58.39719 -58.67818
           D6        -177.75088-178.00308-178.07307-178.09148-178.30321
           D7         -61.95934 -61.74397 -61.64716 -61.62426 -61.54583
           D8          59.08543  59.13370  59.13771  59.03917  59.22923
           D9         178.54753 178.68996 178.72042 178.71332 178.83319
           D10         31.73324  31.77669  31.82579  31.97020  32.00842
           D11        -31.39315 -31.47529 -31.57439 -31.68962 -31.79743
           D12        -31.71601 -31.75442 -31.78444 -31.92280 -31.94760
           D13         30.71688  30.84819  30.99949  31.04176  31.24537
           D14         31.39342  31.46204  31.53015  31.63766  31.72235
           D15        -30.73371 -30.85674 -30.99627 -31.03680 -31.23089
                           6         7         8         9        10
     Eigenvalues --    -0.19599  -0.19630  -0.19595  -0.19459  -0.19185
           R1           1.09583   1.09544   1.09527   1.09483   1.09443
           R2           1.09598   1.09570   1.09529   1.09497   1.09477
           R3           1.09602   1.09581   1.09531   1.09504   1.09491
           R4           3.02000   2.92001   2.82000   2.72001   2.62001
           R5           1.37957   1.38196   1.38587   1.39083   1.39772
           R6           2.87787   2.77374   2.68948   2.61240   2.53965
           R7           2.85293   2.77015   2.68959   2.61262   2.54033
           R8           2.84298   2.77085   2.68979   2.61093   2.53767
           A1         109.98595 110.27985 110.81993 111.52196 112.39791
           A2         109.96649 110.29199 110.81917 111.51889 112.39966
           A3         108.94086 108.64758 108.08920 107.34393 106.37039
           A4         109.89471 110.29436 110.81511 111.51748 112.40298
           A5         109.00118 108.64222 108.08835 107.33161 106.34567
           A6         109.02516 108.63257 108.08721 107.33241 106.34661
           A7          86.70493  86.53572  85.32158  83.72886  81.90110
           A8          87.98431  86.71474  85.31546  83.71526  81.86210
           A9          88.49768  86.67732  85.30478  83.79945  81.99162
           A10         36.50923  37.84743  39.17576  40.54295  41.96784
           A11         36.56804  37.84738  39.17426  40.55717  41.99420
           A12         36.72574  37.87808  39.17294  40.55777  41.99584
           D1         -60.88793 -61.01342 -61.72237 -62.75428 -64.08765
           D2          60.26934  61.05012  61.73588  62.64750  63.91664
           D3         179.69952-179.98395-179.99416 179.94624 179.91552
           D4          61.68996  61.12850  61.71889  62.74764  64.06744
           D5         -59.51033 -60.93363 -61.74169 -62.65492 -63.93510
           D6        -178.93430-179.89770 179.99120-179.94543-179.92086
           D7         -61.38652 -61.14325 -61.72587 -62.69510 -63.98148
           D8          59.82544  60.91172  61.73515  62.70916  64.02014
           D9         179.23475 179.88167 180.00296-180.00081-179.99466
           D10         32.01587  31.93440  32.04996  32.22615  32.40722
           D11        -31.87943 -31.93889 -32.05354 -32.20731 -32.37814
           D12        -31.97380 -31.91937 -32.04937 -32.22236 -32.39964
           D13         31.49294  31.87354  32.05748  32.20964  32.38185
           D14         31.82642  31.92168  32.05306  32.19558  32.35405
           D15        -31.48192 -31.87137 -32.05758 -32.20170 -32.36532
                          11        12        13        14        15
     Eigenvalues --    -0.18736  -0.18086  -0.17225  -0.16160  -0.14938
           R1           1.09406   1.09396   1.09381   1.09361   1.09318
           R2           1.09438   1.09395   1.09364   1.09365   1.09317
           R3           1.09450   1.09399   1.09368   1.09365   1.09276
           R4           2.52000   2.42001   2.32000   2.22001   2.12001
           R5           1.40788   1.42175   1.44138   1.47165   1.52575
           R6           2.47169   2.41151   2.35976   2.31653   2.29127
           R7           2.47332   2.41098   2.35678   2.31768   2.29190
           R8           2.47154   2.41280   2.36041   2.31644   2.29188
           A1         113.45472 114.78744 116.13486 117.61881 119.08429
           A2         113.47026 114.73443 116.10358 117.60765 119.18620
           A3         105.10904 103.49758 101.51334  98.96804  95.41073
           A4         113.48691 114.63815 116.09933 117.63055 119.08978
           A5         105.08591 103.51342 101.54070  98.95312  95.41596
           A6         105.08845 103.50681 101.51690  98.96829  95.41833
           A7          79.82104  77.34717  74.46644  71.18776  67.08502
           A8          79.73657  77.37297  74.61007  71.13357  67.05595
           A9          79.82192  77.28473  74.43663  71.19170  67.05903
           A10         43.43199  44.93797  46.35713  47.62632  48.56167
           A11         43.45515  44.90693  46.31217  47.63697  48.57919
           A12         43.45109  44.88644  46.33792  47.63151  48.54644
           D1         -65.78756 -67.88831 -70.78914 -74.93853 -80.71913
           D2          65.66535  68.02720  71.03289  74.86163  80.70914
           D3         179.94423-179.94629-179.89817 179.96871 180.00591
           D4          65.73745  67.90514  70.88285  74.90183  80.69832
           D5         -65.70727 -68.05321 -70.94082 -74.89135 -80.74799
           D6        -179.98051 179.95373 179.97578-179.99669-180.02976
           D7         -65.67254 -67.98647 -71.01079 -74.86508 -80.68381
           D8          65.76454  67.99550  70.82493  74.93150  80.74343
           D9        -179.96374 179.99250 179.92237-179.97202-179.97619
           D10         32.58069  32.70404  32.93059  33.12774  33.28063
           D11        -32.55615 -32.74946 -32.96748 -33.13182 -33.21839
           D12        -32.57973 -32.70064 -32.91085 -33.13840 -33.28889
           D13         32.56637  32.79795  32.93233  33.13249  33.27674
           D14         32.54110  32.75753  32.97723  33.12939  33.23992
           D15        -32.55227 -32.80944 -32.96183 -33.11941 -33.29006
                          16        17        18        19        20
     Eigenvalues --    -0.13756  -0.13773  -0.13964  -0.13641  -0.12435
           R1           1.08756   1.08883   1.09404   1.10172   1.11087
           R2           1.08750   1.08817   1.09446   1.10182   1.11106
           R3           1.08752   1.08891   1.09410   1.10173   1.11091
           R4           2.02000   1.92000   1.82000   1.72000   1.62000
           R5           1.73734   2.53265   2.71830   2.83367   2.91612
           R6           2.33952   2.44992   2.40946   2.36722   2.32261
           R7           2.33951   2.44939   2.41037   2.36741   2.32290
           R8           2.33942   2.45004   2.41014   2.36734   2.32256
           A1         119.78408 113.04464 109.92109 106.60393 103.09135
           A2         119.76583 112.84969 110.00152 106.63480 103.15154
           A3          87.25929  74.36131  71.02537  67.88150  64.89247
           A4         119.77027 113.04615 109.81763 106.59613 103.07568
           A5          87.25621  74.18416  70.89776  67.70384  64.54026
           A6          87.26298  74.40980  71.00083  67.81930  64.77249
           A7          59.59147  48.98380  45.57987  42.28071  39.10815
           A8          59.59163  49.00028  45.54189  42.27356  39.09754
           A9          59.59583  48.97919  45.54701  42.27515  39.11113
           A10         47.42343  43.50901  43.64920  43.82159  43.99382
           A11         47.42003  43.46704  43.66642  43.82960  44.01329
           A12         47.42002  43.51005  43.61483  43.81835  43.98987
           D1         -94.73847-115.11324-119.45384-123.19543-126.47370
           D2          94.73000 115.02768 119.50396 123.21633 126.49662
           D3        -179.99945-179.85813-179.93613-179.92812-179.86326
           D4          94.73776 115.11732 119.42614 123.19019 126.46583
           D5         -94.73113-115.12340-119.42124-123.19515-126.44690
           D6         180.00052 179.96821-180.01367-179.96633-179.91975
           D7         -94.73265-115.02502-119.47541-123.21119-126.50014
           D8          94.73449 115.11667 119.42034 123.19524 126.45830
           D9         179.99893 179.88999 179.94971 179.89445 179.78306
           D10         33.09290  32.52472  32.58384  32.61649  32.63963
           D11        -33.10405 -32.64665 -32.52704 -32.59453 -32.60716
           D12        -33.09462 -32.53774 -32.59377 -32.61815 -32.64191
           D13         33.10233  32.53585  32.63404  32.61828  32.65754
           D14         33.10374  32.64641  32.54581  32.59813  32.60378
           D15        -33.10030 -32.52258 -32.64293 -32.62022 -32.65187
                          21
     Eigenvalues --    -0.09857
           R1           1.12220
           R2           1.12258
           R3           1.12245
           R4           1.52000
           R5           2.97214
           R6           2.27712
           R7           2.27758
           R8           2.27744
           A1          99.39512
           A2          99.47478
           A3          61.99205
           A4          99.35103
           A5          61.37194
           A6          61.81680
           A7          36.00955
           A8          35.99592
           A9          35.99952
           A10         44.15589
           A11         44.18197
           A12         44.14262
           D1        -129.35846
           D2         129.42114
           D3        -179.71084
           D4         129.34978
           D5        -129.32690
           D6        -179.89170
           D7        -129.41428
           D8         129.32871
           D9         179.60248
           D10         32.66526
           D11        -32.60455
           D12        -32.66475
           D13         32.69321
           D14         32.60517
           D15        -32.69435
                          Input orientation:                          
 ---------------------------------------------------------------------
 Center     Atomic      Atomic             Coordinates (Angstroms)
 Number     Number       Type             X           Y           Z
 ---------------------------------------------------------------------
      1          6           0        1.167901   -0.879350   -0.014934
      2          1           0        0.662065   -1.881074   -0.010871
      3          1           0        0.629103   -0.398497    0.844527
      4          1           0        0.618087   -0.398176   -0.867036
      5         17           0        2.687370   -0.840294   -0.024805
      6          9           0       -1.803397   -0.942378    0.017600
 ---------------------------------------------------------------------
                    Distance matrix (angstroms):
                    1          2          3          4          5
     1  C    0.000000
     2  H    1.122202   0.000000
     3  H    1.122585   1.711966   0.000000
     4  H    1.122453   1.712874   1.711598   0.000000
     5  Cl   1.520003   2.277121   2.277583   2.277445   0.000000
     6  F    2.972144   2.638268   2.626152   2.634828   4.492127
                    6
     6  F    0.000000
 Stoichiometry    CH3ClF(1-)
 Framework group  C1[X(CH3ClF)]
 Deg. of freedom    12
 Full point group                 C1      NOp   1
 Largest Abelian subgroup         C1      NOp   1
 Largest concise Abelian subgroup C1      NOp   1
                         Standard orientation:                         
 ---------------------------------------------------------------------
 Center     Atomic      Atomic             Coordinates (Angstroms)
 Number     Number       Type             X           Y           Z
 ---------------------------------------------------------------------
      1          6           0       -0.071554    0.002005   -0.004120
      2          1           0        0.456942    0.935872   -0.332634
      3          1           0        0.464250   -0.180395    0.965334
      4          1           0        0.459121   -0.747417   -0.649605
      5         17           0       -1.591544   -0.000765    0.001577
      6          9           0        2.900584   -0.000788    0.001646
 ---------------------------------------------------------------------
 Rotational constants (GHZ):    171.0315479      2.0167147      2.0166962

 **********************************************************************

            Population analysis using the SCF density.

 **********************************************************************

 Orbital symmetries:
       Occupied  (A) (A) (A) (A) (A) (A) (A) (A) (A) (A) (A)
       Virtual   (A) (A) (A) (A) (A) (A) (A) (A) (A)
 The electronic state is 1-A.
 Alpha  occ. eigenvalues --   -0.92521  -0.90461  -0.72381  -0.43624  -0.40936
 Alpha  occ. eigenvalues --   -0.40909  -0.23516  -0.23503  -0.14833  -0.14828
 Alpha  occ. eigenvalues --   -0.14828
 Alpha virt. eigenvalues --    0.21645   0.34489   0.34497   0.39185   3.38143
 Alpha virt. eigenvalues --    3.38143   3.38808   3.38809   3.39659
          Condensed to atoms (all electrons):
               1          2          3          4          5          6
     1  C    4.615813   0.000000   0.000000   0.000000   0.000000   0.000000
     2  H    0.000000   0.775505   0.000000   0.000000   0.000000   0.000000
     3  H    0.000000   0.000000   0.774370   0.000000   0.000000   0.000000
     4  H    0.000000   0.000000   0.000000   0.775159   0.000000   0.000000
     5  Cl   0.000000   0.000000   0.000000   0.000000   7.060132   0.000000
     6  F    0.000000   0.000000   0.000000   0.000000   0.000000   7.999022
 Mulliken charges:
               1
     1  C   -0.615813
     2  H    0.224495
     3  H    0.225630
     4  H    0.224841
     5  Cl  -0.060132
     6  F   -0.999022
 Sum of Mulliken charges =  -1.00000
 Mulliken charges with hydrogens summed into heavy atoms:
               1
     1  C    0.059154
     5  Cl  -0.060132
     6  F   -0.999022
 Charge=             -1.0000 electrons
 Dipole moment (field-independent basis, Debye):
    X=            -11.4018    Y=              0.0014    Z=             -0.0115  Tot=             11.4018
 N-N= 6.458517593552D+01 E-N=-1.066811142835D+02  KE=-1.323963238321D+01
 1\1\GINC-COMP145\Scan\RPM6\ZDO\C1H3Cl1F1(1-)\BALL4935\31-Aug-2018\0\\#
  opt=modredundant pm6\\Title Card Required\\-1,1\C,1.1679006389,-0.879
 3500854,-0.0149344695\H,0.6620645726,-1.8810735718,-0.0108708292\H,0.6
 291034312,-0.3984965953,0.844526902\H,0.6180868929,-0.3981762107,-0.86
 70359442\Cl,2.687369978,-0.8402940981,-0.0248049721\F,-1.8033969637,-0
 .9423780987,0.017599913\\Version=ES64L-G09RevD.01\State=1-A\HF=-0.1924
 705,-0.1930933,-0.193796,-0.1945655,-0.1953407,-0.1959912,-0.1962972,-
 0.1959513,-0.1945946,-0.1918457,-0.187356,-0.1808631,-0.1722466,-0.161
 5989,-0.1493833,-0.1375596,-0.137729,-0.1396426,-0.1364113,-0.1243475,
 -0.0985738\RMSD=3.086e-09,3.834e-09,6.531e-09,2.636e-09,4.832e-09,4.91
 4e-09,4.174e-09,3.431e-09,3.104e-09,2.151e-09,4.449e-09,6.874e-09,5.01
 9e-09,2.490e-09,6.554e-09,3.559e-09,1.523e-09,4.030e-09,5.353e-09,7.29
 7e-09,3.489e-09\PG=C01 [X(C1H3Cl1F1)]\\@


 ALL THINGS ARE POSSIBLE EXCEPT SKIING THROUGH A REVOLVING DOOR.
 Job cpu time:       0 days  0 hours  0 minutes 42.8 seconds.
 File lengths (MBytes):  RWF=      5 Int=      0 D2E=      0 Chk=      2 Scr=      1
 Normal termination of Gaussian 09 at Fri Aug 31 20:11:10 2018.
